main.c:924:5:Emergency_Stop	0	static
main.c:941:5:Motor_Correction	0	static
main.c:1153:6:Read_Flash	16	static
main.c:1172:6:Reset_Counters	0	static
main.c:1304:6:Clear_Buffers	12	static
main.c:1313:6:Reset_Flags	28	static
main.c:1461:6:Transmit	8	static
main.c:1397:6:Send_Debug	16	static
main.c:1414:6:Send_State	64	static
main.c:1427:6:Send_Buffers	16	static
main.c:1498:6:Save_State	0	static
main.c:1577:5:Get_Lowest_Square	48	static
main.c:1772:6:Update_Position	32	static
main.c:1905:6:Calc_Optimal	72	static
main.c:1529:6:Print_Maze	24	static
main.c:1607:6:Floodfill	848	static
main.c:1676:6:Reset_Maze	0	static
main.c:2075:6:Fast_Straights	36	static
main.c:2520:5:Get_Next_Move	48	static
main.c:3193:6:HAL_SPI_TxRxCpltCallback	0	static
main.c:3206:6:HAL_SPI_ErrorCallback	0	static
main.c:3212:6:Error_Handler	8	static
main.c:882:6:Set_Buzzer	56	static
main.c:1096:6:Program_Flash	32	static
main.c:1190:6:Start_IR	8	static
main.c:1210:6:Get_IR	56	static
main.c:490:6:Correction_Calibrate	24	static
main.c:3064:6:HAL_GPIO_EXTI_Callback	8	static
main.c:514:6:Deadend_Calibrate	24	static
main.c:1699:6:Read_Walls	32	static
main.c:2395:5:Get_Next_Dumb	32	static
main.c:1200:6:Stop_IR	8	static
main.c:3182:6:HAL_ADC_ConvCpltCallback	8	static
main.c:1349:6:Set_Left	40	static
main.c:1374:6:Set_Right	40	static
main.c:464:6:Adjuster	16	static
main.c:632:6:Forward_Search	24	static
main.c:731:6:Left_Search	24	static
main.c:781:6:Right_Search	24	static
main.c:987:6:Dead_End_Correct	24	static
main.c:830:6:Dead_End	16	static
main.c:1477:6:Stop	16	static
main.c:539:6:Search	32	static
main.c:2298:6:Forward_Spd	56	static
main.c:2353:6:Left_Spd	32	static
main.c:2370:6:Right_Spd	32	static
main.c:2208:6:Speed_Run	16	static
main.c:1515:6:Read_Gyro	8	static
main.c:2632:6:SystemClock_Config	216	static
main.c:389:5:main	184	static
main.c:2701:6:SystemClock_Config_old	216	static
