main.c:668:6:Transmit	8	static
main.c:639:6:Send_State	56	static
main.c:652:6:Send_Debug	16	static
main.c:675:6:Readline	8	static
main.c:697:6:Save_State	0	static
main.c:1162:6:HAL_GPIO_EXTI_Callback	0	static
main.c:1313:6:HAL_SPI_TxRxCpltCallback	0	static
main.c:1326:6:HAL_SPI_ErrorCallback	0	static
main.c:1332:6:Error_Handler	8	static
main.c:481:6:Set_Buzzer	56	static
main.c:521:6:Start_IR	8	static
main.c:542:6:Get_IR	48	static
main.c:532:6:Stop_IR	8	static
main.c:1301:6:HAL_ADC_ConvCpltCallback	8	static
main.c:591:6:Set_Left	40	static
main.c:616:6:Set_Right	40	static
main.c:683:6:Stop	8	static
main.c:716:6:Read_Gyro	8	static
main.c:730:6:SystemClock_Config	216	static
main.c:196:5:main	216	static
main.c:799:6:SystemClock_Config_old	216	static
