main.c:1581:6:Turn_Profiler	0	static
main.c:1823:5:Emergency_Stop	0	static
main.c:1947:5:Motor_Correction	0	static
main.c:2266:6:Reset_Counters	0	static
main.c:2291:6:Reset_Encoders	0	static
main.c:2410:6:Clear_Buffers	12	static
main.c:2421:6:Reset_Flags	28	static
main.c:2564:6:Transmit	8	static
main.c:2154:6:Read_Walls_Flash	24	static
main.c:2229:6:Read_Settings	8	static
main.c:2513:6:Send_Debug	16	static
main.c:2530:6:Send_Buffers	16	static
main.c:2602:6:Send_State	64	static
main.c:2615:6:Save_State	0	static
main.c:2648:6:Print_Maze	24	static
main.c:2690:5:Get_Lowest_Square	48	static
main.c:2720:6:Floodfill	848	static
main.c:2810:6:Reset_Maze	0	static
main.c:2914:6:Switch_Direction	0	static
main.c:2925:6:Update_Position_New	40	static
main.c:3043:6:Update_Position	40	static
main.c:3182:6:SetSpeed	0	static
main.c:3270:6:Test_Clock	24	static
main.c:3284:6:micros	0	static
main.c:3300:6:Calc_Optimal	72	static
main.c:3511:6:Mark_Center	0	static
main.c:3523:6:Fill_Center	0	static
main.c:3651:6:Get_Coordinate	16	static
main.c:3672:6:Fast_Straights	32	static
main.c:4088:6:Turn_On_Lights	8	static
main.c:4100:6:Turn_Off_Lights	8	static
main.c:4113:5:Generate_Path	20	static
main.c:4154:5:Get_Next_Move	48	static
main.c:4796:6:HAL_GPIO_EXTI_Callback	16	static
main.c:5056:6:HAL_SPI_TxRxCpltCallback	0	static
main.c:5069:6:HAL_SPI_ErrorCallback	0	static
main.c:5075:6:Error_Handler	8	static
main.c:1780:6:Set_Buzzer	56	static
main.c:2067:6:Program_Walls_Flash	32	static
main.c:2193:6:Program_Settings	24	static
main.c:663:6:Correction_Calibrate	48	static
main.c:2296:6:Start_IR	8	static
main.c:2316:6:Get_IR	32	static
main.c:791:6:Deadend_Calibrate	24	static
main.c:1839:6:Update_Sensors	8	static
main.c:2835:6:Read_Walls	32	static
main.c:3963:5:Get_Next_Dumb	32	static
main.c:2306:6:Stop_IR	8	static
main.c:5045:6:HAL_ADC_ConvCpltCallback	8	static
main.c:2460:6:Set_Left	40	static
main.c:2485:6:Set_Right	40	static
main.c:637:6:Adjuster	16	static
main.c:1016:6:Forward_Search	16	static
main.c:1110:6:Forward_Speed	16	static
main.c:1287:6:Left_Search	24	static
main.c:1429:6:Right_Search	24	static
main.c:1525:6:Right_Spd_Smooth	32	static
main.c:1553:6:Left_Spd_Smooth	32	static
main.c:1866:6:Search_Correction	8	static
main.c:971:6:Forward_Search_New	16	static
main.c:1255:6:Left_Search_New	16	static
main.c:1345:6:Left_Spd	48	static
main.c:1393:6:Right_Search_New	16	static
main.c:1482:6:Right_Spd	48	static
main.c:1995:6:Dead_End_Correct	24	static
main.c:1703:6:Dead_End_New	16	static
main.c:816:6:Search_New	32	static
main.c:1722:6:Dead_End	16	static
main.c:2580:6:Stop	16	static
main.c:1874:6:Detect_Transition	24	static
main.c:1602:6:Speed_Profiler	16	static
main.c:895:6:Search	16	static
main.c:1203:6:Forward_Spd	32	static
main.c:3865:6:Speed_Run	32	static
main.c:579:6:Run_Maze	24	static
main.c:3187:6:Measure_Speed	280	static
main.c:3805:6:Motor_Test	32	static
main.c:2632:6:Read_Gyro	16	static
main.c:4355:6:SystemClock_Config_old	216	static
main.c:449:5:main	184	static
main.c:4278:6:SystemClock_Config	0	static
main.c:5084:6:HAL_SYSTICK_Callback	0	static
