main.c:730:5:Emergency_Stop	0	static
main.c:747:5:Motor_Correction	8	static
main.c:910:6:Reset_Counters	0	static
main.c:1033:6:Clear_Buffers	0	static
main.c:1152:6:Transmit	8	static
main.c:1092:6:Send_State	64	static
main.c:1105:6:Send_Debug	16	static
main.c:1118:6:Send_Buffers	16	static
main.c:1159:6:Readline	8	static
main.c:1181:6:Save_State	0	static
main.c:1215:6:Print_Maze	24	static
main.c:1251:5:Get_Lowest_Square	48	static
main.c:1282:6:Floodfill	840	static
main.c:1341:6:Read_Walls	0	static
main.c:1396:6:Update_Position	12	static
main.c:1493:6:Calc_Optimal	72	static
main.c:1654:6:Fast_Straights	36	static
main.c:1888:6:Left_Spd	0	static
main.c:1895:6:Right_Spd	0	static
main.c:1901:5:Get_Next_Dumb	8	static
main.c:1945:5:Get_Next_Move	48	static
main.c:2485:6:HAL_GPIO_EXTI_Callback	8	static
main.c:2592:6:HAL_SPI_TxRxCpltCallback	0	static
main.c:2605:6:HAL_SPI_ErrorCallback	0	static
main.c:2611:6:Error_Handler	8	static
main.c:688:6:Set_Buzzer	56	static
main.c:928:6:Start_IR	8	static
main.c:948:6:Get_IR	48	static
main.c:938:6:Stop_IR	8	static
main.c:2581:6:HAL_ADC_ConvCpltCallback	8	static
main.c:1044:6:Set_Left	40	static
main.c:1069:6:Set_Right	40	static
main.c:445:6:Forward_Search	16	static
main.c:543:6:Left_Search	16	static
main.c:596:6:Right_Search	16	static
main.c:646:6:Dead_End	8	static
main.c:804:6:Dead_End_Correct	48	static
main.c:1166:6:Stop	8	static
main.c:1857:6:Forward_Spd	56	static
main.c:1785:6:Speed_Run	16	static
main.c:1201:6:Read_Gyro	8	static
main.c:2053:6:SystemClock_Config	216	static
main.c:301:5:main	216	static
main.c:2122:6:SystemClock_Config_old	216	static
