main.c:510:6:Transmit	8	static
main.c:494:6:Send_Debug	16	static
main.c:517:6:Readline	8	static
main.c:904:6:HAL_GPIO_EXTI_Callback	0	static
main.c:1052:6:HAL_SPI_TxRxCpltCallback	0	static
main.c:1065:6:HAL_SPI_ErrorCallback	0	static
main.c:1071:6:Error_Handler	8	static
main.c:338:6:Set_Buzzer	56	static
main.c:378:6:Start_IR	8	static
main.c:399:6:Get_IR	16	static
main.c:389:6:Stop_IR	8	static
main.c:1040:6:HAL_ADC_ConvCpltCallback	8	static
main.c:446:6:Set_Left	48	static
main.c:471:6:Set_Right	48	static
main.c:526:6:Read_Gyro	8	static
main.c:541:6:SystemClock_Config	216	static
main.c:133:5:main	200	static
