main.c:1085:6:Speed_Set	0	static
main.c:1173:5:Motor_Correction	8	static
main.c:1943:6:Reset_Counters	0	static
main.c:1970:6:Reset_Time	0	static
main.c:1981:6:Reset_Encoders	0	static
main.c:2120:6:Clear_Buffers	8	static
main.c:2135:6:Reset_Flags	28	static
main.c:2290:6:Transmit	8	static
main.c:1906:6:Read_Settings	8	static
main.c:2239:6:Send_Debug	16	static
main.c:2256:6:Send_Buffers	16	static
main.c:2327:6:Send_State	64	static
main.c:2340:6:Save_State	0	static
main.c:2358:6:Print_Maze	24	static
main.c:1825:6:Read_Walls_Flash	24	static
main.c:2412:5:Get_Lowest_Square	48	static
main.c:2446:6:Floodfill	848	static
main.c:2538:6:Reset_Maze	12	static
main.c:2653:6:Switch_Direction	0	static
main.c:2668:6:Update_Position	40	static
main.c:2827:6:SetSpeed	0	static
main.c:2919:6:Test_Clock	24	static
main.c:2936:6:micros	0	static
main.c:2952:6:Calc_Optimal	72	static
main.c:3164:6:Mark_Center	0	static
main.c:3179:6:Fill_Center	0	static
main.c:3310:6:Get_Coordinate	16	static
main.c:3331:6:Fast_Straights	32	static
main.c:3529:6:Turn_On_Lights	8	static
main.c:3541:6:Turn_Off_Lights	8	static
main.c:3571:5:Generate_FWD_Path	20	static
main.c:3617:5:Get_Next_Move	56	static
main.c:4254:6:Test_Floodfill	32	static
main.c:4286:6:HAL_GPIO_EXTI_Callback	16	static
main.c:4549:6:HAL_SPI_TxRxCpltCallback	0	static
main.c:4562:6:HAL_SPI_ErrorCallback	0	static
main.c:4568:6:Error_Handler	8	static
main.c:1656:6:Set_Buzzer	56	static
main.c:1735:6:Program_Walls_Flash	32	static
main.c:1870:6:Program_Settings	24	static
main.c:1989:6:Start_IR	8	static
main.c:2015:6:Get_IR	32	static
main.c:975:6:Update_Sensors	8	static
main.c:2566:6:Read_Walls	40	static
main.c:955:6:Middle_Cell_Action	8	static
main.c:2002:6:Stop_IR	8	static
main.c:4538:6:HAL_ADC_ConvCpltCallback	8	static
main.c:2176:6:Set_Left	40	static
main.c:2206:6:Set_Right	40	static
main.c:928:6:Transition	16	static
main.c:843:6:Right_Search	8	static
main.c:904:6:Left_Search	16	static
main.c:1140:6:Speed_Profiler	16	static
main.c:1223:6:Search_Correction	16	static
main.c:1006:6:Get_Speed	32	static
main.c:1236:6:Dead_End_Correct	24	static
main.c:866:6:Dead_End	16	static
main.c:1355:6:Forward_Spd	16	static
main.c:1410:6:Left_Spd	48	static
main.c:1458:6:Right_Spd	48	static
main.c:1501:6:Right_Spd_Smooth	32	static
main.c:1529:6:Left_Spd_Smooth	32	static
main.c:2306:6:Stop	16	static
main.c:1312:6:Detect_Transition	24	static
main.c:765:6:Forward_Speed	40	static
main.c:808:6:Forward_Search	8	static
main.c:1558:6:Speed_Run	32	static
main.c:674:6:Search	16	static
main.c:607:6:Run_Maze	24	static
main.c:2836:6:Measure_Speed	280	static
main.c:3464:6:Motor_Test	16	static
main.c:3845:6:SystemClock_Config_old	216	static
main.c:452:5:main	184	static
main.c:3768:6:SystemClock_Config	0	static
