main.c:601:6:Transmit	8	static
main.c:575:6:Send_State	32	static
main.c:585:6:Send_Debug	16	static
main.c:608:6:Readline	8	static
main.c:629:6:Save_State	0	static
main.c:1022:6:HAL_GPIO_EXTI_Callback	0	static
main.c:1171:6:HAL_SPI_TxRxCpltCallback	0	static
main.c:1184:6:HAL_SPI_ErrorCallback	0	static
main.c:1190:6:Error_Handler	8	static
main.c:421:6:Set_Buzzer	56	static
main.c:461:6:Start_IR	8	static
main.c:482:6:Get_IR	16	static
main.c:472:6:Stop_IR	8	static
main.c:1159:6:HAL_ADC_ConvCpltCallback	8	static
main.c:527:6:Set_Left	40	static
main.c:552:6:Set_Right	40	static
main.c:616:6:Stop_Motor	8	static
main.c:644:6:Read_Gyro	8	static
main.c:659:6:SystemClock_Config	216	static
main.c:146:5:main	240	static
