main.c:634:6:Transmit	8	static
main.c:608:6:Send_State	32	static
main.c:618:6:Send_Debug	16	static
main.c:641:6:Readline	8	static
main.c:662:6:Save_State	0	static
main.c:1055:6:HAL_GPIO_EXTI_Callback	0	static
main.c:1204:6:HAL_SPI_TxRxCpltCallback	0	static
main.c:1217:6:HAL_SPI_ErrorCallback	0	static
main.c:1223:6:Error_Handler	8	static
main.c:454:6:Set_Buzzer	56	static
main.c:494:6:Start_IR	8	static
main.c:515:6:Get_IR	16	static
main.c:505:6:Stop_IR	8	static
main.c:1192:6:HAL_ADC_ConvCpltCallback	8	static
main.c:560:6:Set_Left	40	static
main.c:585:6:Set_Right	40	static
main.c:649:6:Stop_Motor	8	static
main.c:677:6:Read_Gyro	8	static
main.c:692:6:SystemClock_Config	216	static
main.c:180:5:main	232	static
