main.c:643:6:Transmit	8	static
main.c:617:6:Send_State	32	static
main.c:627:6:Send_Debug	16	static
main.c:650:6:Readline	8	static
main.c:671:6:Save_State	0	static
main.c:1064:6:HAL_GPIO_EXTI_Callback	0	static
main.c:1213:6:HAL_SPI_TxRxCpltCallback	0	static
main.c:1226:6:HAL_SPI_ErrorCallback	0	static
main.c:1232:6:Error_Handler	8	static
main.c:463:6:Set_Buzzer	56	static
main.c:503:6:Start_IR	8	static
main.c:524:6:Get_IR	16	static
main.c:514:6:Stop_IR	8	static
main.c:1201:6:HAL_ADC_ConvCpltCallback	8	static
main.c:569:6:Set_Left	40	static
main.c:594:6:Set_Right	40	static
main.c:658:6:Stop_Motor	8	static
main.c:686:6:Read_Gyro	8	static
main.c:701:6:SystemClock_Config	216	static
main.c:181:5:main	240	static
