main.c:687:6:Transmit	8	static
main.c:658:6:Send_State	56	static
main.c:671:6:Send_Debug	16	static
main.c:694:6:Readline	8	static
main.c:716:6:Save_State	0	static
main.c:1181:6:HAL_GPIO_EXTI_Callback	0	static
main.c:1332:6:HAL_SPI_TxRxCpltCallback	0	static
main.c:1345:6:HAL_SPI_ErrorCallback	0	static
main.c:1351:6:Error_Handler	8	static
main.c:488:6:Set_Buzzer	56	static
main.c:541:6:Start_IR	8	static
main.c:561:6:Get_IR	48	static
main.c:528:6:Dead_End_Correct	0	static
main.c:551:6:Stop_IR	8	static
main.c:1320:6:HAL_ADC_ConvCpltCallback	8	static
main.c:610:6:Set_Left	40	static
main.c:635:6:Set_Right	40	static
main.c:702:6:Stop	8	static
main.c:735:6:Read_Gyro	8	static
main.c:749:6:SystemClock_Config	216	static
main.c:202:5:main	224	static
main.c:818:6:SystemClock_Config_old	216	static
