main.c:1396:6:Turn_Profiler	0	static
main.c:1614:5:Emergency_Stop	0	static
main.c:1702:5:Motor_Correction	0	static
main.c:2091:6:Reset_Counters	0	static
main.c:2239:6:Clear_Buffers	12	static
main.c:2249:6:Reset_Flags	28	static
main.c:2398:6:Transmit	8	static
main.c:1988:6:Read_Walls_Flash	16	static
main.c:2054:6:Read_Settings	8	static
main.c:2347:6:Send_Debug	16	static
main.c:2364:6:Send_Buffers	16	static
main.c:2434:6:Send_State	64	static
main.c:2447:6:Save_State	0	static
main.c:2480:6:Print_Maze	24	static
main.c:2522:5:Get_Lowest_Square	48	static
main.c:2552:6:Floodfill	848	static
main.c:2642:6:Reset_Maze	0	static
main.c:2742:6:Switch_Direction	0	static
main.c:2753:6:Update_Position_New	40	static
main.c:2871:6:Update_Position	40	static
main.c:3022:6:SetSpeed	0	static
main.c:3087:6:Test_Clock	24	static
main.c:3101:6:micros	0	static
main.c:3117:6:Calc_Optimal	72	static
main.c:3288:6:Mark_Center	0	static
main.c:3299:6:Fill_Center	0	static
main.c:3428:6:Get_Coordinate	16	static
main.c:3447:6:Fast_Straights	32	static
main.c:3838:6:Turn_On_Lights	16	static
main.c:3852:6:Turn_Off_Lights	16	static
main.c:3865:5:Get_Next_Move	48	static
main.c:4495:6:HAL_GPIO_EXTI_Callback	16	static
main.c:4755:6:HAL_SPI_TxRxCpltCallback	0	static
main.c:4768:6:HAL_SPI_ErrorCallback	0	static
main.c:4774:6:Error_Handler	8	static
main.c:1571:6:Set_Buzzer	56	static
main.c:1926:6:Program_Walls_Flash	32	static
main.c:2018:6:Program_Settings	24	static
main.c:602:6:Correction_Calibrate	48	static
main.c:2116:6:Start_IR	8	static
main.c:2136:6:Get_IR	48	static
main.c:730:6:Deadend_Calibrate	24	static
main.c:1417:6:Speed_Profiler	16	static
main.c:1630:6:Update_Sensors	8	static
main.c:2663:6:Read_Walls	32	static
main.c:3713:5:Get_Next_Dumb	32	static
main.c:2126:6:Stop_IR	8	static
main.c:4744:6:HAL_ADC_ConvCpltCallback	8	static
main.c:2288:6:Set_Left	40	static
main.c:2313:6:Set_Right	40	static
main.c:576:6:Adjuster	16	static
main.c:951:6:Forward_Search	16	static
main.c:1050:6:Forward_Spd	40	static
main.c:1124:6:Left_Search	24	static
main.c:1287:6:Right_Search	24	static
main.c:1654:6:Search_Correction	8	static
main.c:906:6:Forward_Search_New	16	static
main.c:1092:6:Left_Search_New	16	static
main.c:1182:6:Left_Spd	48	static
main.c:1251:6:Right_Search_New	16	static
main.c:1343:6:Right_Spd	48	static
main.c:1751:6:Dead_End_Correct	32	static
main.c:1495:6:Dead_End_New	16	static
main.c:755:6:Search_New	32	static
main.c:1514:6:Dead_End	16	static
main.c:2414:6:Stop	16	static
main.c:1662:6:Detect_Transition	24	static
main.c:3616:6:Speed_Run	32	static
main.c:834:6:Search	16	static
main.c:3027:6:Measure_Speed	48	static
main.c:3580:6:Speed_Test	40	static
main.c:2464:6:Read_Gyro	16	static
main.c:3977:6:SystemClock_Config	216	static
main.c:428:5:main	184	static
main.c:4054:6:SystemClock_Config_old	216	static
