main.c:608:5:Emergency_Stop	0	static
main.c:625:5:Motor_Correction	0	static
main.c:744:6:Reset_Counters	0	static
main.c:910:6:Transmit	8	static
main.c:883:6:Send_State	64	static
main.c:896:6:Send_Debug	16	static
main.c:917:6:Readline	8	static
main.c:939:6:Save_State	0	static
main.c:973:6:Print_Maze	24	static
main.c:1009:5:Get_Lowest_Square	48	static
main.c:1040:6:Floodfill	840	static
main.c:1099:6:Read_Walls	0	static
main.c:1154:6:Update_Position	12	static
main.c:1251:6:Calc_Optimal	72	static
main.c:1411:6:Fast_Straights	24	static
main.c:1564:6:Left_Spd	0	static
main.c:1571:6:Right_Spd	0	static
main.c:1577:5:Get_Next_Dumb	8	static
main.c:1621:5:Get_Next_Move	48	static
main.c:2161:6:HAL_GPIO_EXTI_Callback	8	static
main.c:2268:6:HAL_SPI_TxRxCpltCallback	0	static
main.c:2281:6:HAL_SPI_ErrorCallback	0	static
main.c:2287:6:Error_Handler	8	static
main.c:566:6:Set_Buzzer	56	static
main.c:755:6:Start_IR	8	static
main.c:775:6:Get_IR	48	static
main.c:765:6:Stop_IR	8	static
main.c:2257:6:HAL_ADC_ConvCpltCallback	8	static
main.c:835:6:Set_Left	40	static
main.c:860:6:Set_Right	40	static
main.c:673:6:Dead_End_Correct	24	static
main.c:925:6:Stop	8	static
main.c:1533:6:Forward_Spd	56	static
main.c:1461:6:Speed_Run	16	static
main.c:959:6:Read_Gyro	8	static
main.c:1729:6:SystemClock_Config	216	static
main.c:277:5:main	224	static
main.c:1798:6:SystemClock_Config_old	216	static
