main.c:849:5:Emergency_Stop	0	static
main.c:866:5:Motor_Correction	0	static
main.c:978:6:Reset_Counters	0	static
main.c:1110:6:Clear_Buffers	12	static
main.c:1121:6:Reset_Flags	0	static
main.c:1250:6:Transmit	8	static
main.c:1190:6:Send_State	64	static
main.c:1203:6:Send_Debug	16	static
main.c:1216:6:Send_Buffers	16	static
main.c:1257:6:Readline	8	static
main.c:1284:6:Save_State	0	static
main.c:1315:6:Print_Maze	24	static
main.c:1353:5:Get_Lowest_Square	48	static
main.c:1383:6:Floodfill	848	static
main.c:1443:6:Reset_Maze	0	static
main.c:1532:6:Update_Position	8	static
main.c:1659:6:Calc_Optimal	64	static
main.c:1820:6:Fast_Straights	36	static
main.c:2054:6:Left_Spd	0	static
main.c:2058:6:Right_Spd	0	static
main.c:2187:5:Get_Next_Move	48	static
main.c:2730:6:HAL_GPIO_EXTI_Callback	8	static
main.c:2840:6:HAL_SPI_TxRxCpltCallback	0	static
main.c:2853:6:HAL_SPI_ErrorCallback	0	static
main.c:2859:6:Error_Handler	8	static
main.c:807:6:Set_Buzzer	56	static
main.c:996:6:Start_IR	8	static
main.c:1016:6:Get_IR	56	static
main.c:497:6:Correction_Calibrate	24	static
main.c:521:6:Deadend_Calibrate	24	static
main.c:1459:6:Read_Walls	32	static
main.c:2062:5:Get_Next_Dumb	32	static
main.c:1006:6:Stop_IR	8	static
main.c:2829:6:HAL_ADC_ConvCpltCallback	8	static
main.c:1142:6:Set_Left	40	static
main.c:1167:6:Set_Right	40	static
main.c:471:6:Adjuster	16	static
main.c:548:6:Forward_Search	24	static
main.c:645:6:Left_Search	24	static
main.c:696:6:Right_Search	24	static
main.c:908:6:Dead_End_Correct	24	static
main.c:746:6:Dead_End	24	static
main.c:1264:6:Stop	16	static
main.c:2023:6:Forward_Spd	48	static
main.c:1951:6:Speed_Run	16	static
main.c:1301:6:Read_Gyro	8	static
main.c:2298:6:SystemClock_Config	216	static
main.c:341:5:main	200	static
main.c:2367:6:SystemClock_Config_old	216	static
