main.c:831:5:Emergency_Stop	0	static
main.c:848:5:Motor_Correction	0	static
main.c:950:6:Reset_Counters	0	static
main.c:1082:6:Clear_Buffers	12	static
main.c:1093:6:Reset_Flags	0	static
main.c:1222:6:Transmit	8	static
main.c:1162:6:Send_State	64	static
main.c:1175:6:Send_Debug	16	static
main.c:1188:6:Send_Buffers	16	static
main.c:1229:6:Readline	8	static
main.c:1253:6:Save_State	0	static
main.c:1287:6:Print_Maze	24	static
main.c:1325:5:Get_Lowest_Square	48	static
main.c:1355:6:Floodfill	848	static
main.c:1490:6:Update_Position	8	static
main.c:1611:6:Calc_Optimal	64	static
main.c:1772:6:Fast_Straights	36	static
main.c:2006:6:Left_Spd	0	static
main.c:2010:6:Right_Spd	0	static
main.c:2084:5:Get_Next_Move	48	static
main.c:2627:6:HAL_GPIO_EXTI_Callback	8	static
main.c:2737:6:HAL_SPI_TxRxCpltCallback	0	static
main.c:2750:6:HAL_SPI_ErrorCallback	0	static
main.c:2756:6:Error_Handler	8	static
main.c:789:6:Set_Buzzer	56	static
main.c:968:6:Start_IR	8	static
main.c:988:6:Get_IR	56	static
main.c:454:6:Correction_Calibrate	24	static
main.c:480:6:Deadend_Calibrate	24	static
main.c:1417:6:Read_Walls	40	static
main.c:2014:5:Get_Next_Dumb	40	static
main.c:978:6:Stop_IR	8	static
main.c:2726:6:HAL_ADC_ConvCpltCallback	8	static
main.c:1114:6:Set_Left	40	static
main.c:1139:6:Set_Right	40	static
main.c:507:6:Forward_Search	24	static
main.c:611:6:Left_Search	24	static
main.c:668:6:Right_Search	24	static
main.c:894:6:Dead_End_Correct	24	static
main.c:724:6:Dead_End	24	static
main.c:1236:6:Stop	16	static
main.c:1975:6:Forward_Spd	48	static
main.c:1903:6:Speed_Run	16	static
main.c:1273:6:Read_Gyro	8	static
main.c:2195:6:SystemClock_Config	216	static
main.c:318:5:main	200	static
main.c:2264:6:SystemClock_Config_old	216	static
