main.c:1606:5:Emergency_Stop	0	static
main.c:1655:5:Motor_Correction	0	static
main.c:2003:6:Reset_Counters	0	static
main.c:2150:6:Clear_Buffers	12	static
main.c:2159:6:Reset_Flags	32	static
main.c:2297:6:Transmit	8	static
main.c:1907:6:Read_Walls_Flash	16	static
main.c:1966:6:Read_Settings	8	static
main.c:2246:6:Send_Debug	16	static
main.c:2263:6:Send_Buffers	16	static
main.c:2328:6:Send_State	64	static
main.c:2341:6:Save_State	0	static
main.c:2372:6:Print_Maze	24	static
main.c:2414:5:Get_Lowest_Square	48	static
main.c:2444:6:Floodfill	848	static
main.c:2532:6:Reset_Maze	8	static
main.c:2630:6:Switch_Direction	0	static
main.c:2641:6:Update_Position_New	40	static
main.c:2902:6:Calc_Optimal	64	static
main.c:3070:6:Fill_Center	0	static
main.c:3195:6:Get_Coordinate	24	static
main.c:2759:6:Update_Position	40	static
main.c:3212:6:Fast_Straights	32	static
main.c:3601:5:Get_Next_Move	48	static
main.c:4193:6:Test_Floodfill	32	static
main.c:4225:6:HAL_GPIO_EXTI_Callback	8	static
main.c:4340:6:HAL_SPI_TxRxCpltCallback	0	static
main.c:4353:6:HAL_SPI_ErrorCallback	0	static
main.c:4359:6:Error_Handler	8	static
main.c:1564:6:Set_Buzzer	56	static
main.c:1858:6:Program_Walls_Flash	32	static
main.c:1930:6:Program_Settings	24	static
main.c:573:6:Correction_Calibrate	48	static
main.c:2028:6:Start_IR	8	static
main.c:2048:6:Get_IR	56	static
main.c:701:6:Deadend_Calibrate	24	static
main.c:1412:6:Speed_Profiler	24	static
main.c:1623:6:Update_Sensors	8	static
main.c:2553:6:Read_Walls	32	static
main.c:3476:5:Get_Next_Dumb	32	static
main.c:2038:6:Stop_IR	8	static
main.c:4329:6:HAL_ADC_ConvCpltCallback	8	static
main.c:2198:6:Set_Left	40	static
main.c:2223:6:Set_Right	40	static
main.c:547:6:Adjuster	16	static
main.c:943:6:Forward_Search	24	static
main.c:1043:6:Forward_Spd	40	static
main.c:1142:6:Left_Search	16	static
main.c:1304:6:Right_Search	16	static
main.c:1647:6:Search_Correction	8	static
main.c:898:6:Forward_Search_New	24	static
main.c:1110:6:Left_Search_New	16	static
main.c:1199:6:Left_Spd	48	static
main.c:1268:6:Right_Search_New	16	static
main.c:1359:6:Right_Spd	48	static
main.c:1702:6:Dead_End_Correct	32	static
main.c:1486:6:Dead_End_New	16	static
main.c:726:6:Search_New	32	static
main.c:1505:6:Dead_End	16	static
main.c:2313:6:Stop	16	static
main.c:3379:6:Speed_Run	32	static
main.c:805:6:Search	24	static
main.c:3343:6:Speed_Test	40	static
main.c:2358:6:Read_Gyro	8	static
main.c:3713:6:SystemClock_Config	216	static
main.c:3782:6:SystemClock_Config_old	216	static
main.c:436:5:main	216	static
