main.c:550:6:Transmit	8	static
main.c:524:6:Send_State	32	static
main.c:534:6:Send_Debug	16	static
main.c:557:6:Readline	8	static
main.c:565:6:Save_State	0	static
main.c:958:6:HAL_GPIO_EXTI_Callback	0	static
main.c:1107:6:HAL_SPI_TxRxCpltCallback	0	static
main.c:1120:6:HAL_SPI_ErrorCallback	0	static
main.c:1126:6:Error_Handler	8	static
main.c:370:6:Set_Buzzer	56	static
main.c:410:6:Start_IR	8	static
main.c:431:6:Get_IR	16	static
main.c:421:6:Stop_IR	8	static
main.c:1095:6:HAL_ADC_ConvCpltCallback	8	static
main.c:476:6:Set_Left	40	static
main.c:501:6:Set_Right	40	static
main.c:580:6:Read_Gyro	8	static
main.c:595:6:SystemClock_Config	216	static
main.c:145:5:main	208	static
