main.c:1050:6:Speed_Set	0	static
main.c:1109:5:Motor_Correction	16	static
main.c:1871:6:Reset_Counters	0	static
main.c:1898:6:Reset_Time	0	static
main.c:1909:6:Reset_Encoders	0	static
main.c:2041:6:Clear_Buffers	8	static
main.c:2056:6:Reset_Flags	20	static
main.c:2211:6:Transmit	8	static
main.c:1834:6:Read_Settings	8	static
main.c:2160:6:Send_Debug	16	static
main.c:2177:6:Send_Buffers	16	static
main.c:2248:6:Send_State	64	static
main.c:2261:6:Save_State	0	static
main.c:2279:6:Print_Maze	24	static
main.c:1753:6:Read_Walls_Flash	24	static
main.c:2333:5:Get_Lowest_Square	48	static
main.c:2367:6:Floodfill	848	static
main.c:2459:6:Reset_Maze	0	static
main.c:2574:6:Switch_Direction	0	static
main.c:2590:6:Update_Position	16	static
main.c:2749:6:SetSpeed	0	static
main.c:2841:6:Test_Clock	24	static
main.c:2858:6:micros	0	static
main.c:2874:6:Calc_Optimal	72	static
main.c:3086:6:Mark_Center	0	static
main.c:3101:6:Fill_Center	0	static
main.c:3232:6:Get_Coordinate	16	static
main.c:3253:6:Fast_Straights	32	static
main.c:3572:6:Turn_On_Lights	8	static
main.c:3584:6:Turn_Off_Lights	8	static
main.c:3614:5:Generate_FWD_Path	20	static
main.c:3660:5:Get_Next_Move	56	static
main.c:4323:6:HAL_GPIO_EXTI_Callback	16	static
main.c:4583:6:HAL_SPI_TxRxCpltCallback	0	static
main.c:4596:6:HAL_SPI_ErrorCallback	0	static
main.c:4602:6:Error_Handler	8	static
main.c:1584:6:Set_Buzzer	56	static
main.c:1663:6:Program_Walls_Flash	32	static
main.c:1798:6:Program_Settings	24	static
main.c:1917:6:Start_IR	8	static
main.c:1943:6:Get_IR	32	static
main.c:955:6:Update_Sensors	8	static
main.c:2487:6:Read_Walls	32	static
main.c:935:6:Middle_Cell_Action	8	static
main.c:3447:5:Get_Next_Dumb	32	static
main.c:1930:6:Stop_IR	8	static
main.c:4572:6:HAL_ADC_ConvCpltCallback	8	static
main.c:2097:6:Set_Left	40	static
main.c:2127:6:Set_Right	40	static
main.c:911:6:Transition	16	static
main.c:824:6:Right_Search	8	static
main.c:887:6:Left_Search	16	static
main.c:1075:6:Speed_Profiler	16	static
main.c:986:6:Get_Speed	48	static
main.c:1152:6:Search_Correction	16	static
main.c:1165:6:Dead_End_Correct	24	static
main.c:847:6:Dead_End	16	static
main.c:1283:6:Forward_Spd	16	static
main.c:1338:6:Left_Spd	48	static
main.c:1386:6:Right_Spd	48	static
main.c:1429:6:Right_Spd_Smooth	32	static
main.c:1457:6:Left_Spd_Smooth	32	static
main.c:2227:6:Stop	16	static
main.c:1240:6:Detect_Transition	24	static
main.c:747:6:Forward_Speed	40	static
main.c:789:6:Forward_Search	8	static
main.c:1486:6:Speed_Run	32	static
main.c:668:6:Search	24	static
main.c:605:6:Run_Maze	24	static
main.c:2758:6:Measure_Speed	280	static
main.c:3386:6:Motor_Test	40	static
main.c:3882:6:SystemClock_Config_old	216	static
main.c:450:5:main	184	static
main.c:3805:6:SystemClock_Config	0	static
