stm32f7xx_it.c:53:6:NMI_Handler	0	static
stm32f7xx_it.c:66:6:HardFault_Handler	0	static
stm32f7xx_it.c:82:6:MemManage_Handler	0	static
stm32f7xx_it.c:98:6:BusFault_Handler	0	static
stm32f7xx_it.c:114:6:UsageFault_Handler	0	static
stm32f7xx_it.c:130:6:SVC_Handler	0	static
stm32f7xx_it.c:143:6:DebugMon_Handler	0	static
stm32f7xx_it.c:154:6:PendSV_Handler	0	static
stm32f7xx_it.c:167:6:SysTick_Handler	8	static
stm32f7xx_it.c:179:6:EXTI15_10_IRQHandler	0	static
stm32f7xx_it.c:184:6:EXTI9_5_IRQHandler	0	static
stm32f7xx_it.c:189:6:DMA2_Stream0_IRQHandler	0	static
stm32f7xx_it.c:194:6:SPI1_IRQHandler	0	static
