stm32f7xx_hal_msp.c:44:6:HAL_MspInit	8	static
stm32f7xx_hal_msp.c:70:6:HAL_ADC_MspInit	48	static
stm32f7xx_hal_msp.c:128:6:HAL_ADC_MspDeInit	8	static
stm32f7xx_hal_msp.c:151:6:HAL_SPI_MspInit	32	static
stm32f7xx_hal_msp.c:182:6:HAL_SPI_MspDeInit	0	static
stm32f7xx_hal_msp.c:207:6:HAL_TIM_IC_MspInit	32	static
stm32f7xx_hal_msp.c:236:6:HAL_TIM_PWM_MspInit	8	static
stm32f7xx_hal_msp.c:264:6:HAL_TIM_MspPostInit	32	static
stm32f7xx_hal_msp.c:309:6:HAL_TIM_IC_MspDeInit	0	static
stm32f7xx_hal_msp.c:333:6:HAL_TIM_PWM_MspDeInit	0	static
stm32f7xx_hal_msp.c:361:6:HAL_UART_MspInit	32	static
stm32f7xx_hal_msp.c:391:6:HAL_UART_MspDeInit	0	static
