stm32f7xx_it.c:55:6:NMI_Handler	0	static
stm32f7xx_it.c:68:6:HardFault_Handler	0	static
stm32f7xx_it.c:84:6:MemManage_Handler	0	static
stm32f7xx_it.c:100:6:BusFault_Handler	0	static
stm32f7xx_it.c:116:6:UsageFault_Handler	0	static
stm32f7xx_it.c:132:6:SVC_Handler	0	static
stm32f7xx_it.c:145:6:DebugMon_Handler	0	static
stm32f7xx_it.c:156:6:PendSV_Handler	0	static
stm32f7xx_it.c:169:6:SysTick_Handler	8	static
stm32f7xx_it.c:181:6:EXTI15_10_IRQHandler	0	static
stm32f7xx_it.c:186:6:EXTI9_5_IRQHandler	0	static
stm32f7xx_it.c:191:6:DMA2_Stream0_IRQHandler	0	static
stm32f7xx_it.c:196:6:SPI1_IRQHandler	0	static
stm32f7xx_it.c:202:6:TIM1_CC_IRQHandler	0	static
stm32f7xx_it.c:208:6:TIM4_IRQHandler	0	static
