stm32f7xx_hal_msp.c:44:6:HAL_MspInit	8	static
stm32f7xx_hal_msp.c:70:6:HAL_ADC_MspInit	48	static
stm32f7xx_hal_msp.c:128:6:HAL_ADC_MspDeInit	8	static
stm32f7xx_hal_msp.c:148:6:HAL_SPI_MspInit	32	static
stm32f7xx_hal_msp.c:177:6:HAL_SPI_MspDeInit	0	static
stm32f7xx_hal_msp.c:197:6:HAL_TIM_Encoder_MspInit	48	static
stm32f7xx_hal_msp.c:250:6:HAL_TIM_PWM_MspInit	16	static
stm32f7xx_hal_msp.c:278:6:HAL_TIM_MspPostInit	40	static
stm32f7xx_hal_msp.c:345:6:HAL_TIM_Encoder_MspDeInit	8	static
stm32f7xx_hal_msp.c:372:6:HAL_TIM_PWM_MspDeInit	0	static
stm32f7xx_hal_msp.c:392:6:HAL_UART_MspInit	32	static
stm32f7xx_hal_msp.c:418:6:HAL_UART_MspDeInit	0	static
