Archive member included to satisfy reference by file (symbol)

c:/program files (x86)/atollic/truestudio for arm 7.1.0/armtools/bin/../lib/gcc/arm-atollic-eabi/5.3.1/../../../../arm-atollic-eabi/lib/armv7e-m/fpu/fpv5-sp-d16\libc_nano.a(lib_a-init.o)
                              Drivers\CMSIS\Device\ST\STM32F7xx\Source\Templates\gcc\startup_stm32f746xx.o (__libc_init_array)
c:/program files (x86)/atollic/truestudio for arm 7.1.0/armtools/bin/../lib/gcc/arm-atollic-eabi/5.3.1/../../../../arm-atollic-eabi/lib/armv7e-m/fpu/fpv5-sp-d16\libc_nano.a(lib_a-sprintf.o)
                              Src\main.o (sprintf)
c:/program files (x86)/atollic/truestudio for arm 7.1.0/armtools/bin/../lib/gcc/arm-atollic-eabi/5.3.1/../../../../arm-atollic-eabi/lib/armv7e-m/fpu/fpv5-sp-d16\libc_nano.a(lib_a-strcpy.o)
                              Src\main.o (strcpy)
c:/program files (x86)/atollic/truestudio for arm 7.1.0/armtools/bin/../lib/gcc/arm-atollic-eabi/5.3.1/../../../../arm-atollic-eabi/lib/armv7e-m/fpu/fpv5-sp-d16\libc_nano.a(lib_a-strlen.o)
                              Src\main.o (strlen)
c:/program files (x86)/atollic/truestudio for arm 7.1.0/armtools/bin/../lib/gcc/arm-atollic-eabi/5.3.1/../../../../arm-atollic-eabi/lib/armv7e-m/fpu/fpv5-sp-d16\libc_nano.a(lib_a-impure.o)
                              c:/program files (x86)/atollic/truestudio for arm 7.1.0/armtools/bin/../lib/gcc/arm-atollic-eabi/5.3.1/../../../../arm-atollic-eabi/lib/armv7e-m/fpu/fpv5-sp-d16\libc_nano.a(lib_a-sprintf.o) (_impure_ptr)
c:/program files (x86)/atollic/truestudio for arm 7.1.0/armtools/bin/../lib/gcc/arm-atollic-eabi/5.3.1/../../../../arm-atollic-eabi/lib/armv7e-m/fpu/fpv5-sp-d16\libc_nano.a(lib_a-nano-svfprintf.o)
                              c:/program files (x86)/atollic/truestudio for arm 7.1.0/armtools/bin/../lib/gcc/arm-atollic-eabi/5.3.1/../../../../arm-atollic-eabi/lib/armv7e-m/fpu/fpv5-sp-d16\libc_nano.a(lib_a-sprintf.o) (_svfprintf_r)
c:/program files (x86)/atollic/truestudio for arm 7.1.0/armtools/bin/../lib/gcc/arm-atollic-eabi/5.3.1/../../../../arm-atollic-eabi/lib/armv7e-m/fpu/fpv5-sp-d16\libc_nano.a(lib_a-nano-vfprintf_i.o)
                              c:/program files (x86)/atollic/truestudio for arm 7.1.0/armtools/bin/../lib/gcc/arm-atollic-eabi/5.3.1/../../../../arm-atollic-eabi/lib/armv7e-m/fpu/fpv5-sp-d16\libc_nano.a(lib_a-nano-svfprintf.o) (_printf_i)
c:/program files (x86)/atollic/truestudio for arm 7.1.0/armtools/bin/../lib/gcc/arm-atollic-eabi/5.3.1/../../../../arm-atollic-eabi/lib/armv7e-m/fpu/fpv5-sp-d16\libc_nano.a(lib_a-memchr.o)
                              c:/program files (x86)/atollic/truestudio for arm 7.1.0/armtools/bin/../lib/gcc/arm-atollic-eabi/5.3.1/../../../../arm-atollic-eabi/lib/armv7e-m/fpu/fpv5-sp-d16\libc_nano.a(lib_a-nano-svfprintf.o) (memchr)
c:/program files (x86)/atollic/truestudio for arm 7.1.0/armtools/bin/../lib/gcc/arm-atollic-eabi/5.3.1/../../../../arm-atollic-eabi/lib/armv7e-m/fpu/fpv5-sp-d16\libc_nano.a(lib_a-memcpy-stub.o)
                              c:/program files (x86)/atollic/truestudio for arm 7.1.0/armtools/bin/../lib/gcc/arm-atollic-eabi/5.3.1/../../../../arm-atollic-eabi/lib/armv7e-m/fpu/fpv5-sp-d16\libc_nano.a(lib_a-nano-svfprintf.o) (memcpy)
c:/program files (x86)/atollic/truestudio for arm 7.1.0/armtools/bin/../lib/gcc/arm-atollic-eabi/5.3.1/../../../../arm-atollic-eabi/lib/armv7e-m/fpu/fpv5-sp-d16\libc_nano.a(lib_a-memmove.o)
                              c:/program files (x86)/atollic/truestudio for arm 7.1.0/armtools/bin/../lib/gcc/arm-atollic-eabi/5.3.1/../../../../arm-atollic-eabi/lib/armv7e-m/fpu/fpv5-sp-d16\libc_nano.a(lib_a-nano-svfprintf.o) (memmove)
c:/program files (x86)/atollic/truestudio for arm 7.1.0/armtools/bin/../lib/gcc/arm-atollic-eabi/5.3.1/../../../../arm-atollic-eabi/lib/armv7e-m/fpu/fpv5-sp-d16\libc_nano.a(lib_a-nano-freer.o)
                              c:/program files (x86)/atollic/truestudio for arm 7.1.0/armtools/bin/../lib/gcc/arm-atollic-eabi/5.3.1/../../../../arm-atollic-eabi/lib/armv7e-m/fpu/fpv5-sp-d16\libc_nano.a(lib_a-nano-svfprintf.o) (_free_r)
c:/program files (x86)/atollic/truestudio for arm 7.1.0/armtools/bin/../lib/gcc/arm-atollic-eabi/5.3.1/../../../../arm-atollic-eabi/lib/armv7e-m/fpu/fpv5-sp-d16\libc_nano.a(lib_a-nano-mallocr.o)
                              c:/program files (x86)/atollic/truestudio for arm 7.1.0/armtools/bin/../lib/gcc/arm-atollic-eabi/5.3.1/../../../../arm-atollic-eabi/lib/armv7e-m/fpu/fpv5-sp-d16\libc_nano.a(lib_a-nano-svfprintf.o) (_malloc_r)
c:/program files (x86)/atollic/truestudio for arm 7.1.0/armtools/bin/../lib/gcc/arm-atollic-eabi/5.3.1/../../../../arm-atollic-eabi/lib/armv7e-m/fpu/fpv5-sp-d16\libc_nano.a(lib_a-nano-reallocr.o)
                              c:/program files (x86)/atollic/truestudio for arm 7.1.0/armtools/bin/../lib/gcc/arm-atollic-eabi/5.3.1/../../../../arm-atollic-eabi/lib/armv7e-m/fpu/fpv5-sp-d16\libc_nano.a(lib_a-nano-svfprintf.o) (_realloc_r)
[...]
Memory Configuration

Name             Origin             Length             Attributes
RAM              0x20000000         0x00050000         xrw
FLASH            0x08000000         0x00100000         xr
*default*        0x00000000         0xffffffff

Linker script and memory map

LOAD c:/program files (x86)/atollic/truestudio for arm 7.1.0/armtools/bin/../lib/gcc/arm-atollic-eabi/5.3.1/armv7e-m/fpu/fpv5-sp-d16/crti.o
LOAD c:/program files (x86)/atollic/truestudio for arm 7.1.0/armtools/bin/../lib/gcc/arm-atollic-eabi/5.3.1/armv7e-m/fpu/fpv5-sp-d16/crtbegin.o
LOAD Drivers\CMSIS\Device\ST\STM32F7xx\Source\Templates\gcc\startup_stm32f746xx.o
LOAD Drivers\STM32F7xx_HAL_Driver\Src\stm32f7xx_hal.o
LOAD Drivers\STM32F7xx_HAL_Driver\Src\stm32f7xx_hal_adc.o
LOAD Drivers\STM32F7xx_HAL_Driver\Src\stm32f7xx_hal_adc_ex.o
LOAD Drivers\STM32F7xx_HAL_Driver\Src\stm32f7xx_hal_cortex.o
LOAD Drivers\STM32F7xx_HAL_Driver\Src\stm32f7xx_hal_dma.o
LOAD Drivers\STM32F7xx_HAL_Driver\Src\stm32f7xx_hal_dma_ex.o
LOAD Drivers\STM32F7xx_HAL_Driver\Src\stm32f7xx_hal_flash.o
LOAD Drivers\STM32F7xx_HAL_Driver\Src\stm32f7xx_hal_flash_ex.o
LOAD Drivers\STM32F7xx_HAL_Driver\Src\stm32f7xx_hal_gpio.o
LOAD Drivers\STM32F7xx_HAL_Driver\Src\stm32f7xx_hal_i2c.o
LOAD Drivers\STM32F7xx_HAL_Driver\Src\stm32f7xx_hal_i2c_ex.o
LOAD Drivers\STM32F7xx_HAL_Driver\Src\stm32f7xx_hal_pwr.o
LOAD Drivers\STM32F7xx_HAL_Driver\Src\stm32f7xx_hal_pwr_ex.o
LOAD Drivers\STM32F7xx_HAL_Driver\Src\stm32f7xx_hal_rcc.o
LOAD Drivers\STM32F7xx_HAL_Driver\Src\stm32f7xx_hal_rcc_ex.o
LOAD Drivers\STM32F7xx_HAL_Driver\Src\stm32f7xx_hal_spi.o
LOAD Drivers\STM32F7xx_HAL_Driver\Src\stm32f7xx_hal_tim.o
LOAD Drivers\STM32F7xx_HAL_Driver\Src\stm32f7xx_hal_tim_ex.o
LOAD Drivers\STM32F7xx_HAL_Driver\Src\stm32f7xx_hal_uart.o
LOAD Src\config.o
LOAD Src\main.o
LOAD Src\stm32f7xx_hal_msp.o
LOAD Src\stm32f7xx_it.o
LOAD Src\system_stm32f7xx.o
START GROUP
LOAD c:/program files (x86)/atollic/truestudio for arm 7.1.0/armtools/bin/../lib/gcc/arm-atollic-eabi/5.3.1/../../../../arm-atollic-eabi/lib/armv7e-m/fpu/fpv5-sp-d16\libc_nano.a
LOAD c:/program files (x86)/atollic/truestudio for arm 7.1.0/armtools/bin/../lib/gcc/arm-atollic-eabi/5.3.1/../../../../arm-atollic-eabi/lib/armv7e-m/fpu/fpv5-sp-d16\libm.a
END GROUP
                0x00000080                malloc_getpagesize_P = 0x80
START GROUP
LOAD c:/program files (x86)/atollic/truestudio for arm 7.1.0/armtools/bin/../lib/gcc/arm-atollic-eabi/5.3.1/armv7e-m/fpu/fpv5-sp-d16\libgcc.a
LOAD c:/program files (x86)/atollic/truestudio for arm 7.1.0/armtools/bin/../lib/gcc/arm-atollic-eabi/5.3.1/../../../../arm-atollic-eabi/lib/armv7e-m/fpu/fpv5-sp-d16\libc_nano.a
END GROUP
START GROUP
LOAD c:/program files (x86)/atollic/truestudio for arm 7.1.0/armtools/bin/../lib/gcc/arm-atollic-eabi/5.3.1/armv7e-m/fpu/fpv5-sp-d16\libgcc.a
LOAD c:/program files (x86)/atollic/truestudio for arm 7.1.0/armtools/bin/../lib/gcc/arm-atollic-eabi/5.3.1/../../../../arm-atollic-eabi/lib/armv7e-m/fpu/fpv5-sp-d16\libc_nano.a
LOAD c:/program files (x86)/atollic/truestudio for arm 7.1.0/armtools/bin/../lib/gcc/arm-atollic-eabi/5.3.1/../../../../arm-atollic-eabi/lib/armv7e-m/fpu/fpv5-sp-d16\libnosys.a
END GROUP
START GROUP
LOAD c:/program files (x86)/atollic/truestudio for arm 7.1.0/armtools/bin/../lib/gcc/arm-atollic-eabi/5.3.1/armv7e-m/fpu/fpv5-sp-d16\libgcc.a
LOAD c:/program files (x86)/atollic/truestudio for arm 7.1.0/armtools/bin/../lib/gcc/arm-atollic-eabi/5.3.1/../../../../arm-atollic-eabi/lib/armv7e-m/fpu/fpv5-sp-d16\libc_nano.a
LOAD c:/program files (x86)/atollic/truestudio for arm 7.1.0/armtools/bin/../lib/gcc/arm-atollic-eabi/5.3.1/../../../../arm-atollic-eabi/lib/armv7e-m/fpu/fpv5-sp-d16\libnosys.a
END GROUP
LOAD c:/program files (x86)/atollic/truestudio for arm 7.1.0/armtools/bin/../lib/gcc/arm-atollic-eabi/5.3.1/armv7e-m/fpu/fpv5-sp-d16/crtend.o
LOAD c:/program files (x86)/atollic/truestudio for arm 7.1.0/armtools/bin/../lib/gcc/arm-atollic-eabi/5.3.1/armv7e-m/fpu/fpv5-sp-d16/crtn.o
                0x20050000                _estack = 0x20050000
                0x00000200                _Min_Heap_Size = 0x200
                0x00000400                _Min_Stack_Size = 0x400

.isr_vector     0x08000000      0x1c8
                0x08000000                . = ALIGN (0x4)
 *(.isr_vector)
 .isr_vector    0x08000000      0x1c8 Drivers\CMSIS\Device\ST\STM32F7xx\Source\Templates\gcc\startup_stm32f746xx.o
                0x08000000                g_pfnVectors
                0x080001c8                . = ALIGN (0x4)

.text           0x080001d0     0x6ac4
                0x080001d0                . = ALIGN (0x4)
 *(.text)
 .text          0x080001d0       0x40 c:/program files (x86)/atollic/truestudio for arm 7.1.0/armtools/bin/../lib/gcc/arm-atollic-eabi/5.3.1/armv7e-m/fpu/fpv5-sp-d16/crtbegin.o
 .text          0x08000210       0x10 c:/program files (x86)/atollic/truestudio for arm 7.1.0/armtools/bin/../lib/gcc/arm-atollic-eabi/5.3.1/../../../../arm-atollic-eabi/lib/armv7e-m/fpu/fpv5-sp-d16\libc_nano.a(lib_a-strlen.o)
                0x08000210                strlen
 .text          0x08000220       0xa0 c:/program files (x86)/atollic/truestudio for arm 7.1.0/armtools/bin/../lib/gcc/arm-atollic-eabi/5.3.1/../../../../arm-atollic-eabi/lib/armv7e-m/fpu/fpv5-sp-d16\libc_nano.a(lib_a-memchr.o)
                0x08000220                memchr
 *(.text*)
 .text.Reset_Handler
                0x080002c0       0x50 Drivers\CMSIS\Device\ST\STM32F7xx\Source\Templates\gcc\startup_stm32f746xx.o
                0x080002c0                Reset_Handler
 .text.Default_Handler
                0x08000310        0x2 Drivers\CMSIS\Device\ST\STM32F7xx\Source\Templates\gcc\startup_stm32f746xx.o
                0x08000310                RTC_Alarm_IRQHandler
                0x08000310                EXTI2_IRQHandler
                0x08000310                TIM8_CC_IRQHandler
                0x08000310                UART8_IRQHandler
                0x08000310                SPI4_IRQHandler
                0x08000310                DMA2_Stream5_IRQHandler
                0x08000310                DMA1_Stream5_IRQHandler
                0x08000310                PVD_IRQHandler
                0x08000310                TAMP_STAMP_IRQHandler
                0x08000310                CAN2_RX1_IRQHandler
                0x08000310                EXTI3_IRQHandler
                0x08000310                TIM8_TRG_COM_TIM14_IRQHandler
                0x08000310                TIM1_UP_TIM10_IRQHandler
                0x08000310                TIM8_UP_TIM13_IRQHandler
                0x08000310                I2C3_ER_IRQHandler
                0x08000310                EXTI0_IRQHandler
                0x08000310                I2C2_EV_IRQHandler
                0x08000310                DMA1_Stream2_IRQHandler
                0x08000310                CAN1_RX0_IRQHandler
                0x08000310                FPU_IRQHandler
                0x08000310                OTG_HS_WKUP_IRQHandler
                0x08000310                LTDC_ER_IRQHandler
                0x08000310                CAN2_SCE_IRQHandler
                0x08000310                DMA2_Stream2_IRQHandler
                0x08000310                TIM6_DAC_IRQHandler
                0x08000310                TIM1_BRK_TIM9_IRQHandler
                0x08000310                DCMI_IRQHandler
                0x08000310                CAN2_RX0_IRQHandler
                0x08000310                DMA2_Stream3_IRQHandler
                0x08000310                SAI2_IRQHandler
                0x08000310                USART6_IRQHandler
                0x08000310                USART3_IRQHandler
                0x08000310                CAN1_RX1_IRQHandler
                0x08000310                UART5_IRQHandler
                0x08000310                QUADSPI_IRQHandler
                0x08000310                I2C1_EV_IRQHandler
                0x08000310                DMA1_Stream6_IRQHandler
                0x08000310                DMA1_Stream1_IRQHandler
                0x08000310                UART4_IRQHandler
                0x08000310                TIM3_IRQHandler
                0x08000310                RCC_IRQHandler
                0x08000310                TIM8_BRK_TIM12_IRQHandler
                0x08000310                Default_Handler
                0x08000310                CEC_IRQHandler
                0x08000310                ADC_IRQHandler
                0x08000310                DMA1_Stream7_IRQHandler
                0x08000310                SPI5_IRQHandler
                0x08000310                TIM7_IRQHandler
                0x08000310                SDMMC1_IRQHandler
                0x08000310                CAN2_TX_IRQHandler
                0x08000310                TIM5_IRQHandler
                0x08000310                DMA2_Stream7_IRQHandler
                0x08000310                I2C3_EV_IRQHandler
                0x08000310                RTC_WKUP_IRQHandler
                0x08000310                LTDC_IRQHandler
                0x08000310                ETH_WKUP_IRQHandler
                0x08000310                SPDIF_RX_IRQHandler
                0x08000310                SPI2_IRQHandler
                0x08000310                OTG_HS_EP1_IN_IRQHandler
                0x08000310                DMA1_Stream0_IRQHandler
                0x08000310                CAN1_TX_IRQHandler
                0x08000310                EXTI4_IRQHandler
                0x08000310                RNG_IRQHandler
                0x08000310                ETH_IRQHandler
                0x08000310                OTG_HS_EP1_OUT_IRQHandler
                0x08000310                WWDG_IRQHandler
                0x08000310                SPI6_IRQHandler
                0x08000310                I2C4_EV_IRQHandler
                0x08000310                TIM2_IRQHandler
                0x08000310                OTG_FS_WKUP_IRQHandler
                0x08000310                TIM1_TRG_COM_TIM11_IRQHandler
                0x08000310                OTG_HS_IRQHandler
                0x08000310                DMA2D_IRQHandler
                0x08000310                EXTI1_IRQHandler
                0x08000310                UART7_IRQHandler
                0x08000310                USART2_IRQHandler
                0x08000310                I2C2_ER_IRQHandler
                0x08000310                DMA2_Stream1_IRQHandler
                0x08000310                CAN1_SCE_IRQHandler
                0x08000310                FLASH_IRQHandler
                0x08000310                DMA2_Stream4_IRQHandler
                0x08000310                USART1_IRQHandler
                0x08000310                OTG_FS_IRQHandler
                0x08000310                SPI3_IRQHandler
                0x08000310                DMA1_Stream4_IRQHandler
                0x08000310                I2C1_ER_IRQHandler
                0x08000310                FMC_IRQHandler
                0x08000310                LPTIM1_IRQHandler
                0x08000310                I2C4_ER_IRQHandler
                0x08000310                DMA2_Stream6_IRQHandler
                0x08000310                SAI1_IRQHandler
                0x08000310                DMA1_Stream3_IRQHandler
 *fill*         0x08000312        0x2 
 .text.HAL_InitTick
                0x08000314       0x28 Drivers\STM32F7xx_HAL_Driver\Src\stm32f7xx_hal.o
                0x08000314                HAL_InitTick
 .text.HAL_Init
                0x0800033c       0x16 Drivers\STM32F7xx_HAL_Driver\Src\stm32f7xx_hal.o
                0x0800033c                HAL_Init
 *fill*         0x08000352        0x2 
 .text.HAL_IncTick
                0x08000354       0x10 Drivers\STM32F7xx_HAL_Driver\Src\stm32f7xx_hal.o
                0x08000354                HAL_IncTick
 .text.HAL_GetTick
                0x08000364        0xc Drivers\STM32F7xx_HAL_Driver\Src\stm32f7xx_hal.o
                0x08000364                HAL_GetTick
 .text.HAL_Delay
                0x08000370       0x1a Drivers\STM32F7xx_HAL_Driver\Src\stm32f7xx_hal.o
                0x08000370                HAL_Delay
 *fill*         0x0800038a        0x2 
 .text.HAL_ADC_Init
                0x0800038c      0x154 Drivers\STM32F7xx_HAL_Driver\Src\stm32f7xx_hal_adc.o
                0x0800038c                HAL_ADC_Init
 .text.HAL_ADC_Start_DMA
                0x080004e0      0x100 Drivers\STM32F7xx_HAL_Driver\Src\stm32f7xx_hal_adc.o
                0x080004e0                HAL_ADC_Start_DMA
 .text.HAL_ADC_Stop_DMA
                0x080005e0       0x5a Drivers\STM32F7xx_HAL_Driver\Src\stm32f7xx_hal_adc.o
                0x080005e0                HAL_ADC_Stop_DMA
 .text.ADC_DMAConvCplt
                0x0800063a       0x60 Drivers\STM32F7xx_HAL_Driver\Src\stm32f7xx_hal_adc.o
 .text.HAL_ADC_ConvHalfCpltCallback
                0x0800069a        0x2 Drivers\STM32F7xx_HAL_Driver\Src\stm32f7xx_hal_adc.o
                0x0800069a                HAL_ADC_ConvHalfCpltCallback
 .text.ADC_DMAHalfConvCplt
                0x0800069c        0xa Drivers\STM32F7xx_HAL_Driver\Src\stm32f7xx_hal_adc.o
 .text.HAL_ADC_ErrorCallback
                0x080006a6        0x2 Drivers\STM32F7xx_HAL_Driver\Src\stm32f7xx_hal_adc.o
                0x080006a6                HAL_ADC_ErrorCallback
 .text.ADC_DMAError
                0x080006a8       0x16 Drivers\STM32F7xx_HAL_Driver\Src\stm32f7xx_hal_adc.o
 *fill*         0x080006be        0x2 
 .text.HAL_ADC_ConfigChannel
                0x080006c0      0x140 Drivers\STM32F7xx_HAL_Driver\Src\stm32f7xx_hal_adc.o
                0x080006c0                HAL_ADC_ConfigChannel
 .text.HAL_NVIC_SetPriorityGrouping
                0x08000800       0x24 Drivers\STM32F7xx_HAL_Driver\Src\stm32f7xx_hal_cortex.o
                0x08000800                HAL_NVIC_SetPriorityGrouping
 .text.HAL_NVIC_SetPriority
                0x08000824       0x70 Drivers\STM32F7xx_HAL_Driver\Src\stm32f7xx_hal_cortex.o
                0x08000824                HAL_NVIC_SetPriority
 .text.HAL_NVIC_EnableIRQ
                0x08000894       0x18 Drivers\STM32F7xx_HAL_Driver\Src\stm32f7xx_hal_cortex.o
                0x08000894                HAL_NVIC_EnableIRQ
 .text.HAL_NVIC_DisableIRQ
                0x080008ac       0x1c Drivers\STM32F7xx_HAL_Driver\Src\stm32f7xx_hal_cortex.o
                0x080008ac                HAL_NVIC_DisableIRQ
 .text.HAL_SYSTICK_Config
                0x080008c8       0x2c Drivers\STM32F7xx_HAL_Driver\Src\stm32f7xx_hal_cortex.o
                0x080008c8                HAL_SYSTICK_Config
 .text.HAL_SYSTICK_CLKSourceConfig
                0x080008f4       0x18 Drivers\STM32F7xx_HAL_Driver\Src\stm32f7xx_hal_cortex.o
                0x080008f4                HAL_SYSTICK_CLKSourceConfig
 .text.HAL_SYSTICK_Callback
                0x0800090c        0x2 Drivers\STM32F7xx_HAL_Driver\Src\stm32f7xx_hal_cortex.o
                0x0800090c                HAL_SYSTICK_Callback
 .text.HAL_SYSTICK_IRQHandler
                0x0800090e        0x8 Drivers\STM32F7xx_HAL_Driver\Src\stm32f7xx_hal_cortex.o
                0x0800090e                HAL_SYSTICK_IRQHandler
 *fill*         0x08000916        0x2 
 .text.DMA_CalcBaseAndBitshift
                0x08000918       0x2c Drivers\STM32F7xx_HAL_Driver\Src\stm32f7xx_hal_dma.o
 .text.HAL_DMA_Init
                0x08000944       0xec Drivers\STM32F7xx_HAL_Driver\Src\stm32f7xx_hal_dma.o
                0x08000944                HAL_DMA_Init
 .text.HAL_DMA_Start_IT
                0x08000a30       0x7e Drivers\STM32F7xx_HAL_Driver\Src\stm32f7xx_hal_dma.o
                0x08000a30                HAL_DMA_Start_IT
 .text.HAL_DMA_Abort
                0x08000aae       0x86 Drivers\STM32F7xx_HAL_Driver\Src\stm32f7xx_hal_dma.o
                0x08000aae                HAL_DMA_Abort
 .text.HAL_DMA_Abort_IT
                0x08000b34       0x24 Drivers\STM32F7xx_HAL_Driver\Src\stm32f7xx_hal_dma.o
                0x08000b34                HAL_DMA_Abort_IT
 .text.HAL_DMA_IRQHandler
                0x08000b58      0x17c Drivers\STM32F7xx_HAL_Driver\Src\stm32f7xx_hal_dma.o
                0x08000b58                HAL_DMA_IRQHandler
 .text.FLASH_Program_DoubleWord
                0x08000cd4       0x2c Drivers\STM32F7xx_HAL_Driver\Src\stm32f7xx_hal_flash.o
 .text.FLASH_Program_Word
                0x08000d00       0x28 Drivers\STM32F7xx_HAL_Driver\Src\stm32f7xx_hal_flash.o
 .text.FLASH_Program_HalfWord
                0x08000d28       0x28 Drivers\STM32F7xx_HAL_Driver\Src\stm32f7xx_hal_flash.o
 .text.FLASH_Program_Byte
                0x08000d50       0x24 Drivers\STM32F7xx_HAL_Driver\Src\stm32f7xx_hal_flash.o
 .text.FLASH_SetErrorCode
                0x08000d74       0x64 Drivers\STM32F7xx_HAL_Driver\Src\stm32f7xx_hal_flash.o
 .text.HAL_FLASH_Unlock
                0x08000dd8       0x24 Drivers\STM32F7xx_HAL_Driver\Src\stm32f7xx_hal_flash.o
                0x08000dd8                HAL_FLASH_Unlock
 .text.HAL_FLASH_Lock
                0x08000dfc       0x14 Drivers\STM32F7xx_HAL_Driver\Src\stm32f7xx_hal_flash.o
                0x08000dfc                HAL_FLASH_Lock
 .text.FLASH_WaitForLastOperation
                0x08000e10       0x5c Drivers\STM32F7xx_HAL_Driver\Src\stm32f7xx_hal_flash.o
                0x08000e10                FLASH_WaitForLastOperation
 .text.HAL_FLASH_Program
                0x08000e6c       0x80 Drivers\STM32F7xx_HAL_Driver\Src\stm32f7xx_hal_flash.o
                0x08000e6c                HAL_FLASH_Program
 .text.FLASH_MassErase
                0x08000eec       0x28 Drivers\STM32F7xx_HAL_Driver\Src\stm32f7xx_hal_flash_ex.o
 .text.FLASH_Erase_Sector
                0x08000f14       0x58 Drivers\STM32F7xx_HAL_Driver\Src\stm32f7xx_hal_flash_ex.o
                0x08000f14                FLASH_Erase_Sector
 .text.HAL_FLASHEx_Erase
                0x08000f6c       0x9c Drivers\STM32F7xx_HAL_Driver\Src\stm32f7xx_hal_flash_ex.o
                0x08000f6c                HAL_FLASHEx_Erase
 .text.HAL_GPIO_Init
                0x08001008      0x1d8 Drivers\STM32F7xx_HAL_Driver\Src\stm32f7xx_hal_gpio.o
                0x08001008                HAL_GPIO_Init
 .text.HAL_GPIO_WritePin
                0x080011e0        0x8 Drivers\STM32F7xx_HAL_Driver\Src\stm32f7xx_hal_gpio.o
                0x080011e0                HAL_GPIO_WritePin
 .text.HAL_GPIO_EXTI_IRQHandler
                0x080011e8       0x18 Drivers\STM32F7xx_HAL_Driver\Src\stm32f7xx_hal_gpio.o
                0x080011e8                HAL_GPIO_EXTI_IRQHandler
 .text.HAL_PWREx_EnableOverDrive
                0x08001200       0x70 Drivers\STM32F7xx_HAL_Driver\Src\stm32f7xx_hal_pwr_ex.o
                0x08001200                HAL_PWREx_EnableOverDrive
 .text.HAL_RCC_OscConfig
                0x08001270      0x338 Drivers\STM32F7xx_HAL_Driver\Src\stm32f7xx_hal_rcc.o
                0x08001270                HAL_RCC_OscConfig
 .text.HAL_RCC_GetSysClockFreq
                0x080015a8       0x7c Drivers\STM32F7xx_HAL_Driver\Src\stm32f7xx_hal_rcc.o
                0x080015a8                HAL_RCC_GetSysClockFreq
 .text.HAL_RCC_ClockConfig
                0x08001624      0x154 Drivers\STM32F7xx_HAL_Driver\Src\stm32f7xx_hal_rcc.o
                0x08001624                HAL_RCC_ClockConfig
 .text.HAL_RCC_GetHCLKFreq
                0x08001778        0xc Drivers\STM32F7xx_HAL_Driver\Src\stm32f7xx_hal_rcc.o
                0x08001778                HAL_RCC_GetHCLKFreq
 .text.HAL_RCC_GetPCLK1Freq
                0x08001784       0x30 Drivers\STM32F7xx_HAL_Driver\Src\stm32f7xx_hal_rcc.o
                0x08001784                HAL_RCC_GetPCLK1Freq
 .text.HAL_RCC_GetPCLK2Freq
                0x080017b4       0x30 Drivers\STM32F7xx_HAL_Driver\Src\stm32f7xx_hal_rcc.o
                0x080017b4                HAL_RCC_GetPCLK2Freq
 .text.HAL_RCCEx_PeriphCLKConfig
                0x080017e4      0x74c Drivers\STM32F7xx_HAL_Driver\Src\stm32f7xx_hal_rcc_ex.o
                0x080017e4                HAL_RCCEx_PeriphCLKConfig
 .text.HAL_SPI_IRQHandler
                0x08001f30       0xe4 Drivers\STM32F7xx_HAL_Driver\Src\stm32f7xx_hal_spi.o
                0x08001f30                HAL_SPI_IRQHandler
 .text.SPI_DMAAbortOnError
                0x08002014       0x12 Drivers\STM32F7xx_HAL_Driver\Src\stm32f7xx_hal_spi.o
 .text.TIM_TI1_ConfigInputStage
                0x08002026       0x22 Drivers\STM32F7xx_HAL_Driver\Src\stm32f7xx_hal_tim.o
 .text.TIM_TI2_ConfigInputStage
                0x08002048       0x24 Drivers\STM32F7xx_HAL_Driver\Src\stm32f7xx_hal_tim.o
 .text.HAL_TIM_Base_Start
                0x0800206c       0x1a Drivers\STM32F7xx_HAL_Driver\Src\stm32f7xx_hal_tim.o
                0x0800206c                HAL_TIM_Base_Start
 .text.HAL_TIM_Base_Stop
                0x08002086       0x2e Drivers\STM32F7xx_HAL_Driver\Src\stm32f7xx_hal_tim.o
                0x08002086                HAL_TIM_Base_Stop
 .text.HAL_TIM_Encoder_Start_IT
                0x080020b4       0x6e Drivers\STM32F7xx_HAL_Driver\Src\stm32f7xx_hal_tim.o
                0x080020b4                HAL_TIM_Encoder_Start_IT
 .text.HAL_TIM_PeriodElapsedCallback
                0x08002122        0x2 Drivers\STM32F7xx_HAL_Driver\Src\stm32f7xx_hal_tim.o
                0x08002122                HAL_TIM_PeriodElapsedCallback
 .text.HAL_TIM_OC_DelayElapsedCallback
                0x08002124        0x2 Drivers\STM32F7xx_HAL_Driver\Src\stm32f7xx_hal_tim.o
                0x08002124                HAL_TIM_OC_DelayElapsedCallback
 .text.HAL_TIM_IC_CaptureCallback
                0x08002126        0x2 Drivers\STM32F7xx_HAL_Driver\Src\stm32f7xx_hal_tim.o
                0x08002126                HAL_TIM_IC_CaptureCallback
 .text.HAL_TIM_PWM_PulseFinishedCallback
                0x08002128        0x2 Drivers\STM32F7xx_HAL_Driver\Src\stm32f7xx_hal_tim.o
                0x08002128                HAL_TIM_PWM_PulseFinishedCallback
 .text.HAL_TIM_TriggerCallback
                0x0800212a        0x2 Drivers\STM32F7xx_HAL_Driver\Src\stm32f7xx_hal_tim.o
                0x0800212a                HAL_TIM_TriggerCallback
 .text.HAL_TIM_IRQHandler
                0x0800212c      0x15e Drivers\STM32F7xx_HAL_Driver\Src\stm32f7xx_hal_tim.o
                0x0800212c                HAL_TIM_IRQHandler
 *fill*         0x0800228a        0x2 
 .text.TIM_Base_SetConfig
                0x0800228c       0xc8 Drivers\STM32F7xx_HAL_Driver\Src\stm32f7xx_hal_tim.o
                0x0800228c                TIM_Base_SetConfig
 .text.HAL_TIM_Base_Init
                0x08002354       0x2c Drivers\STM32F7xx_HAL_Driver\Src\stm32f7xx_hal_tim.o
                0x08002354                HAL_TIM_Base_Init
 .text.HAL_TIM_PWM_Init
                0x08002380       0x34 Drivers\STM32F7xx_HAL_Driver\Src\stm32f7xx_hal_tim.o
                0x08002380                HAL_TIM_PWM_Init
 .text.HAL_TIM_Encoder_Init
                0x080023b4       0x96 Drivers\STM32F7xx_HAL_Driver\Src\stm32f7xx_hal_tim.o
                0x080023b4                HAL_TIM_Encoder_Init
 *fill*         0x0800244a        0x2 
 .text.TIM_OC1_SetConfig
                0x0800244c       0x5c Drivers\STM32F7xx_HAL_Driver\Src\stm32f7xx_hal_tim.o
                0x0800244c                TIM_OC1_SetConfig
 .text.TIM_OC2_SetConfig
                0x080024a8       0x68 Drivers\STM32F7xx_HAL_Driver\Src\stm32f7xx_hal_tim.o
                0x080024a8                TIM_OC2_SetConfig
 .text.TIM_OC3_SetConfig
                0x08002510       0x64 Drivers\STM32F7xx_HAL_Driver\Src\stm32f7xx_hal_tim.o
                0x08002510                TIM_OC3_SetConfig
 .text.TIM_OC4_SetConfig
                0x08002574       0x54 Drivers\STM32F7xx_HAL_Driver\Src\stm32f7xx_hal_tim.o
                0x08002574                TIM_OC4_SetConfig
 .text.TIM_ETR_SetConfig
                0x080025c8       0x14 Drivers\STM32F7xx_HAL_Driver\Src\stm32f7xx_hal_tim.o
                0x080025c8                TIM_ETR_SetConfig
 .text.HAL_TIM_ConfigClockSource
                0x080025dc      0x11c Drivers\STM32F7xx_HAL_Driver\Src\stm32f7xx_hal_tim.o
                0x080025dc                HAL_TIM_ConfigClockSource
 .text.TIM_CCxChannelCmd
                0x080026f8       0x1a Drivers\STM32F7xx_HAL_Driver\Src\stm32f7xx_hal_tim.o
                0x080026f8                TIM_CCxChannelCmd
 *fill*         0x08002712        0x2 
 .text.HAL_TIM_PWM_Start
                0x08002714       0x34 Drivers\STM32F7xx_HAL_Driver\Src\stm32f7xx_hal_tim.o
                0x08002714                HAL_TIM_PWM_Start
 .text.TIM_OC5_SetConfig
                0x08002748       0x50 Drivers\STM32F7xx_HAL_Driver\Src\stm32f7xx_hal_tim_ex.o
 .text.TIM_OC6_SetConfig
                0x08002798       0x50 Drivers\STM32F7xx_HAL_Driver\Src\stm32f7xx_hal_tim_ex.o
 .text.HAL_TIM_PWM_ConfigChannel
                0x080027e8      0x10a Drivers\STM32F7xx_HAL_Driver\Src\stm32f7xx_hal_tim_ex.o
                0x080027e8                HAL_TIM_PWM_ConfigChannel
 *fill*         0x080028f2        0x2 
 .text.HAL_TIMEx_MasterConfigSynchronization
                0x080028f4       0x4c Drivers\STM32F7xx_HAL_Driver\Src\stm32f7xx_hal_tim_ex.o
                0x080028f4                HAL_TIMEx_MasterConfigSynchronization
 .text.HAL_TIMEx_CommutationCallback
                0x08002940        0x2 Drivers\STM32F7xx_HAL_Driver\Src\stm32f7xx_hal_tim_ex.o
                0x08002940                HAL_TIMEx_CommutationCallback
 .text.HAL_TIMEx_BreakCallback
                0x08002942        0x2 Drivers\STM32F7xx_HAL_Driver\Src\stm32f7xx_hal_tim_ex.o
                0x08002942                HAL_TIMEx_BreakCallback
 .text.UART_WaitOnFlagUntilTimeout
                0x08002944       0x62 Drivers\STM32F7xx_HAL_Driver\Src\stm32f7xx_hal_uart.o
                0x08002944                UART_WaitOnFlagUntilTimeout
 .text.HAL_UART_Transmit
                0x080029a6       0xb4 Drivers\STM32F7xx_HAL_Driver\Src\stm32f7xx_hal_uart.o
                0x080029a6                HAL_UART_Transmit
 *fill*         0x08002a5a        0x2 
 .text.UART_SetConfig
                0x08002a5c      0x268 Drivers\STM32F7xx_HAL_Driver\Src\stm32f7xx_hal_uart.o
                0x08002a5c                UART_SetConfig
 .text.UART_AdvFeatureConfig
                0x08002cc4       0xaa Drivers\STM32F7xx_HAL_Driver\Src\stm32f7xx_hal_uart.o
                0x08002cc4                UART_AdvFeatureConfig
 .text.UART_CheckIdleState
                0x08002d6e       0x68 Drivers\STM32F7xx_HAL_Driver\Src\stm32f7xx_hal_uart.o
                0x08002d6e                UART_CheckIdleState
 .text.HAL_UART_Init
                0x08002dd6       0x64 Drivers\STM32F7xx_HAL_Driver\Src\stm32f7xx_hal_uart.o
                0x08002dd6                HAL_UART_Init
 *fill*         0x08002e3a        0x2 
 .text.Speed_Set
                0x08002e3c       0x38 Src\main.o
                0x08002e3c                Speed_Set
 .text.Motor_Correction
                0x08002e74       0xbc Src\main.o
                0x08002e74                Motor_Correction
 .text.Reset_Counters
                0x08002f30       0x8c Src\main.o
                0x08002f30                Reset_Counters
 .text.Reset_Time
                0x08002fbc       0x28 Src\main.o
                0x08002fbc                Reset_Time
 .text.Clear_Buffers
                0x08002fe4       0x38 Src\main.o
                0x08002fe4                Clear_Buffers
 .text.Reset_Flags
                0x0800301c       0xd0 Src\main.o
                0x0800301c                Reset_Flags
 .text.Transmit
                0x080030ec       0x20 Src\main.o
                0x080030ec                Transmit
 .text.Send_Debug
                0x0800310c       0x68 Src\main.o
                0x0800310c                Send_Debug
 .text.Print_Maze
                0x08003174      0x134 Src\main.o
                0x08003174                Print_Maze
 .text.Read_Walls_Flash
                0x080032a8       0xc4 Src\main.o
                0x080032a8                Read_Walls_Flash
 .text.Get_Lowest_Square
                0x0800336c       0xc8 Src\main.o
                0x0800336c                Get_Lowest_Square
 .text.Floodfill
                0x08003434      0x124 Src\main.o
                0x08003434                Floodfill
 .text.Reset_Maze
                0x08003558       0x78 Src\main.o
                0x08003558                Reset_Maze
 .text.Switch_Direction
                0x080035d0       0x28 Src\main.o
                0x080035d0                Switch_Direction
 .text.Update_Position
                0x080035f8      0x198 Src\main.o
                0x080035f8                Update_Position
 .text.Calc_Optimal
                0x08003790      0x1ec Src\main.o
                0x08003790                Calc_Optimal
 .text.Mark_Center
                0x0800397c       0x28 Src\main.o
                0x0800397c                Mark_Center
 .text.Fill_Center
                0x080039a4      0x11c Src\main.o
                0x080039a4                Fill_Center
 .text.Get_Coordinate
                0x08003ac0       0x64 Src\main.o
                0x08003ac0                Get_Coordinate
 .text.Turn_On_Lights
                0x08003b24       0x74 Src\main.o
                0x08003b24                Turn_On_Lights
 .text.Turn_Off_Lights
                0x08003b98       0x74 Src\main.o
                0x08003b98                Turn_Off_Lights
 .text.Get_Next_Move
                0x08003c0c      0x188 Src\main.o
                0x08003c0c                Get_Next_Move
 .text.HAL_GPIO_EXTI_Callback
                0x08003d94      0x230 Src\main.o
                0x08003d94                HAL_GPIO_EXTI_Callback
 .text.HAL_SPI_ErrorCallback
                0x08003fc4        0x2 Src\main.o
                0x08003fc4                HAL_SPI_ErrorCallback
 *fill*         0x08003fc6        0x2 
 .text.Error_Handler
                0x08003fc8       0x24 Src\main.o
                0x08003fc8                Error_Handler
 .text.Program_Walls_Flash
                0x08003fec      0x184 Src\main.o
                0x08003fec                Program_Walls_Flash
 .text.Start_IR
                0x08004170       0x28 Src\main.o
                0x08004170                Start_IR
 .text.Get_IR   0x08004198      0x1e0 Src\main.o
                0x08004198                Get_IR
 .text.Update_Sensors
                0x08004378       0x98 Src\main.o
                0x08004378                Update_Sensors
 .text.Read_Walls
                0x08004410      0x26c Src\main.o
                0x08004410                Read_Walls
 .text.Middle_Cell_Action
                0x0800467c       0x38 Src\main.o
                0x0800467c                Middle_Cell_Action
 .text.Stop_IR  0x080046b4       0x20 Src\main.o
                0x080046b4                Stop_IR
 .text.HAL_ADC_ConvCpltCallback
                0x080046d4       0x38 Src\main.o
                0x080046d4                HAL_ADC_ConvCpltCallback
 .text.Set_Left
                0x0800470c       0x5c Src\main.o
                0x0800470c                Set_Left
 .text.Set_Right
                0x08004768       0x60 Src\main.o
                0x08004768                Set_Right
 .text.Transition
                0x080047c8       0x74 Src\main.o
                0x080047c8                Transition
 .text.Right_Search
                0x0800483c       0x94 Src\main.o
                0x0800483c                Right_Search
 .text.Left_Search
                0x080048d0       0x8c Src\main.o
                0x080048d0                Left_Search
 .text.Speed_Profiler
                0x0800495c       0x98 Src\main.o
                0x0800495c                Speed_Profiler
 .text.Search_Correction
                0x080049f4       0x34 Src\main.o
                0x080049f4                Search_Correction
 .text.Get_Speed
                0x08004a28      0x108 Src\main.o
                0x08004a28                Get_Speed
 .text.Dead_End_Correct
                0x08004b30      0x150 Src\main.o
                0x08004b30                Dead_End_Correct
 .text.Dead_End
                0x08004c80       0xd4 Src\main.o
                0x08004c80                Dead_End
 .text.Forward_Spd
                0x08004d54       0xdc Src\main.o
                0x08004d54                Forward_Spd
 .text.Left_Spd
                0x08004e30      0x10c Src\main.o
                0x08004e30                Left_Spd
 .text.Right_Spd
                0x08004f3c      0x10c Src\main.o
                0x08004f3c                Right_Spd
 .text.Stop     0x08005048       0x50 Src\main.o
                0x08005048                Stop
 .text.Detect_Transition
                0x08005098      0x104 Src\main.o
                0x08005098                Detect_Transition
 .text.Forward_Speed
                0x0800519c      0x114 Src\main.o
                0x0800519c                Forward_Speed
 .text.Forward_Search
                0x080052b0       0xd0 Src\main.o
                0x080052b0                Forward_Search
 .text.Speed_Run
                0x08005380      0x16c Src\main.o
                0x08005380                Speed_Run
 .text.Search   0x080054ec      0x178 Src\main.o
                0x080054ec                Search
 .text.Run_Maze
                0x08005664       0xd0 Src\main.o
                0x08005664                Run_Maze
 .text.Measure_Speed
                0x08005734      0x13c Src\main.o
                0x08005734                Measure_Speed
 .text.Motor_Test
                0x08005870       0x64 Src\main.o
                0x08005870                Motor_Test
 .text.SystemClock_Config_old
                0x080058d4       0xc0 Src\main.o
                0x080058d4                SystemClock_Config_old
 .text.startup.main
                0x08005994      0x634 Src\main.o
                0x08005994                main
 .text.HAL_MspInit
                0x08005fc8       0x60 Src\stm32f7xx_hal_msp.o
                0x08005fc8                HAL_MspInit
 .text.HAL_ADC_MspInit
                0x08006028       0xc0 Src\stm32f7xx_hal_msp.o
                0x08006028                HAL_ADC_MspInit
 .text.HAL_TIM_Encoder_MspInit
                0x080060e8       0xc0 Src\stm32f7xx_hal_msp.o
                0x080060e8                HAL_TIM_Encoder_MspInit
 .text.HAL_TIM_Base_MspInit
                0x080061a8       0x28 Src\stm32f7xx_hal_msp.o
                0x080061a8                HAL_TIM_Base_MspInit
 .text.HAL_TIM_PWM_MspInit
                0x080061d0       0x68 Src\stm32f7xx_hal_msp.o
                0x080061d0                HAL_TIM_PWM_MspInit
 .text.HAL_TIM_MspPostInit
                0x08006238       0x94 Src\stm32f7xx_hal_msp.o
                0x08006238                HAL_TIM_MspPostInit
 .text.HAL_UART_MspInit
                0x080062cc       0x4c Src\stm32f7xx_hal_msp.o
                0x080062cc                HAL_UART_MspInit
 .text.NMI_Handler
                0x08006318        0x2 Src\stm32f7xx_it.o
                0x08006318                NMI_Handler
 .text.HardFault_Handler
                0x0800631a        0x2 Src\stm32f7xx_it.o
                0x0800631a                HardFault_Handler
 .text.MemManage_Handler
                0x0800631c        0x2 Src\stm32f7xx_it.o
                0x0800631c                MemManage_Handler
 .text.BusFault_Handler
                0x0800631e        0x2 Src\stm32f7xx_it.o
                0x0800631e                BusFault_Handler
 .text.UsageFault_Handler
                0x08006320        0x2 Src\stm32f7xx_it.o
                0x08006320                UsageFault_Handler
 .text.SVC_Handler
                0x08006322        0x2 Src\stm32f7xx_it.o
                0x08006322                SVC_Handler
 .text.DebugMon_Handler
                0x08006324        0x2 Src\stm32f7xx_it.o
                0x08006324                DebugMon_Handler
 .text.PendSV_Handler
                0x08006326        0x2 Src\stm32f7xx_it.o
                0x08006326                PendSV_Handler
 .text.SysTick_Handler
                0x08006328        0xe Src\stm32f7xx_it.o
                0x08006328                SysTick_Handler
 .text.EXTI15_10_IRQHandler
                0x08006336        0x8 Src\stm32f7xx_it.o
                0x08006336                EXTI15_10_IRQHandler
 .text.EXTI9_5_IRQHandler
                0x0800633e        0x6 Src\stm32f7xx_it.o
                0x0800633e                EXTI9_5_IRQHandler
 .text.DMA2_Stream0_IRQHandler
                0x08006344        0xc Src\stm32f7xx_it.o
                0x08006344                DMA2_Stream0_IRQHandler
 .text.SPI1_IRQHandler
                0x08006350        0xc Src\stm32f7xx_it.o
                0x08006350                SPI1_IRQHandler
 .text.TIM1_CC_IRQHandler
                0x0800635c        0xc Src\stm32f7xx_it.o
                0x0800635c                TIM1_CC_IRQHandler
 .text.TIM4_IRQHandler
                0x08006368        0xc Src\stm32f7xx_it.o
                0x08006368                TIM4_IRQHandler
 .text.SystemInit
                0x08006374       0x4c Src\system_stm32f7xx.o
                0x08006374                SystemInit
 .text.__libc_init_array
                0x080063c0       0x4c c:/program files (x86)/atollic/truestudio for arm 7.1.0/armtools/bin/../lib/gcc/arm-atollic-eabi/5.3.1/../../../../arm-atollic-eabi/lib/armv7e-m/fpu/fpv5-sp-d16\libc_nano.a(lib_a-init.o)
                0x080063c0                __libc_init_array
 .text.sprintf  0x0800640c       0x48 c:/program files (x86)/atollic/truestudio for arm 7.1.0/armtools/bin/../lib/gcc/arm-atollic-eabi/5.3.1/../../../../arm-atollic-eabi/lib/armv7e-m/fpu/fpv5-sp-d16\libc_nano.a(lib_a-sprintf.o)
                0x0800640c                siprintf
                0x0800640c                sprintf
 .text.strcpy   0x08006454       0x10 c:/program files (x86)/atollic/truestudio for arm 7.1.0/armtools/bin/../lib/gcc/arm-atollic-eabi/5.3.1/../../../../arm-atollic-eabi/lib/armv7e-m/fpu/fpv5-sp-d16\libc_nano.a(lib_a-strcpy.o)
                0x08006454                strcpy
 .text.__ssputs_r
                0x08006464       0xb2 c:/program files (x86)/atollic/truestudio for arm 7.1.0/armtools/bin/../lib/gcc/arm-atollic-eabi/5.3.1/../../../../arm-atollic-eabi/lib/armv7e-m/fpu/fpv5-sp-d16\libc_nano.a(lib_a-nano-svfprintf.o)
                0x08006464                __ssputs_r
 *fill*         0x08006516        0x2 
 .text._svfprintf_r
                0x08006518      0x1e8 c:/program files (x86)/atollic/truestudio for arm 7.1.0/armtools/bin/../lib/gcc/arm-atollic-eabi/5.3.1/../../../../arm-atollic-eabi/lib/armv7e-m/fpu/fpv5-sp-d16\libc_nano.a(lib_a-nano-svfprintf.o)
                0x08006518                _svfiprintf_r
                0x08006518                _svfprintf_r
 .text._printf_common
                0x08006700       0xec c:/program files (x86)/atollic/truestudio for arm 7.1.0/armtools/bin/../lib/gcc/arm-atollic-eabi/5.3.1/../../../../arm-atollic-eabi/lib/armv7e-m/fpu/fpv5-sp-d16\libc_nano.a(lib_a-nano-vfprintf_i.o)
                0x08006700                _printf_common
 .text._printf_i
                0x080067ec      0x24c c:/program files (x86)/atollic/truestudio for arm 7.1.0/armtools/bin/../lib/gcc/arm-atollic-eabi/5.3.1/../../../../arm-atollic-eabi/lib/armv7e-m/fpu/fpv5-sp-d16\libc_nano.a(lib_a-nano-vfprintf_i.o)
                0x080067ec                _printf_i
 .text.memcpy   0x08006a38       0x16 c:/program files (x86)/atollic/truestudio for arm 7.1.0/armtools/bin/../lib/gcc/arm-atollic-eabi/5.3.1/../../../../arm-atollic-eabi/lib/armv7e-m/fpu/fpv5-sp-d16\libc_nano.a(lib_a-memcpy-stub.o)
                0x08006a38                memcpy
 .text.memmove  0x08006a4e       0x36 c:/program files (x86)/atollic/truestudio for arm 7.1.0/armtools/bin/../lib/gcc/arm-atollic-eabi/5.3.1/../../../../arm-atollic-eabi/lib/armv7e-m/fpu/fpv5-sp-d16\libc_nano.a(lib_a-memmove.o)
                0x08006a4e                memmove
 .text._free_r  0x08006a84       0x9c c:/program files (x86)/atollic/truestudio for arm 7.1.0/armtools/bin/../lib/gcc/arm-atollic-eabi/5.3.1/../../../../arm-atollic-eabi/lib/armv7e-m/fpu/fpv5-sp-d16\libc_nano.a(lib_a-nano-freer.o)
                0x08006a84                _free_r
 .text._malloc_r
                0x08006b20       0xbc c:/program files (x86)/atollic/truestudio for arm 7.1.0/armtools/bin/../lib/gcc/arm-atollic-eabi/5.3.1/../../../../arm-atollic-eabi/lib/armv7e-m/fpu/fpv5-sp-d16\libc_nano.a(lib_a-nano-mallocr.o)
                0x08006b20                _malloc_r
 .text._realloc_r
                0x08006bdc       0x4c c:/program files (x86)/atollic/truestudio for arm 7.1.0/armtools/bin/../lib/gcc/arm-atollic-eabi/5.3.1/../../../../arm-atollic-eabi/lib/armv7e-m/fpu/fpv5-sp-d16\libc_nano.a(lib_a-nano-reallocr.o)
                0x08006bdc                _realloc_r
 .text._sbrk_r  0x08006c28       0x20 c:/program files (x86)/atollic/truestudio for arm 7.1.0/armtools/bin/../lib/gcc/arm-atollic-eabi/5.3.1/../../../../arm-atollic-eabi/lib/armv7e-m/fpu/fpv5-sp-d16\libc_nano.a(lib_a-sbrkr.o)
                0x08006c28                _sbrk_r
 .text.__malloc_lock
                0x08006c48        0x2 c:/program files (x86)/atollic/truestudio for arm 7.1.0/armtools/bin/../lib/gcc/arm-atollic-eabi/5.3.1/../../../../arm-atollic-eabi/lib/armv7e-m/fpu/fpv5-sp-d16\libc_nano.a(lib_a-mlock.o)
                0x08006c48                __malloc_lock
 .text.__malloc_unlock
                0x08006c4a        0x2 c:/program files (x86)/atollic/truestudio for arm 7.1.0/armtools/bin/../lib/gcc/arm-atollic-eabi/5.3.1/../../../../arm-atollic-eabi/lib/armv7e-m/fpu/fpv5-sp-d16\libc_nano.a(lib_a-mlock.o)
                0x08006c4a                __malloc_unlock
 .text._malloc_usable_size_r
                0x08006c4c       0x14 c:/program files (x86)/atollic/truestudio for arm 7.1.0/armtools/bin/../lib/gcc/arm-atollic-eabi/5.3.1/../../../../arm-atollic-eabi/lib/armv7e-m/fpu/fpv5-sp-d16\libc_nano.a(lib_a-nano-msizer.o)
                0x08006c4c                _malloc_usable_size_r
 .text._sbrk    0x08006c60       0x1c c:/program files (x86)/atollic/truestudio for arm 7.1.0/armtools/bin/../lib/gcc/arm-atollic-eabi/5.3.1/../../../../arm-atollic-eabi/lib/armv7e-m/fpu/fpv5-sp-d16\libnosys.a(sbrk.o)
                0x08006c60                _sbrk
 *(.glue_7)
 .glue_7        0x08006c7c        0x0 linker stubs
 *(.glue_7t)
 .glue_7t       0x08006c7c        0x0 linker stubs
 *(.eh_frame)
 .eh_frame      0x08006c7c        0x0 c:/program files (x86)/atollic/truestudio for arm 7.1.0/armtools/bin/../lib/gcc/arm-atollic-eabi/5.3.1/armv7e-m/fpu/fpv5-sp-d16/crtbegin.o
 *(.init)
 .init          0x08006c7c        0x4 c:/program files (x86)/atollic/truestudio for arm 7.1.0/armtools/bin/../lib/gcc/arm-atollic-eabi/5.3.1/armv7e-m/fpu/fpv5-sp-d16/crti.o
                0x08006c7c                _init
 .init          0x08006c80        0x8 c:/program files (x86)/atollic/truestudio for arm 7.1.0/armtools/bin/../lib/gcc/arm-atollic-eabi/5.3.1/armv7e-m/fpu/fpv5-sp-d16/crtn.o
 *(.fini)
 .fini          0x08006c88        0x4 c:/program files (x86)/atollic/truestudio for arm 7.1.0/armtools/bin/../lib/gcc/arm-atollic-eabi/5.3.1/armv7e-m/fpu/fpv5-sp-d16/crti.o
                0x08006c88                _fini
 .fini          0x08006c8c        0x8 c:/program files (x86)/atollic/truestudio for arm 7.1.0/armtools/bin/../lib/gcc/arm-atollic-eabi/5.3.1/armv7e-m/fpu/fpv5-sp-d16/crtn.o
                0x08006c94                . = ALIGN (0x4)
                0x08006c94                _etext = .

.vfp11_veneer   0x08006c94        0x0
 .vfp11_veneer  0x08006c94        0x0 linker stubs

.v4_bx          0x08006c94        0x0
 .v4_bx         0x08006c94        0x0 linker stubs

.iplt           0x08006c94        0x0
 .iplt          0x08006c94        0x0 c:/program files (x86)/atollic/truestudio for arm 7.1.0/armtools/bin/../lib/gcc/arm-atollic-eabi/5.3.1/armv7e-m/fpu/fpv5-sp-d16/crtbegin.o

.rodata         0x08006c94      0x53c
                0x08006c94                . = ALIGN (0x4)
 *(.rodata)
 .rodata        0x08006c94       0x24 Src\main.o
 *(.rodata*)
 .rodata.flagBitshiftOffset.8593
                0x08006cb8        0x8 Drivers\STM32F7xx_HAL_Driver\Src\stm32f7xx_hal_dma.o
 .rodata.CSWTCH.39
                0x08006cc0        0x4 Drivers\STM32F7xx_HAL_Driver\Src\stm32f7xx_hal_uart.o
 .rodata.CSWTCH.40
                0x08006cc4        0xd Drivers\STM32F7xx_HAL_Driver\Src\stm32f7xx_hal_uart.o
 .rodata.str1.1
                0x08006cd1      0x4b1 Src\main.o
                                0x4b4 (size before relaxing)
 .rodata.AHBPrescTable
                0x08007182       0x10 Src\system_stm32f7xx.o
                0x08007182                AHBPrescTable
 .rodata.APBPrescTable
                0x08007192        0x8 Src\system_stm32f7xx.o
                0x08007192                APBPrescTable
 .rodata.str1.1
                0x0800719a        0x2 c:/program files (x86)/atollic/truestudio for arm 7.1.0/armtools/bin/../lib/gcc/arm-atollic-eabi/5.3.1/../../../../arm-atollic-eabi/lib/armv7e-m/fpu/fpv5-sp-d16\libc_nano.a(lib_a-impure.o)
 .rodata.str1.1
                0x0800719c       0x11 c:/program files (x86)/atollic/truestudio for arm 7.1.0/armtools/bin/../lib/gcc/arm-atollic-eabi/5.3.1/../../../../arm-atollic-eabi/lib/armv7e-m/fpu/fpv5-sp-d16\libc_nano.a(lib_a-nano-svfprintf.o)
 .rodata.str1.1
                0x080071ad       0x22 c:/program files (x86)/atollic/truestudio for arm 7.1.0/armtools/bin/../lib/gcc/arm-atollic-eabi/5.3.1/../../../../arm-atollic-eabi/lib/armv7e-m/fpu/fpv5-sp-d16\libc_nano.a(lib_a-nano-vfprintf_i.o)
                0x080071d0                . = ALIGN (0x4)
 *fill*         0x080071cf        0x1 

.rel.dyn        0x080071d0        0x0
 .rel.iplt      0x080071d0        0x0 c:/program files (x86)/atollic/truestudio for arm 7.1.0/armtools/bin/../lib/gcc/arm-atollic-eabi/5.3.1/armv7e-m/fpu/fpv5-sp-d16/crtbegin.o

.ARM.extab
 *(.ARM.extab* .gnu.linkonce.armextab.*)

.ARM            0x080071d0        0x0
                0x080071d0                __exidx_start = .
 *(.ARM.exidx*)
                0x080071d0                __exidx_end = .

.preinit_array  0x080071d0        0x0
                0x080071d0                PROVIDE (__preinit_array_start, .)
 *(.preinit_array*)
                0x080071d0                PROVIDE (__preinit_array_end, .)

.init_array     0x080071d0        0x4
                0x080071d0                PROVIDE (__init_array_start, .)
 *(SORT(.init_array.*))
 *(.init_array*)
 .init_array    0x080071d0        0x4 c:/program files (x86)/atollic/truestudio for arm 7.1.0/armtools/bin/../lib/gcc/arm-atollic-eabi/5.3.1/armv7e-m/fpu/fpv5-sp-d16/crtbegin.o
                0x080071d4                PROVIDE (__init_array_end, .)

.fini_array     0x080071d4        0x4
                [!provide]                PROVIDE (__fini_array_start, .)
 *(SORT(.fini_array.*))
 *(.fini_array*)
 .fini_array    0x080071d4        0x4 c:/program files (x86)/atollic/truestudio for arm 7.1.0/armtools/bin/../lib/gcc/arm-atollic-eabi/5.3.1/armv7e-m/fpu/fpv5-sp-d16/crtbegin.o
                [!provide]                PROVIDE (__fini_array_end, .)
                0x080071d8                _sidata = LOADADDR (.data)

.data           0x20000000       0x80 load address 0x080071d8
                0x20000000                . = ALIGN (0x4)
                0x20000000                _sdata = .
 *(.data)
 *(.data*)
 .data.offsets  0x20000000        0xc Src\main.o
                0x20000000                offsets
 .data.start_flag
                0x2000000c        0x4 Src\main.o
                0x2000000c                start_flag
 .data.y_coord  0x20000010        0x4 Src\main.o
                0x20000010                y_coord
 .data.stop_flag
                0x20000014        0x4 Src\main.o
                0x20000014                stop_flag
 .data.SystemCoreClock
                0x20000018        0x4 Src\system_stm32f7xx.o
                0x20000018                SystemCoreClock
 .data.impure_data
                0x2000001c       0x60 c:/program files (x86)/atollic/truestudio for arm 7.1.0/armtools/bin/../lib/gcc/arm-atollic-eabi/5.3.1/../../../../arm-atollic-eabi/lib/armv7e-m/fpu/fpv5-sp-d16\libc_nano.a(lib_a-impure.o)
 .data._impure_ptr
                0x2000007c        0x4 c:/program files (x86)/atollic/truestudio for arm 7.1.0/armtools/bin/../lib/gcc/arm-atollic-eabi/5.3.1/../../../../arm-atollic-eabi/lib/armv7e-m/fpu/fpv5-sp-d16\libc_nano.a(lib_a-impure.o)
                0x2000007c                _impure_ptr
                0x20000080                . = ALIGN (0x4)
                0x20000080                _edata = .

.igot.plt       0x20000080        0x0 load address 0x08007258
 .igot.plt      0x20000080        0x0 c:/program files (x86)/atollic/truestudio for arm 7.1.0/armtools/bin/../lib/gcc/arm-atollic-eabi/5.3.1/armv7e-m/fpu/fpv5-sp-d16/crtbegin.o
                0x20000080                . = ALIGN (0x4)

.bss            0x20000080     0x2a0c load address 0x08007258
                0x20000080                _sbss = .
                0x20000080                __bss_start__ = _sbss
 *(.bss)
 .bss           0x20000080       0x1c c:/program files (x86)/atollic/truestudio for arm 7.1.0/armtools/bin/../lib/gcc/arm-atollic-eabi/5.3.1/armv7e-m/fpu/fpv5-sp-d16/crtbegin.o
 *(.bss*)
 .bss.fwd_flag  0x2000009c        0x4 Src\main.o
                0x2000009c                fwd_flag
 .bss.l         0x200000a0        0x4 Src\main.o
                0x200000a0                l
 .bss.dif_rf    0x200000a4        0x4 Src\main.o
                0x200000a4                dif_rf
 .bss.dif_l     0x200000a8        0x4 Src\main.o
                0x200000a8                dif_l
 .bss.dbg_count
                0x200000ac        0x4 Src\main.o
                0x200000ac                dbg_count
 .bss.dif_r     0x200000b0        0x4 Src\main.o
                0x200000b0                dif_r
 .bss.r_dist    0x200000b4        0x4 Src\main.o
                0x200000b4                r_dist
 .bss.fwd_number
                0x200000b8        0x4 Src\main.o
 .bss.lenc_diff
                0x200000bc        0x4 Src\main.o
                0x200000bc                lenc_diff
 .bss.r_transition_flag
                0x200000c0        0x4 Src\main.o
                0x200000c0                r_transition_flag
 .bss.horiz_walls
                0x200000c4       0xf0 Src\main.o
 .bss.l_dist    0x200001b4        0x4 Src\main.o
                0x200001b4                l_dist
 .bss.Address   0x200001b8        0x4 Src\main.o
                0x200001b8                Address
 .bss.final_x   0x200001bc        0x4 Src\main.o
                0x200001bc                final_x
 .bss.final_y   0x200001c0        0x4 Src\main.o
                0x200001c0                final_y
 .bss.errorP.9403
                0x200001c4        0x4 Src\main.o
 .bss.l_dist_left
                0x200001c8        0x4 Src\main.o
 .bss.lenc_diff_corr
                0x200001cc        0x4 Src\main.o
                0x200001cc                lenc_diff_corr
 .bss.SECTORError
                0x200001d0        0x4 Src\main.o
                0x200001d0                SECTORError
 .bss.debug_flag
                0x200001d4        0x4 Src\main.o
                0x200001d4                debug_flag
 .bss.top_speed
                0x200001d8        0x4 Src\main.o
                0x200001d8                top_speed
 .bss.lf        0x200001dc        0x4 Src\main.o
                0x200001dc                lf
 .bss.renc_diff
                0x200001e0        0x4 Src\main.o
                0x200001e0                renc_diff
 .bss.button_state
                0x200001e4        0x4 Src\main.o
                0x200001e4                button_state
 .bss.speedrunturn
                0x200001e8        0x4 Src\main.o
                0x200001e8                speedrunturn
 .bss.P_speed.9398
                0x200001ec        0x4 Src\main.o
 .bss.time_change.9370
                0x200001f0        0x4 Src\main.o
 .bss.prevx     0x200001f4        0x4 Src\main.o
                0x200001f4                prevx
 .bss.prevy     0x200001f8        0x4 Src\main.o
                0x200001f8                prevy
 .bss.x_coord   0x200001fc        0x4 Src\main.o
                0x200001fc                x_coord
 .bss.r_turnflag
                0x20000200        0x4 Src\main.o
                0x20000200                r_turnflag
 .bss.dif_lf    0x20000204        0x4 Src\main.o
                0x20000204                dif_lf
 .bss.final_dir
                0x20000208        0x4 Src\main.o
                0x20000208                final_dir
 .bss.r_count   0x2000020c        0x4 Src\main.o
                0x2000020c                r_count
 .bss.l_dist_corr
                0x20000210        0x4 Src\main.o
                0x20000210                l_dist_corr
 .bss.rf_side.9786
                0x20000214        0x4 Src\main.o
 .bss.vert_walls
                0x20000218       0xf0 Src\main.o
 .bss.l_turnflag
                0x20000308        0x4 Src\main.o
                0x20000308                l_turnflag
 .bss.rf        0x2000030c        0x4 Src\main.o
                0x2000030c                rf
 .bss.renc_diff_corr
                0x20000310        0x4 Src\main.o
                0x20000310                renc_diff_corr
 .bss.adc_conv  0x20000314        0x4 Src\main.o
                0x20000314                adc_conv
 .bss.r_dist_left
                0x20000318        0x4 Src\main.o
 .bss.done_flag
                0x2000031c        0x4 Src\main.o
                0x2000031c                done_flag
 .bss.dead_flag
                0x20000320        0x4 Src\main.o
                0x20000320                dead_flag
 .bss.send_debug
                0x20000324        0x4 Src\main.o
                0x20000324                send_debug
 .bss.set_flag.9342
                0x20000328        0x4 Src\main.o
 .bss.optimal_count
                0x2000032c        0x4 Src\main.o
                0x2000032c                optimal_count
 .bss.m_correction
                0x20000330        0x4 Src\main.o
                0x20000330                m_correction
 .bss.front_r.9784
                0x20000334        0x4 Src\main.o
 .bss.m_speed   0x20000338        0x4 Src\main.o
                0x20000338                m_speed
 .bss.reverse_flag
                0x2000033c        0x4 Src\main.o
                0x2000033c                reverse_flag
 .bss.r         0x20000340        0x4 Src\main.o
                0x20000340                r
 .bss.dem1      0x20000344        0x4 Src\main.o
                0x20000344                dem1
 .bss.dem2      0x20000348        0x4 Src\main.o
                0x20000348                dem2
 .bss.dem3      0x2000034c        0x4 Src\main.o
                0x2000034c                dem3
 .bss.lf_buffer
                0x20000350      0x7d0 Src\main.o
 .bss.front_l.9783
                0x20000b20        0x4 Src\main.o
 .bss.l_count_corr
                0x20000b24        0x4 Src\main.o
                0x20000b24                l_count_corr
 .bss.l_count   0x20000b28        0x4 Src\main.o
                0x20000b28                l_count
 .bss.r_speed   0x20000b2c        0x4 Src\main.o
                0x20000b2c                r_speed
 .bss.angular_error
                0x20000b30        0x4 Src\main.o
                0x20000b30                angular_error
 .bss.transition_flag
                0x20000b34        0x4 Src\main.o
                0x20000b34                transition_flag
 .bss.lf_side.9785
                0x20000b38        0x4 Src\main.o
 .bss.cur_move  0x20000b3c        0x4 Src\main.o
                0x20000b3c                cur_move
 .bss.HAL_state
                0x20000b40        0x4 Src\main.o
                0x20000b40                HAL_state
 .bss.r_dist_corr
                0x20000b44        0x4 Src\main.o
                0x20000b44                r_dist_corr
 .bss.temp_l    0x20000b48        0x4 Src\main.o
                0x20000b48                temp_l
 .bss.l_transition_flag
                0x20000b4c        0x4 Src\main.o
                0x20000b4c                l_transition_flag
 .bss.temp_r    0x20000b50        0x4 Src\main.o
                0x20000b50                temp_r
 .bss.speed_error.9396
                0x20000b54        0x4 Src\main.o
 .bss.search_flag
                0x20000b58        0x4 Src\main.o
                0x20000b58                search_flag
 .bss.r_count_corr
                0x20000b5c        0x4 Src\main.o
                0x20000b5c                r_count_corr
 .bss.next_move
                0x20000b60        0x4 Src\main.o
                0x20000b60                next_move
 .bss.rf_buffer
                0x20000b64      0x7d0 Src\main.o
 .bss.EraseInitStruct
                0x20001334       0x10 Src\main.o
 .bss.cur_dir   0x20001344        0x4 Src\main.o
                0x20001344                cur_dir
 .bss.buff_count
                0x20001348        0x4 Src\main.o
 .bss.P_ir.9397
                0x2000134c        0x4 Src\main.o
 .bss.disable_reset
                0x20001350        0x4 Src\main.o
                0x20001350                disable_reset
 .bss.coordinate_count
                0x20001354        0x4 Src\main.o
                0x20001354                coordinate_count
 .bss.l_speed   0x20001358        0x4 Src\main.o
                0x20001358                l_speed
 .bss.hdma_adc.8482
                0x2000135c       0x60 Src\stm32f7xx_hal_msp.o
 .bss.__malloc_sbrk_start
                0x200013bc        0x4 c:/program files (x86)/atollic/truestudio for arm 7.1.0/armtools/bin/../lib/gcc/arm-atollic-eabi/5.3.1/../../../../arm-atollic-eabi/lib/armv7e-m/fpu/fpv5-sp-d16\libc_nano.a(lib_a-nano-mallocr.o)
                0x200013bc                __malloc_sbrk_start
 .bss.__malloc_free_list
                0x200013c0        0x4 c:/program files (x86)/atollic/truestudio for arm 7.1.0/armtools/bin/../lib/gcc/arm-atollic-eabi/5.3.1/../../../../arm-atollic-eabi/lib/armv7e-m/fpu/fpv5-sp-d16\libc_nano.a(lib_a-nano-mallocr.o)
                0x200013c0                __malloc_free_list
 .bss.heap_end.4169
                0x200013c4        0x4 c:/program files (x86)/atollic/truestudio for arm 7.1.0/armtools/bin/../lib/gcc/arm-atollic-eabi/5.3.1/../../../../arm-atollic-eabi/lib/armv7e-m/fpu/fpv5-sp-d16\libnosys.a(sbrk.o)
 *(COMMON)
 COMMON         0x200013c8        0x4 Drivers\STM32F7xx_HAL_Driver\Src\stm32f7xx_hal.o
                0x200013c8                uwTick
 COMMON         0x200013cc       0x1c Drivers\STM32F7xx_HAL_Driver\Src\stm32f7xx_hal_flash.o
                0x200013cc                pFlash
 COMMON         0x200013e8     0x16a0 Src\main.o
                0x200013e8                prev_r_count
                0x200013ec                fast_path
                0x20001450                time_count
                0x20001454                prev_l_count
                0x20001458                htim4
                0x20001494                prev_time_count
                0x20001498                search_x
                0x2000149c                search_y
                0x200014a0                htim5
                0x200014dc                maze
                0x200018dc                optimal_y
                0x20001d8c                rx_buffer
                0x20001e54                tx_buffer
                0x20001f1c                hadc1
                0x20001f64                huart1
                0x20001fd4                optimal_x
                0x20002484                ADC_valbuffer
                0x20002504                visited_squares
                0x20002904                htim1
                0x20002940                htim9
                0x2000297c                optimal_path
                0x200029e0                aRxBuffer
                0x200029e4                gyro_reading
                0x200029e8                hspi1
                0x20002a4c                htim2
 COMMON         0x20002a88        0x4 c:/program files (x86)/atollic/truestudio for arm 7.1.0/armtools/bin/../lib/gcc/arm-atollic-eabi/5.3.1/../../../../arm-atollic-eabi/lib/armv7e-m/fpu/fpv5-sp-d16\libc_nano.a(lib_a-reent.o)
                0x20002a88                errno
                0x20002a8c                . = ALIGN (0x4)
                0x20002a8c                _ebss = .
                0x20002a8c                __bss_end__ = _ebss

._user_heap_stack
                0x20002a8c      0x600 load address 0x08007258
                0x20002a8c                . = ALIGN (0x4)
                0x20002a8c                PROVIDE (end, .)
                [!provide]                PROVIDE (_end, .)
                0x20002c8c                . = (. + _Min_Heap_Size)
 *fill*         0x20002a8c      0x200 
                0x2000308c                . = (. + _Min_Stack_Size)
 *fill*         0x20002c8c      0x400 
                0x2000308c                . = ALIGN (0x4)

/DISCARD/
 libc.a(*)
 libm.a(*)
 libgcc.a(*)

.ARM.attributes
                0x00000000       0x30
 *(.ARM.attributes)
 .ARM.attributes
                0x00000000       0x22 c:/program files (x86)/atollic/truestudio for arm 7.1.0/armtools/bin/../lib/gcc/arm-atollic-eabi/5.3.1/armv7e-m/fpu/fpv5-sp-d16/crti.o
 .ARM.attributes
                0x00000022       0x34 c:/program files (x86)/atollic/truestudio for arm 7.1.0/armtools/bin/../lib/gcc/arm-atollic-eabi/5.3.1/armv7e-m/fpu/fpv5-sp-d16/crtbegin.o
 .ARM.attributes
                0x00000056       0x21 Drivers\CMSIS\Device\ST\STM32F7xx\Source\Templates\gcc\startup_stm32f746xx.o
 .ARM.attributes
                0x00000077       0x39 Drivers\STM32F7xx_HAL_Driver\Src\stm32f7xx_hal.o
 .ARM.attributes
                0x000000b0       0x39 Drivers\STM32F7xx_HAL_Driver\Src\stm32f7xx_hal_adc.o
 .ARM.attributes
                0x000000e9       0x39 Drivers\STM32F7xx_HAL_Driver\Src\stm32f7xx_hal_cortex.o
 .ARM.attributes
                0x00000122       0x39 Drivers\STM32F7xx_HAL_Driver\Src\stm32f7xx_hal_dma.o
 .ARM.attributes
                0x0000015b       0x39 Drivers\STM32F7xx_HAL_Driver\Src\stm32f7xx_hal_flash.o
 .ARM.attributes
                0x00000194       0x39 Drivers\STM32F7xx_HAL_Driver\Src\stm32f7xx_hal_flash_ex.o
 .ARM.attributes
                0x000001cd       0x39 Drivers\STM32F7xx_HAL_Driver\Src\stm32f7xx_hal_gpio.o
 .ARM.attributes
                0x00000206       0x39 Drivers\STM32F7xx_HAL_Driver\Src\stm32f7xx_hal_pwr_ex.o
 .ARM.attributes
                0x0000023f       0x39 Drivers\STM32F7xx_HAL_Driver\Src\stm32f7xx_hal_rcc.o
 .ARM.attributes
                0x00000278       0x39 Drivers\STM32F7xx_HAL_Driver\Src\stm32f7xx_hal_rcc_ex.o
 .ARM.attributes
                0x000002b1       0x39 Drivers\STM32F7xx_HAL_Driver\Src\stm32f7xx_hal_spi.o
 .ARM.attributes
                0x000002ea       0x39 Drivers\STM32F7xx_HAL_Driver\Src\stm32f7xx_hal_tim.o
 .ARM.attributes
                0x00000323       0x39 Drivers\STM32F7xx_HAL_Driver\Src\stm32f7xx_hal_tim_ex.o
 .ARM.attributes
                0x0000035c       0x39 Drivers\STM32F7xx_HAL_Driver\Src\stm32f7xx_hal_uart.o
 .ARM.attributes
                0x00000395       0x39 Src\main.o
 .ARM.attributes
                0x000003ce       0x39 Src\stm32f7xx_hal_msp.o
 .ARM.attributes
                0x00000407       0x39 Src\stm32f7xx_it.o
 .ARM.attributes
                0x00000440       0x39 Src\system_stm32f7xx.o
 .ARM.attributes
                0x00000479       0x34 c:/program files (x86)/atollic/truestudio for arm 7.1.0/armtools/bin/../lib/gcc/arm-atollic-eabi/5.3.1/../../../../arm-atollic-eabi/lib/armv7e-m/fpu/fpv5-sp-d16\libc_nano.a(lib_a-init.o)
 .ARM.attributes
                0x000004ad       0x34 c:/program files (x86)/atollic/truestudio for arm 7.1.0/armtools/bin/../lib/gcc/arm-atollic-eabi/5.3.1/../../../../arm-atollic-eabi/lib/armv7e-m/fpu/fpv5-sp-d16\libc_nano.a(lib_a-sprintf.o)
 .ARM.attributes
                0x000004e1       0x34 c:/program files (x86)/atollic/truestudio for arm 7.1.0/armtools/bin/../lib/gcc/arm-atollic-eabi/5.3.1/../../../../arm-atollic-eabi/lib/armv7e-m/fpu/fpv5-sp-d16\libc_nano.a(lib_a-strcpy.o)
 .ARM.attributes
                0x00000515       0x1b c:/program files (x86)/atollic/truestudio for arm 7.1.0/armtools/bin/../lib/gcc/arm-atollic-eabi/5.3.1/../../../../arm-atollic-eabi/lib/armv7e-m/fpu/fpv5-sp-d16\libc_nano.a(lib_a-strlen.o)
 .ARM.attributes
                0x00000530       0x34 c:/program files (x86)/atollic/truestudio for arm 7.1.0/armtools/bin/../lib/gcc/arm-atollic-eabi/5.3.1/../../../../arm-atollic-eabi/lib/armv7e-m/fpu/fpv5-sp-d16\libc_nano.a(lib_a-impure.o)
 .ARM.attributes
                0x00000564       0x34 c:/program files (x86)/atollic/truestudio for arm 7.1.0/armtools/bin/../lib/gcc/arm-atollic-eabi/5.3.1/../../../../arm-atollic-eabi/lib/armv7e-m/fpu/fpv5-sp-d16\libc_nano.a(lib_a-nano-svfprintf.o)
 .ARM.attributes
                0x00000598       0x34 c:/program files (x86)/atollic/truestudio for arm 7.1.0/armtools/bin/../lib/gcc/arm-atollic-eabi/5.3.1/../../../../arm-atollic-eabi/lib/armv7e-m/fpu/fpv5-sp-d16\libc_nano.a(lib_a-nano-vfprintf_i.o)
 .ARM.attributes
                0x000005cc       0x20 c:/program files (x86)/atollic/truestudio for arm 7.1.0/armtools/bin/../lib/gcc/arm-atollic-eabi/5.3.1/../../../../arm-atollic-eabi/lib/armv7e-m/fpu/fpv5-sp-d16\libc_nano.a(lib_a-memchr.o)
 .ARM.attributes
                0x000005ec       0x34 c:/program files (x86)/atollic/truestudio for arm 7.1.0/armtools/bin/../lib/gcc/arm-atollic-eabi/5.3.1/../../../../arm-atollic-eabi/lib/armv7e-m/fpu/fpv5-sp-d16\libc_nano.a(lib_a-memcpy-stub.o)
 .ARM.attributes
                0x00000620       0x34 c:/program files (x86)/atollic/truestudio for arm 7.1.0/armtools/bin/../lib/gcc/arm-atollic-eabi/5.3.1/../../../../arm-atollic-eabi/lib/armv7e-m/fpu/fpv5-sp-d16\libc_nano.a(lib_a-memmove.o)
 .ARM.attributes
                0x00000654       0x34 c:/program files (x86)/atollic/truestudio for arm 7.1.0/armtools/bin/../lib/gcc/arm-atollic-eabi/5.3.1/../../../../arm-atollic-eabi/lib/armv7e-m/fpu/fpv5-sp-d16\libc_nano.a(lib_a-nano-freer.o)
 .ARM.attributes
                0x00000688       0x34 c:/program files (x86)/atollic/truestudio for arm 7.1.0/armtools/bin/../lib/gcc/arm-atollic-eabi/5.3.1/../../../../arm-atollic-eabi/lib/armv7e-m/fpu/fpv5-sp-d16\libc_nano.a(lib_a-nano-mallocr.o)
 .ARM.attributes
                0x000006bc       0x34 c:/program files (x86)/atollic/truestudio for arm 7.1.0/armtools/bin/../lib/gcc/arm-atollic-eabi/5.3.1/../../../../arm-atollic-eabi/lib/armv7e-m/fpu/fpv5-sp-d16\libc_nano.a(lib_a-nano-reallocr.o)
 .ARM.attributes
                0x000006f0       0x34 c:/program files (x86)/atollic/truestudio for arm 7.1.0/armtools/bin/../lib/gcc/arm-atollic-eabi/5.3.1/../../../../arm-atollic-eabi/lib/armv7e-m/fpu/fpv5-sp-d16\libc_nano.a(lib_a-sbrkr.o)
 .ARM.attributes
                0x00000724       0x34 c:/program files (x86)/atollic/truestudio for arm 7.1.0/armtools/bin/../lib/gcc/arm-atollic-eabi/5.3.1/../../../../arm-atollic-eabi/lib/armv7e-m/fpu/fpv5-sp-d16\libc_nano.a(lib_a-mlock.o)
 .ARM.attributes
                0x00000758       0x34 c:/program files (x86)/atollic/truestudio for arm 7.1.0/armtools/bin/../lib/gcc/arm-atollic-eabi/5.3.1/../../../../arm-atollic-eabi/lib/armv7e-m/fpu/fpv5-sp-d16\libc_nano.a(lib_a-nano-msizer.o)
 .ARM.attributes
                0x0000078c       0x34 c:/program files (x86)/atollic/truestudio for arm 7.1.0/armtools/bin/../lib/gcc/arm-atollic-eabi/5.3.1/../../../../arm-atollic-eabi/lib/armv7e-m/fpu/fpv5-sp-d16\libc_nano.a(lib_a-reent.o)
 .ARM.attributes
                0x000007c0       0x34 c:/program files (x86)/atollic/truestudio for arm 7.1.0/armtools/bin/../lib/gcc/arm-atollic-eabi/5.3.1/../../../../arm-atollic-eabi/lib/armv7e-m/fpu/fpv5-sp-d16\libnosys.a(sbrk.o)
 .ARM.attributes
                0x000007f4       0x22 c:/program files (x86)/atollic/truestudio for arm 7.1.0/armtools/bin/../lib/gcc/arm-atollic-eabi/5.3.1/armv7e-m/fpu/fpv5-sp-d16/crtn.o
OUTPUT(mm747.elf elf32-littlearm)

.debug_line     0x00000000     0x8357
 .debug_line    0x00000000       0xae Drivers\CMSIS\Device\ST\STM32F7xx\Source\Templates\gcc\startup_stm32f746xx.o
 .debug_line    0x000000ae      0x39a Drivers\STM32F7xx_HAL_Driver\Src\stm32f7xx_hal.o
 .debug_line    0x00000448      0x6dc Drivers\STM32F7xx_HAL_Driver\Src\stm32f7xx_hal_adc.o
 .debug_line    0x00000b24      0x430 Drivers\STM32F7xx_HAL_Driver\Src\stm32f7xx_hal_cortex.o
 .debug_line    0x00000f54      0x539 Drivers\STM32F7xx_HAL_Driver\Src\stm32f7xx_hal_dma.o
 .debug_line    0x0000148d      0x448 Drivers\STM32F7xx_HAL_Driver\Src\stm32f7xx_hal_flash.o
 .debug_line    0x000018d5      0x422 Drivers\STM32F7xx_HAL_Driver\Src\stm32f7xx_hal_flash_ex.o
 .debug_line    0x00001cf7      0x3f3 Drivers\STM32F7xx_HAL_Driver\Src\stm32f7xx_hal_gpio.o
 .debug_line    0x000020ea      0x36c Drivers\STM32F7xx_HAL_Driver\Src\stm32f7xx_hal_pwr_ex.o
 .debug_line    0x00002456      0x62b Drivers\STM32F7xx_HAL_Driver\Src\stm32f7xx_hal_rcc.o
 .debug_line    0x00002a81      0x64e Drivers\STM32F7xx_HAL_Driver\Src\stm32f7xx_hal_rcc_ex.o
 .debug_line    0x000030cf      0xc02 Drivers\STM32F7xx_HAL_Driver\Src\stm32f7xx_hal_spi.o
 .debug_line    0x00003cd1     0x116a Drivers\STM32F7xx_HAL_Driver\Src\stm32f7xx_hal_tim.o
 .debug_line    0x00004e3b      0x808 Drivers\STM32F7xx_HAL_Driver\Src\stm32f7xx_hal_tim_ex.o
 .debug_line    0x00005643      0xb41 Drivers\STM32F7xx_HAL_Driver\Src\stm32f7xx_hal_uart.o
 .debug_line    0x00006184     0x1899 Src\main.o
 .debug_line    0x00007a1d      0x45a Src\stm32f7xx_hal_msp.o
 .debug_line    0x00007e77      0x322 Src\stm32f7xx_it.o
 .debug_line    0x00008199      0x1be Src\system_stm32f7xx.o

.debug_info     0x00000000    0x178ad
 .debug_info    0x00000000       0xa5 Drivers\CMSIS\Device\ST\STM32F7xx\Source\Templates\gcc\startup_stm32f746xx.o
 .debug_info    0x000000a5      0x8e3 Drivers\STM32F7xx_HAL_Driver\Src\stm32f7xx_hal.o
 .debug_info    0x00000988      0xcbe Drivers\STM32F7xx_HAL_Driver\Src\stm32f7xx_hal_adc.o
 .debug_info    0x00001646     0x111d Drivers\STM32F7xx_HAL_Driver\Src\stm32f7xx_hal_cortex.o
 .debug_info    0x00002763      0xa28 Drivers\STM32F7xx_HAL_Driver\Src\stm32f7xx_hal_dma.o
 .debug_info    0x0000318b      0x6bf Drivers\STM32F7xx_HAL_Driver\Src\stm32f7xx_hal_flash.o
 .debug_info    0x0000384a      0x9d8 Drivers\STM32F7xx_HAL_Driver\Src\stm32f7xx_hal_flash_ex.o
 .debug_info    0x00004222      0x754 Drivers\STM32F7xx_HAL_Driver\Src\stm32f7xx_hal_gpio.o
 .debug_info    0x00004976      0x9d1 Drivers\STM32F7xx_HAL_Driver\Src\stm32f7xx_hal_pwr_ex.o
 .debug_info    0x00005347      0xccf Drivers\STM32F7xx_HAL_Driver\Src\stm32f7xx_hal_rcc.o
 .debug_info    0x00006016      0xf68 Drivers\STM32F7xx_HAL_Driver\Src\stm32f7xx_hal_rcc_ex.o
 .debug_info    0x00006f7e     0x1ea5 Drivers\STM32F7xx_HAL_Driver\Src\stm32f7xx_hal_spi.o
 .debug_info    0x00008e23     0x2d3d Drivers\STM32F7xx_HAL_Driver\Src\stm32f7xx_hal_tim.o
 .debug_info    0x0000bb60     0x131a Drivers\STM32F7xx_HAL_Driver\Src\stm32f7xx_hal_tim_ex.o
 .debug_info    0x0000ce7a     0x17be Drivers\STM32F7xx_HAL_Driver\Src\stm32f7xx_hal_uart.o
 .debug_info    0x0000e638     0x662e Src\main.o
 .debug_info    0x00014c66     0x193e Src\stm32f7xx_hal_msp.o
 .debug_info    0x000165a4      0xc24 Src\stm32f7xx_it.o
 .debug_info    0x000171c8      0x6e5 Src\system_stm32f7xx.o

.debug_abbrev   0x00000000     0x2e5b
 .debug_abbrev  0x00000000       0x12 Drivers\CMSIS\Device\ST\STM32F7xx\Source\Templates\gcc\startup_stm32f746xx.o
 .debug_abbrev  0x00000012      0x1e2 Drivers\STM32F7xx_HAL_Driver\Src\stm32f7xx_hal.o
 .debug_abbrev  0x000001f4      0x2c5 Drivers\STM32F7xx_HAL_Driver\Src\stm32f7xx_hal_adc.o
 .debug_abbrev  0x000004b9      0x32f Drivers\STM32F7xx_HAL_Driver\Src\stm32f7xx_hal_cortex.o
 .debug_abbrev  0x000007e8      0x2dd Drivers\STM32F7xx_HAL_Driver\Src\stm32f7xx_hal_dma.o
 .debug_abbrev  0x00000ac5      0x295 Drivers\STM32F7xx_HAL_Driver\Src\stm32f7xx_hal_flash.o
 .debug_abbrev  0x00000d5a      0x2a9 Drivers\STM32F7xx_HAL_Driver\Src\stm32f7xx_hal_flash_ex.o
 .debug_abbrev  0x00001003      0x1c8 Drivers\STM32F7xx_HAL_Driver\Src\stm32f7xx_hal_gpio.o
 .debug_abbrev  0x000011cb      0x1e9 Drivers\STM32F7xx_HAL_Driver\Src\stm32f7xx_hal_pwr_ex.o
 .debug_abbrev  0x000013b4      0x2da Drivers\STM32F7xx_HAL_Driver\Src\stm32f7xx_hal_rcc.o
 .debug_abbrev  0x0000168e      0x22e Drivers\STM32F7xx_HAL_Driver\Src\stm32f7xx_hal_rcc_ex.o
 .debug_abbrev  0x000018bc      0x32a Drivers\STM32F7xx_HAL_Driver\Src\stm32f7xx_hal_spi.o
 .debug_abbrev  0x00001be6      0x311 Drivers\STM32F7xx_HAL_Driver\Src\stm32f7xx_hal_tim.o
 .debug_abbrev  0x00001ef7      0x270 Drivers\STM32F7xx_HAL_Driver\Src\stm32f7xx_hal_tim_ex.o
 .debug_abbrev  0x00002167      0x329 Drivers\STM32F7xx_HAL_Driver\Src\stm32f7xx_hal_uart.o
 .debug_abbrev  0x00002490      0x49d Src\main.o
 .debug_abbrev  0x0000292d      0x23b Src\stm32f7xx_hal_msp.o
 .debug_abbrev  0x00002b68      0x1d6 Src\stm32f7xx_it.o
 .debug_abbrev  0x00002d3e      0x11d Src\system_stm32f7xx.o

.debug_aranges  0x00000000      0xf20
 .debug_aranges
                0x00000000       0x28 Drivers\CMSIS\Device\ST\STM32F7xx\Source\Templates\gcc\startup_stm32f746xx.o
 .debug_aranges
                0x00000028       0xc8 Drivers\STM32F7xx_HAL_Driver\Src\stm32f7xx_hal.o
 .debug_aranges
                0x000000f0       0xb8 Drivers\STM32F7xx_HAL_Driver\Src\stm32f7xx_hal_adc.o
 .debug_aranges
                0x000001a8       0xa8 Drivers\STM32F7xx_HAL_Driver\Src\stm32f7xx_hal_cortex.o
 .debug_aranges
                0x00000250       0x80 Drivers\STM32F7xx_HAL_Driver\Src\stm32f7xx_hal_dma.o
 .debug_aranges
                0x000002d0       0x98 Drivers\STM32F7xx_HAL_Driver\Src\stm32f7xx_hal_flash.o
 .debug_aranges
                0x00000368       0x48 Drivers\STM32F7xx_HAL_Driver\Src\stm32f7xx_hal_flash_ex.o
 .debug_aranges
                0x000003b0       0x58 Drivers\STM32F7xx_HAL_Driver\Src\stm32f7xx_hal_gpio.o
 .debug_aranges
                0x00000408       0x80 Drivers\STM32F7xx_HAL_Driver\Src\stm32f7xx_hal_pwr_ex.o
 .debug_aranges
                0x00000488       0x88 Drivers\STM32F7xx_HAL_Driver\Src\stm32f7xx_hal_rcc.o
 .debug_aranges
                0x00000510       0x30 Drivers\STM32F7xx_HAL_Driver\Src\stm32f7xx_hal_rcc_ex.o
 .debug_aranges
                0x00000540      0x198 Drivers\STM32F7xx_HAL_Driver\Src\stm32f7xx_hal_spi.o
 .debug_aranges
                0x000006d8      0x260 Drivers\STM32F7xx_HAL_Driver\Src\stm32f7xx_hal_tim.o
 .debug_aranges
                0x00000938      0x120 Drivers\STM32F7xx_HAL_Driver\Src\stm32f7xx_hal_tim_ex.o
 .debug_aranges
                0x00000a58      0x148 Drivers\STM32F7xx_HAL_Driver\Src\stm32f7xx_hal_uart.o
 .debug_aranges
                0x00000ba0      0x258 Src\main.o
 .debug_aranges
                0x00000df8       0x88 Src\stm32f7xx_hal_msp.o
 .debug_aranges
                0x00000e80       0x78 Src\stm32f7xx_it.o
 .debug_aranges
                0x00000ef8       0x28 Src\system_stm32f7xx.o

.debug_ranges   0x00000000     0x1c10
 .debug_ranges  0x00000000       0x20 Drivers\CMSIS\Device\ST\STM32F7xx\Source\Templates\gcc\startup_stm32f746xx.o
 .debug_ranges  0x00000020       0xb8 Drivers\STM32F7xx_HAL_Driver\Src\stm32f7xx_hal.o
 .debug_ranges  0x000000d8       0xc0 Drivers\STM32F7xx_HAL_Driver\Src\stm32f7xx_hal_adc.o
 .debug_ranges  0x00000198      0x150 Drivers\STM32F7xx_HAL_Driver\Src\stm32f7xx_hal_cortex.o
 .debug_ranges  0x000002e8       0xa0 Drivers\STM32F7xx_HAL_Driver\Src\stm32f7xx_hal_dma.o
 .debug_ranges  0x00000388       0x88 Drivers\STM32F7xx_HAL_Driver\Src\stm32f7xx_hal_flash.o
 .debug_ranges  0x00000410      0x100 Drivers\STM32F7xx_HAL_Driver\Src\stm32f7xx_hal_flash_ex.o
 .debug_ranges  0x00000510       0x70 Drivers\STM32F7xx_HAL_Driver\Src\stm32f7xx_hal_gpio.o
 .debug_ranges  0x00000580       0xf8 Drivers\STM32F7xx_HAL_Driver\Src\stm32f7xx_hal_pwr_ex.o
 .debug_ranges  0x00000678      0x1b0 Drivers\STM32F7xx_HAL_Driver\Src\stm32f7xx_hal_rcc.o
 .debug_ranges  0x00000828      0x320 Drivers\STM32F7xx_HAL_Driver\Src\stm32f7xx_hal_rcc_ex.o
 .debug_ranges  0x00000b48      0x1d0 Drivers\STM32F7xx_HAL_Driver\Src\stm32f7xx_hal_spi.o
 .debug_ranges  0x00000d18      0x2e8 Drivers\STM32F7xx_HAL_Driver\Src\stm32f7xx_hal_tim.o
 .debug_ranges  0x00001000      0x110 Drivers\STM32F7xx_HAL_Driver\Src\stm32f7xx_hal_tim_ex.o
 .debug_ranges  0x00001110      0x138 Drivers\STM32F7xx_HAL_Driver\Src\stm32f7xx_hal_uart.o
 .debug_ranges  0x00001248      0x800 Src\main.o
 .debug_ranges  0x00001a48      0x148 Src\stm32f7xx_hal_msp.o
 .debug_ranges  0x00001b90       0x68 Src\stm32f7xx_it.o
 .debug_ranges  0x00001bf8       0x18 Src\system_stm32f7xx.o

.debug_loc      0x00000000     0xbb83
 .debug_loc     0x00000000       0x6a Drivers\STM32F7xx_HAL_Driver\Src\stm32f7xx_hal.o
 .debug_loc     0x0000006a      0x771 Drivers\STM32F7xx_HAL_Driver\Src\stm32f7xx_hal_adc.o
 .debug_loc     0x000007db      0x4ee Drivers\STM32F7xx_HAL_Driver\Src\stm32f7xx_hal_cortex.o
 .debug_loc     0x00000cc9      0x7db Drivers\STM32F7xx_HAL_Driver\Src\stm32f7xx_hal_dma.o
 .debug_loc     0x000014a4      0x302 Drivers\STM32F7xx_HAL_Driver\Src\stm32f7xx_hal_flash.o
 .debug_loc     0x000017a6      0x5a1 Drivers\STM32F7xx_HAL_Driver\Src\stm32f7xx_hal_flash_ex.o
 .debug_loc     0x00001d47      0x34f Drivers\STM32F7xx_HAL_Driver\Src\stm32f7xx_hal_gpio.o
 .debug_loc     0x00002096      0x1e8 Drivers\STM32F7xx_HAL_Driver\Src\stm32f7xx_hal_pwr_ex.o
 .debug_loc     0x0000227e      0x49b Drivers\STM32F7xx_HAL_Driver\Src\stm32f7xx_hal_rcc.o
 .debug_loc     0x00002719      0x9b4 Drivers\STM32F7xx_HAL_Driver\Src\stm32f7xx_hal_rcc_ex.o
 .debug_loc     0x000030cd     0x1a5e Drivers\STM32F7xx_HAL_Driver\Src\stm32f7xx_hal_spi.o
 .debug_loc     0x00004b2b     0x2f22 Drivers\STM32F7xx_HAL_Driver\Src\stm32f7xx_hal_tim.o
 .debug_loc     0x00007a4d      0xdb1 Drivers\STM32F7xx_HAL_Driver\Src\stm32f7xx_hal_tim_ex.o
 .debug_loc     0x000087fe     0x129f Drivers\STM32F7xx_HAL_Driver\Src\stm32f7xx_hal_uart.o
 .debug_loc     0x00009a9d     0x1e36 Src\main.o
 .debug_loc     0x0000b8d3      0x1c4 Src\stm32f7xx_hal_msp.o
 .debug_loc     0x0000ba97       0xec Src\system_stm32f7xx.o

.debug_str      0x00000000     0x541d
 .debug_str     0x00000000      0xb48 Drivers\STM32F7xx_HAL_Driver\Src\stm32f7xx_hal.o
                                0xb9d (size before relaxing)
 .debug_str     0x00000b48      0x639 Drivers\STM32F7xx_HAL_Driver\Src\stm32f7xx_hal_adc.o
                                0x90e (size before relaxing)
 .debug_str     0x00001181      0x487 Drivers\STM32F7xx_HAL_Driver\Src\stm32f7xx_hal_cortex.o
                                0xdcb (size before relaxing)
 .debug_str     0x00001608      0x2ef Drivers\STM32F7xx_HAL_Driver\Src\stm32f7xx_hal_dma.o
                                0x7b4 (size before relaxing)
 .debug_str     0x000018f7      0x293 Drivers\STM32F7xx_HAL_Driver\Src\stm32f7xx_hal_flash.o
                                0x54a (size before relaxing)
 .debug_str     0x00001b8a      0x29f Drivers\STM32F7xx_HAL_Driver\Src\stm32f7xx_hal_flash_ex.o
                                0x63a (size before relaxing)
 .debug_str     0x00001e29      0x19c Drivers\STM32F7xx_HAL_Driver\Src\stm32f7xx_hal_gpio.o
                                0x53b (size before relaxing)
 .debug_str     0x00001fc5      0x21a Drivers\STM32F7xx_HAL_Driver\Src\stm32f7xx_hal_pwr_ex.o
                                0x696 (size before relaxing)
 .debug_str     0x000021df      0x2d5 Drivers\STM32F7xx_HAL_Driver\Src\stm32f7xx_hal_rcc.o
                                0x71c (size before relaxing)
 .debug_str     0x000024b4      0x351 Drivers\STM32F7xx_HAL_Driver\Src\stm32f7xx_hal_rcc_ex.o
                                0x6d3 (size before relaxing)
 .debug_str     0x00002805      0x63e Drivers\STM32F7xx_HAL_Driver\Src\stm32f7xx_hal_spi.o
                                0xb42 (size before relaxing)
 .debug_str     0x00002e43      0xc62 Drivers\STM32F7xx_HAL_Driver\Src\stm32f7xx_hal_tim.o
                               0x1159 (size before relaxing)
 .debug_str     0x00003aa5      0x4c5 Drivers\STM32F7xx_HAL_Driver\Src\stm32f7xx_hal_tim_ex.o
                                0xd76 (size before relaxing)
 .debug_str     0x00003f6a      0x6d1 Drivers\STM32F7xx_HAL_Driver\Src\stm32f7xx_hal_uart.o
                                0xdc1 (size before relaxing)
 .debug_str     0x0000463b      0xb7a Src\main.o
                               0x27e5 (size before relaxing)
 .debug_str     0x000051b5      0x133 Src\stm32f7xx_hal_msp.o
                               0x147d (size before relaxing)
 .debug_str     0x000052e8       0xf0 Src\stm32f7xx_it.o
                                0xae8 (size before relaxing)
 .debug_str     0x000053d8       0x45 Src\system_stm32f7xx.o
                                0x494 (size before relaxing)

.comment        0x00000000       0x7e
 .comment       0x00000000       0x7e Drivers\STM32F7xx_HAL_Driver\Src\stm32f7xx_hal.o
                                 0x7f (size before relaxing)
 .comment       0x0000007e       0x7f Drivers\STM32F7xx_HAL_Driver\Src\stm32f7xx_hal_adc.o
 .comment       0x0000007e       0x7f Drivers\STM32F7xx_HAL_Driver\Src\stm32f7xx_hal_cortex.o
 .comment       0x0000007e       0x7f Drivers\STM32F7xx_HAL_Driver\Src\stm32f7xx_hal_dma.o
 .comment       0x0000007e       0x7f Drivers\STM32F7xx_HAL_Driver\Src\stm32f7xx_hal_flash.o
 .comment       0x0000007e       0x7f Drivers\STM32F7xx_HAL_Driver\Src\stm32f7xx_hal_flash_ex.o
 .comment       0x0000007e       0x7f Drivers\STM32F7xx_HAL_Driver\Src\stm32f7xx_hal_gpio.o
 .comment       0x0000007e       0x7f Drivers\STM32F7xx_HAL_Driver\Src\stm32f7xx_hal_pwr_ex.o
 .comment       0x0000007e       0x7f Drivers\STM32F7xx_HAL_Driver\Src\stm32f7xx_hal_rcc.o
 .comment       0x0000007e       0x7f Drivers\STM32F7xx_HAL_Driver\Src\stm32f7xx_hal_rcc_ex.o
 .comment       0x0000007e       0x7f Drivers\STM32F7xx_HAL_Driver\Src\stm32f7xx_hal_spi.o
 .comment       0x0000007e       0x7f Drivers\STM32F7xx_HAL_Driver\Src\stm32f7xx_hal_tim.o
 .comment       0x0000007e       0x7f Drivers\STM32F7xx_HAL_Driver\Src\stm32f7xx_hal_tim_ex.o
 .comment       0x0000007e       0x7f Drivers\STM32F7xx_HAL_Driver\Src\stm32f7xx_hal_uart.o
 .comment       0x0000007e       0x7f Src\main.o
 .comment       0x0000007e       0x7f Src\stm32f7xx_hal_msp.o
 .comment       0x0000007e       0x7f Src\stm32f7xx_it.o
 .comment       0x0000007e       0x7f Src\system_stm32f7xx.o

.debug_frame    0x00000000     0x3234
 .debug_frame   0x00000000      0x1a4 Drivers\STM32F7xx_HAL_Driver\Src\stm32f7xx_hal.o
 .debug_frame   0x000001a4      0x23c Drivers\STM32F7xx_HAL_Driver\Src\stm32f7xx_hal_adc.o
 .debug_frame   0x000003e0      0x150 Drivers\STM32F7xx_HAL_Driver\Src\stm32f7xx_hal_cortex.o
 .debug_frame   0x00000530      0x150 Drivers\STM32F7xx_HAL_Driver\Src\stm32f7xx_hal_dma.o
 .debug_frame   0x00000680      0x15c Drivers\STM32F7xx_HAL_Driver\Src\stm32f7xx_hal_flash.o
 .debug_frame   0x000007dc       0x9c Drivers\STM32F7xx_HAL_Driver\Src\stm32f7xx_hal_flash_ex.o
 .debug_frame   0x00000878       0xd4 Drivers\STM32F7xx_HAL_Driver\Src\stm32f7xx_hal_gpio.o
 .debug_frame   0x0000094c      0x13c Drivers\STM32F7xx_HAL_Driver\Src\stm32f7xx_hal_pwr_ex.o
 .debug_frame   0x00000a88      0x138 Drivers\STM32F7xx_HAL_Driver\Src\stm32f7xx_hal_rcc.o
 .debug_frame   0x00000bc0       0x6c Drivers\STM32F7xx_HAL_Driver\Src\stm32f7xx_hal_rcc_ex.o
 .debug_frame   0x00000c2c      0x58c Drivers\STM32F7xx_HAL_Driver\Src\stm32f7xx_hal_spi.o
 .debug_frame   0x000011b8      0x87c Drivers\STM32F7xx_HAL_Driver\Src\stm32f7xx_hal_tim.o
 .debug_frame   0x00001a34      0x3c8 Drivers\STM32F7xx_HAL_Driver\Src\stm32f7xx_hal_tim_ex.o
 .debug_frame   0x00001dfc      0x41c Drivers\STM32F7xx_HAL_Driver\Src\stm32f7xx_hal_uart.o
 .debug_frame   0x00002218      0x9d0 Src\main.o
 .debug_frame   0x00002be8      0x17c Src\stm32f7xx_hal_msp.o
 .debug_frame   0x00002d64      0x10c Src\stm32f7xx_it.o
 .debug_frame   0x00002e70       0x30 Src\system_stm32f7xx.o
 .debug_frame   0x00002ea0       0x2c c:/program files (x86)/atollic/truestudio for arm 7.1.0/armtools/bin/../lib/gcc/arm-atollic-eabi/5.3.1/../../../../arm-atollic-eabi/lib/armv7e-m/fpu/fpv5-sp-d16\libc_nano.a(lib_a-init.o)
 .debug_frame   0x00002ecc       0x70 c:/program files (x86)/atollic/truestudio for arm 7.1.0/armtools/bin/../lib/gcc/arm-atollic-eabi/5.3.1/../../../../arm-atollic-eabi/lib/armv7e-m/fpu/fpv5-sp-d16\libc_nano.a(lib_a-sprintf.o)
 .debug_frame   0x00002f3c       0x20 c:/program files (x86)/atollic/truestudio for arm 7.1.0/armtools/bin/../lib/gcc/arm-atollic-eabi/5.3.1/../../../../arm-atollic-eabi/lib/armv7e-m/fpu/fpv5-sp-d16\libc_nano.a(lib_a-strcpy.o)
 .debug_frame   0x00002f5c       0x90 c:/program files (x86)/atollic/truestudio for arm 7.1.0/armtools/bin/../lib/gcc/arm-atollic-eabi/5.3.1/../../../../arm-atollic-eabi/lib/armv7e-m/fpu/fpv5-sp-d16\libc_nano.a(lib_a-nano-svfprintf.o)
 .debug_frame   0x00002fec       0x60 c:/program files (x86)/atollic/truestudio for arm 7.1.0/armtools/bin/../lib/gcc/arm-atollic-eabi/5.3.1/../../../../arm-atollic-eabi/lib/armv7e-m/fpu/fpv5-sp-d16\libc_nano.a(lib_a-nano-vfprintf_i.o)
 .debug_frame   0x0000304c       0x28 c:/program files (x86)/atollic/truestudio for arm 7.1.0/armtools/bin/../lib/gcc/arm-atollic-eabi/5.3.1/../../../../arm-atollic-eabi/lib/armv7e-m/fpu/fpv5-sp-d16\libc_nano.a(lib_a-memcpy-stub.o)
 .debug_frame   0x00003074       0x28 c:/program files (x86)/atollic/truestudio for arm 7.1.0/armtools/bin/../lib/gcc/arm-atollic-eabi/5.3.1/../../../../arm-atollic-eabi/lib/armv7e-m/fpu/fpv5-sp-d16\libc_nano.a(lib_a-memmove.o)
 .debug_frame   0x0000309c       0x38 c:/program files (x86)/atollic/truestudio for arm 7.1.0/armtools/bin/../lib/gcc/arm-atollic-eabi/5.3.1/../../../../arm-atollic-eabi/lib/armv7e-m/fpu/fpv5-sp-d16\libc_nano.a(lib_a-nano-freer.o)
 .debug_frame   0x000030d4       0x2c c:/program files (x86)/atollic/truestudio for arm 7.1.0/armtools/bin/../lib/gcc/arm-atollic-eabi/5.3.1/../../../../arm-atollic-eabi/lib/armv7e-m/fpu/fpv5-sp-d16\libc_nano.a(lib_a-nano-mallocr.o)
 .debug_frame   0x00003100       0x3c c:/program files (x86)/atollic/truestudio for arm 7.1.0/armtools/bin/../lib/gcc/arm-atollic-eabi/5.3.1/../../../../arm-atollic-eabi/lib/armv7e-m/fpu/fpv5-sp-d16\libc_nano.a(lib_a-nano-reallocr.o)
 .debug_frame   0x0000313c       0x2c c:/program files (x86)/atollic/truestudio for arm 7.1.0/armtools/bin/../lib/gcc/arm-atollic-eabi/5.3.1/../../../../arm-atollic-eabi/lib/armv7e-m/fpu/fpv5-sp-d16\libc_nano.a(lib_a-sbrkr.o)
 .debug_frame   0x00003168       0x30 c:/program files (x86)/atollic/truestudio for arm 7.1.0/armtools/bin/../lib/gcc/arm-atollic-eabi/5.3.1/../../../../arm-atollic-eabi/lib/armv7e-m/fpu/fpv5-sp-d16\libc_nano.a(lib_a-mlock.o)
 .debug_frame   0x00003198       0x20 c:/program files (x86)/atollic/truestudio for arm 7.1.0/armtools/bin/../lib/gcc/arm-atollic-eabi/5.3.1/../../../../arm-atollic-eabi/lib/armv7e-m/fpu/fpv5-sp-d16\libc_nano.a(lib_a-nano-msizer.o)
 .debug_frame   0x000031b8       0x5c c:/program files (x86)/atollic/truestudio for arm 7.1.0/armtools/bin/../lib/gcc/arm-atollic-eabi/5.3.1/../../../../arm-atollic-eabi/lib/armv7e-m/fpu/fpv5-sp-d16\libc_nano.a(lib_a-reent.o)
 .debug_frame   0x00003214       0x20 c:/program files (x86)/atollic/truestudio for arm 7.1.0/armtools/bin/../lib/gcc/arm-atollic-eabi/5.3.1/../../../../arm-atollic-eabi/lib/armv7e-m/fpu/fpv5-sp-d16\libnosys.a(sbrk.o)

Cross Reference Table

Symbol                                            File
ADC_IRQHandler                                    Drivers\CMSIS\Device\ST\STM32F7xx\Source\Templates\gcc\startup_stm32f746xx.o
ADC_valbuffer                                     Src\main.o
AHBPrescTable                                     Src\system_stm32f7xx.o
                                                  Drivers\STM32F7xx_HAL_Driver\Src\stm32f7xx_hal_rcc.o
APBPrescTable                                     Src\system_stm32f7xx.o
                                                  Drivers\STM32F7xx_HAL_Driver\Src\stm32f7xx_hal_rcc.o
Address                                           Src\main.o
BusFault_Handler                                  Src\stm32f7xx_it.o
                                                  Drivers\CMSIS\Device\ST\STM32F7xx\Source\Templates\gcc\startup_stm32f746xx.o
CAN1_RX0_IRQHandler                               Drivers\CMSIS\Device\ST\STM32F7xx\Source\Templates\gcc\startup_stm32f746xx.o
CAN1_RX1_IRQHandler                               Drivers\CMSIS\Device\ST\STM32F7xx\Source\Templates\gcc\startup_stm32f746xx.o
CAN1_SCE_IRQHandler                               Drivers\CMSIS\Device\ST\STM32F7xx\Source\Templates\gcc\startup_stm32f746xx.o
CAN1_TX_IRQHandler                                Drivers\CMSIS\Device\ST\STM32F7xx\Source\Templates\gcc\startup_stm32f746xx.o
CAN2_RX0_IRQHandler                               Drivers\CMSIS\Device\ST\STM32F7xx\Source\Templates\gcc\startup_stm32f746xx.o
CAN2_RX1_IRQHandler                               Drivers\CMSIS\Device\ST\STM32F7xx\Source\Templates\gcc\startup_stm32f746xx.o
CAN2_SCE_IRQHandler                               Drivers\CMSIS\Device\ST\STM32F7xx\Source\Templates\gcc\startup_stm32f746xx.o
CAN2_TX_IRQHandler                                Drivers\CMSIS\Device\ST\STM32F7xx\Source\Templates\gcc\startup_stm32f746xx.o
CEC_IRQHandler                                    Drivers\CMSIS\Device\ST\STM32F7xx\Source\Templates\gcc\startup_stm32f746xx.o
Calc_Optimal                                      Src\main.o
Clear_Buffers                                     Src\main.o
DCMI_IRQHandler                                   Drivers\CMSIS\Device\ST\STM32F7xx\Source\Templates\gcc\startup_stm32f746xx.o
DMA1_Stream0_IRQHandler                           Drivers\CMSIS\Device\ST\STM32F7xx\Source\Templates\gcc\startup_stm32f746xx.o
DMA1_Stream1_IRQHandler                           Drivers\CMSIS\Device\ST\STM32F7xx\Source\Templates\gcc\startup_stm32f746xx.o
DMA1_Stream2_IRQHandler                           Drivers\CMSIS\Device\ST\STM32F7xx\Source\Templates\gcc\startup_stm32f746xx.o
DMA1_Stream3_IRQHandler                           Drivers\CMSIS\Device\ST\STM32F7xx\Source\Templates\gcc\startup_stm32f746xx.o
DMA1_Stream4_IRQHandler                           Drivers\CMSIS\Device\ST\STM32F7xx\Source\Templates\gcc\startup_stm32f746xx.o
DMA1_Stream5_IRQHandler                           Drivers\CMSIS\Device\ST\STM32F7xx\Source\Templates\gcc\startup_stm32f746xx.o
DMA1_Stream6_IRQHandler                           Drivers\CMSIS\Device\ST\STM32F7xx\Source\Templates\gcc\startup_stm32f746xx.o
DMA1_Stream7_IRQHandler                           Drivers\CMSIS\Device\ST\STM32F7xx\Source\Templates\gcc\startup_stm32f746xx.o
DMA2D_IRQHandler                                  Drivers\CMSIS\Device\ST\STM32F7xx\Source\Templates\gcc\startup_stm32f746xx.o
DMA2_Stream0_IRQHandler                           Src\stm32f7xx_it.o
                                                  Drivers\CMSIS\Device\ST\STM32F7xx\Source\Templates\gcc\startup_stm32f746xx.o
DMA2_Stream1_IRQHandler                           Drivers\CMSIS\Device\ST\STM32F7xx\Source\Templates\gcc\startup_stm32f746xx.o
DMA2_Stream2_IRQHandler                           Drivers\CMSIS\Device\ST\STM32F7xx\Source\Templates\gcc\startup_stm32f746xx.o
DMA2_Stream3_IRQHandler                           Drivers\CMSIS\Device\ST\STM32F7xx\Source\Templates\gcc\startup_stm32f746xx.o
DMA2_Stream4_IRQHandler                           Drivers\CMSIS\Device\ST\STM32F7xx\Source\Templates\gcc\startup_stm32f746xx.o
DMA2_Stream5_IRQHandler                           Drivers\CMSIS\Device\ST\STM32F7xx\Source\Templates\gcc\startup_stm32f746xx.o
DMA2_Stream6_IRQHandler                           Drivers\CMSIS\Device\ST\STM32F7xx\Source\Templates\gcc\startup_stm32f746xx.o
DMA2_Stream7_IRQHandler                           Drivers\CMSIS\Device\ST\STM32F7xx\Source\Templates\gcc\startup_stm32f746xx.o
Dead_End                                          Src\main.o
Dead_End_Correct                                  Src\main.o
DebugMon_Handler                                  Src\stm32f7xx_it.o
                                                  Drivers\CMSIS\Device\ST\STM32F7xx\Source\Templates\gcc\startup_stm32f746xx.o
Default_Handler                                   Drivers\CMSIS\Device\ST\STM32F7xx\Source\Templates\gcc\startup_stm32f746xx.o
Detect_Transition                                 Src\main.o
ETH_IRQHandler                                    Drivers\CMSIS\Device\ST\STM32F7xx\Source\Templates\gcc\startup_stm32f746xx.o
ETH_WKUP_IRQHandler                               Drivers\CMSIS\Device\ST\STM32F7xx\Source\Templates\gcc\startup_stm32f746xx.o
EXTI0_IRQHandler                                  Drivers\CMSIS\Device\ST\STM32F7xx\Source\Templates\gcc\startup_stm32f746xx.o
EXTI15_10_IRQHandler                              Src\stm32f7xx_it.o
                                                  Drivers\CMSIS\Device\ST\STM32F7xx\Source\Templates\gcc\startup_stm32f746xx.o
EXTI1_IRQHandler                                  Drivers\CMSIS\Device\ST\STM32F7xx\Source\Templates\gcc\startup_stm32f746xx.o
EXTI2_IRQHandler                                  Drivers\CMSIS\Device\ST\STM32F7xx\Source\Templates\gcc\startup_stm32f746xx.o
EXTI3_IRQHandler                                  Drivers\CMSIS\Device\ST\STM32F7xx\Source\Templates\gcc\startup_stm32f746xx.o
EXTI4_IRQHandler                                  Drivers\CMSIS\Device\ST\STM32F7xx\Source\Templates\gcc\startup_stm32f746xx.o
EXTI9_5_IRQHandler                                Src\stm32f7xx_it.o
                                                  Drivers\CMSIS\Device\ST\STM32F7xx\Source\Templates\gcc\startup_stm32f746xx.o
Error_Handler                                     Src\main.o
FLASH_Erase_Sector                                Drivers\STM32F7xx_HAL_Driver\Src\stm32f7xx_hal_flash_ex.o
                                                  Drivers\STM32F7xx_HAL_Driver\Src\stm32f7xx_hal_flash.o
FLASH_IRQHandler                                  Drivers\CMSIS\Device\ST\STM32F7xx\Source\Templates\gcc\startup_stm32f746xx.o
FLASH_WaitForLastOperation                        Drivers\STM32F7xx_HAL_Driver\Src\stm32f7xx_hal_flash.o
                                                  Drivers\STM32F7xx_HAL_Driver\Src\stm32f7xx_hal_flash_ex.o
FMC_IRQHandler                                    Drivers\CMSIS\Device\ST\STM32F7xx\Source\Templates\gcc\startup_stm32f746xx.o
FPU_IRQHandler                                    Drivers\CMSIS\Device\ST\STM32F7xx\Source\Templates\gcc\startup_stm32f746xx.o
Fast_Straights                                    Src\main.o
Fill_Center                                       Src\main.o
FirstSector                                       Src\main.o