Archive member included to satisfy reference by file (symbol)

c:/program files (x86)/atollic/truestudio for arm 7.0.1/armtools/bin/../lib/gcc/arm-atollic-eabi/5.3.1/../../../../arm-atollic-eabi/lib/armv7e-m/fpu/fpv5-sp-d16\libc.a(lib_a-init.o)
                              Drivers\CMSIS\Device\ST\STM32F7xx\Source\Templates\gcc\startup_stm32f746xx.o (__libc_init_array)
c:/program files (x86)/atollic/truestudio for arm 7.0.1/armtools/bin/../lib/gcc/arm-atollic-eabi/5.3.1/../../../../arm-atollic-eabi/lib/armv7e-m/fpu/fpv5-sp-d16\libc.a(lib_a-sprintf.o)
                              Src\main.o (sprintf)
c:/program files (x86)/atollic/truestudio for arm 7.0.1/armtools/bin/../lib/gcc/arm-atollic-eabi/5.3.1/../../../../arm-atollic-eabi/lib/armv7e-m/fpu/fpv5-sp-d16\libc.a(lib_a-strlen.o)
                              Src\main.o (strlen)
c:/program files (x86)/atollic/truestudio for arm 7.0.1/armtools/bin/../lib/gcc/arm-atollic-eabi/5.3.1/../../../../arm-atollic-eabi/lib/armv7e-m/fpu/fpv5-sp-d16\libc.a(lib_a-svfprintf.o)
                              c:/program files (x86)/atollic/truestudio for arm 7.0.1/armtools/bin/../lib/gcc/arm-atollic-eabi/5.3.1/../../../../arm-atollic-eabi/lib/armv7e-m/fpu/fpv5-sp-d16\libc.a(lib_a-sprintf.o) (_svfprintf_r)
c:/program files (x86)/atollic/truestudio for arm 7.0.1/armtools/bin/../lib/gcc/arm-atollic-eabi/5.3.1/../../../../arm-atollic-eabi/lib/armv7e-m/fpu/fpv5-sp-d16\libc.a(lib_a-dtoa.o)
                              c:/program files (x86)/atollic/truestudio for arm 7.0.1/armtools/bin/../lib/gcc/arm-atollic-eabi/5.3.1/../../../../arm-atollic-eabi/lib/armv7e-m/fpu/fpv5-sp-d16\libc.a(lib_a-svfprintf.o) (_dtoa_r)
c:/program files (x86)/atollic/truestudio for arm 7.0.1/armtools/bin/../lib/gcc/arm-atollic-eabi/5.3.1/../../../../arm-atollic-eabi/lib/armv7e-m/fpu/fpv5-sp-d16\libc.a(lib_a-impure.o)
                              c:/program files (x86)/atollic/truestudio for arm 7.0.1/armtools/bin/../lib/gcc/arm-atollic-eabi/5.3.1/../../../../arm-atollic-eabi/lib/armv7e-m/fpu/fpv5-sp-d16\libc.a(lib_a-sprintf.o) (_impure_ptr)
c:/program files (x86)/atollic/truestudio for arm 7.0.1/armtools/bin/../lib/gcc/arm-atollic-eabi/5.3.1/../../../../arm-atollic-eabi/lib/armv7e-m/fpu/fpv5-sp-d16\libc.a(lib_a-locale.o)
                              c:/program files (x86)/atollic/truestudio for arm 7.0.1/armtools/bin/../lib/gcc/arm-atollic-eabi/5.3.1/../../../../arm-atollic-eabi/lib/armv7e-m/fpu/fpv5-sp-d16\libc.a(lib_a-svfprintf.o) (_localeconv_r)
c:/program files (x86)/atollic/truestudio for arm 7.0.1/armtools/bin/../lib/gcc/arm-atollic-eabi/5.3.1/../../../../arm-atollic-eabi/lib/armv7e-m/fpu/fpv5-sp-d16\libc.a(lib_a-malloc.o)
                              c:/program files (x86)/atollic/truestudio for arm 7.0.1/armtools/bin/../lib/gcc/arm-atollic-eabi/5.3.1/../../../../arm-atollic-eabi/lib/armv7e-m/fpu/fpv5-sp-d16\libc.a(lib_a-dtoa.o) (malloc)
c:/program files (x86)/atollic/truestudio for arm 7.0.1/armtools/bin/../lib/gcc/arm-atollic-eabi/5.3.1/../../../../arm-atollic-eabi/lib/armv7e-m/fpu/fpv5-sp-d16\libc.a(lib_a-mallocr.o)
                              c:/program files (x86)/atollic/truestudio for arm 7.0.1/armtools/bin/../lib/gcc/arm-atollic-eabi/5.3.1/../../../../arm-atollic-eabi/lib/armv7e-m/fpu/fpv5-sp-d16\libc.a(lib_a-svfprintf.o) (_malloc_r)
c:/program files (x86)/atollic/truestudio for arm 7.0.1/armtools/bin/../lib/gcc/arm-atollic-eabi/5.3.1/../../../../arm-atollic-eabi/lib/armv7e-m/fpu/fpv5-sp-d16\libc.a(lib_a-memchr.o)
                              c:/program files (x86)/atollic/truestudio for arm 7.0.1/armtools/bin/../lib/gcc/arm-atollic-eabi/5.3.1/../../../../arm-atollic-eabi/lib/armv7e-m/fpu/fpv5-sp-d16\libc.a(lib_a-svfprintf.o) (memchr)
c:/program files (x86)/atollic/truestudio for arm 7.0.1/armtools/bin/../lib/gcc/arm-atollic-eabi/5.3.1/../../../../arm-atollic-eabi/lib/armv7e-m/fpu/fpv5-sp-d16\libc.a(lib_a-memcpy-stub.o)
                              c:/program files (x86)/atollic/truestudio for arm 7.0.1/armtools/bin/../lib/gcc/arm-atollic-eabi/5.3.1/../../../../arm-atollic-eabi/lib/armv7e-m/fpu/fpv5-sp-d16\libc.a(lib_a-dtoa.o) (memcpy)
c:/program files (x86)/atollic/truestudio for arm 7.0.1/armtools/bin/../lib/gcc/arm-atollic-eabi/5.3.1/../../../../arm-atollic-eabi/lib/armv7e-m/fpu/fpv5-sp-d16\libc.a(lib_a-mlock.o)
                              c:/program files (x86)/atollic/truestudio for arm 7.0.1/armtools/bin/../lib/gcc/arm-atollic-eabi/5.3.1/../../../../arm-atollic-eabi/lib/armv7e-m/fpu/fpv5-sp-d16\libc.a(lib_a-mallocr.o) (__malloc_lock)
c:/program files (x86)/atollic/truestudio for arm 7.0.1/armtools/bin/../lib/gcc/arm-atollic-eabi/5.3.1/../../../../arm-atollic-eabi/lib/armv7e-m/fpu/fpv5-sp-d16\libc.a(lib_a-mprec.o)
                              c:/program files (x86)/atollic/truestudio for arm 7.0.1/armtools/bin/../lib/gcc/arm-atollic-eabi/5.3.1/../../../../arm-atollic-eabi/lib/armv7e-m/fpu/fpv5-sp-d16\libc.a(lib_a-dtoa.o) (_Balloc)
[...]
Memory Configuration

Name             Origin             Length             Attributes
RAM              0x20000000         0x00050000         xrw
FLASH            0x08000000         0x00100000         xr
*default*        0x00000000         0xffffffff

Linker script and memory map

LOAD c:/program files (x86)/atollic/truestudio for arm 7.0.1/armtools/bin/../lib/gcc/arm-atollic-eabi/5.3.1/armv7e-m/fpu/fpv5-sp-d16/crti.o
LOAD c:/program files (x86)/atollic/truestudio for arm 7.0.1/armtools/bin/../lib/gcc/arm-atollic-eabi/5.3.1/armv7e-m/fpu/fpv5-sp-d16/crtbegin.o
LOAD Drivers\CMSIS\Device\ST\STM32F7xx\Source\Templates\gcc\startup_stm32f746xx.o
LOAD Drivers\STM32F7xx_HAL_Driver\Src\stm32f7xx_hal.o
LOAD Drivers\STM32F7xx_HAL_Driver\Src\stm32f7xx_hal_adc.o
LOAD Drivers\STM32F7xx_HAL_Driver\Src\stm32f7xx_hal_adc_ex.o
LOAD Drivers\STM32F7xx_HAL_Driver\Src\stm32f7xx_hal_cortex.o
LOAD Drivers\STM32F7xx_HAL_Driver\Src\stm32f7xx_hal_dma.o
LOAD Drivers\STM32F7xx_HAL_Driver\Src\stm32f7xx_hal_dma_ex.o
LOAD Drivers\STM32F7xx_HAL_Driver\Src\stm32f7xx_hal_flash.o
LOAD Drivers\STM32F7xx_HAL_Driver\Src\stm32f7xx_hal_flash_ex.o
LOAD Drivers\STM32F7xx_HAL_Driver\Src\stm32f7xx_hal_gpio.o
LOAD Drivers\STM32F7xx_HAL_Driver\Src\stm32f7xx_hal_i2c.o
LOAD Drivers\STM32F7xx_HAL_Driver\Src\stm32f7xx_hal_i2c_ex.o
LOAD Drivers\STM32F7xx_HAL_Driver\Src\stm32f7xx_hal_pwr.o
LOAD Drivers\STM32F7xx_HAL_Driver\Src\stm32f7xx_hal_pwr_ex.o
LOAD Drivers\STM32F7xx_HAL_Driver\Src\stm32f7xx_hal_rcc.o
LOAD Drivers\STM32F7xx_HAL_Driver\Src\stm32f7xx_hal_rcc_ex.o
LOAD Drivers\STM32F7xx_HAL_Driver\Src\stm32f7xx_hal_spi.o
LOAD Drivers\STM32F7xx_HAL_Driver\Src\stm32f7xx_hal_tim.o
LOAD Drivers\STM32F7xx_HAL_Driver\Src\stm32f7xx_hal_tim_ex.o
LOAD Drivers\STM32F7xx_HAL_Driver\Src\stm32f7xx_hal_uart.o
LOAD Src\main.o
LOAD Src\stm32f7xx_hal_msp.o
LOAD Src\stm32f7xx_it.o
LOAD Src\system_stm32f7xx.o
START GROUP
LOAD c:/program files (x86)/atollic/truestudio for arm 7.0.1/armtools/bin/../lib/gcc/arm-atollic-eabi/5.3.1/../../../../arm-atollic-eabi/lib/armv7e-m/fpu/fpv5-sp-d16\libc.a
LOAD c:/program files (x86)/atollic/truestudio for arm 7.0.1/armtools/bin/../lib/gcc/arm-atollic-eabi/5.3.1/../../../../arm-atollic-eabi/lib/armv7e-m/fpu/fpv5-sp-d16\libm.a
END GROUP
                0x00000080                malloc_getpagesize_P = 0x80
START GROUP
LOAD c:/program files (x86)/atollic/truestudio for arm 7.0.1/armtools/bin/../lib/gcc/arm-atollic-eabi/5.3.1/armv7e-m/fpu/fpv5-sp-d16\libgcc.a
LOAD c:/program files (x86)/atollic/truestudio for arm 7.0.1/armtools/bin/../lib/gcc/arm-atollic-eabi/5.3.1/../../../../arm-atollic-eabi/lib/armv7e-m/fpu/fpv5-sp-d16\libc.a
END GROUP
START GROUP
LOAD c:/program files (x86)/atollic/truestudio for arm 7.0.1/armtools/bin/../lib/gcc/arm-atollic-eabi/5.3.1/armv7e-m/fpu/fpv5-sp-d16\libgcc.a
LOAD c:/program files (x86)/atollic/truestudio for arm 7.0.1/armtools/bin/../lib/gcc/arm-atollic-eabi/5.3.1/../../../../arm-atollic-eabi/lib/armv7e-m/fpu/fpv5-sp-d16\libc.a
LOAD c:/program files (x86)/atollic/truestudio for arm 7.0.1/armtools/bin/../lib/gcc/arm-atollic-eabi/5.3.1/../../../../arm-atollic-eabi/lib/armv7e-m/fpu/fpv5-sp-d16\libnosys.a
END GROUP
LOAD c:/program files (x86)/atollic/truestudio for arm 7.0.1/armtools/bin/../lib/gcc/arm-atollic-eabi/5.3.1/armv7e-m/fpu/fpv5-sp-d16/crtend.o
LOAD c:/program files (x86)/atollic/truestudio for arm 7.0.1/armtools/bin/../lib/gcc/arm-atollic-eabi/5.3.1/armv7e-m/fpu/fpv5-sp-d16/crtn.o
                0x20050000                _estack = 0x20050000
                0x00000200                _Min_Heap_Size = 0x200
                0x00000400                _Min_Stack_Size = 0x400

.isr_vector     0x08000000      0x1c8
                0x08000000                . = ALIGN (0x4)
 *(.isr_vector)
 .isr_vector    0x08000000      0x1c8 Drivers\CMSIS\Device\ST\STM32F7xx\Source\Templates\gcc\startup_stm32f746xx.o
                0x08000000                g_pfnVectors
                0x080001c8                . = ALIGN (0x4)

.text           0x080001d0     0x63ec
                0x080001d0                . = ALIGN (0x4)
 *(.text)
 .text          0x080001d0       0x40 c:/program files (x86)/atollic/truestudio for arm 7.0.1/armtools/bin/../lib/gcc/arm-atollic-eabi/5.3.1/armv7e-m/fpu/fpv5-sp-d16/crtbegin.o
 .text          0x08000210       0x10 c:/program files (x86)/atollic/truestudio for arm 7.0.1/armtools/bin/../lib/gcc/arm-atollic-eabi/5.3.1/../../../../arm-atollic-eabi/lib/armv7e-m/fpu/fpv5-sp-d16\libc.a(lib_a-strlen.o)
                0x08000210                strlen
 .text          0x08000220       0xa0 c:/program files (x86)/atollic/truestudio for arm 7.0.1/armtools/bin/../lib/gcc/arm-atollic-eabi/5.3.1/../../../../arm-atollic-eabi/lib/armv7e-m/fpu/fpv5-sp-d16\libc.a(lib_a-memchr.o)
                0x08000220                memchr
 .text          0x080002c0      0x370 c:/program files (x86)/atollic/truestudio for arm 7.0.1/armtools/bin/../lib/gcc/arm-atollic-eabi/5.3.1/armv7e-m/fpu/fpv5-sp-d16\libgcc.a(_arm_addsubdf3.o)
                0x080002c0                __aeabi_drsub
                0x080002c8                __aeabi_dsub
                0x080002c8                __subdf3
                0x080002cc                __aeabi_dadd
                0x080002cc                __adddf3
                0x08000544                __floatunsidf
                0x08000544                __aeabi_ui2d
                0x08000564                __floatsidf
                0x08000564                __aeabi_i2d
                0x08000588                __aeabi_f2d
                0x08000588                __extendsfdf2
                0x080005c4                __floatundidf
                0x080005c4                __aeabi_ul2d
                0x080005d4                __floatdidf
                0x080005d4                __aeabi_l2d
 .text          0x08000630      0x424 c:/program files (x86)/atollic/truestudio for arm 7.0.1/armtools/bin/../lib/gcc/arm-atollic-eabi/5.3.1/armv7e-m/fpu/fpv5-sp-d16\libgcc.a(_arm_muldivdf3.o)
                0x08000630                __aeabi_dmul
                0x08000630                __muldf3
                0x08000884                __divdf3
                0x08000884                __aeabi_ddiv
 .text          0x08000a54      0x110 c:/program files (x86)/atollic/truestudio for arm 7.0.1/armtools/bin/../lib/gcc/arm-atollic-eabi/5.3.1/armv7e-m/fpu/fpv5-sp-d16\libgcc.a(_arm_cmpdf2.o)
                0x08000a54                __gtdf2
                0x08000a54                __gedf2
                0x08000a5c                __ltdf2
                0x08000a5c                __ledf2
                0x08000a64                __nedf2
                0x08000a64                __eqdf2
                0x08000a64                __cmpdf2
                0x08000ae0                __aeabi_cdrcmple
                0x08000af0                __aeabi_cdcmpeq
                0x08000af0                __aeabi_cdcmple
                0x08000b00                __aeabi_dcmpeq
                0x08000b14                __aeabi_dcmplt
                0x08000b28                __aeabi_dcmple
                0x08000b3c                __aeabi_dcmpge
                0x08000b50                __aeabi_dcmpgt
 .text          0x08000b64       0x2c c:/program files (x86)/atollic/truestudio for arm 7.0.1/armtools/bin/../lib/gcc/arm-atollic-eabi/5.3.1/armv7e-m/fpu/fpv5-sp-d16\libgcc.a(_arm_unorddf2.o)
                0x08000b64                __unorddf2
                0x08000b64                __aeabi_dcmpun
 .text          0x08000b90       0x50 c:/program files (x86)/atollic/truestudio for arm 7.0.1/armtools/bin/../lib/gcc/arm-atollic-eabi/5.3.1/armv7e-m/fpu/fpv5-sp-d16\libgcc.a(_arm_fixdfsi.o)
                0x08000b90                __aeabi_d2iz
                0x08000b90                __fixdfsi
 .text          0x08000be0       0x30 c:/program files (x86)/atollic/truestudio for arm 7.0.1/armtools/bin/../lib/gcc/arm-atollic-eabi/5.3.1/armv7e-m/fpu/fpv5-sp-d16\libgcc.a(_aeabi_uldivmod.o)
                0x08000be0                __aeabi_uldivmod
 .text          0x08000c10      0x2e4 c:/program files (x86)/atollic/truestudio for arm 7.0.1/armtools/bin/../lib/gcc/arm-atollic-eabi/5.3.1/armv7e-m/fpu/fpv5-sp-d16\libgcc.a(_udivmoddi4.o)
                0x08000c10                __udivmoddi4
 .text          0x08000ef4        0x4 c:/program files (x86)/atollic/truestudio for arm 7.0.1/armtools/bin/../lib/gcc/arm-atollic-eabi/5.3.1/armv7e-m/fpu/fpv5-sp-d16\libgcc.a(_dvmd_tls.o)
                0x08000ef4                __aeabi_idiv0
                0x08000ef4                __aeabi_ldiv0
 *(.text*)
 .text.Reset_Handler
                0x08000ef8       0x50 Drivers\CMSIS\Device\ST\STM32F7xx\Source\Templates\gcc\startup_stm32f746xx.o
                0x08000ef8                Reset_Handler
 .text.Default_Handler
                0x08000f48        0x2 Drivers\CMSIS\Device\ST\STM32F7xx\Source\Templates\gcc\startup_stm32f746xx.o
                0x08000f48                RTC_Alarm_IRQHandler
                0x08000f48                EXTI2_IRQHandler
                0x08000f48                TIM8_CC_IRQHandler
                0x08000f48                UART8_IRQHandler
                0x08000f48                SPI4_IRQHandler
                0x08000f48                TIM1_CC_IRQHandler
                0x08000f48                DMA2_Stream5_IRQHandler
                0x08000f48                DMA1_Stream5_IRQHandler
                0x08000f48                PVD_IRQHandler
                0x08000f48                TAMP_STAMP_IRQHandler
                0x08000f48                CAN2_RX1_IRQHandler
                0x08000f48                EXTI3_IRQHandler
                0x08000f48                TIM8_TRG_COM_TIM14_IRQHandler
                0x08000f48                TIM1_UP_TIM10_IRQHandler
                0x08000f48                TIM8_UP_TIM13_IRQHandler
                0x08000f48                I2C3_ER_IRQHandler
                0x08000f48                EXTI0_IRQHandler
                0x08000f48                I2C2_EV_IRQHandler
                0x08000f48                DMA1_Stream2_IRQHandler
                0x08000f48                CAN1_RX0_IRQHandler
                0x08000f48                FPU_IRQHandler
                0x08000f48                OTG_HS_WKUP_IRQHandler
                0x08000f48                LTDC_ER_IRQHandler
                0x08000f48                CAN2_SCE_IRQHandler
                0x08000f48                DMA2_Stream2_IRQHandler
                0x08000f48                SPI1_IRQHandler
                0x08000f48                TIM6_DAC_IRQHandler
                0x08000f48                TIM1_BRK_TIM9_IRQHandler
                0x08000f48                DCMI_IRQHandler
                0x08000f48                CAN2_RX0_IRQHandler
                0x08000f48                DMA2_Stream3_IRQHandler
                0x08000f48                SAI2_IRQHandler
                0x08000f48                USART6_IRQHandler
                0x08000f48                USART3_IRQHandler
                0x08000f48                CAN1_RX1_IRQHandler
                0x08000f48                UART5_IRQHandler
                0x08000f48                DMA2_Stream0_IRQHandler
                0x08000f48                TIM4_IRQHandler
                0x08000f48                QUADSPI_IRQHandler
                0x08000f48                I2C1_EV_IRQHandler
                0x08000f48                DMA1_Stream6_IRQHandler
                0x08000f48                DMA1_Stream1_IRQHandler
                0x08000f48                UART4_IRQHandler
                0x08000f48                TIM3_IRQHandler
                0x08000f48                RCC_IRQHandler
                0x08000f48                TIM8_BRK_TIM12_IRQHandler
                0x08000f48                Default_Handler
                0x08000f48                CEC_IRQHandler
                0x08000f48                EXTI15_10_IRQHandler
                0x08000f48                ADC_IRQHandler
                0x08000f48                DMA1_Stream7_IRQHandler
                0x08000f48                SPI5_IRQHandler
                0x08000f48                TIM7_IRQHandler
                0x08000f48                SDMMC1_IRQHandler
                0x08000f48                CAN2_TX_IRQHandler
                0x08000f48                TIM5_IRQHandler
                0x08000f48                DMA2_Stream7_IRQHandler
                0x08000f48                I2C3_EV_IRQHandler
                0x08000f48                EXTI9_5_IRQHandler
                0x08000f48                RTC_WKUP_IRQHandler
                0x08000f48                LTDC_IRQHandler
                0x08000f48                ETH_WKUP_IRQHandler
                0x08000f48                SPDIF_RX_IRQHandler
                0x08000f48                SPI2_IRQHandler
                0x08000f48                OTG_HS_EP1_IN_IRQHandler
                0x08000f48                DMA1_Stream0_IRQHandler
                0x08000f48                CAN1_TX_IRQHandler
                0x08000f48                EXTI4_IRQHandler
                0x08000f48                RNG_IRQHandler
                0x08000f48                ETH_IRQHandler
                0x08000f48                OTG_HS_EP1_OUT_IRQHandler
                0x08000f48                WWDG_IRQHandler
                0x08000f48                SPI6_IRQHandler
                0x08000f48                I2C4_EV_IRQHandler
                0x08000f48                TIM2_IRQHandler
                0x08000f48                OTG_FS_WKUP_IRQHandler
                0x08000f48                TIM1_TRG_COM_TIM11_IRQHandler
                0x08000f48                OTG_HS_IRQHandler
                0x08000f48                DMA2D_IRQHandler
                0x08000f48                EXTI1_IRQHandler
                0x08000f48                UART7_IRQHandler
                0x08000f48                USART2_IRQHandler
                0x08000f48                I2C2_ER_IRQHandler
                0x08000f48                DMA2_Stream1_IRQHandler
                0x08000f48                CAN1_SCE_IRQHandler
                0x08000f48                FLASH_IRQHandler
                0x08000f48                DMA2_Stream4_IRQHandler
                0x08000f48                USART1_IRQHandler
                0x08000f48                OTG_FS_IRQHandler
                0x08000f48                SPI3_IRQHandler
                0x08000f48                DMA1_Stream4_IRQHandler
                0x08000f48                I2C1_ER_IRQHandler
                0x08000f48                FMC_IRQHandler
                0x08000f48                LPTIM1_IRQHandler
                0x08000f48                I2C4_ER_IRQHandler
                0x08000f48                DMA2_Stream6_IRQHandler
                0x08000f48                SAI1_IRQHandler
                0x08000f48                DMA1_Stream3_IRQHandler
 *fill*         0x08000f4a        0x2 
 .text.HAL_InitTick
                0x08000f4c       0x28 Drivers\STM32F7xx_HAL_Driver\Src\stm32f7xx_hal.o
                0x08000f4c                HAL_InitTick
 .text.HAL_Init
                0x08000f74       0x16 Drivers\STM32F7xx_HAL_Driver\Src\stm32f7xx_hal.o
                0x08000f74                HAL_Init
 *fill*         0x08000f8a        0x2 
 .text.HAL_IncTick
                0x08000f8c       0x10 Drivers\STM32F7xx_HAL_Driver\Src\stm32f7xx_hal.o
                0x08000f8c                HAL_IncTick
 .text.HAL_GetTick
                0x08000f9c        0xc Drivers\STM32F7xx_HAL_Driver\Src\stm32f7xx_hal.o
                0x08000f9c                HAL_GetTick
 .text.HAL_ADC_Init
                0x08000fa8      0x154 Drivers\STM32F7xx_HAL_Driver\Src\stm32f7xx_hal_adc.o
                0x08000fa8                HAL_ADC_Init
 .text.HAL_ADC_Start
                0x080010fc       0xc0 Drivers\STM32F7xx_HAL_Driver\Src\stm32f7xx_hal_adc.o
                0x080010fc                HAL_ADC_Start
 .text.HAL_ADC_Stop
                0x080011bc       0x3c Drivers\STM32F7xx_HAL_Driver\Src\stm32f7xx_hal_adc.o
                0x080011bc                HAL_ADC_Stop
 .text.HAL_ADC_PollForConversion
                0x080011f8       0xa0 Drivers\STM32F7xx_HAL_Driver\Src\stm32f7xx_hal_adc.o
                0x080011f8                HAL_ADC_PollForConversion
 .text.HAL_ADC_GetValue
                0x08001298        0x6 Drivers\STM32F7xx_HAL_Driver\Src\stm32f7xx_hal_adc.o
                0x08001298                HAL_ADC_GetValue
 *fill*         0x0800129e        0x2 
 .text.HAL_ADC_ConfigChannel
                0x080012a0      0x140 Drivers\STM32F7xx_HAL_Driver\Src\stm32f7xx_hal_adc.o
                0x080012a0                HAL_ADC_ConfigChannel
 .text.HAL_NVIC_SetPriorityGrouping
                0x080013e0       0x24 Drivers\STM32F7xx_HAL_Driver\Src\stm32f7xx_hal_cortex.o
                0x080013e0                HAL_NVIC_SetPriorityGrouping
 .text.HAL_NVIC_SetPriority
                0x08001404       0x70 Drivers\STM32F7xx_HAL_Driver\Src\stm32f7xx_hal_cortex.o
                0x08001404                HAL_NVIC_SetPriority
 .text.HAL_SYSTICK_Config
                0x08001474       0x2c Drivers\STM32F7xx_HAL_Driver\Src\stm32f7xx_hal_cortex.o
                0x08001474                HAL_SYSTICK_Config
 .text.HAL_SYSTICK_CLKSourceConfig
                0x080014a0       0x18 Drivers\STM32F7xx_HAL_Driver\Src\stm32f7xx_hal_cortex.o
                0x080014a0                HAL_SYSTICK_CLKSourceConfig
 .text.HAL_SYSTICK_Callback
                0x080014b8        0x2 Drivers\STM32F7xx_HAL_Driver\Src\stm32f7xx_hal_cortex.o
                0x080014b8                HAL_SYSTICK_Callback
 .text.HAL_SYSTICK_IRQHandler
                0x080014ba        0x8 Drivers\STM32F7xx_HAL_Driver\Src\stm32f7xx_hal_cortex.o
                0x080014ba                HAL_SYSTICK_IRQHandler
 *fill*         0x080014c2        0x2 
 .text.HAL_GPIO_Init
                0x080014c4      0x1d8 Drivers\STM32F7xx_HAL_Driver\Src\stm32f7xx_hal_gpio.o
                0x080014c4                HAL_GPIO_Init
 .text.HAL_GPIO_WritePin
                0x0800169c        0x8 Drivers\STM32F7xx_HAL_Driver\Src\stm32f7xx_hal_gpio.o
                0x0800169c                HAL_GPIO_WritePin
 .text.HAL_GPIO_TogglePin
                0x080016a4        0x8 Drivers\STM32F7xx_HAL_Driver\Src\stm32f7xx_hal_gpio.o
                0x080016a4                HAL_GPIO_TogglePin
 .text.HAL_RCC_OscConfig
                0x080016ac      0x338 Drivers\STM32F7xx_HAL_Driver\Src\stm32f7xx_hal_rcc.o
                0x080016ac                HAL_RCC_OscConfig
 .text.HAL_RCC_GetSysClockFreq
                0x080019e4       0x7c Drivers\STM32F7xx_HAL_Driver\Src\stm32f7xx_hal_rcc.o
                0x080019e4                HAL_RCC_GetSysClockFreq
 .text.HAL_RCC_ClockConfig
                0x08001a60      0x154 Drivers\STM32F7xx_HAL_Driver\Src\stm32f7xx_hal_rcc.o
                0x08001a60                HAL_RCC_ClockConfig
 .text.HAL_RCC_GetHCLKFreq
                0x08001bb4        0xc Drivers\STM32F7xx_HAL_Driver\Src\stm32f7xx_hal_rcc.o
                0x08001bb4                HAL_RCC_GetHCLKFreq
 .text.HAL_RCC_GetPCLK1Freq
                0x08001bc0       0x30 Drivers\STM32F7xx_HAL_Driver\Src\stm32f7xx_hal_rcc.o
                0x08001bc0                HAL_RCC_GetPCLK1Freq
 .text.HAL_RCC_GetPCLK2Freq
                0x08001bf0       0x30 Drivers\STM32F7xx_HAL_Driver\Src\stm32f7xx_hal_rcc.o
                0x08001bf0                HAL_RCC_GetPCLK2Freq
 .text.HAL_RCCEx_PeriphCLKConfig
                0x08001c20      0x74c Drivers\STM32F7xx_HAL_Driver\Src\stm32f7xx_hal_rcc_ex.o
                0x08001c20                HAL_RCCEx_PeriphCLKConfig
 .text.HAL_SPI_Init
                0x0800236c       0xac Drivers\STM32F7xx_HAL_Driver\Src\stm32f7xx_hal_spi.o
                0x0800236c                HAL_SPI_Init
 .text.TIM_Base_SetConfig
                0x08002418       0xc8 Drivers\STM32F7xx_HAL_Driver\Src\stm32f7xx_hal_tim.o
                0x08002418                TIM_Base_SetConfig
 .text.HAL_TIM_PWM_Init
                0x080024e0       0x34 Drivers\STM32F7xx_HAL_Driver\Src\stm32f7xx_hal_tim.o
                0x080024e0                HAL_TIM_PWM_Init
 .text.HAL_TIM_IC_Init
                0x08002514       0x34 Drivers\STM32F7xx_HAL_Driver\Src\stm32f7xx_hal_tim.o
                0x08002514                HAL_TIM_IC_Init
 .text.TIM_OC1_SetConfig
                0x08002548       0x5c Drivers\STM32F7xx_HAL_Driver\Src\stm32f7xx_hal_tim.o
                0x08002548                TIM_OC1_SetConfig
 .text.TIM_OC2_SetConfig
                0x080025a4       0x68 Drivers\STM32F7xx_HAL_Driver\Src\stm32f7xx_hal_tim.o
                0x080025a4                TIM_OC2_SetConfig
 .text.TIM_OC3_SetConfig
                0x0800260c       0x64 Drivers\STM32F7xx_HAL_Driver\Src\stm32f7xx_hal_tim.o
                0x0800260c                TIM_OC3_SetConfig
 .text.TIM_OC4_SetConfig
                0x08002670       0x54 Drivers\STM32F7xx_HAL_Driver\Src\stm32f7xx_hal_tim.o
                0x08002670                TIM_OC4_SetConfig
 .text.TIM_TI1_SetConfig
                0x080026c4       0x74 Drivers\STM32F7xx_HAL_Driver\Src\stm32f7xx_hal_tim.o
                0x080026c4                TIM_TI1_SetConfig
 .text.HAL_TIM_IC_ConfigChannel
                0x08002738      0x112 Drivers\STM32F7xx_HAL_Driver\Src\stm32f7xx_hal_tim.o
                0x08002738                HAL_TIM_IC_ConfigChannel
 .text.TIM_CCxChannelCmd
                0x0800284a       0x1a Drivers\STM32F7xx_HAL_Driver\Src\stm32f7xx_hal_tim.o
                0x0800284a                TIM_CCxChannelCmd
 .text.HAL_TIM_PWM_Start
                0x08002864       0x34 Drivers\STM32F7xx_HAL_Driver\Src\stm32f7xx_hal_tim.o
                0x08002864                HAL_TIM_PWM_Start
 .text.TIM_OC5_SetConfig
                0x08002898       0x50 Drivers\STM32F7xx_HAL_Driver\Src\stm32f7xx_hal_tim_ex.o
 .text.TIM_OC6_SetConfig
                0x080028e8       0x50 Drivers\STM32F7xx_HAL_Driver\Src\stm32f7xx_hal_tim_ex.o
 .text.HAL_TIM_PWM_ConfigChannel
                0x08002938      0x10a Drivers\STM32F7xx_HAL_Driver\Src\stm32f7xx_hal_tim_ex.o
                0x08002938                HAL_TIM_PWM_ConfigChannel
 *fill*         0x08002a42        0x2 
 .text.HAL_TIMEx_MasterConfigSynchronization
                0x08002a44       0x4c Drivers\STM32F7xx_HAL_Driver\Src\stm32f7xx_hal_tim_ex.o
                0x08002a44                HAL_TIMEx_MasterConfigSynchronization
 .text.UART_WaitOnFlagUntilTimeout
                0x08002a90       0x62 Drivers\STM32F7xx_HAL_Driver\Src\stm32f7xx_hal_uart.o
                0x08002a90                UART_WaitOnFlagUntilTimeout
 .text.HAL_UART_Transmit
                0x08002af2       0xb4 Drivers\STM32F7xx_HAL_Driver\Src\stm32f7xx_hal_uart.o
                0x08002af2                HAL_UART_Transmit
 *fill*         0x08002ba6        0x2 
 .text.UART_SetConfig
                0x08002ba8      0x268 Drivers\STM32F7xx_HAL_Driver\Src\stm32f7xx_hal_uart.o
                0x08002ba8                UART_SetConfig
 .text.UART_AdvFeatureConfig
                0x08002e10       0xaa Drivers\STM32F7xx_HAL_Driver\Src\stm32f7xx_hal_uart.o
                0x08002e10                UART_AdvFeatureConfig
 .text.UART_CheckIdleState
                0x08002eba       0x68 Drivers\STM32F7xx_HAL_Driver\Src\stm32f7xx_hal_uart.o
                0x08002eba                UART_CheckIdleState
 .text.HAL_UART_Init
                0x08002f22       0x64 Drivers\STM32F7xx_HAL_Driver\Src\stm32f7xx_hal_uart.o
                0x08002f22                HAL_UART_Init
 *fill*         0x08002f86        0x2 
 .text.SystemClock_Config
                0x08002f88       0xa4 Src\main.o
                0x08002f88                SystemClock_Config
 .text.startup.main
                0x0800302c      0x484 Src\main.o
                0x0800302c                main
 .text.HAL_MspInit
                0x080034b0       0x60 Src\stm32f7xx_hal_msp.o
                0x080034b0                HAL_MspInit
 .text.HAL_ADC_MspInit
                0x08003510       0x54 Src\stm32f7xx_hal_msp.o
                0x08003510                HAL_ADC_MspInit
 .text.HAL_SPI_MspInit
                0x08003564       0x4c Src\stm32f7xx_hal_msp.o
                0x08003564                HAL_SPI_MspInit
 .text.HAL_TIM_IC_MspInit
                0x080035b0       0x4c Src\stm32f7xx_hal_msp.o
                0x080035b0                HAL_TIM_IC_MspInit
 .text.HAL_TIM_PWM_MspInit
                0x080035fc       0x68 Src\stm32f7xx_hal_msp.o
                0x080035fc                HAL_TIM_PWM_MspInit
 .text.HAL_TIM_MspPostInit
                0x08003664       0x94 Src\stm32f7xx_hal_msp.o
                0x08003664                HAL_TIM_MspPostInit
 .text.HAL_UART_MspInit
                0x080036f8       0x4c Src\stm32f7xx_hal_msp.o
                0x080036f8                HAL_UART_MspInit
 .text.NMI_Handler
                0x08003744        0x2 Src\stm32f7xx_it.o
                0x08003744                NMI_Handler
 .text.HardFault_Handler
                0x08003746        0x2 Src\stm32f7xx_it.o
                0x08003746                HardFault_Handler
 .text.MemManage_Handler
                0x08003748        0x2 Src\stm32f7xx_it.o
                0x08003748                MemManage_Handler
 .text.BusFault_Handler
                0x0800374a        0x2 Src\stm32f7xx_it.o
                0x0800374a                BusFault_Handler
 .text.UsageFault_Handler
                0x0800374c        0x2 Src\stm32f7xx_it.o
                0x0800374c                UsageFault_Handler
 .text.SVC_Handler
                0x0800374e        0x2 Src\stm32f7xx_it.o
                0x0800374e                SVC_Handler
 .text.DebugMon_Handler
                0x08003750        0x2 Src\stm32f7xx_it.o
                0x08003750                DebugMon_Handler
 .text.PendSV_Handler
                0x08003752        0x2 Src\stm32f7xx_it.o
                0x08003752                PendSV_Handler
 .text.SysTick_Handler
                0x08003754        0xe Src\stm32f7xx_it.o
                0x08003754                SysTick_Handler
 *fill*         0x08003762        0x2 
 .text.SystemInit
                0x08003764       0x4c Src\system_stm32f7xx.o
                0x08003764                SystemInit
 .text.__libc_init_array
                0x080037b0       0x4c c:/program files (x86)/atollic/truestudio for arm 7.0.1/armtools/bin/../lib/gcc/arm-atollic-eabi/5.3.1/../../../../arm-atollic-eabi/lib/armv7e-m/fpu/fpv5-sp-d16\libc.a(lib_a-init.o)
                0x080037b0                __libc_init_array
 .text.sprintf  0x080037fc       0x48 c:/program files (x86)/atollic/truestudio for arm 7.0.1/armtools/bin/../lib/gcc/arm-atollic-eabi/5.3.1/../../../../arm-atollic-eabi/lib/armv7e-m/fpu/fpv5-sp-d16\libc.a(lib_a-sprintf.o)
                0x080037fc                sprintf
 *fill*         0x08003844        0x4 
 .text._svfprintf_r
                0x08003848      0xf84 c:/program files (x86)/atollic/truestudio for arm 7.0.1/armtools/bin/../lib/gcc/arm-atollic-eabi/5.3.1/../../../../arm-atollic-eabi/lib/armv7e-m/fpu/fpv5-sp-d16\libc.a(lib_a-svfprintf.o)
                0x08003848                _svfprintf_r
 .text.quorem   0x080047cc      0x11e c:/program files (x86)/atollic/truestudio for arm 7.0.1/armtools/bin/../lib/gcc/arm-atollic-eabi/5.3.1/../../../../arm-atollic-eabi/lib/armv7e-m/fpu/fpv5-sp-d16\libc.a(lib_a-dtoa.o)
 *fill*         0x080048ea        0x6 
 .text._dtoa_r  0x080048f0      0xb40 c:/program files (x86)/atollic/truestudio for arm 7.0.1/armtools/bin/../lib/gcc/arm-atollic-eabi/5.3.1/../../../../arm-atollic-eabi/lib/armv7e-m/fpu/fpv5-sp-d16\libc.a(lib_a-dtoa.o)
                0x080048f0                _dtoa_r
 .text._localeconv_r
                0x08005430        0x8 c:/program files (x86)/atollic/truestudio for arm 7.0.1/armtools/bin/../lib/gcc/arm-atollic-eabi/5.3.1/../../../../arm-atollic-eabi/lib/armv7e-m/fpu/fpv5-sp-d16\libc.a(lib_a-locale.o)
                0x08005430                _localeconv_r
 .text.malloc   0x08005438       0x10 c:/program files (x86)/atollic/truestudio for arm 7.0.1/armtools/bin/../lib/gcc/arm-atollic-eabi/5.3.1/../../../../arm-atollic-eabi/lib/armv7e-m/fpu/fpv5-sp-d16\libc.a(lib_a-malloc.o)
                0x08005438                malloc
 .text._malloc_r
                0x08005448      0x440 c:/program files (x86)/atollic/truestudio for arm 7.0.1/armtools/bin/../lib/gcc/arm-atollic-eabi/5.3.1/../../../../arm-atollic-eabi/lib/armv7e-m/fpu/fpv5-sp-d16\libc.a(lib_a-mallocr.o)
                0x08005448                _malloc_r
 .text.memcpy   0x08005888       0x16 c:/program files (x86)/atollic/truestudio for arm 7.0.1/armtools/bin/../lib/gcc/arm-atollic-eabi/5.3.1/../../../../arm-atollic-eabi/lib/armv7e-m/fpu/fpv5-sp-d16\libc.a(lib_a-memcpy-stub.o)
                0x08005888                memcpy
 .text.__malloc_lock
                0x0800589e        0x2 c:/program files (x86)/atollic/truestudio for arm 7.0.1/armtools/bin/../lib/gcc/arm-atollic-eabi/5.3.1/../../../../arm-atollic-eabi/lib/armv7e-m/fpu/fpv5-sp-d16\libc.a(lib_a-mlock.o)
                0x0800589e                __malloc_lock
 .text.__malloc_unlock
                0x080058a0        0x2 c:/program files (x86)/atollic/truestudio for arm 7.0.1/armtools/bin/../lib/gcc/arm-atollic-eabi/5.3.1/../../../../arm-atollic-eabi/lib/armv7e-m/fpu/fpv5-sp-d16\libc.a(lib_a-mlock.o)
                0x080058a0                __malloc_unlock
 .text._Balloc  0x080058a2       0x6a c:/program files (x86)/atollic/truestudio for arm 7.0.1/armtools/bin/../lib/gcc/arm-atollic-eabi/5.3.1/../../../../arm-atollic-eabi/lib/armv7e-m/fpu/fpv5-sp-d16\libc.a(lib_a-mprec.o)
                0x080058a2                _Balloc
 .text._Bfree   0x0800590c       0x2e c:/program files (x86)/atollic/truestudio for arm 7.0.1/armtools/bin/../lib/gcc/arm-atollic-eabi/5.3.1/../../../../arm-atollic-eabi/lib/armv7e-m/fpu/fpv5-sp-d16\libc.a(lib_a-mprec.o)
                0x0800590c                _Bfree
 .text.__multadd
                0x0800593a       0x76 c:/program files (x86)/atollic/truestudio for arm 7.0.1/armtools/bin/../lib/gcc/arm-atollic-eabi/5.3.1/../../../../arm-atollic-eabi/lib/armv7e-m/fpu/fpv5-sp-d16\libc.a(lib_a-mprec.o)
                0x0800593a                __multadd
 .text.__hi0bits
                0x080059b0       0x40 c:/program files (x86)/atollic/truestudio for arm 7.0.1/armtools/bin/../lib/gcc/arm-atollic-eabi/5.3.1/../../../../arm-atollic-eabi/lib/armv7e-m/fpu/fpv5-sp-d16\libc.a(lib_a-mprec.o)
                0x080059b0                __hi0bits
 .text.__lo0bits
                0x080059f0       0x5a c:/program files (x86)/atollic/truestudio for arm 7.0.1/armtools/bin/../lib/gcc/arm-atollic-eabi/5.3.1/../../../../arm-atollic-eabi/lib/armv7e-m/fpu/fpv5-sp-d16\libc.a(lib_a-mprec.o)
                0x080059f0                __lo0bits
 .text.__i2b    0x08005a4a       0x12 c:/program files (x86)/atollic/truestudio for arm 7.0.1/armtools/bin/../lib/gcc/arm-atollic-eabi/5.3.1/../../../../arm-atollic-eabi/lib/armv7e-m/fpu/fpv5-sp-d16\libc.a(lib_a-mprec.o)
                0x08005a4a                __i2b
 .text.__multiply
                0x08005a5c      0x122 c:/program files (x86)/atollic/truestudio for arm 7.0.1/armtools/bin/../lib/gcc/arm-atollic-eabi/5.3.1/../../../../arm-atollic-eabi/lib/armv7e-m/fpu/fpv5-sp-d16\libc.a(lib_a-mprec.o)
                0x08005a5c                __multiply
 *fill*         0x08005b7e        0x2 
 .text.__pow5mult
                0x08005b80       0x9c c:/program files (x86)/atollic/truestudio for arm 7.0.1/armtools/bin/../lib/gcc/arm-atollic-eabi/5.3.1/../../../../arm-atollic-eabi/lib/armv7e-m/fpu/fpv5-sp-d16\libc.a(lib_a-mprec.o)
                0x08005b80                __pow5mult
 .text.__lshift
                0x08005c1c       0xa2 c:/program files (x86)/atollic/truestudio for arm 7.0.1/armtools/bin/../lib/gcc/arm-atollic-eabi/5.3.1/../../../../arm-atollic-eabi/lib/armv7e-m/fpu/fpv5-sp-d16\libc.a(lib_a-mprec.o)
                0x08005c1c                __lshift
 .text.__mcmp   0x08005cbe       0x38 c:/program files (x86)/atollic/truestudio for arm 7.0.1/armtools/bin/../lib/gcc/arm-atollic-eabi/5.3.1/../../../../arm-atollic-eabi/lib/armv7e-m/fpu/fpv5-sp-d16\libc.a(lib_a-mprec.o)
                0x08005cbe                __mcmp
 .text.__mdiff  0x08005cf6       0xbe c:/program files (x86)/atollic/truestudio for arm 7.0.1/armtools/bin/../lib/gcc/arm-atollic-eabi/5.3.1/../../../../arm-atollic-eabi/lib/armv7e-m/fpu/fpv5-sp-d16\libc.a(lib_a-mprec.o)
                0x08005cf6                __mdiff
 .text.__d2b    0x08005db4       0x9c c:/program files (x86)/atollic/truestudio for arm 7.0.1/armtools/bin/../lib/gcc/arm-atollic-eabi/5.3.1/../../../../arm-atollic-eabi/lib/armv7e-m/fpu/fpv5-sp-d16\libc.a(lib_a-mprec.o)
                0x08005db4                __d2b
 .text._sbrk_r  0x08005e50       0x20 c:/program files (x86)/atollic/truestudio for arm 7.0.1/armtools/bin/../lib/gcc/arm-atollic-eabi/5.3.1/../../../../arm-atollic-eabi/lib/armv7e-m/fpu/fpv5-sp-d16\libc.a(lib_a-sbrkr.o)
                0x08005e50                _sbrk_r
 .text.__ssprint_r
                0x08005e70       0xfe c:/program files (x86)/atollic/truestudio for arm 7.0.1/armtools/bin/../lib/gcc/arm-atollic-eabi/5.3.1/../../../../arm-atollic-eabi/lib/armv7e-m/fpu/fpv5-sp-d16\libc.a(lib_a-svfiprintf.o)
                0x08005e70                __ssprint_r
 .text._calloc_r
                0x08005f6e       0x5a c:/program files (x86)/atollic/truestudio for arm 7.0.1/armtools/bin/../lib/gcc/arm-atollic-eabi/5.3.1/../../../../arm-atollic-eabi/lib/armv7e-m/fpu/fpv5-sp-d16\libc.a(lib_a-callocr.o)
                0x08005f6e                _calloc_r
 .text._malloc_trim_r
                0x08005fc8       0xac c:/program files (x86)/atollic/truestudio for arm 7.0.1/armtools/bin/../lib/gcc/arm-atollic-eabi/5.3.1/../../../../arm-atollic-eabi/lib/armv7e-m/fpu/fpv5-sp-d16\libc.a(lib_a-freer.o)
                0x08005fc8                _malloc_trim_r
 .text._free_r  0x08006074      0x17c c:/program files (x86)/atollic/truestudio for arm 7.0.1/armtools/bin/../lib/gcc/arm-atollic-eabi/5.3.1/../../../../arm-atollic-eabi/lib/armv7e-m/fpu/fpv5-sp-d16\libc.a(lib_a-freer.o)
                0x08006074                _free_r
 .text.memmove  0x080061f0       0x36 c:/program files (x86)/atollic/truestudio for arm 7.0.1/armtools/bin/../lib/gcc/arm-atollic-eabi/5.3.1/../../../../arm-atollic-eabi/lib/armv7e-m/fpu/fpv5-sp-d16\libc.a(lib_a-memmove.o)
                0x080061f0                memmove
 .text.memset   0x08006226       0x10 c:/program files (x86)/atollic/truestudio for arm 7.0.1/armtools/bin/../lib/gcc/arm-atollic-eabi/5.3.1/../../../../arm-atollic-eabi/lib/armv7e-m/fpu/fpv5-sp-d16\libc.a(lib_a-memset.o)
                0x08006226                memset
 *fill*         0x08006236        0x2 
 .text._realloc_r
                0x08006238      0x350 c:/program files (x86)/atollic/truestudio for arm 7.0.1/armtools/bin/../lib/gcc/arm-atollic-eabi/5.3.1/../../../../arm-atollic-eabi/lib/armv7e-m/fpu/fpv5-sp-d16\libc.a(lib_a-reallocr.o)
                0x08006238                _realloc_r
 .text._sbrk    0x08006588       0x1c c:/program files (x86)/atollic/truestudio for arm 7.0.1/armtools/bin/../lib/gcc/arm-atollic-eabi/5.3.1/../../../../arm-atollic-eabi/lib/armv7e-m/fpu/fpv5-sp-d16\libnosys.a(sbrk.o)
                0x08006588                _sbrk
 *(.glue_7)
 .glue_7        0x080065a4        0x0 linker stubs
 *(.glue_7t)
 .glue_7t       0x080065a4        0x0 linker stubs
 *(.eh_frame)
 .eh_frame      0x080065a4        0x0 c:/program files (x86)/atollic/truestudio for arm 7.0.1/armtools/bin/../lib/gcc/arm-atollic-eabi/5.3.1/armv7e-m/fpu/fpv5-sp-d16/crtbegin.o
 *(.init)
 .init          0x080065a4        0x4 c:/program files (x86)/atollic/truestudio for arm 7.0.1/armtools/bin/../lib/gcc/arm-atollic-eabi/5.3.1/armv7e-m/fpu/fpv5-sp-d16/crti.o
                0x080065a4                _init
 .init          0x080065a8        0x8 c:/program files (x86)/atollic/truestudio for arm 7.0.1/armtools/bin/../lib/gcc/arm-atollic-eabi/5.3.1/armv7e-m/fpu/fpv5-sp-d16/crtn.o
 *(.fini)
 .fini          0x080065b0        0x4 c:/program files (x86)/atollic/truestudio for arm 7.0.1/armtools/bin/../lib/gcc/arm-atollic-eabi/5.3.1/armv7e-m/fpu/fpv5-sp-d16/crti.o
                0x080065b0                _fini
 .fini          0x080065b4        0x8 c:/program files (x86)/atollic/truestudio for arm 7.0.1/armtools/bin/../lib/gcc/arm-atollic-eabi/5.3.1/armv7e-m/fpu/fpv5-sp-d16/crtn.o
                0x080065bc                . = ALIGN (0x4)
                0x080065bc                _etext = .

.vfp11_veneer   0x080065bc        0x0
 .vfp11_veneer  0x080065bc        0x0 linker stubs

.v4_bx          0x080065bc        0x0
 .v4_bx         0x080065bc        0x0 linker stubs

.iplt           0x080065bc        0x0
 .iplt          0x080065bc        0x0 c:/program files (x86)/atollic/truestudio for arm 7.0.1/armtools/bin/../lib/gcc/arm-atollic-eabi/5.3.1/armv7e-m/fpu/fpv5-sp-d16/crtbegin.o

.rodata         0x080065c0      0x1ac
                0x080065c0                . = ALIGN (0x4)
 *(.rodata)
 *(.rodata*)
 .rodata.CSWTCH.39
                0x080065c0        0x4 Drivers\STM32F7xx_HAL_Driver\Src\stm32f7xx_hal_uart.o
 .rodata.CSWTCH.40
                0x080065c4        0xd Drivers\STM32F7xx_HAL_Driver\Src\stm32f7xx_hal_uart.o
 .rodata.str1.1
                0x080065d1       0x17 Src\main.o
 .rodata.AHBPrescTable
                0x080065e8       0x10 Src\system_stm32f7xx.o
                0x080065e8                AHBPrescTable
 .rodata.APBPrescTable
                0x080065f8        0x8 Src\system_stm32f7xx.o
                0x080065f8                APBPrescTable
 .rodata.zeroes.7045
                0x08006600       0x10 c:/program files (x86)/atollic/truestudio for arm 7.0.1/armtools/bin/../lib/gcc/arm-atollic-eabi/5.3.1/../../../../arm-atollic-eabi/lib/armv7e-m/fpu/fpv5-sp-d16\libc.a(lib_a-svfprintf.o)
 .rodata.str1.1
                0x08006610       0x34 c:/program files (x86)/atollic/truestudio for arm 7.0.1/armtools/bin/../lib/gcc/arm-atollic-eabi/5.3.1/../../../../arm-atollic-eabi/lib/armv7e-m/fpu/fpv5-sp-d16\libc.a(lib_a-svfprintf.o)
 .rodata.blanks.7044
                0x08006644       0x10 c:/program files (x86)/atollic/truestudio for arm 7.0.1/armtools/bin/../lib/gcc/arm-atollic-eabi/5.3.1/../../../../arm-atollic-eabi/lib/armv7e-m/fpu/fpv5-sp-d16\libc.a(lib_a-svfprintf.o)
 .rodata.str1.1
                0x08006654        0xd c:/program files (x86)/atollic/truestudio for arm 7.0.1/armtools/bin/../lib/gcc/arm-atollic-eabi/5.3.1/../../../../arm-atollic-eabi/lib/armv7e-m/fpu/fpv5-sp-d16\libc.a(lib_a-dtoa.o)
                                  0xf (size before relaxing)
 .rodata.str1.1
                0x08006661        0x2 c:/program files (x86)/atollic/truestudio for arm 7.0.1/armtools/bin/../lib/gcc/arm-atollic-eabi/5.3.1/../../../../arm-atollic-eabi/lib/armv7e-m/fpu/fpv5-sp-d16\libc.a(lib_a-impure.o)
 .rodata.str1.1
                0x08006663        0x8 c:/program files (x86)/atollic/truestudio for arm 7.0.1/armtools/bin/../lib/gcc/arm-atollic-eabi/5.3.1/../../../../arm-atollic-eabi/lib/armv7e-m/fpu/fpv5-sp-d16\libc.a(lib_a-locale.o)
                                  0xb (size before relaxing)
 *fill*         0x0800666b        0x5 
 .rodata.__mprec_tens
                0x08006670       0xc8 c:/program files (x86)/atollic/truestudio for arm 7.0.1/armtools/bin/../lib/gcc/arm-atollic-eabi/5.3.1/../../../../arm-atollic-eabi/lib/armv7e-m/fpu/fpv5-sp-d16\libc.a(lib_a-mprec.o)
                0x08006670                __mprec_tens
 .rodata.__mprec_bigtens
                0x08006738       0x28 c:/program files (x86)/atollic/truestudio for arm 7.0.1/armtools/bin/../lib/gcc/arm-atollic-eabi/5.3.1/../../../../arm-atollic-eabi/lib/armv7e-m/fpu/fpv5-sp-d16\libc.a(lib_a-mprec.o)
                0x08006738                __mprec_bigtens
 .rodata.p05.5388
                0x08006760        0xc c:/program files (x86)/atollic/truestudio for arm 7.0.1/armtools/bin/../lib/gcc/arm-atollic-eabi/5.3.1/../../../../arm-atollic-eabi/lib/armv7e-m/fpu/fpv5-sp-d16\libc.a(lib_a-mprec.o)
                0x0800676c                . = ALIGN (0x4)

.ARM.extab
 *(.ARM.extab* .gnu.linkonce.armextab.*)

.ARM            0x0800676c        0x8
                0x0800676c                __exidx_start = .
 *(.ARM.exidx*)
 .ARM.exidx     0x0800676c        0x8 c:/program files (x86)/atollic/truestudio for arm 7.0.1/armtools/bin/../lib/gcc/arm-atollic-eabi/5.3.1/armv7e-m/fpu/fpv5-sp-d16\libgcc.a(_udivmoddi4.o)
                0x08006774                __exidx_end = .

.rel.dyn        0x08006774        0x0
 .rel.iplt      0x08006774        0x0 c:/program files (x86)/atollic/truestudio for arm 7.0.1/armtools/bin/../lib/gcc/arm-atollic-eabi/5.3.1/armv7e-m/fpu/fpv5-sp-d16/crtbegin.o

.preinit_array  0x08006774        0x0
                0x08006774                PROVIDE (__preinit_array_start, .)
 *(.preinit_array*)
                0x08006774                PROVIDE (__preinit_array_end, .)

.init_array     0x08006774        0x4
                0x08006774                PROVIDE (__init_array_start, .)
 *(SORT(.init_array.*))
 *(.init_array*)
 .init_array    0x08006774        0x4 c:/program files (x86)/atollic/truestudio for arm 7.0.1/armtools/bin/../lib/gcc/arm-atollic-eabi/5.3.1/armv7e-m/fpu/fpv5-sp-d16/crtbegin.o
                0x08006778                PROVIDE (__init_array_end, .)

.fini_array     0x08006778        0x4
                [!provide]                PROVIDE (__fini_array_start, .)
 *(SORT(.fini_array.*))
 *(.fini_array*)
 .fini_array    0x08006778        0x4 c:/program files (x86)/atollic/truestudio for arm 7.0.1/armtools/bin/../lib/gcc/arm-atollic-eabi/5.3.1/armv7e-m/fpu/fpv5-sp-d16/crtbegin.o
                [!provide]                PROVIDE (__fini_array_end, .)
                0x0800677c                _sidata = LOADADDR (.data)

.data           0x20000000      0x540 load address 0x0800677c
                0x20000000                . = ALIGN (0x4)
                0x20000000                _sdata = .
 *(.data)
 *(.data*)
 .data.SystemCoreClock
                0x20000000        0x4 Src\system_stm32f7xx.o
                0x20000000                SystemCoreClock
 .data.impure_data
                0x20000004       0xf0 c:/program files (x86)/atollic/truestudio for arm 7.0.1/armtools/bin/../lib/gcc/arm-atollic-eabi/5.3.1/../../../../arm-atollic-eabi/lib/armv7e-m/fpu/fpv5-sp-d16\libc.a(lib_a-impure.o)
 .data._impure_ptr
                0x200000f4        0x4 c:/program files (x86)/atollic/truestudio for arm 7.0.1/armtools/bin/../lib/gcc/arm-atollic-eabi/5.3.1/../../../../arm-atollic-eabi/lib/armv7e-m/fpu/fpv5-sp-d16\libc.a(lib_a-impure.o)
                0x200000f4                _impure_ptr
 .data.lconv    0x200000f8       0x38 c:/program files (x86)/atollic/truestudio for arm 7.0.1/armtools/bin/../lib/gcc/arm-atollic-eabi/5.3.1/../../../../arm-atollic-eabi/lib/armv7e-m/fpu/fpv5-sp-d16\libc.a(lib_a-locale.o)
 .data.__malloc_av_
                0x20000130      0x408 c:/program files (x86)/atollic/truestudio for arm 7.0.1/armtools/bin/../lib/gcc/arm-atollic-eabi/5.3.1/../../../../arm-atollic-eabi/lib/armv7e-m/fpu/fpv5-sp-d16\libc.a(lib_a-mallocr.o)
                0x20000130                __malloc_av_
 .data.__malloc_trim_threshold
                0x20000538        0x4 c:/program files (x86)/atollic/truestudio for arm 7.0.1/armtools/bin/../lib/gcc/arm-atollic-eabi/5.3.1/../../../../arm-atollic-eabi/lib/armv7e-m/fpu/fpv5-sp-d16\libc.a(lib_a-mallocr.o)
                0x20000538                __malloc_trim_threshold
 .data.__malloc_sbrk_base
                0x2000053c        0x4 c:/program files (x86)/atollic/truestudio for arm 7.0.1/armtools/bin/../lib/gcc/arm-atollic-eabi/5.3.1/../../../../arm-atollic-eabi/lib/armv7e-m/fpu/fpv5-sp-d16\libc.a(lib_a-mallocr.o)
                0x2000053c                __malloc_sbrk_base
                0x20000540                . = ALIGN (0x4)
                0x20000540                _edata = .

.igot.plt       0x20000540        0x0 load address 0x08006cbc
 .igot.plt      0x20000540        0x0 c:/program files (x86)/atollic/truestudio for arm 7.0.1/armtools/bin/../lib/gcc/arm-atollic-eabi/5.3.1/armv7e-m/fpu/fpv5-sp-d16/crtbegin.o
                0x20000540                . = ALIGN (0x4)

.bss            0x20000540      0x268 load address 0x08006cbc
                0x20000540                _sbss = .
                0x20000540                __bss_start__ = _sbss
 *(.bss)
 .bss           0x20000540       0x1c c:/program files (x86)/atollic/truestudio for arm 7.0.1/armtools/bin/../lib/gcc/arm-atollic-eabi/5.3.1/armv7e-m/fpu/fpv5-sp-d16/crtbegin.o
 *(.bss*)
 .bss.__malloc_max_total_mem
                0x2000055c        0x4 c:/program files (x86)/atollic/truestudio for arm 7.0.1/armtools/bin/../lib/gcc/arm-atollic-eabi/5.3.1/../../../../arm-atollic-eabi/lib/armv7e-m/fpu/fpv5-sp-d16\libc.a(lib_a-mallocr.o)
                0x2000055c                __malloc_max_total_mem
 .bss.__malloc_max_sbrked_mem
                0x20000560        0x4 c:/program files (x86)/atollic/truestudio for arm 7.0.1/armtools/bin/../lib/gcc/arm-atollic-eabi/5.3.1/../../../../arm-atollic-eabi/lib/armv7e-m/fpu/fpv5-sp-d16\libc.a(lib_a-mallocr.o)
                0x20000560                __malloc_max_sbrked_mem
 .bss.__malloc_top_pad
                0x20000564        0x4 c:/program files (x86)/atollic/truestudio for arm 7.0.1/armtools/bin/../lib/gcc/arm-atollic-eabi/5.3.1/../../../../arm-atollic-eabi/lib/armv7e-m/fpu/fpv5-sp-d16\libc.a(lib_a-mallocr.o)
                0x20000564                __malloc_top_pad
 .bss.__malloc_current_mallinfo
                0x20000568       0x28 c:/program files (x86)/atollic/truestudio for arm 7.0.1/armtools/bin/../lib/gcc/arm-atollic-eabi/5.3.1/../../../../arm-atollic-eabi/lib/armv7e-m/fpu/fpv5-sp-d16\libc.a(lib_a-mallocr.o)
                0x20000568                __malloc_current_mallinfo
 .bss.heap_end.4169
                0x20000590        0x4 c:/program files (x86)/atollic/truestudio for arm 7.0.1/armtools/bin/../lib/gcc/arm-atollic-eabi/5.3.1/../../../../arm-atollic-eabi/lib/armv7e-m/fpu/fpv5-sp-d16\libnosys.a(sbrk.o)
 *(COMMON)
 COMMON         0x20000594        0x4 Drivers\STM32F7xx_HAL_Driver\Src\stm32f7xx_hal.o
                0x20000594                uwTick
 COMMON         0x20000598      0x20c Src\main.o
                0x20000598                htim4
                0x200005d4                htim3
                0x20000610                hadc1
                0x20000658                huart1
                0x200006c8                htim1
                0x20000704                hspi1
                0x20000768                htim2
 COMMON         0x200007a4        0x4 c:/program files (x86)/atollic/truestudio for arm 7.0.1/armtools/bin/../lib/gcc/arm-atollic-eabi/5.3.1/../../../../arm-atollic-eabi/lib/armv7e-m/fpu/fpv5-sp-d16\libc.a(lib_a-reent.o)
                0x200007a4                errno
                0x200007a8                . = ALIGN (0x4)
                0x200007a8                _ebss = .
                0x200007a8                __bss_end__ = _ebss

._user_heap_stack
                0x200007a8      0x600 load address 0x08006cbc
                0x200007a8                . = ALIGN (0x4)
                0x200007a8                PROVIDE (end, .)
                [!provide]                PROVIDE (_end, .)
                0x200009a8                . = (. + _Min_Heap_Size)
 *fill*         0x200007a8      0x200 
                0x20000da8                . = (. + _Min_Stack_Size)
 *fill*         0x200009a8      0x400 
                0x20000da8                . = ALIGN (0x4)

/DISCARD/
 libc.a(*)
 libm.a(*)
 libgcc.a(*)

.ARM.attributes
                0x00000000       0x30
 *(.ARM.attributes)
 .ARM.attributes
                0x00000000       0x22 c:/program files (x86)/atollic/truestudio for arm 7.0.1/armtools/bin/../lib/gcc/arm-atollic-eabi/5.3.1/armv7e-m/fpu/fpv5-sp-d16/crti.o
 .ARM.attributes
                0x00000022       0x34 c:/program files (x86)/atollic/truestudio for arm 7.0.1/armtools/bin/../lib/gcc/arm-atollic-eabi/5.3.1/armv7e-m/fpu/fpv5-sp-d16/crtbegin.o
 .ARM.attributes
                0x00000056       0x21 Drivers\CMSIS\Device\ST\STM32F7xx\Source\Templates\gcc\startup_stm32f746xx.o
 .ARM.attributes
                0x00000077       0x39 Drivers\STM32F7xx_HAL_Driver\Src\stm32f7xx_hal.o
 .ARM.attributes
                0x000000b0       0x39 Drivers\STM32F7xx_HAL_Driver\Src\stm32f7xx_hal_adc.o
 .ARM.attributes
                0x000000e9       0x39 Drivers\STM32F7xx_HAL_Driver\Src\stm32f7xx_hal_cortex.o
 .ARM.attributes
                0x00000122       0x39 Drivers\STM32F7xx_HAL_Driver\Src\stm32f7xx_hal_gpio.o
 .ARM.attributes
                0x0000015b       0x39 Drivers\STM32F7xx_HAL_Driver\Src\stm32f7xx_hal_rcc.o
 .ARM.attributes
                0x00000194       0x39 Drivers\STM32F7xx_HAL_Driver\Src\stm32f7xx_hal_rcc_ex.o
 .ARM.attributes
                0x000001cd       0x39 Drivers\STM32F7xx_HAL_Driver\Src\stm32f7xx_hal_spi.o
 .ARM.attributes
                0x00000206       0x39 Drivers\STM32F7xx_HAL_Driver\Src\stm32f7xx_hal_tim.o
 .ARM.attributes
                0x0000023f       0x39 Drivers\STM32F7xx_HAL_Driver\Src\stm32f7xx_hal_tim_ex.o
 .ARM.attributes
                0x00000278       0x39 Drivers\STM32F7xx_HAL_Driver\Src\stm32f7xx_hal_uart.o
 .ARM.attributes
                0x000002b1       0x39 Src\main.o
 .ARM.attributes
                0x000002ea       0x39 Src\stm32f7xx_hal_msp.o
 .ARM.attributes
                0x00000323       0x39 Src\stm32f7xx_it.o
 .ARM.attributes
                0x0000035c       0x39 Src\system_stm32f7xx.o
 .ARM.attributes
                0x00000395       0x34 c:/program files (x86)/atollic/truestudio for arm 7.0.1/armtools/bin/../lib/gcc/arm-atollic-eabi/5.3.1/../../../../arm-atollic-eabi/lib/armv7e-m/fpu/fpv5-sp-d16\libc.a(lib_a-init.o)
 .ARM.attributes
                0x000003c9       0x34 c:/program files (x86)/atollic/truestudio for arm 7.0.1/armtools/bin/../lib/gcc/arm-atollic-eabi/5.3.1/../../../../arm-atollic-eabi/lib/armv7e-m/fpu/fpv5-sp-d16\libc.a(lib_a-sprintf.o)
 .ARM.attributes
                0x000003fd       0x1b c:/program files (x86)/atollic/truestudio for arm 7.0.1/armtools/bin/../lib/gcc/arm-atollic-eabi/5.3.1/../../../../arm-atollic-eabi/lib/armv7e-m/fpu/fpv5-sp-d16\libc.a(lib_a-strlen.o)
 .ARM.attributes
                0x00000418       0x34 c:/program files (x86)/atollic/truestudio for arm 7.0.1/armtools/bin/../lib/gcc/arm-atollic-eabi/5.3.1/../../../../arm-atollic-eabi/lib/armv7e-m/fpu/fpv5-sp-d16\libc.a(lib_a-svfprintf.o)
 .ARM.attributes
                0x0000044c       0x34 c:/program files (x86)/atollic/truestudio for arm 7.0.1/armtools/bin/../lib/gcc/arm-atollic-eabi/5.3.1/../../../../arm-atollic-eabi/lib/armv7e-m/fpu/fpv5-sp-d16\libc.a(lib_a-dtoa.o)
 .ARM.attributes
                0x00000480       0x34 c:/program files (x86)/atollic/truestudio for arm 7.0.1/armtools/bin/../lib/gcc/arm-atollic-eabi/5.3.1/../../../../arm-atollic-eabi/lib/armv7e-m/fpu/fpv5-sp-d16\libc.a(lib_a-impure.o)
 .ARM.attributes
                0x000004b4       0x34 c:/program files (x86)/atollic/truestudio for arm 7.0.1/armtools/bin/../lib/gcc/arm-atollic-eabi/5.3.1/../../../../arm-atollic-eabi/lib/armv7e-m/fpu/fpv5-sp-d16\libc.a(lib_a-locale.o)
 .ARM.attributes
                0x000004e8       0x34 c:/program files (x86)/atollic/truestudio for arm 7.0.1/armtools/bin/../lib/gcc/arm-atollic-eabi/5.3.1/../../../../arm-atollic-eabi/lib/armv7e-m/fpu/fpv5-sp-d16\libc.a(lib_a-malloc.o)
 .ARM.attributes
                0x0000051c       0x34 c:/program files (x86)/atollic/truestudio for arm 7.0.1/armtools/bin/../lib/gcc/arm-atollic-eabi/5.3.1/../../../../arm-atollic-eabi/lib/armv7e-m/fpu/fpv5-sp-d16\libc.a(lib_a-mallocr.o)
 .ARM.attributes
                0x00000550       0x20 c:/program files (x86)/atollic/truestudio for arm 7.0.1/armtools/bin/../lib/gcc/arm-atollic-eabi/5.3.1/../../../../arm-atollic-eabi/lib/armv7e-m/fpu/fpv5-sp-d16\libc.a(lib_a-memchr.o)
 .ARM.attributes
                0x00000570       0x34 c:/program files (x86)/atollic/truestudio for arm 7.0.1/armtools/bin/../lib/gcc/arm-atollic-eabi/5.3.1/../../../../arm-atollic-eabi/lib/armv7e-m/fpu/fpv5-sp-d16\libc.a(lib_a-memcpy-stub.o)
 .ARM.attributes
                0x000005a4       0x34 c:/program files (x86)/atollic/truestudio for arm 7.0.1/armtools/bin/../lib/gcc/arm-atollic-eabi/5.3.1/../../../../arm-atollic-eabi/lib/armv7e-m/fpu/fpv5-sp-d16\libc.a(lib_a-mlock.o)
 .ARM.attributes
                0x000005d8       0x34 c:/program files (x86)/atollic/truestudio for arm 7.0.1/armtools/bin/../lib/gcc/arm-atollic-eabi/5.3.1/../../../../arm-atollic-eabi/lib/armv7e-m/fpu/fpv5-sp-d16\libc.a(lib_a-mprec.o)
 .ARM.attributes
                0x0000060c       0x34 c:/program files (x86)/atollic/truestudio for arm 7.0.1/armtools/bin/../lib/gcc/arm-atollic-eabi/5.3.1/../../../../arm-atollic-eabi/lib/armv7e-m/fpu/fpv5-sp-d16\libc.a(lib_a-sbrkr.o)
 .ARM.attributes
                0x00000640       0x34 c:/program files (x86)/atollic/truestudio for arm 7.0.1/armtools/bin/../lib/gcc/arm-atollic-eabi/5.3.1/../../../../arm-atollic-eabi/lib/armv7e-m/fpu/fpv5-sp-d16\libc.a(lib_a-svfiprintf.o)
 .ARM.attributes
                0x00000674       0x34 c:/program files (x86)/atollic/truestudio for arm 7.0.1/armtools/bin/../lib/gcc/arm-atollic-eabi/5.3.1/../../../../arm-atollic-eabi/lib/armv7e-m/fpu/fpv5-sp-d16\libc.a(lib_a-callocr.o)
 .ARM.attributes
                0x000006a8       0x34 c:/program files (x86)/atollic/truestudio for arm 7.0.1/armtools/bin/../lib/gcc/arm-atollic-eabi/5.3.1/../../../../arm-atollic-eabi/lib/armv7e-m/fpu/fpv5-sp-d16\libc.a(lib_a-freer.o)
 .ARM.attributes
                0x000006dc       0x34 c:/program files (x86)/atollic/truestudio for arm 7.0.1/armtools/bin/../lib/gcc/arm-atollic-eabi/5.3.1/../../../../arm-atollic-eabi/lib/armv7e-m/fpu/fpv5-sp-d16\libc.a(lib_a-memmove.o)
 .ARM.attributes
                0x00000710       0x34 c:/program files (x86)/atollic/truestudio for arm 7.0.1/armtools/bin/../lib/gcc/arm-atollic-eabi/5.3.1/../../../../arm-atollic-eabi/lib/armv7e-m/fpu/fpv5-sp-d16\libc.a(lib_a-memset.o)
 .ARM.attributes
                0x00000744       0x34 c:/program files (x86)/atollic/truestudio for arm 7.0.1/armtools/bin/../lib/gcc/arm-atollic-eabi/5.3.1/../../../../arm-atollic-eabi/lib/armv7e-m/fpu/fpv5-sp-d16\libc.a(lib_a-reallocr.o)
 .ARM.attributes
                0x00000778       0x34 c:/program files (x86)/atollic/truestudio for arm 7.0.1/armtools/bin/../lib/gcc/arm-atollic-eabi/5.3.1/../../../../arm-atollic-eabi/lib/armv7e-m/fpu/fpv5-sp-d16\libc.a(lib_a-reent.o)
 .ARM.attributes
                0x000007ac       0x22 c:/program files (x86)/atollic/truestudio for arm 7.0.1/armtools/bin/../lib/gcc/arm-atollic-eabi/5.3.1/armv7e-m/fpu/fpv5-sp-d16\libgcc.a(_arm_addsubdf3.o)
 .ARM.attributes
                0x000007ce       0x22 c:/program files (x86)/atollic/truestudio for arm 7.0.1/armtools/bin/../lib/gcc/arm-atollic-eabi/5.3.1/armv7e-m/fpu/fpv5-sp-d16\libgcc.a(_arm_muldivdf3.o)
 .ARM.attributes
                0x000007f0       0x22 c:/program files (x86)/atollic/truestudio for arm 7.0.1/armtools/bin/../lib/gcc/arm-atollic-eabi/5.3.1/armv7e-m/fpu/fpv5-sp-d16\libgcc.a(_arm_cmpdf2.o)
 .ARM.attributes
                0x00000812       0x22 c:/program files (x86)/atollic/truestudio for arm 7.0.1/armtools/bin/../lib/gcc/arm-atollic-eabi/5.3.1/armv7e-m/fpu/fpv5-sp-d16\libgcc.a(_arm_unorddf2.o)
 .ARM.attributes
                0x00000834       0x22 c:/program files (x86)/atollic/truestudio for arm 7.0.1/armtools/bin/../lib/gcc/arm-atollic-eabi/5.3.1/armv7e-m/fpu/fpv5-sp-d16\libgcc.a(_arm_fixdfsi.o)
 .ARM.attributes
                0x00000856       0x22 c:/program files (x86)/atollic/truestudio for arm 7.0.1/armtools/bin/../lib/gcc/arm-atollic-eabi/5.3.1/armv7e-m/fpu/fpv5-sp-d16\libgcc.a(_aeabi_uldivmod.o)
 .ARM.attributes
                0x00000878       0x34 c:/program files (x86)/atollic/truestudio for arm 7.0.1/armtools/bin/../lib/gcc/arm-atollic-eabi/5.3.1/armv7e-m/fpu/fpv5-sp-d16\libgcc.a(_udivmoddi4.o)
 .ARM.attributes
                0x000008ac       0x22 c:/program files (x86)/atollic/truestudio for arm 7.0.1/armtools/bin/../lib/gcc/arm-atollic-eabi/5.3.1/armv7e-m/fpu/fpv5-sp-d16\libgcc.a(_dvmd_tls.o)
 .ARM.attributes
                0x000008ce       0x34 c:/program files (x86)/atollic/truestudio for arm 7.0.1/armtools/bin/../lib/gcc/arm-atollic-eabi/5.3.1/../../../../arm-atollic-eabi/lib/armv7e-m/fpu/fpv5-sp-d16\libnosys.a(sbrk.o)
 .ARM.attributes
                0x00000902       0x22 c:/program files (x86)/atollic/truestudio for arm 7.0.1/armtools/bin/../lib/gcc/arm-atollic-eabi/5.3.1/armv7e-m/fpu/fpv5-sp-d16/crtn.o
OUTPUT(mm747.elf elf32-littlearm)

.debug_line     0x00000000     0x5cca
 .debug_line    0x00000000       0xae Drivers\CMSIS\Device\ST\STM32F7xx\Source\Templates\gcc\startup_stm32f746xx.o
 .debug_line    0x000000ae      0x39a Drivers\STM32F7xx_HAL_Driver\Src\stm32f7xx_hal.o
 .debug_line    0x00000448      0x6dc Drivers\STM32F7xx_HAL_Driver\Src\stm32f7xx_hal_adc.o
 .debug_line    0x00000b24      0x430 Drivers\STM32F7xx_HAL_Driver\Src\stm32f7xx_hal_cortex.o
 .debug_line    0x00000f54      0x3f3 Drivers\STM32F7xx_HAL_Driver\Src\stm32f7xx_hal_gpio.o
 .debug_line    0x00001347      0x62b Drivers\STM32F7xx_HAL_Driver\Src\stm32f7xx_hal_rcc.o
 .debug_line    0x00001972      0x64e Drivers\STM32F7xx_HAL_Driver\Src\stm32f7xx_hal_rcc_ex.o
 .debug_line    0x00001fc0      0xc02 Drivers\STM32F7xx_HAL_Driver\Src\stm32f7xx_hal_spi.o
 .debug_line    0x00002bc2     0x116a Drivers\STM32F7xx_HAL_Driver\Src\stm32f7xx_hal_tim.o
 .debug_line    0x00003d2c      0x808 Drivers\STM32F7xx_HAL_Driver\Src\stm32f7xx_hal_tim_ex.o
 .debug_line    0x00004534      0xb41 Drivers\STM32F7xx_HAL_Driver\Src\stm32f7xx_hal_uart.o
 .debug_line    0x00005075      0x4c1 Src\main.o
 .debug_line    0x00005536      0x3e3 Src\stm32f7xx_hal_msp.o
 .debug_line    0x00005919      0x1f3 Src\stm32f7xx_it.o
 .debug_line    0x00005b0c      0x1be Src\system_stm32f7xx.o

.debug_info     0x00000000    0x1050d
 .debug_info    0x00000000       0x9a Drivers\CMSIS\Device\ST\STM32F7xx\Source\Templates\gcc\startup_stm32f746xx.o
 .debug_info    0x0000009a      0x8e3 Drivers\STM32F7xx_HAL_Driver\Src\stm32f7xx_hal.o
 .debug_info    0x0000097d      0xcbe Drivers\STM32F7xx_HAL_Driver\Src\stm32f7xx_hal_adc.o
 .debug_info    0x0000163b     0x111d Drivers\STM32F7xx_HAL_Driver\Src\stm32f7xx_hal_cortex.o
 .debug_info    0x00002758      0x754 Drivers\STM32F7xx_HAL_Driver\Src\stm32f7xx_hal_gpio.o
 .debug_info    0x00002eac      0xccf Drivers\STM32F7xx_HAL_Driver\Src\stm32f7xx_hal_rcc.o
 .debug_info    0x00003b7b      0xf68 Drivers\STM32F7xx_HAL_Driver\Src\stm32f7xx_hal_rcc_ex.o
 .debug_info    0x00004ae3     0x1ea5 Drivers\STM32F7xx_HAL_Driver\Src\stm32f7xx_hal_spi.o
 .debug_info    0x00006988     0x2d3d Drivers\STM32F7xx_HAL_Driver\Src\stm32f7xx_hal_tim.o
 .debug_info    0x000096c5     0x131a Drivers\STM32F7xx_HAL_Driver\Src\stm32f7xx_hal_tim_ex.o
 .debug_info    0x0000a9df     0x17be Drivers\STM32F7xx_HAL_Driver\Src\stm32f7xx_hal_uart.o
 .debug_info    0x0000c19d     0x23d4 Src\main.o
 .debug_info    0x0000e571     0x1775 Src\stm32f7xx_hal_msp.o
 .debug_info    0x0000fce6      0x142 Src\stm32f7xx_it.o
 .debug_info    0x0000fe28      0x6e5 Src\system_stm32f7xx.o

.debug_abbrev   0x00000000     0x216b
 .debug_abbrev  0x00000000       0x12 Drivers\CMSIS\Device\ST\STM32F7xx\Source\Templates\gcc\startup_stm32f746xx.o
 .debug_abbrev  0x00000012      0x1e2 Drivers\STM32F7xx_HAL_Driver\Src\stm32f7xx_hal.o
 .debug_abbrev  0x000001f4      0x2c5 Drivers\STM32F7xx_HAL_Driver\Src\stm32f7xx_hal_adc.o
 .debug_abbrev  0x000004b9      0x32f Drivers\STM32F7xx_HAL_Driver\Src\stm32f7xx_hal_cortex.o
 .debug_abbrev  0x000007e8      0x1c8 Drivers\STM32F7xx_HAL_Driver\Src\stm32f7xx_hal_gpio.o
 .debug_abbrev  0x000009b0      0x2da Drivers\STM32F7xx_HAL_Driver\Src\stm32f7xx_hal_rcc.o
 .debug_abbrev  0x00000c8a      0x22e Drivers\STM32F7xx_HAL_Driver\Src\stm32f7xx_hal_rcc_ex.o
 .debug_abbrev  0x00000eb8      0x32a Drivers\STM32F7xx_HAL_Driver\Src\stm32f7xx_hal_spi.o
 .debug_abbrev  0x000011e2      0x311 Drivers\STM32F7xx_HAL_Driver\Src\stm32f7xx_hal_tim.o
 .debug_abbrev  0x000014f3      0x270 Drivers\STM32F7xx_HAL_Driver\Src\stm32f7xx_hal_tim_ex.o
 .debug_abbrev  0x00001763      0x329 Drivers\STM32F7xx_HAL_Driver\Src\stm32f7xx_hal_uart.o
 .debug_abbrev  0x00001a8c      0x2b5 Src\main.o
 .debug_abbrev  0x00001d41      0x22d Src\stm32f7xx_hal_msp.o
 .debug_abbrev  0x00001f6e       0xe0 Src\stm32f7xx_it.o
 .debug_abbrev  0x0000204e      0x11d Src\system_stm32f7xx.o

.debug_aranges  0x00000000      0xad8
 .debug_aranges
                0x00000000       0x28 Drivers\CMSIS\Device\ST\STM32F7xx\Source\Templates\gcc\startup_stm32f746xx.o
 .debug_aranges
                0x00000028       0xc8 Drivers\STM32F7xx_HAL_Driver\Src\stm32f7xx_hal.o
 .debug_aranges
                0x000000f0       0xb8 Drivers\STM32F7xx_HAL_Driver\Src\stm32f7xx_hal_adc.o
 .debug_aranges
                0x000001a8       0xa8 Drivers\STM32F7xx_HAL_Driver\Src\stm32f7xx_hal_cortex.o
 .debug_aranges
                0x00000250       0x58 Drivers\STM32F7xx_HAL_Driver\Src\stm32f7xx_hal_gpio.o
 .debug_aranges
                0x000002a8       0x88 Drivers\STM32F7xx_HAL_Driver\Src\stm32f7xx_hal_rcc.o
 .debug_aranges
                0x00000330       0x30 Drivers\STM32F7xx_HAL_Driver\Src\stm32f7xx_hal_rcc_ex.o
 .debug_aranges
                0x00000360      0x198 Drivers\STM32F7xx_HAL_Driver\Src\stm32f7xx_hal_spi.o
 .debug_aranges
                0x000004f8      0x260 Drivers\STM32F7xx_HAL_Driver\Src\stm32f7xx_hal_tim.o
 .debug_aranges
                0x00000758      0x120 Drivers\STM32F7xx_HAL_Driver\Src\stm32f7xx_hal_tim_ex.o
 .debug_aranges
                0x00000878      0x148 Drivers\STM32F7xx_HAL_Driver\Src\stm32f7xx_hal_uart.o
 .debug_aranges
                0x000009c0       0x30 Src\main.o
 .debug_aranges
                0x000009f0       0x78 Src\stm32f7xx_hal_msp.o
 .debug_aranges
                0x00000a68       0x48 Src\stm32f7xx_it.o
 .debug_aranges
                0x00000ab0       0x28 Src\system_stm32f7xx.o

.debug_ranges   0x00000000     0x11a0
 .debug_ranges  0x00000000       0x20 Drivers\CMSIS\Device\ST\STM32F7xx\Source\Templates\gcc\startup_stm32f746xx.o
 .debug_ranges  0x00000020       0xb8 Drivers\STM32F7xx_HAL_Driver\Src\stm32f7xx_hal.o
 .debug_ranges  0x000000d8       0xc0 Drivers\STM32F7xx_HAL_Driver\Src\stm32f7xx_hal_adc.o
 .debug_ranges  0x00000198      0x150 Drivers\STM32F7xx_HAL_Driver\Src\stm32f7xx_hal_cortex.o
 .debug_ranges  0x000002e8       0x70 Drivers\STM32F7xx_HAL_Driver\Src\stm32f7xx_hal_gpio.o
 .debug_ranges  0x00000358      0x1b0 Drivers\STM32F7xx_HAL_Driver\Src\stm32f7xx_hal_rcc.o
 .debug_ranges  0x00000508      0x320 Drivers\STM32F7xx_HAL_Driver\Src\stm32f7xx_hal_rcc_ex.o
 .debug_ranges  0x00000828      0x1d0 Drivers\STM32F7xx_HAL_Driver\Src\stm32f7xx_hal_spi.o
 .debug_ranges  0x000009f8      0x2e8 Drivers\STM32F7xx_HAL_Driver\Src\stm32f7xx_hal_tim.o
 .debug_ranges  0x00000ce0      0x110 Drivers\STM32F7xx_HAL_Driver\Src\stm32f7xx_hal_tim_ex.o
 .debug_ranges  0x00000df0      0x138 Drivers\STM32F7xx_HAL_Driver\Src\stm32f7xx_hal_uart.o
 .debug_ranges  0x00000f28      0x148 Src\main.o
 .debug_ranges  0x00001070       0xe0 Src\stm32f7xx_hal_msp.o
 .debug_ranges  0x00001150       0x38 Src\stm32f7xx_it.o
 .debug_ranges  0x00001188       0x18 Src\system_stm32f7xx.o

.debug_loc      0x00000000     0x8afb
 .debug_loc     0x00000000       0x6a Drivers\STM32F7xx_HAL_Driver\Src\stm32f7xx_hal.o
 .debug_loc     0x0000006a      0x771 Drivers\STM32F7xx_HAL_Driver\Src\stm32f7xx_hal_adc.o
 .debug_loc     0x000007db      0x4ee Drivers\STM32F7xx_HAL_Driver\Src\stm32f7xx_hal_cortex.o
 .debug_loc     0x00000cc9      0x34f Drivers\STM32F7xx_HAL_Driver\Src\stm32f7xx_hal_gpio.o
 .debug_loc     0x00001018      0x49b Drivers\STM32F7xx_HAL_Driver\Src\stm32f7xx_hal_rcc.o
 .debug_loc     0x000014b3      0x9b4 Drivers\STM32F7xx_HAL_Driver\Src\stm32f7xx_hal_rcc_ex.o
 .debug_loc     0x00001e67     0x1a5e Drivers\STM32F7xx_HAL_Driver\Src\stm32f7xx_hal_spi.o
 .debug_loc     0x000038c5     0x2f22 Drivers\STM32F7xx_HAL_Driver\Src\stm32f7xx_hal_tim.o
 .debug_loc     0x000067e7      0xdb1 Drivers\STM32F7xx_HAL_Driver\Src\stm32f7xx_hal_tim_ex.o
 .debug_loc     0x00007598     0x129f Drivers\STM32F7xx_HAL_Driver\Src\stm32f7xx_hal_uart.o
 .debug_loc     0x00008837       0x51 Src\main.o
 .debug_loc     0x00008888      0x187 Src\stm32f7xx_hal_msp.o
 .debug_loc     0x00008a0f       0xec Src\system_stm32f7xx.o

.debug_str      0x00000000     0x3f53
 .debug_str     0x00000000      0xb2f Drivers\STM32F7xx_HAL_Driver\Src\stm32f7xx_hal.o
                                0xb84 (size before relaxing)
 .debug_str     0x00000b2f      0x669 Drivers\STM32F7xx_HAL_Driver\Src\stm32f7xx_hal_adc.o
                                0x8f5 (size before relaxing)
 .debug_str     0x00001198      0x487 Drivers\STM32F7xx_HAL_Driver\Src\stm32f7xx_hal_cortex.o
                                0xdb2 (size before relaxing)
 .debug_str     0x0000161f      0x1a2 Drivers\STM32F7xx_HAL_Driver\Src\stm32f7xx_hal_gpio.o
                                0x522 (size before relaxing)
 .debug_str     0x000017c1      0x30e Drivers\STM32F7xx_HAL_Driver\Src\stm32f7xx_hal_rcc.o
                                0x703 (size before relaxing)
 .debug_str     0x00001acf      0x359 Drivers\STM32F7xx_HAL_Driver\Src\stm32f7xx_hal_rcc_ex.o
                                0x6ba (size before relaxing)
 .debug_str     0x00001e28      0x655 Drivers\STM32F7xx_HAL_Driver\Src\stm32f7xx_hal_spi.o
                                0xb29 (size before relaxing)
 .debug_str     0x0000247d      0xc62 Drivers\STM32F7xx_HAL_Driver\Src\stm32f7xx_hal_tim.o
                               0x1140 (size before relaxing)
 .debug_str     0x000030df      0x4c5 Drivers\STM32F7xx_HAL_Driver\Src\stm32f7xx_hal_tim_ex.o
                                0xd5d (size before relaxing)
 .debug_str     0x000035a4      0x6d1 Drivers\STM32F7xx_HAL_Driver\Src\stm32f7xx_hal_uart.o
                                0xda8 (size before relaxing)
 .debug_str     0x00003c75      0x12a Src\main.o
                               0x1ac2 (size before relaxing)
 .debug_str     0x00003d9f       0xf2 Src\stm32f7xx_hal_msp.o
                               0x1403 (size before relaxing)
 .debug_str     0x00003e91       0x7d Src\stm32f7xx_it.o
                                0x23d (size before relaxing)
 .debug_str     0x00003f0e       0x45 Src\system_stm32f7xx.o
                                0x47b (size before relaxing)

.comment        0x00000000       0x7e
 .comment       0x00000000       0x7e Drivers\STM32F7xx_HAL_Driver\Src\stm32f7xx_hal.o
                                 0x7f (size before relaxing)
 .comment       0x0000007e       0x7f Drivers\STM32F7xx_HAL_Driver\Src\stm32f7xx_hal_adc.o
 .comment       0x0000007e       0x7f Drivers\STM32F7xx_HAL_Driver\Src\stm32f7xx_hal_cortex.o
 .comment       0x0000007e       0x7f Drivers\STM32F7xx_HAL_Driver\Src\stm32f7xx_hal_gpio.o
 .comment       0x0000007e       0x7f Drivers\STM32F7xx_HAL_Driver\Src\stm32f7xx_hal_rcc.o
 .comment       0x0000007e       0x7f Drivers\STM32F7xx_HAL_Driver\Src\stm32f7xx_hal_rcc_ex.o
 .comment       0x0000007e       0x7f Drivers\STM32F7xx_HAL_Driver\Src\stm32f7xx_hal_spi.o
 .comment       0x0000007e       0x7f Drivers\STM32F7xx_HAL_Driver\Src\stm32f7xx_hal_tim.o
 .comment       0x0000007e       0x7f Drivers\STM32F7xx_HAL_Driver\Src\stm32f7xx_hal_tim_ex.o
 .comment       0x0000007e       0x7f Drivers\STM32F7xx_HAL_Driver\Src\stm32f7xx_hal_uart.o
 .comment       0x0000007e       0x7f Src\main.o
 .comment       0x0000007e       0x7f Src\stm32f7xx_hal_msp.o
 .comment       0x0000007e       0x7f Src\stm32f7xx_it.o
 .comment       0x0000007e       0x7f Src\system_stm32f7xx.o

.debug_frame    0x00000000     0x276c
 .debug_frame   0x00000000      0x1a4 Drivers\STM32F7xx_HAL_Driver\Src\stm32f7xx_hal.o
 .debug_frame   0x000001a4      0x23c Drivers\STM32F7xx_HAL_Driver\Src\stm32f7xx_hal_adc.o
 .debug_frame   0x000003e0      0x150 Drivers\STM32F7xx_HAL_Driver\Src\stm32f7xx_hal_cortex.o
 .debug_frame   0x00000530       0xd4 Drivers\STM32F7xx_HAL_Driver\Src\stm32f7xx_hal_gpio.o
 .debug_frame   0x00000604      0x138 Drivers\STM32F7xx_HAL_Driver\Src\stm32f7xx_hal_rcc.o
 .debug_frame   0x0000073c       0x6c Drivers\STM32F7xx_HAL_Driver\Src\stm32f7xx_hal_rcc_ex.o
 .debug_frame   0x000007a8      0x58c Drivers\STM32F7xx_HAL_Driver\Src\stm32f7xx_hal_spi.o
 .debug_frame   0x00000d34      0x87c Drivers\STM32F7xx_HAL_Driver\Src\stm32f7xx_hal_tim.o
 .debug_frame   0x000015b0      0x3c8 Drivers\STM32F7xx_HAL_Driver\Src\stm32f7xx_hal_tim_ex.o
 .debug_frame   0x00001978      0x41c Drivers\STM32F7xx_HAL_Driver\Src\stm32f7xx_hal_uart.o
 .debug_frame   0x00001d94       0x60 Src\main.o
 .debug_frame   0x00001df4      0x12c Src\stm32f7xx_hal_msp.o
 .debug_frame   0x00001f20       0xac Src\stm32f7xx_it.o
 .debug_frame   0x00001fcc       0x30 Src\system_stm32f7xx.o
 .debug_frame   0x00001ffc       0x2c c:/program files (x86)/atollic/truestudio for arm 7.0.1/armtools/bin/../lib/gcc/arm-atollic-eabi/5.3.1/../../../../arm-atollic-eabi/lib/armv7e-m/fpu/fpv5-sp-d16\libc.a(lib_a-init.o)
 .debug_frame   0x00002028       0x70 c:/program files (x86)/atollic/truestudio for arm 7.0.1/armtools/bin/../lib/gcc/arm-atollic-eabi/5.3.1/../../../../arm-atollic-eabi/lib/armv7e-m/fpu/fpv5-sp-d16\libc.a(lib_a-sprintf.o)
 .debug_frame   0x00002098       0x40 c:/program files (x86)/atollic/truestudio for arm 7.0.1/armtools/bin/../lib/gcc/arm-atollic-eabi/5.3.1/../../../../arm-atollic-eabi/lib/armv7e-m/fpu/fpv5-sp-d16\libc.a(lib_a-svfprintf.o)
 .debug_frame   0x000020d8       0x6c c:/program files (x86)/atollic/truestudio for arm 7.0.1/armtools/bin/../lib/gcc/arm-atollic-eabi/5.3.1/../../../../arm-atollic-eabi/lib/armv7e-m/fpu/fpv5-sp-d16\libc.a(lib_a-dtoa.o)
 .debug_frame   0x00002144       0x98 c:/program files (x86)/atollic/truestudio for arm 7.0.1/armtools/bin/../lib/gcc/arm-atollic-eabi/5.3.1/../../../../arm-atollic-eabi/lib/armv7e-m/fpu/fpv5-sp-d16\libc.a(lib_a-locale.o)
 .debug_frame   0x000021dc       0x30 c:/program files (x86)/atollic/truestudio for arm 7.0.1/armtools/bin/../lib/gcc/arm-atollic-eabi/5.3.1/../../../../arm-atollic-eabi/lib/armv7e-m/fpu/fpv5-sp-d16\libc.a(lib_a-malloc.o)
 .debug_frame   0x0000220c       0x40 c:/program files (x86)/atollic/truestudio for arm 7.0.1/armtools/bin/../lib/gcc/arm-atollic-eabi/5.3.1/../../../../arm-atollic-eabi/lib/armv7e-m/fpu/fpv5-sp-d16\libc.a(lib_a-mallocr.o)
 .debug_frame   0x0000224c       0x28 c:/program files (x86)/atollic/truestudio for arm 7.0.1/armtools/bin/../lib/gcc/arm-atollic-eabi/5.3.1/../../../../arm-atollic-eabi/lib/armv7e-m/fpu/fpv5-sp-d16\libc.a(lib_a-memcpy-stub.o)
 .debug_frame   0x00002274       0x30 c:/program files (x86)/atollic/truestudio for arm 7.0.1/armtools/bin/../lib/gcc/arm-atollic-eabi/5.3.1/../../../../arm-atollic-eabi/lib/armv7e-m/fpu/fpv5-sp-d16\libc.a(lib_a-mlock.o)
 .debug_frame   0x000022a4      0x238 c:/program files (x86)/atollic/truestudio for arm 7.0.1/armtools/bin/../lib/gcc/arm-atollic-eabi/5.3.1/../../../../arm-atollic-eabi/lib/armv7e-m/fpu/fpv5-sp-d16\libc.a(lib_a-mprec.o)
 .debug_frame   0x000024dc       0x2c c:/program files (x86)/atollic/truestudio for arm 7.0.1/armtools/bin/../lib/gcc/arm-atollic-eabi/5.3.1/../../../../arm-atollic-eabi/lib/armv7e-m/fpu/fpv5-sp-d16\libc.a(lib_a-sbrkr.o)
 .debug_frame   0x00002508       0x6c c:/program files (x86)/atollic/truestudio for arm 7.0.1/armtools/bin/../lib/gcc/arm-atollic-eabi/5.3.1/../../../../arm-atollic-eabi/lib/armv7e-m/fpu/fpv5-sp-d16\libc.a(lib_a-svfiprintf.o)
 .debug_frame   0x00002574       0x28 c:/program files (x86)/atollic/truestudio for arm 7.0.1/armtools/bin/../lib/gcc/arm-atollic-eabi/5.3.1/../../../../arm-atollic-eabi/lib/armv7e-m/fpu/fpv5-sp-d16\libc.a(lib_a-callocr.o)
 .debug_frame   0x0000259c       0x60 c:/program files (x86)/atollic/truestudio for arm 7.0.1/armtools/bin/../lib/gcc/arm-atollic-eabi/5.3.1/../../../../arm-atollic-eabi/lib/armv7e-m/fpu/fpv5-sp-d16\libc.a(lib_a-freer.o)
 .debug_frame   0x000025fc       0x28 c:/program files (x86)/atollic/truestudio for arm 7.0.1/armtools/bin/../lib/gcc/arm-atollic-eabi/5.3.1/../../../../arm-atollic-eabi/lib/armv7e-m/fpu/fpv5-sp-d16\libc.a(lib_a-memmove.o)
 .debug_frame   0x00002624       0x20 c:/program files (x86)/atollic/truestudio for arm 7.0.1/armtools/bin/../lib/gcc/arm-atollic-eabi/5.3.1/../../../../arm-atollic-eabi/lib/armv7e-m/fpu/fpv5-sp-d16\libc.a(lib_a-memset.o)
 .debug_frame   0x00002644       0x4c c:/program files (x86)/atollic/truestudio for arm 7.0.1/armtools/bin/../lib/gcc/arm-atollic-eabi/5.3.1/../../../../arm-atollic-eabi/lib/armv7e-m/fpu/fpv5-sp-d16\libc.a(lib_a-reallocr.o)
 .debug_frame   0x00002690       0x5c c:/program files (x86)/atollic/truestudio for arm 7.0.1/armtools/bin/../lib/gcc/arm-atollic-eabi/5.3.1/../../../../arm-atollic-eabi/lib/armv7e-m/fpu/fpv5-sp-d16\libc.a(lib_a-reent.o)
 .debug_frame   0x000026ec       0x2c c:/program files (x86)/atollic/truestudio for arm 7.0.1/armtools/bin/../lib/gcc/arm-atollic-eabi/5.3.1/armv7e-m/fpu/fpv5-sp-d16\libgcc.a(_aeabi_uldivmod.o)
 .debug_frame   0x00002718       0x34 c:/program files (x86)/atollic/truestudio for arm 7.0.1/armtools/bin/../lib/gcc/arm-atollic-eabi/5.3.1/armv7e-m/fpu/fpv5-sp-d16\libgcc.a(_udivmoddi4.o)
 .debug_frame   0x0000274c       0x20 c:/program files (x86)/atollic/truestudio for arm 7.0.1/armtools/bin/../lib/gcc/arm-atollic-eabi/5.3.1/../../../../arm-atollic-eabi/lib/armv7e-m/fpu/fpv5-sp-d16\libnosys.a(sbrk.o)

Cross Reference Table

Symbol                                            File
ADC_IRQHandler                                    Drivers\CMSIS\Device\ST\STM32F7xx\Source\Templates\gcc\startup_stm32f746xx.o
AHBPrescTable                                     Src\system_stm32f7xx.o
                                                  Drivers\STM32F7xx_HAL_Driver\Src\stm32f7xx_hal_rcc.o
APBPrescTable                                     Src\system_stm32f7xx.o
                                                  Drivers\STM32F7xx_HAL_Driver\Src\stm32f7xx_hal_rcc.o
BusFault_Handler                                  Src\stm32f7xx_it.o
                                                  Drivers\CMSIS\Device\ST\STM32F7xx\Source\Templates\gcc\startup_stm32f746xx.o
CAN1_RX0_IRQHandler                               Drivers\CMSIS\Device\ST\STM32F7xx\Source\Templates\gcc\startup_stm32f746xx.o
CAN1_RX1_IRQHandler                               Drivers\CMSIS\Device\ST\STM32F7xx\Source\Templates\gcc\startup_stm32f746xx.o
CAN1_SCE_IRQHandler                               Drivers\CMSIS\Device\ST\STM32F7xx\Source\Templates\gcc\startup_stm32f746xx.o
CAN1_TX_IRQHandler                                Drivers\CMSIS\Device\ST\STM32F7xx\Source\Templates\gcc\startup_stm32f746xx.o
CAN2_RX0_IRQHandler                               Drivers\CMSIS\Device\ST\STM32F7xx\Source\Templates\gcc\startup_stm32f746xx.o
CAN2_RX1_IRQHandler                               Drivers\CMSIS\Device\ST\STM32F7xx\Source\Templates\gcc\startup_stm32f746xx.o
CAN2_SCE_IRQHandler                               Drivers\CMSIS\Device\ST\STM32F7xx\Source\Templates\gcc\startup_stm32f746xx.o
CAN2_TX_IRQHandler                                Drivers\CMSIS\Device\ST\STM32F7xx\Source\Templates\gcc\startup_stm32f746xx.o
CEC_IRQHandler                                    Drivers\CMSIS\Device\ST\STM32F7xx\Source\Templates\gcc\startup_stm32f746xx.o
DCMI_IRQHandler                                   Drivers\CMSIS\Device\ST\STM32F7xx\Source\Templates\gcc\startup_stm32f746xx.o
DMA1_Stream0_IRQHandler                           Drivers\CMSIS\Device\ST\STM32F7xx\Source\Templates\gcc\startup_stm32f746xx.o
DMA1_Stream1_IRQHandler                           Drivers\CMSIS\Device\ST\STM32F7xx\Source\Templates\gcc\startup_stm32f746xx.o
DMA1_Stream2_IRQHandler                           Drivers\CMSIS\Device\ST\STM32F7xx\Source\Templates\gcc\startup_stm32f746xx.o
DMA1_Stream3_IRQHandler                           Drivers\CMSIS\Device\ST\STM32F7xx\Source\Templates\gcc\startup_stm32f746xx.o
DMA1_Stream4_IRQHandler                           Drivers\CMSIS\Device\ST\STM32F7xx\Source\Templates\gcc\startup_stm32f746xx.o
DMA1_Stream5_IRQHandler                           Drivers\CMSIS\Device\ST\STM32F7xx\Source\Templates\gcc\startup_stm32f746xx.o
DMA1_Stream6_IRQHandler                           Drivers\CMSIS\Device\ST\STM32F7xx\Source\Templates\gcc\startup_stm32f746xx.o
DMA1_Stream7_IRQHandler                           Drivers\CMSIS\Device\ST\STM32F7xx\Source\Templates\gcc\startup_stm32f746xx.o
DMA2D_IRQHandler                                  Drivers\CMSIS\Device\ST\STM32F7xx\Source\Templates\gcc\startup_stm32f746xx.o
DMA2_Stream0_IRQHandler                           Drivers\CMSIS\Device\ST\STM32F7xx\Source\Templates\gcc\startup_stm32f746xx.o
DMA2_Stream1_IRQHandler                           Drivers\CMSIS\Device\ST\STM32F7xx\Source\Templates\gcc\startup_stm32f746xx.o
DMA2_Stream2_IRQHandler                           Drivers\CMSIS\Device\ST\STM32F7xx\Source\Templates\gcc\startup_stm32f746xx.o
DMA2_Stream3_IRQHandler                           Drivers\CMSIS\Device\ST\STM32F7xx\Source\Templates\gcc\startup_stm32f746xx.o
DMA2_Stream4_IRQHandler                           Drivers\CMSIS\Device\ST\STM32F7xx\Source\Templates\gcc\startup_stm32f746xx.o
DMA2_Stream5_IRQHandler                           Drivers\CMSIS\Device\ST\STM32F7xx\Source\Templates\gcc\startup_stm32f746xx.o
DMA2_Stream6_IRQHandler                           Drivers\CMSIS\Device\ST\STM32F7xx\Source\Templates\gcc\startup_stm32f746xx.o
DMA2_Stream7_IRQHandler                           Drivers\CMSIS\Device\ST\STM32F7xx\Source\Templates\gcc\startup_stm32f746xx.o
DebugMon_Handler                                  Src\stm32f7xx_it.o
                                                  Drivers\CMSIS\Device\ST\STM32F7xx\Source\Templates\gcc\startup_stm32f746xx.o
Default_Handler                                   Drivers\CMSIS\Device\ST\STM32F7xx\Source\Templates\gcc\startup_stm32f746xx.o
ETH_IRQHandler                                    Drivers\CMSIS\Device\ST\STM32F7xx\Source\Templates\gcc\startup_stm32f746xx.o
ETH_WKUP_IRQHandler                               Drivers\CMSIS\Device\ST\STM32F7xx\Source\Templates\gcc\startup_stm32f746xx.o
EXTI0_IRQHandler                                  Drivers\CMSIS\Device\ST\STM32F7xx\Source\Templates\gcc\startup_stm32f746xx.o
EXTI15_10_IRQHandler                              Drivers\CMSIS\Device\ST\STM32F7xx\Source\Templates\gcc\startup_stm32f746xx.o
EXTI1_IRQHandler                                  Drivers\CMSIS\Device\ST\STM32F7xx\Source\Templates\gcc\startup_stm32f746xx.o
EXTI2_IRQHandler                                  Drivers\CMSIS\Device\ST\STM32F7xx\Source\Templates\gcc\startup_stm32f746xx.o
EXTI3_IRQHandler                                  Drivers\CMSIS\Device\ST\STM32F7xx\Source\Templates\gcc\startup_stm32f746xx.o
EXTI4_IRQHandler                                  Drivers\CMSIS\Device\ST\STM32F7xx\Source\Templates\gcc\startup_stm32f746xx.o
EXTI9_5_IRQHandler                                Drivers\CMSIS\Device\ST\STM32F7xx\Source\Templates\gcc\startup_stm32f746xx.o
Error_Handler                                     Src\main.o
FLASH_Erase_Sector                                Drivers\STM32F7xx_HAL_Driver\Src\stm32f7xx_hal_flash_ex.o
                                                  Drivers\STM32F7xx_HAL_Driver\Src\stm32f7xx_hal_flash.o
FLASH_IRQHandler                                  Drivers\CMSIS\Device\ST\STM32F7xx\Source\Templates\gcc\startup_stm32f746xx.o
FLASH_WaitForLastOperation                        Drivers\STM32F7xx_HAL_Driver\Src\stm32f7xx_hal_flash.o
                                                  Drivers\STM32F7xx_HAL_Driver\Src\stm32f7xx_hal_flash_ex.o
FMC_IRQHandler                                    Drivers\CMSIS\Device\ST\STM32F7xx\Source\Templates\gcc\startup_stm32f746xx.o
FPU_IRQHandler                                    Drivers\CMSIS\Device\ST\STM32F7xx\Source\Templates\gcc\startup_stm32f746xx.o
HAL_ADCEx_InjectedConfigChannel                   Drivers\STM32F7xx_HAL_Driver\Src\stm32f7xx_hal_adc_ex.o
HAL_ADCEx_InjectedConvCpltCallback                Drivers\STM32F7xx_HAL_Driver\Src\stm32f7xx_hal_adc_ex.o
                                                  Drivers\STM32F7xx_HAL_Driver\Src\stm32f7xx_hal_adc.o
HAL_ADCEx_InjectedGetValue                        Drivers\STM32F7xx_HAL_Driver\Src\stm32f7xx_hal_adc_ex.o
HAL_ADCEx_InjectedPollForConversion               Drivers\STM32F7xx_HAL_Driver\Src\stm32f7xx_hal_adc_ex.o
HAL_ADCEx_InjectedStart                           Drivers\STM32F7xx_HAL_Driver\Src\stm32f7xx_hal_adc_ex.o
HAL_ADCEx_InjectedStart_IT                        Drivers\STM32F7xx_HAL_Driver\Src\stm32f7xx_hal_adc_ex.o
HAL_ADCEx_InjectedStop                            Drivers\STM32F7xx_HAL_Driver\Src\stm32f7xx_hal_adc_ex.o
HAL_ADCEx_InjectedStop_IT                         Drivers\STM32F7xx_HAL_Driver\Src\stm32f7xx_hal_adc_ex.o
HAL_ADCEx_MultiModeConfigChannel                  Drivers\STM32F7xx_HAL_Driver\Src\stm32f7xx_hal_adc_ex.o
HAL_ADCEx_MultiModeGetValue                       Drivers\STM32F7xx_HAL_Driver\Src\stm32f7xx_hal_adc_ex.o
HAL_ADCEx_MultiModeStart_DMA                      Drivers\STM32F7xx_HAL_Driver\Src\stm32f7xx_hal_adc_ex.o
HAL_ADCEx_MultiModeStop_DMA                       Drivers\STM32F7xx_HAL_Driver\Src\stm32f7xx_hal_adc_ex.o
HAL_ADC_AnalogWDGConfig                           Drivers\STM32F7xx_HAL_Driver\Src\stm32f7xx_hal_adc.o
HAL_ADC_ConfigChannel                             Drivers\STM32F7xx_HAL_Driver\Src\stm32f7xx_hal_adc.o
                                                  Src\main.o
HAL_ADC_ConvCpltCallback                          Drivers\STM32F7xx_HAL_Driver\Src\stm32f7xx_hal_adc.o
                                                  Drivers\STM32F7xx_HAL_Driver\Src\stm32f7xx_hal_adc_ex.o
HAL_ADC_ConvHalfCpltCallback                      Drivers\STM32F7xx_HAL_Driver\Src\stm32f7xx_hal_adc.o
                                                  Drivers\STM32F7xx_HAL_Driver\Src\stm32f7xx_hal_adc_ex.o
HAL_ADC_DeInit                                    Drivers\STM32F7xx_HAL_Driver\Src\stm32f7xx_hal_adc.o
HAL_ADC_ErrorCallback                             Drivers\STM32F7xx_HAL_Driver\Src\stm32f7xx_hal_adc.o
                                                  Drivers\STM32F7xx_HAL_Driver\Src\stm32f7xx_hal_adc_ex.o
HAL_ADC_GetError                                  Drivers\STM32F7xx_HAL_Driver\Src\stm32f7xx_hal_adc.o
HAL_ADC_GetState                                  Drivers\STM32F7xx_HAL_Driver\Src\stm32f7xx_hal_adc.o
HAL_ADC_GetValue                                  Drivers\STM32F7xx_HAL_Driver\Src\stm32f7xx_hal_adc.o
                                                  Src\main.o
HAL_ADC_IRQHandler                                Drivers\STM32F7xx_HAL_Driver\Src\stm32f7xx_hal_adc.o
HAL_ADC_Init                                      Drivers\STM32F7xx_HAL_Driver\Src\stm32f7xx_hal_adc.o
                                                  Src\main.o
HAL_ADC_LevelOutOfWindowCallback                  Drivers\STM32F7xx_HAL_Driver\Src\stm32f7xx_hal_adc.o
HAL_ADC_MspDeInit                                 Src\stm32f7xx_hal_msp.o
                                                  Drivers\STM32F7xx_HAL_Driver\Src\stm32f7xx_hal_adc.o
HAL_ADC_MspInit                                   Src\stm32f7xx_hal_msp.o
                                                  Drivers\STM32F7xx_HAL_Driver\Src\stm32f7xx_hal_adc.o
HAL_ADC_PollForConversion                         Drivers\STM32F7xx_HAL_Driver\Src\stm32f7xx_hal_adc.o
                                                  Src\main.o
HAL_ADC_PollForEvent                              Drivers\STM32F7xx_HAL_Driver\Src\stm32f7xx_hal_adc.o
HAL_ADC_Start                                     Drivers\STM32F7xx_HAL_Driver\Src\stm32f7xx_hal_adc.o
                                                  Src\main.o
HAL_ADC_Start_DMA                                 Drivers\STM32F7xx_HAL_Driver\Src\stm32f7xx_hal_adc.o
HAL_ADC_Start_IT                                  Drivers\STM32F7xx_HAL_Driver\Src\stm32f7xx_hal_adc.o
HAL_ADC_Stop                                      Drivers\STM32F7xx_HAL_Driver\Src\stm32f7xx_hal_adc.o
                                                  Src\main.o
HAL_ADC_Stop_DMA                                  Drivers\STM32F7xx_HAL_Driver\Src\stm32f7xx_hal_adc.o
HAL_ADC_Stop_IT                                   Drivers\STM32F7xx_HAL_Driver\Src\stm32f7xx_hal_adc.o
HAL_DBGMCU_DisableDBGSleepMode                    Drivers\STM32F7xx_HAL_Driver\Src\stm32f7xx_hal.o
HAL_DBGMCU_DisableDBGStandbyMode                  Drivers\STM32F7xx_HAL_Driver\Src\stm32f7xx_hal.o
HAL_DBGMCU_DisableDBGStopMode                     Drivers\STM32F7xx_HAL_Driver\Src\stm32f7xx_hal.o
HAL_DBGMCU_EnableDBGSleepMode                     Drivers\STM32F7xx_HAL_Driver\Src\stm32f7xx_hal.o
HAL_DBGMCU_EnableDBGStandbyMode                   Drivers\STM32F7xx_HAL_Driver\Src\stm32f7xx_hal.o
HAL_DBGMCU_EnableDBGStopMode                      Drivers\STM32F7xx_HAL_Driver\Src\stm32f7xx_hal.o
HAL_DMAEx_ChangeMemory                            Drivers\STM32F7xx_HAL_Driver\Src\stm32f7xx_hal_dma_ex.o
HAL_DMAEx_MultiBufferStart                        Drivers\STM32F7xx_HAL_Driver\Src\stm32f7xx_hal_dma_ex.o
HAL_DMAEx_MultiBufferStart_IT                     Drivers\STM32F7xx_HAL_Driver\Src\stm32f7xx_hal_dma_ex.o
HAL_DMA_Abort                                     Drivers\STM32F7xx_HAL_Driver\Src\stm32f7xx_hal_dma.o
                                                  Drivers\STM32F7xx_HAL_Driver\Src\stm32f7xx_hal_uart.o
                                                  Drivers\STM32F7xx_HAL_Driver\Src\stm32f7xx_hal_tim.o
                                                  Drivers\STM32F7xx_HAL_Driver\Src\stm32f7xx_hal_spi.o
                                                  Drivers\STM32F7xx_HAL_Driver\Src\stm32f7xx_hal_adc_ex.o
                                                  Drivers\STM32F7xx_HAL_Driver\Src\stm32f7xx_hal_adc.o
HAL_DMA_Abort_IT                                  Drivers\STM32F7xx_HAL_Driver\Src\stm32f7xx_hal_dma.o
                                                  Drivers\STM32F7xx_HAL_Driver\Src\stm32f7xx_hal_uart.o
                                                  Drivers\STM32F7xx_HAL_Driver\Src\stm32f7xx_hal_spi.o
                                                  Drivers\STM32F7xx_HAL_Driver\Src\stm32f7xx_hal_i2c.o
HAL_DMA_DeInit                                    Drivers\STM32F7xx_HAL_Driver\Src\stm32f7xx_hal_dma.o
HAL_DMA_GetError                                  Drivers\STM32F7xx_HAL_Driver\Src\stm32f7xx_hal_dma.o
HAL_DMA_GetState                                  Drivers\STM32F7xx_HAL_Driver\Src\stm32f7xx_hal_dma.o
HAL_DMA_IRQHandler                                Drivers\STM32F7xx_HAL_Driver\Src\stm32f7xx_hal_dma.o
HAL_DMA_Init                                      Drivers\STM32F7xx_HAL_Driver\Src\stm32f7xx_hal_dma.o
HAL_DMA_PollForTransfer                           Drivers\STM32F7xx_HAL_Driver\Src\stm32f7xx_hal_dma.o
HAL_DMA_RegisterCallback                          Drivers\STM32F7xx_HAL_Driver\Src\stm32f7xx_hal_dma.o
HAL_DMA_Start                                     Drivers\STM32F7xx_HAL_Driver\Src\stm32f7xx_hal_dma.o
HAL_DMA_Start_IT                                  Drivers\STM32F7xx_HAL_Driver\Src\stm32f7xx_hal_dma.o
                                                  Drivers\STM32F7xx_HAL_Driver\Src\stm32f7xx_hal_uart.o
                                                  Drivers\STM32F7xx_HAL_Driver\Src\stm32f7xx_hal_tim_ex.o
                                                  Drivers\STM32F7xx_HAL_Driver\Src\stm32f7xx_hal_tim.o
                                                  Drivers\STM32F7xx_HAL_Driver\Src\stm32f7xx_hal_spi.o
                                                  Drivers\STM32F7xx_HAL_Driver\Src\stm32f7xx_hal_i2c.o
                                                  Drivers\STM32F7xx_HAL_Driver\Src\stm32f7xx_hal_adc_ex.o
                                                  Drivers\STM32F7xx_HAL_Driver\Src\stm32f7xx_hal_adc.o
HAL_DMA_UnRegisterCallback                        Drivers\STM32F7xx_HAL_Driver\Src\stm32f7xx_hal_dma.o
HAL_DeInit                                        Drivers\STM32F7xx_HAL_Driver\Src\stm32f7xx_hal.o
HAL_Delay                                         Drivers\STM32F7xx_HAL_Driver\Src\stm32f7xx_hal.o
HAL_DisableCompensationCell                       Drivers\STM32F7xx_HAL_Driver\Src\stm32f7xx_hal.o
HAL_DisableFMCMemorySwapping                      Drivers\STM32F7xx_HAL_Driver\Src\stm32f7xx_hal.o
HAL_EnableCompensationCell                        Drivers\STM32F7xx_HAL_Driver\Src\stm32f7xx_hal.o
HAL_EnableFMCMemorySwapping                       Drivers\STM32F7xx_HAL_Driver\Src\stm32f7xx_hal.o
HAL_FLASHEx_Erase                                 Drivers\STM32F7xx_HAL_Driver\Src\stm32f7xx_hal_flash_ex.o
HAL_FLASHEx_Erase_IT                              Drivers\STM32F7xx_HAL_Driver\Src\stm32f7xx_hal_flash_ex.o
HAL_FLASHEx_OBGetConfig                           Drivers\STM32F7xx_HAL_Driver\Src\stm32f7xx_hal_flash_ex.o
HAL_FLASHEx_OBProgram                             Drivers\STM32F7xx_HAL_Driver\Src\stm32f7xx_hal_flash_ex.o
HAL_FLASH_EndOfOperationCallback                  Drivers\STM32F7xx_HAL_Driver\Src\stm32f7xx_hal_flash.o
HAL_FLASH_GetError                                Drivers\STM32F7xx_HAL_Driver\Src\stm32f7xx_hal_flash.o
HAL_FLASH_IRQHandler                              Drivers\STM32F7xx_HAL_Driver\Src\stm32f7xx_hal_flash.o
HAL_FLASH_Lock                                    Drivers\STM32F7xx_HAL_Driver\Src\stm32f7xx_hal_flash.o
HAL_FLASH_OB_Launch                               Drivers\STM32F7xx_HAL_Driver\Src\stm32f7xx_hal_flash.o
HAL_FLASH_OB_Lock                                 Drivers\STM32F7xx_HAL_Driver\Src\stm32f7xx_hal_flash.o
HAL_FLASH_OB_Unlock                               Drivers\STM32F7xx_HAL_Driver\Src\stm32f7xx_hal_flash.o
HAL_FLASH_OperationErrorCallback                  Drivers\STM32F7xx_HAL_Driver\Src\stm32f7xx_hal_flash.o
HAL_FLASH_Program                                 Drivers\STM32F7xx_HAL_Driver\Src\stm32f7xx_hal_flash.o
HAL_FLASH_Program_IT                              Drivers\STM32F7xx_HAL_Driver\Src\stm32f7xx_hal_flash.o
HAL_FLASH_Unlock                                  Drivers\STM32F7xx_HAL_Driver\Src\stm32f7xx_hal_flash.o
HAL_GPIO_DeInit                                   Drivers\STM32F7xx_HAL_Driver\Src\stm32f7xx_hal_gpio.o
                                                  Src\stm32f7xx_hal_msp.o
HAL_GPIO_EXTI_Callback                            Drivers\STM32F7xx_HAL_Driver\Src\stm32f7xx_hal_gpio.o
HAL_GPIO_EXTI_IRQHandler                          Drivers\STM32F7xx_HAL_Driver\Src\stm32f7xx_hal_gpio.o
HAL_GPIO_Init                                     Drivers\STM32F7xx_HAL_Driver\Src\stm32f7xx_hal_gpio.o
                                                  Src\stm32f7xx_hal_msp.o
                                                  Src\main.o
                                                  Drivers\STM32F7xx_HAL_Driver\Src\stm32f7xx_hal_rcc.o
HAL_GPIO_LockPin                                  Drivers\STM32F7xx_HAL_Driver\Src\stm32f7xx_hal_gpio.o
HAL_GPIO_ReadPin                                  Drivers\STM32F7xx_HAL_Driver\Src\stm32f7xx_hal_gpio.o
HAL_GPIO_TogglePin                                Drivers\STM32F7xx_HAL_Driver\Src\stm32f7xx_hal_gpio.o
                                                  Src\main.o
HAL_GPIO_WritePin                                 Drivers\STM32F7xx_HAL_Driver\Src\stm32f7xx_hal_gpio.o
                                                  Src\main.o
HAL_GetDEVID                                      Drivers\STM32F7xx_HAL_Driver\Src\stm32f7xx_hal.o
HAL_GetHalVersion                                 Drivers\STM32F7xx_HAL_Driver\Src\stm32f7xx_hal.o
HAL_GetREVID                                      Drivers\STM32F7xx_HAL_Driver\Src\stm32f7xx_hal.o
HAL_GetTick                                       Drivers\STM32F7xx_HAL_Driver\Src\stm32f7xx_hal.o
                                                  Drivers\STM32F7xx_HAL_Driver\Src\stm32f7xx_hal_uart.o
                                                  Drivers\STM32F7xx_HAL_Driver\Src\stm32f7xx_hal_spi.o
                                                  Drivers\STM32F7xx_HAL_Driver\Src\stm32f7xx_hal_rcc_ex.o
                                                  Drivers\STM32F7xx_HAL_Driver\Src\stm32f7xx_hal_rcc.o
                                                  Drivers\STM32F7xx_HAL_Driver\Src\stm32f7xx_hal_pwr_ex.o
                                                  Drivers\STM32F7xx_HAL_Driver\Src\stm32f7xx_hal_i2c.o
                                                  Drivers\STM32F7xx_HAL_Driver\Src\stm32f7xx_hal_flash.o
                                                  Drivers\STM32F7xx_HAL_Driver\Src\stm32f7xx_hal_dma.o
                                                  Drivers\STM32F7xx_HAL_Driver\Src\stm32f7xx_hal_adc_ex.o
                                                  Drivers\STM32F7xx_HAL_Driver\Src\stm32f7xx_hal_adc.o
HAL_HalfDuplex_EnableReceiver                     Drivers\STM32F7xx_HAL_Driver\Src\stm32f7xx_hal_uart.o
HAL_HalfDuplex_EnableTransmitter                  Drivers\STM32F7xx_HAL_Driver\Src\stm32f7xx_hal_uart.o
HAL_HalfDuplex_Init                               Drivers\STM32F7xx_HAL_Driver\Src\stm32f7xx_hal_uart.o
HAL_I2CEx_ConfigAnalogFilter                      Drivers\STM32F7xx_HAL_Driver\Src\stm32f7xx_hal_i2c_ex.o
HAL_I2CEx_ConfigDigitalFilter                     Drivers\STM32F7xx_HAL_Driver\Src\stm32f7xx_hal_i2c_ex.o
HAL_I2C_AbortCpltCallback                         Drivers\STM32F7xx_HAL_Driver\Src\stm32f7xx_hal_i2c.o
HAL_I2C_AddrCallback                              Drivers\STM32F7xx_HAL_Driver\Src\stm32f7xx_hal_i2c.o
HAL_I2C_DeInit                                    Drivers\STM32F7xx_HAL_Driver\Src\stm32f7xx_hal_i2c.o
HAL_I2C_DisableListen_IT                          Drivers\STM32F7xx_HAL_Driver\Src\stm32f7xx_hal_i2c.o
HAL_I2C_ER_IRQHandler                             Drivers\STM32F7xx_HAL_Driver\Src\stm32f7xx_hal_i2c.o
HAL_I2C_EV_IRQHandler                             Drivers\STM32F7xx_HAL_Driver\Src\stm32f7xx_hal_i2c.o
HAL_I2C_EnableListen_IT                           Drivers\STM32F7xx_HAL_Driver\Src\stm32f7xx_hal_i2c.o
HAL_I2C_ErrorCallback                             Drivers\STM32F7xx_HAL_Driver\Src\stm32f7xx_hal_i2c.o