Archive member included to satisfy reference by file (symbol)

c:/program files (x86)/atollic/truestudio for arm 7.1.0/armtools/bin/../lib/gcc/arm-atollic-eabi/5.3.1/../../../../arm-atollic-eabi/lib/armv7e-m/fpu/fpv5-sp-d16\libc_nano.a(lib_a-init.o)
                              Drivers\CMSIS\Device\ST\STM32F7xx\Source\Templates\gcc\startup_stm32f746xx.o (__libc_init_array)
c:/program files (x86)/atollic/truestudio for arm 7.1.0/armtools/bin/../lib/gcc/arm-atollic-eabi/5.3.1/../../../../arm-atollic-eabi/lib/armv7e-m/fpu/fpv5-sp-d16\libc_nano.a(lib_a-sprintf.o)
                              Src\main.o (sprintf)
c:/program files (x86)/atollic/truestudio for arm 7.1.0/armtools/bin/../lib/gcc/arm-atollic-eabi/5.3.1/../../../../arm-atollic-eabi/lib/armv7e-m/fpu/fpv5-sp-d16\libc_nano.a(lib_a-strcpy.o)
                              Src\main.o (strcpy)
c:/program files (x86)/atollic/truestudio for arm 7.1.0/armtools/bin/../lib/gcc/arm-atollic-eabi/5.3.1/../../../../arm-atollic-eabi/lib/armv7e-m/fpu/fpv5-sp-d16\libc_nano.a(lib_a-strlen.o)
                              Src\main.o (strlen)
c:/program files (x86)/atollic/truestudio for arm 7.1.0/armtools/bin/../lib/gcc/arm-atollic-eabi/5.3.1/../../../../arm-atollic-eabi/lib/armv7e-m/fpu/fpv5-sp-d16\libc_nano.a(lib_a-impure.o)
                              c:/program files (x86)/atollic/truestudio for arm 7.1.0/armtools/bin/../lib/gcc/arm-atollic-eabi/5.3.1/../../../../arm-atollic-eabi/lib/armv7e-m/fpu/fpv5-sp-d16\libc_nano.a(lib_a-sprintf.o) (_impure_ptr)
c:/program files (x86)/atollic/truestudio for arm 7.1.0/armtools/bin/../lib/gcc/arm-atollic-eabi/5.3.1/../../../../arm-atollic-eabi/lib/armv7e-m/fpu/fpv5-sp-d16\libc_nano.a(lib_a-nano-svfprintf.o)
                              c:/program files (x86)/atollic/truestudio for arm 7.1.0/armtools/bin/../lib/gcc/arm-atollic-eabi/5.3.1/../../../../arm-atollic-eabi/lib/armv7e-m/fpu/fpv5-sp-d16\libc_nano.a(lib_a-sprintf.o) (_svfprintf_r)
c:/program files (x86)/atollic/truestudio for arm 7.1.0/armtools/bin/../lib/gcc/arm-atollic-eabi/5.3.1/../../../../arm-atollic-eabi/lib/armv7e-m/fpu/fpv5-sp-d16\libc_nano.a(lib_a-nano-vfprintf_i.o)
                              c:/program files (x86)/atollic/truestudio for arm 7.1.0/armtools/bin/../lib/gcc/arm-atollic-eabi/5.3.1/../../../../arm-atollic-eabi/lib/armv7e-m/fpu/fpv5-sp-d16\libc_nano.a(lib_a-nano-svfprintf.o) (_printf_i)
c:/program files (x86)/atollic/truestudio for arm 7.1.0/armtools/bin/../lib/gcc/arm-atollic-eabi/5.3.1/../../../../arm-atollic-eabi/lib/armv7e-m/fpu/fpv5-sp-d16\libc_nano.a(lib_a-memchr.o)
                              c:/program files (x86)/atollic/truestudio for arm 7.1.0/armtools/bin/../lib/gcc/arm-atollic-eabi/5.3.1/../../../../arm-atollic-eabi/lib/armv7e-m/fpu/fpv5-sp-d16\libc_nano.a(lib_a-nano-svfprintf.o) (memchr)
c:/program files (x86)/atollic/truestudio for arm 7.1.0/armtools/bin/../lib/gcc/arm-atollic-eabi/5.3.1/../../../../arm-atollic-eabi/lib/armv7e-m/fpu/fpv5-sp-d16\libc_nano.a(lib_a-memcpy-stub.o)
                              c:/program files (x86)/atollic/truestudio for arm 7.1.0/armtools/bin/../lib/gcc/arm-atollic-eabi/5.3.1/../../../../arm-atollic-eabi/lib/armv7e-m/fpu/fpv5-sp-d16\libc_nano.a(lib_a-nano-svfprintf.o) (memcpy)
c:/program files (x86)/atollic/truestudio for arm 7.1.0/armtools/bin/../lib/gcc/arm-atollic-eabi/5.3.1/../../../../arm-atollic-eabi/lib/armv7e-m/fpu/fpv5-sp-d16\libc_nano.a(lib_a-memmove.o)
                              c:/program files (x86)/atollic/truestudio for arm 7.1.0/armtools/bin/../lib/gcc/arm-atollic-eabi/5.3.1/../../../../arm-atollic-eabi/lib/armv7e-m/fpu/fpv5-sp-d16\libc_nano.a(lib_a-nano-svfprintf.o) (memmove)
c:/program files (x86)/atollic/truestudio for arm 7.1.0/armtools/bin/../lib/gcc/arm-atollic-eabi/5.3.1/../../../../arm-atollic-eabi/lib/armv7e-m/fpu/fpv5-sp-d16\libc_nano.a(lib_a-nano-freer.o)
                              c:/program files (x86)/atollic/truestudio for arm 7.1.0/armtools/bin/../lib/gcc/arm-atollic-eabi/5.3.1/../../../../arm-atollic-eabi/lib/armv7e-m/fpu/fpv5-sp-d16\libc_nano.a(lib_a-nano-svfprintf.o) (_free_r)
c:/program files (x86)/atollic/truestudio for arm 7.1.0/armtools/bin/../lib/gcc/arm-atollic-eabi/5.3.1/../../../../arm-atollic-eabi/lib/armv7e-m/fpu/fpv5-sp-d16\libc_nano.a(lib_a-nano-mallocr.o)
                              c:/program files (x86)/atollic/truestudio for arm 7.1.0/armtools/bin/../lib/gcc/arm-atollic-eabi/5.3.1/../../../../arm-atollic-eabi/lib/armv7e-m/fpu/fpv5-sp-d16\libc_nano.a(lib_a-nano-svfprintf.o) (_malloc_r)
c:/program files (x86)/atollic/truestudio for arm 7.1.0/armtools/bin/../lib/gcc/arm-atollic-eabi/5.3.1/../../../../arm-atollic-eabi/lib/armv7e-m/fpu/fpv5-sp-d16\libc_nano.a(lib_a-nano-reallocr.o)
                              c:/program files (x86)/atollic/truestudio for arm 7.1.0/armtools/bin/../lib/gcc/arm-atollic-eabi/5.3.1/../../../../arm-atollic-eabi/lib/armv7e-m/fpu/fpv5-sp-d16\libc_nano.a(lib_a-nano-svfprintf.o) (_realloc_r)
[...]
Memory Configuration

Name             Origin             Length             Attributes
RAM              0x20000000         0x00050000         xrw
FLASH            0x08000000         0x00100000         xr
*default*        0x00000000         0xffffffff

Linker script and memory map

LOAD c:/program files (x86)/atollic/truestudio for arm 7.1.0/armtools/bin/../lib/gcc/arm-atollic-eabi/5.3.1/armv7e-m/fpu/fpv5-sp-d16/crti.o
LOAD c:/program files (x86)/atollic/truestudio for arm 7.1.0/armtools/bin/../lib/gcc/arm-atollic-eabi/5.3.1/armv7e-m/fpu/fpv5-sp-d16/crtbegin.o
LOAD Drivers\CMSIS\Device\ST\STM32F7xx\Source\Templates\gcc\startup_stm32f746xx.o
LOAD Drivers\STM32F7xx_HAL_Driver\Src\stm32f7xx_hal.o
LOAD Drivers\STM32F7xx_HAL_Driver\Src\stm32f7xx_hal_adc.o
LOAD Drivers\STM32F7xx_HAL_Driver\Src\stm32f7xx_hal_adc_ex.o
LOAD Drivers\STM32F7xx_HAL_Driver\Src\stm32f7xx_hal_cortex.o
LOAD Drivers\STM32F7xx_HAL_Driver\Src\stm32f7xx_hal_dma.o
LOAD Drivers\STM32F7xx_HAL_Driver\Src\stm32f7xx_hal_dma_ex.o
LOAD Drivers\STM32F7xx_HAL_Driver\Src\stm32f7xx_hal_flash.o
LOAD Drivers\STM32F7xx_HAL_Driver\Src\stm32f7xx_hal_flash_ex.o
LOAD Drivers\STM32F7xx_HAL_Driver\Src\stm32f7xx_hal_gpio.o
LOAD Drivers\STM32F7xx_HAL_Driver\Src\stm32f7xx_hal_i2c.o
LOAD Drivers\STM32F7xx_HAL_Driver\Src\stm32f7xx_hal_i2c_ex.o
LOAD Drivers\STM32F7xx_HAL_Driver\Src\stm32f7xx_hal_pwr.o
LOAD Drivers\STM32F7xx_HAL_Driver\Src\stm32f7xx_hal_pwr_ex.o
LOAD Drivers\STM32F7xx_HAL_Driver\Src\stm32f7xx_hal_rcc.o
LOAD Drivers\STM32F7xx_HAL_Driver\Src\stm32f7xx_hal_rcc_ex.o
LOAD Drivers\STM32F7xx_HAL_Driver\Src\stm32f7xx_hal_spi.o
LOAD Drivers\STM32F7xx_HAL_Driver\Src\stm32f7xx_hal_tim.o
LOAD Drivers\STM32F7xx_HAL_Driver\Src\stm32f7xx_hal_tim_ex.o
LOAD Drivers\STM32F7xx_HAL_Driver\Src\stm32f7xx_hal_uart.o
LOAD Src\main.o
LOAD Src\stm32f7xx_hal_msp.o
LOAD Src\stm32f7xx_it.o
LOAD Src\system_stm32f7xx.o
START GROUP
LOAD c:/program files (x86)/atollic/truestudio for arm 7.1.0/armtools/bin/../lib/gcc/arm-atollic-eabi/5.3.1/../../../../arm-atollic-eabi/lib/armv7e-m/fpu/fpv5-sp-d16\libc_nano.a
LOAD c:/program files (x86)/atollic/truestudio for arm 7.1.0/armtools/bin/../lib/gcc/arm-atollic-eabi/5.3.1/../../../../arm-atollic-eabi/lib/armv7e-m/fpu/fpv5-sp-d16\libm.a
END GROUP
                0x00000080                malloc_getpagesize_P = 0x80
START GROUP
LOAD c:/program files (x86)/atollic/truestudio for arm 7.1.0/armtools/bin/../lib/gcc/arm-atollic-eabi/5.3.1/armv7e-m/fpu/fpv5-sp-d16\libgcc.a
LOAD c:/program files (x86)/atollic/truestudio for arm 7.1.0/armtools/bin/../lib/gcc/arm-atollic-eabi/5.3.1/../../../../arm-atollic-eabi/lib/armv7e-m/fpu/fpv5-sp-d16\libc_nano.a
END GROUP
START GROUP
LOAD c:/program files (x86)/atollic/truestudio for arm 7.1.0/armtools/bin/../lib/gcc/arm-atollic-eabi/5.3.1/armv7e-m/fpu/fpv5-sp-d16\libgcc.a
LOAD c:/program files (x86)/atollic/truestudio for arm 7.1.0/armtools/bin/../lib/gcc/arm-atollic-eabi/5.3.1/../../../../arm-atollic-eabi/lib/armv7e-m/fpu/fpv5-sp-d16\libc_nano.a
LOAD c:/program files (x86)/atollic/truestudio for arm 7.1.0/armtools/bin/../lib/gcc/arm-atollic-eabi/5.3.1/../../../../arm-atollic-eabi/lib/armv7e-m/fpu/fpv5-sp-d16\libnosys.a
END GROUP
START GROUP
LOAD c:/program files (x86)/atollic/truestudio for arm 7.1.0/armtools/bin/../lib/gcc/arm-atollic-eabi/5.3.1/armv7e-m/fpu/fpv5-sp-d16\libgcc.a
LOAD c:/program files (x86)/atollic/truestudio for arm 7.1.0/armtools/bin/../lib/gcc/arm-atollic-eabi/5.3.1/../../../../arm-atollic-eabi/lib/armv7e-m/fpu/fpv5-sp-d16\libc_nano.a
LOAD c:/program files (x86)/atollic/truestudio for arm 7.1.0/armtools/bin/../lib/gcc/arm-atollic-eabi/5.3.1/../../../../arm-atollic-eabi/lib/armv7e-m/fpu/fpv5-sp-d16\libnosys.a
END GROUP
LOAD c:/program files (x86)/atollic/truestudio for arm 7.1.0/armtools/bin/../lib/gcc/arm-atollic-eabi/5.3.1/armv7e-m/fpu/fpv5-sp-d16/crtend.o
LOAD c:/program files (x86)/atollic/truestudio for arm 7.1.0/armtools/bin/../lib/gcc/arm-atollic-eabi/5.3.1/armv7e-m/fpu/fpv5-sp-d16/crtn.o
                0x20050000                _estack = 0x20050000
                0x00000200                _Min_Heap_Size = 0x200
                0x00000400                _Min_Stack_Size = 0x400

.isr_vector     0x08000000      0x1c8
                0x08000000                . = ALIGN (0x4)
 *(.isr_vector)
 .isr_vector    0x08000000      0x1c8 Drivers\CMSIS\Device\ST\STM32F7xx\Source\Templates\gcc\startup_stm32f746xx.o
                0x08000000                g_pfnVectors
                0x080001c8                . = ALIGN (0x4)

.text           0x080001d0     0x4ce8
                0x080001d0                . = ALIGN (0x4)
 *(.text)
 .text          0x080001d0       0x40 c:/program files (x86)/atollic/truestudio for arm 7.1.0/armtools/bin/../lib/gcc/arm-atollic-eabi/5.3.1/armv7e-m/fpu/fpv5-sp-d16/crtbegin.o
 .text          0x08000210       0x10 c:/program files (x86)/atollic/truestudio for arm 7.1.0/armtools/bin/../lib/gcc/arm-atollic-eabi/5.3.1/../../../../arm-atollic-eabi/lib/armv7e-m/fpu/fpv5-sp-d16\libc_nano.a(lib_a-strlen.o)
                0x08000210                strlen
 .text          0x08000220       0xa0 c:/program files (x86)/atollic/truestudio for arm 7.1.0/armtools/bin/../lib/gcc/arm-atollic-eabi/5.3.1/../../../../arm-atollic-eabi/lib/armv7e-m/fpu/fpv5-sp-d16\libc_nano.a(lib_a-memchr.o)
                0x08000220                memchr
 *(.text*)
 .text.Reset_Handler
                0x080002c0       0x50 Drivers\CMSIS\Device\ST\STM32F7xx\Source\Templates\gcc\startup_stm32f746xx.o
                0x080002c0                Reset_Handler
 .text.Default_Handler
                0x08000310        0x2 Drivers\CMSIS\Device\ST\STM32F7xx\Source\Templates\gcc\startup_stm32f746xx.o
                0x08000310                RTC_Alarm_IRQHandler
                0x08000310                EXTI2_IRQHandler
                0x08000310                TIM8_CC_IRQHandler
                0x08000310                UART8_IRQHandler
                0x08000310                SPI4_IRQHandler
                0x08000310                DMA2_Stream5_IRQHandler
                0x08000310                DMA1_Stream5_IRQHandler
                0x08000310                PVD_IRQHandler
                0x08000310                TAMP_STAMP_IRQHandler
                0x08000310                CAN2_RX1_IRQHandler
                0x08000310                EXTI3_IRQHandler
                0x08000310                TIM8_TRG_COM_TIM14_IRQHandler
                0x08000310                TIM1_UP_TIM10_IRQHandler
                0x08000310                TIM8_UP_TIM13_IRQHandler
                0x08000310                I2C3_ER_IRQHandler
                0x08000310                EXTI0_IRQHandler
                0x08000310                I2C2_EV_IRQHandler
                0x08000310                DMA1_Stream2_IRQHandler
                0x08000310                CAN1_RX0_IRQHandler
                0x08000310                FPU_IRQHandler
                0x08000310                OTG_HS_WKUP_IRQHandler
                0x08000310                LTDC_ER_IRQHandler
                0x08000310                CAN2_SCE_IRQHandler
                0x08000310                DMA2_Stream2_IRQHandler
                0x08000310                TIM6_DAC_IRQHandler
                0x08000310                TIM1_BRK_TIM9_IRQHandler
                0x08000310                DCMI_IRQHandler
                0x08000310                CAN2_RX0_IRQHandler
                0x08000310                DMA2_Stream3_IRQHandler
                0x08000310                SAI2_IRQHandler
                0x08000310                USART6_IRQHandler
                0x08000310                USART3_IRQHandler
                0x08000310                CAN1_RX1_IRQHandler
                0x08000310                UART5_IRQHandler
                0x08000310                QUADSPI_IRQHandler
                0x08000310                I2C1_EV_IRQHandler
                0x08000310                DMA1_Stream6_IRQHandler
                0x08000310                DMA1_Stream1_IRQHandler
                0x08000310                UART4_IRQHandler
                0x08000310                TIM3_IRQHandler
                0x08000310                RCC_IRQHandler
                0x08000310                TIM8_BRK_TIM12_IRQHandler
                0x08000310                Default_Handler
                0x08000310                CEC_IRQHandler
                0x08000310                ADC_IRQHandler
                0x08000310                DMA1_Stream7_IRQHandler
                0x08000310                SPI5_IRQHandler
                0x08000310                TIM7_IRQHandler
                0x08000310                SDMMC1_IRQHandler
                0x08000310                CAN2_TX_IRQHandler
                0x08000310                TIM5_IRQHandler
                0x08000310                DMA2_Stream7_IRQHandler
                0x08000310                I2C3_EV_IRQHandler
                0x08000310                RTC_WKUP_IRQHandler
                0x08000310                LTDC_IRQHandler
                0x08000310                ETH_WKUP_IRQHandler
                0x08000310                SPDIF_RX_IRQHandler
                0x08000310                SPI2_IRQHandler
                0x08000310                OTG_HS_EP1_IN_IRQHandler
                0x08000310                DMA1_Stream0_IRQHandler
                0x08000310                CAN1_TX_IRQHandler
                0x08000310                EXTI4_IRQHandler
                0x08000310                RNG_IRQHandler
                0x08000310                ETH_IRQHandler
                0x08000310                OTG_HS_EP1_OUT_IRQHandler
                0x08000310                WWDG_IRQHandler
                0x08000310                SPI6_IRQHandler
                0x08000310                I2C4_EV_IRQHandler
                0x08000310                TIM2_IRQHandler
                0x08000310                OTG_FS_WKUP_IRQHandler
                0x08000310                TIM1_TRG_COM_TIM11_IRQHandler
                0x08000310                OTG_HS_IRQHandler
                0x08000310                DMA2D_IRQHandler
                0x08000310                EXTI1_IRQHandler
                0x08000310                UART7_IRQHandler
                0x08000310                USART2_IRQHandler
                0x08000310                I2C2_ER_IRQHandler
                0x08000310                DMA2_Stream1_IRQHandler
                0x08000310                CAN1_SCE_IRQHandler
                0x08000310                FLASH_IRQHandler
                0x08000310                DMA2_Stream4_IRQHandler
                0x08000310                USART1_IRQHandler
                0x08000310                OTG_FS_IRQHandler
                0x08000310                SPI3_IRQHandler
                0x08000310                DMA1_Stream4_IRQHandler
                0x08000310                I2C1_ER_IRQHandler
                0x08000310                FMC_IRQHandler
                0x08000310                LPTIM1_IRQHandler
                0x08000310                I2C4_ER_IRQHandler
                0x08000310                DMA2_Stream6_IRQHandler
                0x08000310                SAI1_IRQHandler
                0x08000310                DMA1_Stream3_IRQHandler
 *fill*         0x08000312        0x2 
 .text.HAL_InitTick
                0x08000314       0x28 Drivers\STM32F7xx_HAL_Driver\Src\stm32f7xx_hal.o
                0x08000314                HAL_InitTick
 .text.HAL_Init
                0x0800033c       0x16 Drivers\STM32F7xx_HAL_Driver\Src\stm32f7xx_hal.o
                0x0800033c                HAL_Init
 *fill*         0x08000352        0x2 
 .text.HAL_IncTick
                0x08000354       0x10 Drivers\STM32F7xx_HAL_Driver\Src\stm32f7xx_hal.o
                0x08000354                HAL_IncTick
 .text.HAL_GetTick
                0x08000364        0xc Drivers\STM32F7xx_HAL_Driver\Src\stm32f7xx_hal.o
                0x08000364                HAL_GetTick
 .text.HAL_Delay
                0x08000370       0x1a Drivers\STM32F7xx_HAL_Driver\Src\stm32f7xx_hal.o
                0x08000370                HAL_Delay
 *fill*         0x0800038a        0x2 
 .text.HAL_ADC_Init
                0x0800038c      0x154 Drivers\STM32F7xx_HAL_Driver\Src\stm32f7xx_hal_adc.o
                0x0800038c                HAL_ADC_Init
 .text.HAL_ADC_Start_DMA
                0x080004e0      0x100 Drivers\STM32F7xx_HAL_Driver\Src\stm32f7xx_hal_adc.o
                0x080004e0                HAL_ADC_Start_DMA
 .text.HAL_ADC_Stop_DMA
                0x080005e0       0x5a Drivers\STM32F7xx_HAL_Driver\Src\stm32f7xx_hal_adc.o
                0x080005e0                HAL_ADC_Stop_DMA
 .text.ADC_DMAConvCplt
                0x0800063a       0x60 Drivers\STM32F7xx_HAL_Driver\Src\stm32f7xx_hal_adc.o
 .text.HAL_ADC_ConvHalfCpltCallback
                0x0800069a        0x2 Drivers\STM32F7xx_HAL_Driver\Src\stm32f7xx_hal_adc.o
                0x0800069a                HAL_ADC_ConvHalfCpltCallback
 .text.ADC_DMAHalfConvCplt
                0x0800069c        0xa Drivers\STM32F7xx_HAL_Driver\Src\stm32f7xx_hal_adc.o
 .text.HAL_ADC_ErrorCallback
                0x080006a6        0x2 Drivers\STM32F7xx_HAL_Driver\Src\stm32f7xx_hal_adc.o
                0x080006a6                HAL_ADC_ErrorCallback
 .text.ADC_DMAError
                0x080006a8       0x16 Drivers\STM32F7xx_HAL_Driver\Src\stm32f7xx_hal_adc.o
 *fill*         0x080006be        0x2 
 .text.HAL_ADC_ConfigChannel
                0x080006c0      0x140 Drivers\STM32F7xx_HAL_Driver\Src\stm32f7xx_hal_adc.o
                0x080006c0                HAL_ADC_ConfigChannel
 .text.HAL_NVIC_SetPriorityGrouping
                0x08000800       0x24 Drivers\STM32F7xx_HAL_Driver\Src\stm32f7xx_hal_cortex.o
                0x08000800                HAL_NVIC_SetPriorityGrouping
 .text.HAL_NVIC_SetPriority
                0x08000824       0x70 Drivers\STM32F7xx_HAL_Driver\Src\stm32f7xx_hal_cortex.o
                0x08000824                HAL_NVIC_SetPriority
 .text.HAL_NVIC_EnableIRQ
                0x08000894       0x18 Drivers\STM32F7xx_HAL_Driver\Src\stm32f7xx_hal_cortex.o
                0x08000894                HAL_NVIC_EnableIRQ
 .text.HAL_SYSTICK_Config
                0x080008ac       0x2c Drivers\STM32F7xx_HAL_Driver\Src\stm32f7xx_hal_cortex.o
                0x080008ac                HAL_SYSTICK_Config
 .text.HAL_SYSTICK_CLKSourceConfig
                0x080008d8       0x18 Drivers\STM32F7xx_HAL_Driver\Src\stm32f7xx_hal_cortex.o
                0x080008d8                HAL_SYSTICK_CLKSourceConfig
 .text.HAL_SYSTICK_Callback
                0x080008f0        0x2 Drivers\STM32F7xx_HAL_Driver\Src\stm32f7xx_hal_cortex.o
                0x080008f0                HAL_SYSTICK_Callback
 .text.HAL_SYSTICK_IRQHandler
                0x080008f2        0x8 Drivers\STM32F7xx_HAL_Driver\Src\stm32f7xx_hal_cortex.o
                0x080008f2                HAL_SYSTICK_IRQHandler
 *fill*         0x080008fa        0x2 
 .text.DMA_CalcBaseAndBitshift
                0x080008fc       0x2c Drivers\STM32F7xx_HAL_Driver\Src\stm32f7xx_hal_dma.o
 .text.HAL_DMA_Init
                0x08000928       0xec Drivers\STM32F7xx_HAL_Driver\Src\stm32f7xx_hal_dma.o
                0x08000928                HAL_DMA_Init
 .text.HAL_DMA_Start_IT
                0x08000a14       0x7e Drivers\STM32F7xx_HAL_Driver\Src\stm32f7xx_hal_dma.o
                0x08000a14                HAL_DMA_Start_IT
 .text.HAL_DMA_Abort
                0x08000a92       0x86 Drivers\STM32F7xx_HAL_Driver\Src\stm32f7xx_hal_dma.o
                0x08000a92                HAL_DMA_Abort
 .text.HAL_DMA_Abort_IT
                0x08000b18       0x24 Drivers\STM32F7xx_HAL_Driver\Src\stm32f7xx_hal_dma.o
                0x08000b18                HAL_DMA_Abort_IT
 .text.HAL_DMA_IRQHandler
                0x08000b3c      0x17c Drivers\STM32F7xx_HAL_Driver\Src\stm32f7xx_hal_dma.o
                0x08000b3c                HAL_DMA_IRQHandler
 .text.HAL_GPIO_Init
                0x08000cb8      0x1d8 Drivers\STM32F7xx_HAL_Driver\Src\stm32f7xx_hal_gpio.o
                0x08000cb8                HAL_GPIO_Init
 .text.HAL_GPIO_WritePin
                0x08000e90        0x8 Drivers\STM32F7xx_HAL_Driver\Src\stm32f7xx_hal_gpio.o
                0x08000e90                HAL_GPIO_WritePin
 .text.HAL_GPIO_TogglePin
                0x08000e98        0x8 Drivers\STM32F7xx_HAL_Driver\Src\stm32f7xx_hal_gpio.o
                0x08000e98                HAL_GPIO_TogglePin
 .text.HAL_GPIO_EXTI_IRQHandler
                0x08000ea0       0x18 Drivers\STM32F7xx_HAL_Driver\Src\stm32f7xx_hal_gpio.o
                0x08000ea0                HAL_GPIO_EXTI_IRQHandler
 .text.HAL_PWREx_EnableOverDrive
                0x08000eb8       0x70 Drivers\STM32F7xx_HAL_Driver\Src\stm32f7xx_hal_pwr_ex.o
                0x08000eb8                HAL_PWREx_EnableOverDrive
 .text.HAL_RCC_OscConfig
                0x08000f28      0x338 Drivers\STM32F7xx_HAL_Driver\Src\stm32f7xx_hal_rcc.o
                0x08000f28                HAL_RCC_OscConfig
 .text.HAL_RCC_GetSysClockFreq
                0x08001260       0x7c Drivers\STM32F7xx_HAL_Driver\Src\stm32f7xx_hal_rcc.o
                0x08001260                HAL_RCC_GetSysClockFreq
 .text.HAL_RCC_ClockConfig
                0x080012dc      0x154 Drivers\STM32F7xx_HAL_Driver\Src\stm32f7xx_hal_rcc.o
                0x080012dc                HAL_RCC_ClockConfig
 .text.HAL_RCC_GetHCLKFreq
                0x08001430        0xc Drivers\STM32F7xx_HAL_Driver\Src\stm32f7xx_hal_rcc.o
                0x08001430                HAL_RCC_GetHCLKFreq
 .text.HAL_RCC_GetPCLK1Freq
                0x0800143c       0x30 Drivers\STM32F7xx_HAL_Driver\Src\stm32f7xx_hal_rcc.o
                0x0800143c                HAL_RCC_GetPCLK1Freq
 .text.HAL_RCC_GetPCLK2Freq
                0x0800146c       0x30 Drivers\STM32F7xx_HAL_Driver\Src\stm32f7xx_hal_rcc.o
                0x0800146c                HAL_RCC_GetPCLK2Freq
 .text.HAL_RCCEx_PeriphCLKConfig
                0x0800149c      0x74c Drivers\STM32F7xx_HAL_Driver\Src\stm32f7xx_hal_rcc_ex.o
                0x0800149c                HAL_RCCEx_PeriphCLKConfig
 .text.HAL_SPI_Init
                0x08001be8       0xac Drivers\STM32F7xx_HAL_Driver\Src\stm32f7xx_hal_spi.o
                0x08001be8                HAL_SPI_Init
 .text.HAL_SPI_IRQHandler
                0x08001c94       0xe4 Drivers\STM32F7xx_HAL_Driver\Src\stm32f7xx_hal_spi.o
                0x08001c94                HAL_SPI_IRQHandler
 .text.SPI_DMAAbortOnError
                0x08001d78       0x12 Drivers\STM32F7xx_HAL_Driver\Src\stm32f7xx_hal_spi.o
 .text.HAL_TIM_Encoder_Start_IT
                0x08001d8a       0x6e Drivers\STM32F7xx_HAL_Driver\Src\stm32f7xx_hal_tim.o
                0x08001d8a                HAL_TIM_Encoder_Start_IT
 .text.HAL_TIM_PeriodElapsedCallback
                0x08001df8        0x2 Drivers\STM32F7xx_HAL_Driver\Src\stm32f7xx_hal_tim.o
                0x08001df8                HAL_TIM_PeriodElapsedCallback
 .text.HAL_TIM_OC_DelayElapsedCallback
                0x08001dfa        0x2 Drivers\STM32F7xx_HAL_Driver\Src\stm32f7xx_hal_tim.o
                0x08001dfa                HAL_TIM_OC_DelayElapsedCallback
 .text.HAL_TIM_IC_CaptureCallback
                0x08001dfc        0x2 Drivers\STM32F7xx_HAL_Driver\Src\stm32f7xx_hal_tim.o
                0x08001dfc                HAL_TIM_IC_CaptureCallback
 .text.HAL_TIM_PWM_PulseFinishedCallback
                0x08001dfe        0x2 Drivers\STM32F7xx_HAL_Driver\Src\stm32f7xx_hal_tim.o
                0x08001dfe                HAL_TIM_PWM_PulseFinishedCallback
 .text.HAL_TIM_TriggerCallback
                0x08001e00        0x2 Drivers\STM32F7xx_HAL_Driver\Src\stm32f7xx_hal_tim.o
                0x08001e00                HAL_TIM_TriggerCallback
 .text.HAL_TIM_IRQHandler
                0x08001e02      0x15e Drivers\STM32F7xx_HAL_Driver\Src\stm32f7xx_hal_tim.o
                0x08001e02                HAL_TIM_IRQHandler
 .text.TIM_Base_SetConfig
                0x08001f60       0xc8 Drivers\STM32F7xx_HAL_Driver\Src\stm32f7xx_hal_tim.o
                0x08001f60                TIM_Base_SetConfig
 .text.HAL_TIM_PWM_Init
                0x08002028       0x34 Drivers\STM32F7xx_HAL_Driver\Src\stm32f7xx_hal_tim.o
                0x08002028                HAL_TIM_PWM_Init
 .text.HAL_TIM_Encoder_Init
                0x0800205c       0x96 Drivers\STM32F7xx_HAL_Driver\Src\stm32f7xx_hal_tim.o
                0x0800205c                HAL_TIM_Encoder_Init
 *fill*         0x080020f2        0x2 
 .text.TIM_OC1_SetConfig
                0x080020f4       0x5c Drivers\STM32F7xx_HAL_Driver\Src\stm32f7xx_hal_tim.o
                0x080020f4                TIM_OC1_SetConfig
 .text.TIM_OC2_SetConfig
                0x08002150       0x68 Drivers\STM32F7xx_HAL_Driver\Src\stm32f7xx_hal_tim.o
                0x08002150                TIM_OC2_SetConfig
 .text.TIM_OC3_SetConfig
                0x080021b8       0x64 Drivers\STM32F7xx_HAL_Driver\Src\stm32f7xx_hal_tim.o
                0x080021b8                TIM_OC3_SetConfig
 .text.TIM_OC4_SetConfig
                0x0800221c       0x54 Drivers\STM32F7xx_HAL_Driver\Src\stm32f7xx_hal_tim.o
                0x0800221c                TIM_OC4_SetConfig
 .text.TIM_CCxChannelCmd
                0x08002270       0x1a Drivers\STM32F7xx_HAL_Driver\Src\stm32f7xx_hal_tim.o
                0x08002270                TIM_CCxChannelCmd
 *fill*         0x0800228a        0x2 
 .text.HAL_TIM_PWM_Start
                0x0800228c       0x34 Drivers\STM32F7xx_HAL_Driver\Src\stm32f7xx_hal_tim.o
                0x0800228c                HAL_TIM_PWM_Start
 .text.TIM_OC5_SetConfig
                0x080022c0       0x50 Drivers\STM32F7xx_HAL_Driver\Src\stm32f7xx_hal_tim_ex.o
 .text.TIM_OC6_SetConfig
                0x08002310       0x50 Drivers\STM32F7xx_HAL_Driver\Src\stm32f7xx_hal_tim_ex.o
 .text.HAL_TIM_PWM_ConfigChannel
                0x08002360      0x10a Drivers\STM32F7xx_HAL_Driver\Src\stm32f7xx_hal_tim_ex.o
                0x08002360                HAL_TIM_PWM_ConfigChannel
 *fill*         0x0800246a        0x2 
 .text.HAL_TIMEx_MasterConfigSynchronization
                0x0800246c       0x4c Drivers\STM32F7xx_HAL_Driver\Src\stm32f7xx_hal_tim_ex.o
                0x0800246c                HAL_TIMEx_MasterConfigSynchronization
 .text.HAL_TIMEx_CommutationCallback
                0x080024b8        0x2 Drivers\STM32F7xx_HAL_Driver\Src\stm32f7xx_hal_tim_ex.o
                0x080024b8                HAL_TIMEx_CommutationCallback
 .text.HAL_TIMEx_BreakCallback
                0x080024ba        0x2 Drivers\STM32F7xx_HAL_Driver\Src\stm32f7xx_hal_tim_ex.o
                0x080024ba                HAL_TIMEx_BreakCallback
 .text.UART_WaitOnFlagUntilTimeout
                0x080024bc       0x62 Drivers\STM32F7xx_HAL_Driver\Src\stm32f7xx_hal_uart.o
                0x080024bc                UART_WaitOnFlagUntilTimeout
 .text.HAL_UART_Transmit
                0x0800251e       0xb4 Drivers\STM32F7xx_HAL_Driver\Src\stm32f7xx_hal_uart.o
                0x0800251e                HAL_UART_Transmit
 *fill*         0x080025d2        0x2 
 .text.UART_SetConfig
                0x080025d4      0x268 Drivers\STM32F7xx_HAL_Driver\Src\stm32f7xx_hal_uart.o
                0x080025d4                UART_SetConfig
 .text.UART_AdvFeatureConfig
                0x0800283c       0xaa Drivers\STM32F7xx_HAL_Driver\Src\stm32f7xx_hal_uart.o
                0x0800283c                UART_AdvFeatureConfig
 .text.UART_CheckIdleState
                0x080028e6       0x68 Drivers\STM32F7xx_HAL_Driver\Src\stm32f7xx_hal_uart.o
                0x080028e6                UART_CheckIdleState
 .text.HAL_UART_Init
                0x0800294e       0x64 Drivers\STM32F7xx_HAL_Driver\Src\stm32f7xx_hal_uart.o
                0x0800294e                HAL_UART_Init
 *fill*         0x080029b2        0x2 
 .text.Emergency_Stop
                0x080029b4       0x3c Src\main.o
                0x080029b4                Emergency_Stop
 .text.Motor_Correction
                0x080029f0       0x90 Src\main.o
                0x080029f0                Motor_Correction
 .text.Reset_Counters
                0x08002a80       0x68 Src\main.o
                0x08002a80                Reset_Counters
 .text.Clear_Buffers
                0x08002ae8       0x24 Src\main.o
                0x08002ae8                Clear_Buffers
 .text.Transmit
                0x08002b0c       0x20 Src\main.o
                0x08002b0c                Transmit
 .text.Send_State
                0x08002b2c       0xa8 Src\main.o
                0x08002b2c                Send_State
 .text.Send_Debug
                0x08002bd4       0x68 Src\main.o
                0x08002bd4                Send_Debug
 .text.Save_State
                0x08002c3c       0xc8 Src\main.o
                0x08002c3c                Save_State
 .text.Print_Maze
                0x08002d04       0xec Src\main.o
                0x08002d04                Print_Maze
 .text.Get_Lowest_Square
                0x08002df0       0xd4 Src\main.o
                0x08002df0                Get_Lowest_Square
 .text.Floodfill
                0x08002ec4       0x98 Src\main.o
                0x08002ec4                Floodfill
 .text.Calc_Optimal
                0x08002f5c      0x1e4 Src\main.o
                0x08002f5c                Calc_Optimal
 .text.Fast_Straights
                0x08003140      0x17c Src\main.o
                0x08003140                Fast_Straights
 .text.Get_Next_Dumb
                0x080032bc      0x118 Src\main.o
                0x080032bc                Get_Next_Dumb
 .text.HAL_GPIO_EXTI_Callback
                0x080033d4       0x74 Src\main.o
                0x080033d4                HAL_GPIO_EXTI_Callback
 .text.HAL_SPI_ErrorCallback
                0x08003448        0x2 Src\main.o
                0x08003448                HAL_SPI_ErrorCallback
 *fill*         0x0800344a        0x2 
 .text.Error_Handler
                0x0800344c       0x24 Src\main.o
                0x0800344c                Error_Handler
 .text.Start_IR
                0x08003470       0x28 Src\main.o
                0x08003470                Start_IR
 .text.Get_IR   0x08003498      0x1ac Src\main.o
                0x08003498                Get_IR
 .text.Stop_IR  0x08003644       0x20 Src\main.o
                0x08003644                Stop_IR
 .text.HAL_ADC_ConvCpltCallback
                0x08003664       0x38 Src\main.o
                0x08003664                HAL_ADC_ConvCpltCallback
 .text.Set_Left
                0x0800369c       0x50 Src\main.o
                0x0800369c                Set_Left
 .text.Set_Right
                0x080036ec       0x50 Src\main.o
                0x080036ec                Set_Right
 .text.Forward_Search
                0x0800373c       0xe8 Src\main.o
                0x0800373c                Forward_Search
 .text.Left_Search
                0x08003824       0xec Src\main.o
                0x08003824                Left_Search
 .text.Right_Search
                0x08003910       0xe8 Src\main.o
                0x08003910                Right_Search
 .text.Dead_End
                0x080039f8       0x5c Src\main.o
                0x080039f8                Dead_End
 .text.Stop     0x08003a54       0x4c Src\main.o
                0x08003a54                Stop
 .text.SystemClock_Config
                0x08003aa0       0xc0 Src\main.o
                0x08003aa0                SystemClock_Config
 .text.startup.main
                0x08003b60      0x658 Src\main.o
                0x08003b60                main
 .text.HAL_MspInit
                0x080041b8       0x60 Src\stm32f7xx_hal_msp.o
                0x080041b8                HAL_MspInit
 .text.HAL_ADC_MspInit
                0x08004218       0xc0 Src\stm32f7xx_hal_msp.o
                0x08004218                HAL_ADC_MspInit
 .text.HAL_SPI_MspInit
                0x080042d8       0x5c Src\stm32f7xx_hal_msp.o
                0x080042d8                HAL_SPI_MspInit
 .text.HAL_TIM_Encoder_MspInit
                0x08004334       0xc0 Src\stm32f7xx_hal_msp.o
                0x08004334                HAL_TIM_Encoder_MspInit
 .text.HAL_TIM_PWM_MspInit
                0x080043f4       0x68 Src\stm32f7xx_hal_msp.o
                0x080043f4                HAL_TIM_PWM_MspInit
 .text.HAL_TIM_MspPostInit
                0x0800445c       0x94 Src\stm32f7xx_hal_msp.o
                0x0800445c                HAL_TIM_MspPostInit
 .text.HAL_UART_MspInit
                0x080044f0       0x4c Src\stm32f7xx_hal_msp.o
                0x080044f0                HAL_UART_MspInit
 .text.NMI_Handler
                0x0800453c        0x2 Src\stm32f7xx_it.o
                0x0800453c                NMI_Handler
 .text.HardFault_Handler
                0x0800453e        0x2 Src\stm32f7xx_it.o
                0x0800453e                HardFault_Handler
 .text.MemManage_Handler
                0x08004540        0x2 Src\stm32f7xx_it.o
                0x08004540                MemManage_Handler
 .text.BusFault_Handler
                0x08004542        0x2 Src\stm32f7xx_it.o
                0x08004542                BusFault_Handler
 .text.UsageFault_Handler
                0x08004544        0x2 Src\stm32f7xx_it.o
                0x08004544                UsageFault_Handler
 .text.SVC_Handler
                0x08004546        0x2 Src\stm32f7xx_it.o
                0x08004546                SVC_Handler
 .text.DebugMon_Handler
                0x08004548        0x2 Src\stm32f7xx_it.o
                0x08004548                DebugMon_Handler
 .text.PendSV_Handler
                0x0800454a        0x2 Src\stm32f7xx_it.o
                0x0800454a                PendSV_Handler
 .text.SysTick_Handler
                0x0800454c        0xe Src\stm32f7xx_it.o
                0x0800454c                SysTick_Handler
 .text.EXTI15_10_IRQHandler
                0x0800455a        0x8 Src\stm32f7xx_it.o
                0x0800455a                EXTI15_10_IRQHandler
 .text.EXTI9_5_IRQHandler
                0x08004562        0x6 Src\stm32f7xx_it.o
                0x08004562                EXTI9_5_IRQHandler
 .text.DMA2_Stream0_IRQHandler
                0x08004568        0xc Src\stm32f7xx_it.o
                0x08004568                DMA2_Stream0_IRQHandler
 .text.SPI1_IRQHandler
                0x08004574        0xc Src\stm32f7xx_it.o
                0x08004574                SPI1_IRQHandler
 .text.TIM1_CC_IRQHandler
                0x08004580        0xc Src\stm32f7xx_it.o
                0x08004580                TIM1_CC_IRQHandler
 .text.TIM4_IRQHandler
                0x0800458c        0xc Src\stm32f7xx_it.o
                0x0800458c                TIM4_IRQHandler
 .text.SystemInit
                0x08004598       0x4c Src\system_stm32f7xx.o
                0x08004598                SystemInit
 .text.__libc_init_array
                0x080045e4       0x4c c:/program files (x86)/atollic/truestudio for arm 7.1.0/armtools/bin/../lib/gcc/arm-atollic-eabi/5.3.1/../../../../arm-atollic-eabi/lib/armv7e-m/fpu/fpv5-sp-d16\libc_nano.a(lib_a-init.o)
                0x080045e4                __libc_init_array
 .text.sprintf  0x08004630       0x48 c:/program files (x86)/atollic/truestudio for arm 7.1.0/armtools/bin/../lib/gcc/arm-atollic-eabi/5.3.1/../../../../arm-atollic-eabi/lib/armv7e-m/fpu/fpv5-sp-d16\libc_nano.a(lib_a-sprintf.o)
                0x08004630                siprintf
                0x08004630                sprintf
 .text.strcpy   0x08004678       0x10 c:/program files (x86)/atollic/truestudio for arm 7.1.0/armtools/bin/../lib/gcc/arm-atollic-eabi/5.3.1/../../../../arm-atollic-eabi/lib/armv7e-m/fpu/fpv5-sp-d16\libc_nano.a(lib_a-strcpy.o)
                0x08004678                strcpy
 .text.__ssputs_r
                0x08004688       0xb2 c:/program files (x86)/atollic/truestudio for arm 7.1.0/armtools/bin/../lib/gcc/arm-atollic-eabi/5.3.1/../../../../arm-atollic-eabi/lib/armv7e-m/fpu/fpv5-sp-d16\libc_nano.a(lib_a-nano-svfprintf.o)
                0x08004688                __ssputs_r
 *fill*         0x0800473a        0x2 
 .text._svfprintf_r
                0x0800473c      0x1e8 c:/program files (x86)/atollic/truestudio for arm 7.1.0/armtools/bin/../lib/gcc/arm-atollic-eabi/5.3.1/../../../../arm-atollic-eabi/lib/armv7e-m/fpu/fpv5-sp-d16\libc_nano.a(lib_a-nano-svfprintf.o)
                0x0800473c                _svfiprintf_r
                0x0800473c                _svfprintf_r
 .text._printf_common
                0x08004924       0xec c:/program files (x86)/atollic/truestudio for arm 7.1.0/armtools/bin/../lib/gcc/arm-atollic-eabi/5.3.1/../../../../arm-atollic-eabi/lib/armv7e-m/fpu/fpv5-sp-d16\libc_nano.a(lib_a-nano-vfprintf_i.o)
                0x08004924                _printf_common
 .text._printf_i
                0x08004a10      0x24c c:/program files (x86)/atollic/truestudio for arm 7.1.0/armtools/bin/../lib/gcc/arm-atollic-eabi/5.3.1/../../../../arm-atollic-eabi/lib/armv7e-m/fpu/fpv5-sp-d16\libc_nano.a(lib_a-nano-vfprintf_i.o)
                0x08004a10                _printf_i
 .text.memcpy   0x08004c5c       0x16 c:/program files (x86)/atollic/truestudio for arm 7.1.0/armtools/bin/../lib/gcc/arm-atollic-eabi/5.3.1/../../../../arm-atollic-eabi/lib/armv7e-m/fpu/fpv5-sp-d16\libc_nano.a(lib_a-memcpy-stub.o)
                0x08004c5c                memcpy
 .text.memmove  0x08004c72       0x36 c:/program files (x86)/atollic/truestudio for arm 7.1.0/armtools/bin/../lib/gcc/arm-atollic-eabi/5.3.1/../../../../arm-atollic-eabi/lib/armv7e-m/fpu/fpv5-sp-d16\libc_nano.a(lib_a-memmove.o)
                0x08004c72                memmove
 .text._free_r  0x08004ca8       0x9c c:/program files (x86)/atollic/truestudio for arm 7.1.0/armtools/bin/../lib/gcc/arm-atollic-eabi/5.3.1/../../../../arm-atollic-eabi/lib/armv7e-m/fpu/fpv5-sp-d16\libc_nano.a(lib_a-nano-freer.o)
                0x08004ca8                _free_r
 .text._malloc_r
                0x08004d44       0xbc c:/program files (x86)/atollic/truestudio for arm 7.1.0/armtools/bin/../lib/gcc/arm-atollic-eabi/5.3.1/../../../../arm-atollic-eabi/lib/armv7e-m/fpu/fpv5-sp-d16\libc_nano.a(lib_a-nano-mallocr.o)
                0x08004d44                _malloc_r
 .text._realloc_r
                0x08004e00       0x4c c:/program files (x86)/atollic/truestudio for arm 7.1.0/armtools/bin/../lib/gcc/arm-atollic-eabi/5.3.1/../../../../arm-atollic-eabi/lib/armv7e-m/fpu/fpv5-sp-d16\libc_nano.a(lib_a-nano-reallocr.o)
                0x08004e00                _realloc_r
 .text._sbrk_r  0x08004e4c       0x20 c:/program files (x86)/atollic/truestudio for arm 7.1.0/armtools/bin/../lib/gcc/arm-atollic-eabi/5.3.1/../../../../arm-atollic-eabi/lib/armv7e-m/fpu/fpv5-sp-d16\libc_nano.a(lib_a-sbrkr.o)
                0x08004e4c                _sbrk_r
 .text.__malloc_lock
                0x08004e6c        0x2 c:/program files (x86)/atollic/truestudio for arm 7.1.0/armtools/bin/../lib/gcc/arm-atollic-eabi/5.3.1/../../../../arm-atollic-eabi/lib/armv7e-m/fpu/fpv5-sp-d16\libc_nano.a(lib_a-mlock.o)
                0x08004e6c                __malloc_lock
 .text.__malloc_unlock
                0x08004e6e        0x2 c:/program files (x86)/atollic/truestudio for arm 7.1.0/armtools/bin/../lib/gcc/arm-atollic-eabi/5.3.1/../../../../arm-atollic-eabi/lib/armv7e-m/fpu/fpv5-sp-d16\libc_nano.a(lib_a-mlock.o)
                0x08004e6e                __malloc_unlock
 .text._malloc_usable_size_r
                0x08004e70       0x14 c:/program files (x86)/atollic/truestudio for arm 7.1.0/armtools/bin/../lib/gcc/arm-atollic-eabi/5.3.1/../../../../arm-atollic-eabi/lib/armv7e-m/fpu/fpv5-sp-d16\libc_nano.a(lib_a-nano-msizer.o)
                0x08004e70                _malloc_usable_size_r
 .text._sbrk    0x08004e84       0x1c c:/program files (x86)/atollic/truestudio for arm 7.1.0/armtools/bin/../lib/gcc/arm-atollic-eabi/5.3.1/../../../../arm-atollic-eabi/lib/armv7e-m/fpu/fpv5-sp-d16\libnosys.a(sbrk.o)
                0x08004e84                _sbrk
 *(.glue_7)
 .glue_7        0x08004ea0        0x0 linker stubs
 *(.glue_7t)
 .glue_7t       0x08004ea0        0x0 linker stubs
 *(.eh_frame)
 .eh_frame      0x08004ea0        0x0 c:/program files (x86)/atollic/truestudio for arm 7.1.0/armtools/bin/../lib/gcc/arm-atollic-eabi/5.3.1/armv7e-m/fpu/fpv5-sp-d16/crtbegin.o
 *(.init)
 .init          0x08004ea0        0x4 c:/program files (x86)/atollic/truestudio for arm 7.1.0/armtools/bin/../lib/gcc/arm-atollic-eabi/5.3.1/armv7e-m/fpu/fpv5-sp-d16/crti.o
                0x08004ea0                _init
 .init          0x08004ea4        0x8 c:/program files (x86)/atollic/truestudio for arm 7.1.0/armtools/bin/../lib/gcc/arm-atollic-eabi/5.3.1/armv7e-m/fpu/fpv5-sp-d16/crtn.o
 *(.fini)
 .fini          0x08004eac        0x4 c:/program files (x86)/atollic/truestudio for arm 7.1.0/armtools/bin/../lib/gcc/arm-atollic-eabi/5.3.1/armv7e-m/fpu/fpv5-sp-d16/crti.o
                0x08004eac                _fini
 .fini          0x08004eb0        0x8 c:/program files (x86)/atollic/truestudio for arm 7.1.0/armtools/bin/../lib/gcc/arm-atollic-eabi/5.3.1/armv7e-m/fpu/fpv5-sp-d16/crtn.o
                0x08004eb8                . = ALIGN (0x4)
                0x08004eb8                _etext = .

.vfp11_veneer   0x08004eb8        0x0
 .vfp11_veneer  0x08004eb8        0x0 linker stubs

.v4_bx          0x08004eb8        0x0
 .v4_bx         0x08004eb8        0x0 linker stubs

.iplt           0x08004eb8        0x0
 .iplt          0x08004eb8        0x0 c:/program files (x86)/atollic/truestudio for arm 7.1.0/armtools/bin/../lib/gcc/arm-atollic-eabi/5.3.1/armv7e-m/fpu/fpv5-sp-d16/crtbegin.o

.rodata         0x08004eb8      0x2f4
                0x08004eb8                . = ALIGN (0x4)
 *(.rodata)
 .rodata        0x08004eb8       0x24 Src\main.o
 *(.rodata*)
 .rodata.flagBitshiftOffset.8584
                0x08004edc        0x8 Drivers\STM32F7xx_HAL_Driver\Src\stm32f7xx_hal_dma.o
 .rodata.CSWTCH.39
                0x08004ee4        0x4 Drivers\STM32F7xx_HAL_Driver\Src\stm32f7xx_hal_uart.o
 .rodata.CSWTCH.40
                0x08004ee8        0xd Drivers\STM32F7xx_HAL_Driver\Src\stm32f7xx_hal_uart.o
 .rodata.str1.1
                0x08004ef5      0x26a Src\main.o
                                0x2a8 (size before relaxing)
 .rodata.AHBPrescTable
                0x0800515f       0x10 Src\system_stm32f7xx.o
                0x0800515f                AHBPrescTable
 .rodata.APBPrescTable
                0x0800516f        0x8 Src\system_stm32f7xx.o
                0x0800516f                APBPrescTable
 .rodata.str1.1
                0x08005177        0x2 c:/program files (x86)/atollic/truestudio for arm 7.1.0/armtools/bin/../lib/gcc/arm-atollic-eabi/5.3.1/../../../../arm-atollic-eabi/lib/armv7e-m/fpu/fpv5-sp-d16\libc_nano.a(lib_a-impure.o)
 .rodata.str1.1
                0x08005179       0x11 c:/program files (x86)/atollic/truestudio for arm 7.1.0/armtools/bin/../lib/gcc/arm-atollic-eabi/5.3.1/../../../../arm-atollic-eabi/lib/armv7e-m/fpu/fpv5-sp-d16\libc_nano.a(lib_a-nano-svfprintf.o)
 .rodata.str1.1
                0x0800518a       0x22 c:/program files (x86)/atollic/truestudio for arm 7.1.0/armtools/bin/../lib/gcc/arm-atollic-eabi/5.3.1/../../../../arm-atollic-eabi/lib/armv7e-m/fpu/fpv5-sp-d16\libc_nano.a(lib_a-nano-vfprintf_i.o)
                0x080051ac                . = ALIGN (0x4)

.rel.dyn        0x080051ac        0x0
 .rel.iplt      0x080051ac        0x0 c:/program files (x86)/atollic/truestudio for arm 7.1.0/armtools/bin/../lib/gcc/arm-atollic-eabi/5.3.1/armv7e-m/fpu/fpv5-sp-d16/crtbegin.o

.ARM.extab
 *(.ARM.extab* .gnu.linkonce.armextab.*)

.ARM            0x080051ac        0x0
                0x080051ac                __exidx_start = .
 *(.ARM.exidx*)
                0x080051ac                __exidx_end = .

.preinit_array  0x080051ac        0x0
                0x080051ac                PROVIDE (__preinit_array_start, .)
 *(.preinit_array*)
                0x080051ac                PROVIDE (__preinit_array_end, .)

.init_array     0x080051ac        0x4
                0x080051ac                PROVIDE (__init_array_start, .)
 *(SORT(.init_array.*))
 *(.init_array*)
 .init_array    0x080051ac        0x4 c:/program files (x86)/atollic/truestudio for arm 7.1.0/armtools/bin/../lib/gcc/arm-atollic-eabi/5.3.1/armv7e-m/fpu/fpv5-sp-d16/crtbegin.o
                0x080051b0                PROVIDE (__init_array_end, .)

.fini_array     0x080051b0        0x4
                [!provide]                PROVIDE (__fini_array_start, .)
 *(SORT(.fini_array.*))
 *(.fini_array*)
 .fini_array    0x080051b0        0x4 c:/program files (x86)/atollic/truestudio for arm 7.1.0/armtools/bin/../lib/gcc/arm-atollic-eabi/5.3.1/armv7e-m/fpu/fpv5-sp-d16/crtbegin.o
                [!provide]                PROVIDE (__fini_array_end, .)
                0x080051b4                _sidata = LOADADDR (.data)

.data           0x20000000       0x6c load address 0x080051b4
                0x20000000                . = ALIGN (0x4)
                0x20000000                _sdata = .
 *(.data)
 *(.data*)
 .data.stop_flag
                0x20000000        0x4 Src\main.o
                0x20000000                stop_flag
 .data.SystemCoreClock
                0x20000004        0x4 Src\system_stm32f7xx.o
                0x20000004                SystemCoreClock
 .data.impure_data
                0x20000008       0x60 c:/program files (x86)/atollic/truestudio for arm 7.1.0/armtools/bin/../lib/gcc/arm-atollic-eabi/5.3.1/../../../../arm-atollic-eabi/lib/armv7e-m/fpu/fpv5-sp-d16\libc_nano.a(lib_a-impure.o)
 .data._impure_ptr
                0x20000068        0x4 c:/program files (x86)/atollic/truestudio for arm 7.1.0/armtools/bin/../lib/gcc/arm-atollic-eabi/5.3.1/../../../../arm-atollic-eabi/lib/armv7e-m/fpu/fpv5-sp-d16\libc_nano.a(lib_a-impure.o)
                0x20000068                _impure_ptr
                0x2000006c                . = ALIGN (0x4)
                0x2000006c                _edata = .

.igot.plt       0x2000006c        0x0 load address 0x08005220
 .igot.plt      0x2000006c        0x0 c:/program files (x86)/atollic/truestudio for arm 7.1.0/armtools/bin/../lib/gcc/arm-atollic-eabi/5.3.1/armv7e-m/fpu/fpv5-sp-d16/crtbegin.o
                0x2000006c                . = ALIGN (0x4)

.bss            0x2000006c     0x2988 load address 0x08005220
                0x2000006c                _sbss = .
                0x2000006c                __bss_start__ = _sbss
 *(.bss)
 .bss           0x2000006c       0x1c c:/program files (x86)/atollic/truestudio for arm 7.1.0/armtools/bin/../lib/gcc/arm-atollic-eabi/5.3.1/armv7e-m/fpu/fpv5-sp-d16/crtbegin.o
 *(.bss*)
 .bss.prev_l_debug
                0x20000088       0x50 Src\main.o
 .bss.l_count   0x200000d8        0x4 Src\main.o
                0x200000d8                l_count
 .bss.l_count_corr
                0x200000dc        0x4 Src\main.o
                0x200000dc                l_count_corr
 .bss.cur_move  0x200000e0        0x4 Src\main.o
                0x200000e0                cur_move
 .bss.rf_buffer
                0x200000e4      0xfa0 Src\main.o
 .bss.renc_diff
                0x20001084        0x4 Src\main.o
                0x20001084                renc_diff
 .bss.l_count_debug
                0x20001088       0x50 Src\main.o
 .bss.transition_set
                0x200010d8        0x4 Src\main.o
                0x200010d8                transition_set
 .bss.l         0x200010dc        0x4 Src\main.o
                0x200010dc                l
 .bss.dif_rf    0x200010e0        0x4 Src\main.o
                0x200010e0                dif_rf
 .bss.dead_flag
                0x200010e4        0x4 Src\main.o
                0x200010e4                dead_flag
 .bss.dif_l     0x200010e8        0x4 Src\main.o
                0x200010e8                dif_l
 .bss.l_debug   0x200010ec       0x50 Src\main.o
 .bss.r_transition_flag
                0x2000113c        0x4 Src\main.o
                0x2000113c                r_transition_flag
 .bss.transition_flag
                0x20001140        0x4 Src\main.o
                0x20001140                transition_flag
 .bss.dif_r     0x20001144        0x4 Src\main.o
                0x20001144                dif_r
 .bss.m_correction
                0x20001148        0x4 Src\main.o
                0x20001148                m_correction
 .bss.l_transition_flag
                0x2000114c        0x4 Src\main.o
                0x2000114c                l_transition_flag
 .bss.lenc_diff
                0x20001150        0x4 Src\main.o
                0x20001150                lenc_diff
 .bss.r_turnflag
                0x20001154        0x4 Src\main.o
                0x20001154                r_turnflag
 .bss.r_count_corr
                0x20001158        0x4 Src\main.o
                0x20001158                r_count_corr
 .bss.vert_walls
                0x2000115c       0x3c Src\main.o
 .bss.lf        0x20001198        0x4 Src\main.o
                0x20001198                lf
 .bss.rf_debug  0x2000119c       0x50 Src\main.o
 .bss.next_move
                0x200011ec        0x4 Src\main.o
                0x200011ec                next_move
 .bss.r_count   0x200011f0        0x4 Src\main.o
                0x200011f0                r_count
 .bss.lenc_diff_corr
                0x200011f4        0x4 Src\main.o
                0x200011f4                lenc_diff_corr
 .bss.r         0x200011f8        0x4 Src\main.o
                0x200011f8                r
 .bss.r_count_debug
                0x200011fc       0x50 Src\main.o
 .bss.prev_r_debug
                0x2000124c       0x50 Src\main.o
 .bss.r_debug   0x2000129c       0x50 Src\main.o
 .bss.lf_debug  0x200012ec       0x50 Src\main.o
 .bss.rf        0x2000133c        0x4 Src\main.o
                0x2000133c                rf
 .bss.turn_debug
                0x20001340       0x50 Src\main.o
 .bss.dbg_count
                0x20001390        0x4 Src\main.o
                0x20001390                dbg_count
 .bss.buff_count
                0x20001394        0x4 Src\main.o
 .bss.renc_diff_corr
                0x20001398        0x4 Src\main.o
                0x20001398                renc_diff_corr
 .bss.fwd_flag  0x2000139c        0x4 Src\main.o
                0x2000139c                fwd_flag
 .bss.lf_buffer
                0x200013a0      0xfa0 Src\main.o
 .bss.cur_debug
                0x20002340       0x50 Src\main.o
 .bss.debug_flag
                0x20002390        0x4 Src\main.o
                0x20002390                debug_flag
 .bss.l_turnflag
                0x20002394        0x4 Src\main.o
                0x20002394                l_turnflag
 .bss.horiz_walls
                0x20002398       0x30 Src\main.o
 .bss.dif_lf    0x200023c8        0x4 Src\main.o
                0x200023c8                dif_lf
 .bss.HAL_state
                0x200023cc        0x4 Src\main.o
                0x200023cc                HAL_state
 .bss.adc_conv  0x200023d0        0x4 Src\main.o
                0x200023d0                adc_conv
 .bss.hdma_adc.8473
                0x200023d4       0x60 Src\stm32f7xx_hal_msp.o
 .bss.__malloc_sbrk_start
                0x20002434        0x4 c:/program files (x86)/atollic/truestudio for arm 7.1.0/armtools/bin/../lib/gcc/arm-atollic-eabi/5.3.1/../../../../arm-atollic-eabi/lib/armv7e-m/fpu/fpv5-sp-d16\libc_nano.a(lib_a-nano-mallocr.o)
                0x20002434                __malloc_sbrk_start
 .bss.__malloc_free_list
                0x20002438        0x4 c:/program files (x86)/atollic/truestudio for arm 7.1.0/armtools/bin/../lib/gcc/arm-atollic-eabi/5.3.1/../../../../arm-atollic-eabi/lib/armv7e-m/fpu/fpv5-sp-d16\libc_nano.a(lib_a-nano-mallocr.o)
                0x20002438                __malloc_free_list
 .bss.heap_end.4169
                0x2000243c        0x4 c:/program files (x86)/atollic/truestudio for arm 7.1.0/armtools/bin/../lib/gcc/arm-atollic-eabi/5.3.1/../../../../arm-atollic-eabi/lib/armv7e-m/fpu/fpv5-sp-d16\libnosys.a(sbrk.o)
 *(COMMON)
 COMMON         0x20002440        0x4 Drivers\STM32F7xx_HAL_Driver\Src\stm32f7xx_hal.o
                0x20002440                uwTick
 COMMON         0x20002444      0x5ac Src\main.o
                0x20002444                prev_r_count
                0x20002448                prev_l_count
                0x2000244c                htim4
                0x20002488                maze
                0x200024d0                rx_buffer
                0x20002598                tx_buffer
                0x20002660                hadc1
                0x200026a8                huart1
                0x20002718                new_path
                0x2000277c                ADC_valbuffer
                0x200027fc                htim1
                0x20002838                htim9
                0x20002874                optimal_path
                0x200028d8                aRxBuffer
                0x20002950                hspi1
                0x200029b4                htim2
 COMMON         0x200029f0        0x4 c:/program files (x86)/atollic/truestudio for arm 7.1.0/armtools/bin/../lib/gcc/arm-atollic-eabi/5.3.1/../../../../arm-atollic-eabi/lib/armv7e-m/fpu/fpv5-sp-d16\libc_nano.a(lib_a-reent.o)
                0x200029f0                errno
                0x200029f4                . = ALIGN (0x4)
                0x200029f4                _ebss = .
                0x200029f4                __bss_end__ = _ebss

._user_heap_stack
                0x200029f4      0x600 load address 0x08005220
                0x200029f4                . = ALIGN (0x4)
                0x200029f4                PROVIDE (end, .)
                [!provide]                PROVIDE (_end, .)
                0x20002bf4                . = (. + _Min_Heap_Size)
 *fill*         0x200029f4      0x200 
                0x20002ff4                . = (. + _Min_Stack_Size)
 *fill*         0x20002bf4      0x400 
                0x20002ff4                . = ALIGN (0x4)

/DISCARD/
 libc.a(*)
 libm.a(*)
 libgcc.a(*)

.ARM.attributes
                0x00000000       0x30
 *(.ARM.attributes)
 .ARM.attributes
                0x00000000       0x22 c:/program files (x86)/atollic/truestudio for arm 7.1.0/armtools/bin/../lib/gcc/arm-atollic-eabi/5.3.1/armv7e-m/fpu/fpv5-sp-d16/crti.o
 .ARM.attributes
                0x00000022       0x34 c:/program files (x86)/atollic/truestudio for arm 7.1.0/armtools/bin/../lib/gcc/arm-atollic-eabi/5.3.1/armv7e-m/fpu/fpv5-sp-d16/crtbegin.o
 .ARM.attributes
                0x00000056       0x21 Drivers\CMSIS\Device\ST\STM32F7xx\Source\Templates\gcc\startup_stm32f746xx.o
 .ARM.attributes
                0x00000077       0x39 Drivers\STM32F7xx_HAL_Driver\Src\stm32f7xx_hal.o
 .ARM.attributes
                0x000000b0       0x39 Drivers\STM32F7xx_HAL_Driver\Src\stm32f7xx_hal_adc.o
 .ARM.attributes
                0x000000e9       0x39 Drivers\STM32F7xx_HAL_Driver\Src\stm32f7xx_hal_cortex.o
 .ARM.attributes
                0x00000122       0x39 Drivers\STM32F7xx_HAL_Driver\Src\stm32f7xx_hal_dma.o
 .ARM.attributes
                0x0000015b       0x39 Drivers\STM32F7xx_HAL_Driver\Src\stm32f7xx_hal_gpio.o
 .ARM.attributes
                0x00000194       0x39 Drivers\STM32F7xx_HAL_Driver\Src\stm32f7xx_hal_pwr_ex.o
 .ARM.attributes
                0x000001cd       0x39 Drivers\STM32F7xx_HAL_Driver\Src\stm32f7xx_hal_rcc.o
 .ARM.attributes
                0x00000206       0x39 Drivers\STM32F7xx_HAL_Driver\Src\stm32f7xx_hal_rcc_ex.o
 .ARM.attributes
                0x0000023f       0x39 Drivers\STM32F7xx_HAL_Driver\Src\stm32f7xx_hal_spi.o
 .ARM.attributes
                0x00000278       0x39 Drivers\STM32F7xx_HAL_Driver\Src\stm32f7xx_hal_tim.o
 .ARM.attributes
                0x000002b1       0x39 Drivers\STM32F7xx_HAL_Driver\Src\stm32f7xx_hal_tim_ex.o
 .ARM.attributes
                0x000002ea       0x39 Drivers\STM32F7xx_HAL_Driver\Src\stm32f7xx_hal_uart.o
 .ARM.attributes
                0x00000323       0x39 Src\main.o
 .ARM.attributes
                0x0000035c       0x39 Src\stm32f7xx_hal_msp.o
 .ARM.attributes
                0x00000395       0x39 Src\stm32f7xx_it.o
 .ARM.attributes
                0x000003ce       0x39 Src\system_stm32f7xx.o
 .ARM.attributes
                0x00000407       0x34 c:/program files (x86)/atollic/truestudio for arm 7.1.0/armtools/bin/../lib/gcc/arm-atollic-eabi/5.3.1/../../../../arm-atollic-eabi/lib/armv7e-m/fpu/fpv5-sp-d16\libc_nano.a(lib_a-init.o)
 .ARM.attributes
                0x0000043b       0x34 c:/program files (x86)/atollic/truestudio for arm 7.1.0/armtools/bin/../lib/gcc/arm-atollic-eabi/5.3.1/../../../../arm-atollic-eabi/lib/armv7e-m/fpu/fpv5-sp-d16\libc_nano.a(lib_a-sprintf.o)
 .ARM.attributes
                0x0000046f       0x34 c:/program files (x86)/atollic/truestudio for arm 7.1.0/armtools/bin/../lib/gcc/arm-atollic-eabi/5.3.1/../../../../arm-atollic-eabi/lib/armv7e-m/fpu/fpv5-sp-d16\libc_nano.a(lib_a-strcpy.o)
 .ARM.attributes
                0x000004a3       0x1b c:/program files (x86)/atollic/truestudio for arm 7.1.0/armtools/bin/../lib/gcc/arm-atollic-eabi/5.3.1/../../../../arm-atollic-eabi/lib/armv7e-m/fpu/fpv5-sp-d16\libc_nano.a(lib_a-strlen.o)
 .ARM.attributes
                0x000004be       0x34 c:/program files (x86)/atollic/truestudio for arm 7.1.0/armtools/bin/../lib/gcc/arm-atollic-eabi/5.3.1/../../../../arm-atollic-eabi/lib/armv7e-m/fpu/fpv5-sp-d16\libc_nano.a(lib_a-impure.o)
 .ARM.attributes
                0x000004f2       0x34 c:/program files (x86)/atollic/truestudio for arm 7.1.0/armtools/bin/../lib/gcc/arm-atollic-eabi/5.3.1/../../../../arm-atollic-eabi/lib/armv7e-m/fpu/fpv5-sp-d16\libc_nano.a(lib_a-nano-svfprintf.o)
 .ARM.attributes
                0x00000526       0x34 c:/program files (x86)/atollic/truestudio for arm 7.1.0/armtools/bin/../lib/gcc/arm-atollic-eabi/5.3.1/../../../../arm-atollic-eabi/lib/armv7e-m/fpu/fpv5-sp-d16\libc_nano.a(lib_a-nano-vfprintf_i.o)
 .ARM.attributes
                0x0000055a       0x20 c:/program files (x86)/atollic/truestudio for arm 7.1.0/armtools/bin/../lib/gcc/arm-atollic-eabi/5.3.1/../../../../arm-atollic-eabi/lib/armv7e-m/fpu/fpv5-sp-d16\libc_nano.a(lib_a-memchr.o)
 .ARM.attributes
                0x0000057a       0x34 c:/program files (x86)/atollic/truestudio for arm 7.1.0/armtools/bin/../lib/gcc/arm-atollic-eabi/5.3.1/../../../../arm-atollic-eabi/lib/armv7e-m/fpu/fpv5-sp-d16\libc_nano.a(lib_a-memcpy-stub.o)
 .ARM.attributes
                0x000005ae       0x34 c:/program files (x86)/atollic/truestudio for arm 7.1.0/armtools/bin/../lib/gcc/arm-atollic-eabi/5.3.1/../../../../arm-atollic-eabi/lib/armv7e-m/fpu/fpv5-sp-d16\libc_nano.a(lib_a-memmove.o)
 .ARM.attributes
                0x000005e2       0x34 c:/program files (x86)/atollic/truestudio for arm 7.1.0/armtools/bin/../lib/gcc/arm-atollic-eabi/5.3.1/../../../../arm-atollic-eabi/lib/armv7e-m/fpu/fpv5-sp-d16\libc_nano.a(lib_a-nano-freer.o)
 .ARM.attributes
                0x00000616       0x34 c:/program files (x86)/atollic/truestudio for arm 7.1.0/armtools/bin/../lib/gcc/arm-atollic-eabi/5.3.1/../../../../arm-atollic-eabi/lib/armv7e-m/fpu/fpv5-sp-d16\libc_nano.a(lib_a-nano-mallocr.o)
 .ARM.attributes
                0x0000064a       0x34 c:/program files (x86)/atollic/truestudio for arm 7.1.0/armtools/bin/../lib/gcc/arm-atollic-eabi/5.3.1/../../../../arm-atollic-eabi/lib/armv7e-m/fpu/fpv5-sp-d16\libc_nano.a(lib_a-nano-reallocr.o)
 .ARM.attributes
                0x0000067e       0x34 c:/program files (x86)/atollic/truestudio for arm 7.1.0/armtools/bin/../lib/gcc/arm-atollic-eabi/5.3.1/../../../../arm-atollic-eabi/lib/armv7e-m/fpu/fpv5-sp-d16\libc_nano.a(lib_a-sbrkr.o)
 .ARM.attributes
                0x000006b2       0x34 c:/program files (x86)/atollic/truestudio for arm 7.1.0/armtools/bin/../lib/gcc/arm-atollic-eabi/5.3.1/../../../../arm-atollic-eabi/lib/armv7e-m/fpu/fpv5-sp-d16\libc_nano.a(lib_a-mlock.o)
 .ARM.attributes
                0x000006e6       0x34 c:/program files (x86)/atollic/truestudio for arm 7.1.0/armtools/bin/../lib/gcc/arm-atollic-eabi/5.3.1/../../../../arm-atollic-eabi/lib/armv7e-m/fpu/fpv5-sp-d16\libc_nano.a(lib_a-nano-msizer.o)
 .ARM.attributes
                0x0000071a       0x34 c:/program files (x86)/atollic/truestudio for arm 7.1.0/armtools/bin/../lib/gcc/arm-atollic-eabi/5.3.1/../../../../arm-atollic-eabi/lib/armv7e-m/fpu/fpv5-sp-d16\libc_nano.a(lib_a-reent.o)
 .ARM.attributes
                0x0000074e       0x34 c:/program files (x86)/atollic/truestudio for arm 7.1.0/armtools/bin/../lib/gcc/arm-atollic-eabi/5.3.1/../../../../arm-atollic-eabi/lib/armv7e-m/fpu/fpv5-sp-d16\libnosys.a(sbrk.o)
 .ARM.attributes
                0x00000782       0x22 c:/program files (x86)/atollic/truestudio for arm 7.1.0/armtools/bin/../lib/gcc/arm-atollic-eabi/5.3.1/armv7e-m/fpu/fpv5-sp-d16/crtn.o
OUTPUT(mm747.elf elf32-littlearm)

.debug_line     0x00000000     0x7121
 .debug_line    0x00000000       0xae Drivers\CMSIS\Device\ST\STM32F7xx\Source\Templates\gcc\startup_stm32f746xx.o
 .debug_line    0x000000ae      0x39a Drivers\STM32F7xx_HAL_Driver\Src\stm32f7xx_hal.o
 .debug_line    0x00000448      0x6dc Drivers\STM32F7xx_HAL_Driver\Src\stm32f7xx_hal_adc.o
 .debug_line    0x00000b24      0x430 Drivers\STM32F7xx_HAL_Driver\Src\stm32f7xx_hal_cortex.o
 .debug_line    0x00000f54      0x539 Drivers\STM32F7xx_HAL_Driver\Src\stm32f7xx_hal_dma.o
 .debug_line    0x0000148d      0x3f3 Drivers\STM32F7xx_HAL_Driver\Src\stm32f7xx_hal_gpio.o
 .debug_line    0x00001880      0x36c Drivers\STM32F7xx_HAL_Driver\Src\stm32f7xx_hal_pwr_ex.o
 .debug_line    0x00001bec      0x62b Drivers\STM32F7xx_HAL_Driver\Src\stm32f7xx_hal_rcc.o
 .debug_line    0x00002217      0x64e Drivers\STM32F7xx_HAL_Driver\Src\stm32f7xx_hal_rcc_ex.o
 .debug_line    0x00002865      0xc02 Drivers\STM32F7xx_HAL_Driver\Src\stm32f7xx_hal_spi.o
 .debug_line    0x00003467     0x116a Drivers\STM32F7xx_HAL_Driver\Src\stm32f7xx_hal_tim.o
 .debug_line    0x000045d1      0x808 Drivers\STM32F7xx_HAL_Driver\Src\stm32f7xx_hal_tim_ex.o
 .debug_line    0x00004dd9      0xb41 Drivers\STM32F7xx_HAL_Driver\Src\stm32f7xx_hal_uart.o
 .debug_line    0x0000591a      0xef4 Src\main.o
 .debug_line    0x0000680e      0x433 Src\stm32f7xx_hal_msp.o
 .debug_line    0x00006c41      0x322 Src\stm32f7xx_it.o
 .debug_line    0x00006f63      0x1be Src\system_stm32f7xx.o

.debug_info     0x00000000    0x14394
 .debug_info    0x00000000       0xa5 Drivers\CMSIS\Device\ST\STM32F7xx\Source\Templates\gcc\startup_stm32f746xx.o
 .debug_info    0x000000a5      0x8e3 Drivers\STM32F7xx_HAL_Driver\Src\stm32f7xx_hal.o
 .debug_info    0x00000988      0xcbe Drivers\STM32F7xx_HAL_Driver\Src\stm32f7xx_hal_adc.o
 .debug_info    0x00001646     0x111d Drivers\STM32F7xx_HAL_Driver\Src\stm32f7xx_hal_cortex.o
 .debug_info    0x00002763      0xa28 Drivers\STM32F7xx_HAL_Driver\Src\stm32f7xx_hal_dma.o
 .debug_info    0x0000318b      0x754 Drivers\STM32F7xx_HAL_Driver\Src\stm32f7xx_hal_gpio.o
 .debug_info    0x000038df      0x9d1 Drivers\STM32F7xx_HAL_Driver\Src\stm32f7xx_hal_pwr_ex.o
 .debug_info    0x000042b0      0xccf Drivers\STM32F7xx_HAL_Driver\Src\stm32f7xx_hal_rcc.o
 .debug_info    0x00004f7f      0xf68 Drivers\STM32F7xx_HAL_Driver\Src\stm32f7xx_hal_rcc_ex.o
 .debug_info    0x00005ee7     0x1ea5 Drivers\STM32F7xx_HAL_Driver\Src\stm32f7xx_hal_spi.o
 .debug_info    0x00007d8c     0x2d3d Drivers\STM32F7xx_HAL_Driver\Src\stm32f7xx_hal_tim.o
 .debug_info    0x0000aac9     0x131a Drivers\STM32F7xx_HAL_Driver\Src\stm32f7xx_hal_tim_ex.o
 .debug_info    0x0000bde3     0x17be Drivers\STM32F7xx_HAL_Driver\Src\stm32f7xx_hal_uart.o
 .debug_info    0x0000d5a1     0x420f Src\main.o
 .debug_info    0x000117b0     0x18db Src\stm32f7xx_hal_msp.o
 .debug_info    0x0001308b      0xc24 Src\stm32f7xx_it.o
 .debug_info    0x00013caf      0x6e5 Src\system_stm32f7xx.o

.debug_abbrev   0x00000000     0x28c5
 .debug_abbrev  0x00000000       0x12 Drivers\CMSIS\Device\ST\STM32F7xx\Source\Templates\gcc\startup_stm32f746xx.o
 .debug_abbrev  0x00000012      0x1e2 Drivers\STM32F7xx_HAL_Driver\Src\stm32f7xx_hal.o
 .debug_abbrev  0x000001f4      0x2c5 Drivers\STM32F7xx_HAL_Driver\Src\stm32f7xx_hal_adc.o
 .debug_abbrev  0x000004b9      0x32f Drivers\STM32F7xx_HAL_Driver\Src\stm32f7xx_hal_cortex.o
 .debug_abbrev  0x000007e8      0x2dd Drivers\STM32F7xx_HAL_Driver\Src\stm32f7xx_hal_dma.o
 .debug_abbrev  0x00000ac5      0x1c8 Drivers\STM32F7xx_HAL_Driver\Src\stm32f7xx_hal_gpio.o
 .debug_abbrev  0x00000c8d      0x1e9 Drivers\STM32F7xx_HAL_Driver\Src\stm32f7xx_hal_pwr_ex.o
 .debug_abbrev  0x00000e76      0x2da Drivers\STM32F7xx_HAL_Driver\Src\stm32f7xx_hal_rcc.o
 .debug_abbrev  0x00001150      0x22e Drivers\STM32F7xx_HAL_Driver\Src\stm32f7xx_hal_rcc_ex.o
 .debug_abbrev  0x0000137e      0x32a Drivers\STM32F7xx_HAL_Driver\Src\stm32f7xx_hal_spi.o
 .debug_abbrev  0x000016a8      0x311 Drivers\STM32F7xx_HAL_Driver\Src\stm32f7xx_hal_tim.o
 .debug_abbrev  0x000019b9      0x270 Drivers\STM32F7xx_HAL_Driver\Src\stm32f7xx_hal_tim_ex.o
 .debug_abbrev  0x00001c29      0x329 Drivers\STM32F7xx_HAL_Driver\Src\stm32f7xx_hal_uart.o
 .debug_abbrev  0x00001f52      0x445 Src\main.o
 .debug_abbrev  0x00002397      0x23b Src\stm32f7xx_hal_msp.o
 .debug_abbrev  0x000025d2      0x1d6 Src\stm32f7xx_it.o
 .debug_abbrev  0x000027a8      0x11d Src\system_stm32f7xx.o

.debug_aranges  0x00000000      0xd40
 .debug_aranges
                0x00000000       0x28 Drivers\CMSIS\Device\ST\STM32F7xx\Source\Templates\gcc\startup_stm32f746xx.o
 .debug_aranges
                0x00000028       0xc8 Drivers\STM32F7xx_HAL_Driver\Src\stm32f7xx_hal.o
 .debug_aranges
                0x000000f0       0xb8 Drivers\STM32F7xx_HAL_Driver\Src\stm32f7xx_hal_adc.o
 .debug_aranges
                0x000001a8       0xa8 Drivers\STM32F7xx_HAL_Driver\Src\stm32f7xx_hal_cortex.o
 .debug_aranges
                0x00000250       0x80 Drivers\STM32F7xx_HAL_Driver\Src\stm32f7xx_hal_dma.o
 .debug_aranges
                0x000002d0       0x58 Drivers\STM32F7xx_HAL_Driver\Src\stm32f7xx_hal_gpio.o
 .debug_aranges
                0x00000328       0x80 Drivers\STM32F7xx_HAL_Driver\Src\stm32f7xx_hal_pwr_ex.o
 .debug_aranges
                0x000003a8       0x88 Drivers\STM32F7xx_HAL_Driver\Src\stm32f7xx_hal_rcc.o
 .debug_aranges
                0x00000430       0x30 Drivers\STM32F7xx_HAL_Driver\Src\stm32f7xx_hal_rcc_ex.o
 .debug_aranges
                0x00000460      0x198 Drivers\STM32F7xx_HAL_Driver\Src\stm32f7xx_hal_spi.o
 .debug_aranges
                0x000005f8      0x260 Drivers\STM32F7xx_HAL_Driver\Src\stm32f7xx_hal_tim.o
 .debug_aranges
                0x00000858      0x120 Drivers\STM32F7xx_HAL_Driver\Src\stm32f7xx_hal_tim_ex.o
 .debug_aranges
                0x00000978      0x148 Drivers\STM32F7xx_HAL_Driver\Src\stm32f7xx_hal_uart.o
 .debug_aranges
                0x00000ac0      0x168 Src\main.o
 .debug_aranges
                0x00000c28       0x78 Src\stm32f7xx_hal_msp.o
 .debug_aranges
                0x00000ca0       0x78 Src\stm32f7xx_it.o
 .debug_aranges
                0x00000d18       0x28 Src\system_stm32f7xx.o

.debug_ranges   0x00000000     0x1670
 .debug_ranges  0x00000000       0x20 Drivers\CMSIS\Device\ST\STM32F7xx\Source\Templates\gcc\startup_stm32f746xx.o
 .debug_ranges  0x00000020       0xb8 Drivers\STM32F7xx_HAL_Driver\Src\stm32f7xx_hal.o
 .debug_ranges  0x000000d8       0xc0 Drivers\STM32F7xx_HAL_Driver\Src\stm32f7xx_hal_adc.o
 .debug_ranges  0x00000198      0x150 Drivers\STM32F7xx_HAL_Driver\Src\stm32f7xx_hal_cortex.o
 .debug_ranges  0x000002e8       0xa0 Drivers\STM32F7xx_HAL_Driver\Src\stm32f7xx_hal_dma.o
 .debug_ranges  0x00000388       0x70 Drivers\STM32F7xx_HAL_Driver\Src\stm32f7xx_hal_gpio.o
 .debug_ranges  0x000003f8       0xf8 Drivers\STM32F7xx_HAL_Driver\Src\stm32f7xx_hal_pwr_ex.o
 .debug_ranges  0x000004f0      0x1b0 Drivers\STM32F7xx_HAL_Driver\Src\stm32f7xx_hal_rcc.o
 .debug_ranges  0x000006a0      0x320 Drivers\STM32F7xx_HAL_Driver\Src\stm32f7xx_hal_rcc_ex.o
 .debug_ranges  0x000009c0      0x1d0 Drivers\STM32F7xx_HAL_Driver\Src\stm32f7xx_hal_spi.o
 .debug_ranges  0x00000b90      0x2e8 Drivers\STM32F7xx_HAL_Driver\Src\stm32f7xx_hal_tim.o
 .debug_ranges  0x00000e78      0x110 Drivers\STM32F7xx_HAL_Driver\Src\stm32f7xx_hal_tim_ex.o
 .debug_ranges  0x00000f88      0x138 Drivers\STM32F7xx_HAL_Driver\Src\stm32f7xx_hal_uart.o
 .debug_ranges  0x000010c0      0x3f8 Src\main.o
 .debug_ranges  0x000014b8      0x138 Src\stm32f7xx_hal_msp.o
 .debug_ranges  0x000015f0       0x68 Src\stm32f7xx_it.o
 .debug_ranges  0x00001658       0x18 Src\system_stm32f7xx.o

.debug_loc      0x00000000     0xa693
 .debug_loc     0x00000000       0x6a Drivers\STM32F7xx_HAL_Driver\Src\stm32f7xx_hal.o
 .debug_loc     0x0000006a      0x771 Drivers\STM32F7xx_HAL_Driver\Src\stm32f7xx_hal_adc.o
 .debug_loc     0x000007db      0x4ee Drivers\STM32F7xx_HAL_Driver\Src\stm32f7xx_hal_cortex.o
 .debug_loc     0x00000cc9      0x7db Drivers\STM32F7xx_HAL_Driver\Src\stm32f7xx_hal_dma.o
 .debug_loc     0x000014a4      0x34f Drivers\STM32F7xx_HAL_Driver\Src\stm32f7xx_hal_gpio.o
 .debug_loc     0x000017f3      0x1e8 Drivers\STM32F7xx_HAL_Driver\Src\stm32f7xx_hal_pwr_ex.o
 .debug_loc     0x000019db      0x49b Drivers\STM32F7xx_HAL_Driver\Src\stm32f7xx_hal_rcc.o
 .debug_loc     0x00001e76      0x9b4 Drivers\STM32F7xx_HAL_Driver\Src\stm32f7xx_hal_rcc_ex.o
 .debug_loc     0x0000282a     0x1a5e Drivers\STM32F7xx_HAL_Driver\Src\stm32f7xx_hal_spi.o
 .debug_loc     0x00004288     0x2f22 Drivers\STM32F7xx_HAL_Driver\Src\stm32f7xx_hal_tim.o
 .debug_loc     0x000071aa      0xdb1 Drivers\STM32F7xx_HAL_Driver\Src\stm32f7xx_hal_tim_ex.o
 .debug_loc     0x00007f5b     0x129f Drivers\STM32F7xx_HAL_Driver\Src\stm32f7xx_hal_uart.o
 .debug_loc     0x000091fa     0x11e9 Src\main.o
 .debug_loc     0x0000a3e3      0x1c4 Src\stm32f7xx_hal_msp.o
 .debug_loc     0x0000a5a7       0xec Src\system_stm32f7xx.o

.debug_str      0x00000000     0x4a09
 .debug_str     0x00000000      0xb48 Drivers\STM32F7xx_HAL_Driver\Src\stm32f7xx_hal.o
                                0xb9d (size before relaxing)
 .debug_str     0x00000b48      0x65a Drivers\STM32F7xx_HAL_Driver\Src\stm32f7xx_hal_adc.o
                                0x90e (size before relaxing)
 .debug_str     0x000011a2      0x487 Drivers\STM32F7xx_HAL_Driver\Src\stm32f7xx_hal_cortex.o
                                0xdcb (size before relaxing)
 .debug_str     0x00001629      0x2ef Drivers\STM32F7xx_HAL_Driver\Src\stm32f7xx_hal_dma.o
                                0x7b4 (size before relaxing)
 .debug_str     0x00001918      0x1a2 Drivers\STM32F7xx_HAL_Driver\Src\stm32f7xx_hal_gpio.o
                                0x53b (size before relaxing)
 .debug_str     0x00001aba      0x21a Drivers\STM32F7xx_HAL_Driver\Src\stm32f7xx_hal_pwr_ex.o
                                0x696 (size before relaxing)
 .debug_str     0x00001cd4      0x2f8 Drivers\STM32F7xx_HAL_Driver\Src\stm32f7xx_hal_rcc.o
                                0x71c (size before relaxing)
 .debug_str     0x00001fcc      0x351 Drivers\STM32F7xx_HAL_Driver\Src\stm32f7xx_hal_rcc_ex.o
                                0x6d3 (size before relaxing)
 .debug_str     0x0000231d      0x644 Drivers\STM32F7xx_HAL_Driver\Src\stm32f7xx_hal_spi.o
                                0xb42 (size before relaxing)
 .debug_str     0x00002961      0xc62 Drivers\STM32F7xx_HAL_Driver\Src\stm32f7xx_hal_tim.o
                               0x1159 (size before relaxing)
 .debug_str     0x000035c3      0x4c5 Drivers\STM32F7xx_HAL_Driver\Src\stm32f7xx_hal_tim_ex.o
                                0xd76 (size before relaxing)
 .debug_str     0x00003a88      0x6d1 Drivers\STM32F7xx_HAL_Driver\Src\stm32f7xx_hal_uart.o
                                0xdc1 (size before relaxing)
 .debug_str     0x00004159      0x67e Src\main.o
                               0x2162 (size before relaxing)
 .debug_str     0x000047d7       0xfd Src\stm32f7xx_hal_msp.o
                               0x1447 (size before relaxing)
 .debug_str     0x000048d4       0xf0 Src\stm32f7xx_it.o
                                0xae8 (size before relaxing)
 .debug_str     0x000049c4       0x45 Src\system_stm32f7xx.o
                                0x494 (size before relaxing)

.comment        0x00000000       0x7e
 .comment       0x00000000       0x7e Drivers\STM32F7xx_HAL_Driver\Src\stm32f7xx_hal.o
                                 0x7f (size before relaxing)
 .comment       0x0000007e       0x7f Drivers\STM32F7xx_HAL_Driver\Src\stm32f7xx_hal_adc.o
 .comment       0x0000007e       0x7f Drivers\STM32F7xx_HAL_Driver\Src\stm32f7xx_hal_cortex.o
 .comment       0x0000007e       0x7f Drivers\STM32F7xx_HAL_Driver\Src\stm32f7xx_hal_dma.o
 .comment       0x0000007e       0x7f Drivers\STM32F7xx_HAL_Driver\Src\stm32f7xx_hal_gpio.o
 .comment       0x0000007e       0x7f Drivers\STM32F7xx_HAL_Driver\Src\stm32f7xx_hal_pwr_ex.o
 .comment       0x0000007e       0x7f Drivers\STM32F7xx_HAL_Driver\Src\stm32f7xx_hal_rcc.o
 .comment       0x0000007e       0x7f Drivers\STM32F7xx_HAL_Driver\Src\stm32f7xx_hal_rcc_ex.o
 .comment       0x0000007e       0x7f Drivers\STM32F7xx_HAL_Driver\Src\stm32f7xx_hal_spi.o
 .comment       0x0000007e       0x7f Drivers\STM32F7xx_HAL_Driver\Src\stm32f7xx_hal_tim.o
 .comment       0x0000007e       0x7f Drivers\STM32F7xx_HAL_Driver\Src\stm32f7xx_hal_tim_ex.o
 .comment       0x0000007e       0x7f Drivers\STM32F7xx_HAL_Driver\Src\stm32f7xx_hal_uart.o
 .comment       0x0000007e       0x7f Src\main.o
 .comment       0x0000007e       0x7f Src\stm32f7xx_hal_msp.o
 .comment       0x0000007e       0x7f Src\stm32f7xx_it.o
 .comment       0x0000007e       0x7f Src\system_stm32f7xx.o

.debug_frame    0x00000000     0x2b6c
 .debug_frame   0x00000000      0x1a4 Drivers\STM32F7xx_HAL_Driver\Src\stm32f7xx_hal.o
 .debug_frame   0x000001a4      0x23c Drivers\STM32F7xx_HAL_Driver\Src\stm32f7xx_hal_adc.o
 .debug_frame   0x000003e0      0x150 Drivers\STM32F7xx_HAL_Driver\Src\stm32f7xx_hal_cortex.o
 .debug_frame   0x00000530      0x150 Drivers\STM32F7xx_HAL_Driver\Src\stm32f7xx_hal_dma.o
 .debug_frame   0x00000680       0xd4 Drivers\STM32F7xx_HAL_Driver\Src\stm32f7xx_hal_gpio.o
 .debug_frame   0x00000754      0x13c Drivers\STM32F7xx_HAL_Driver\Src\stm32f7xx_hal_pwr_ex.o
 .debug_frame   0x00000890      0x138 Drivers\STM32F7xx_HAL_Driver\Src\stm32f7xx_hal_rcc.o
 .debug_frame   0x000009c8       0x6c Drivers\STM32F7xx_HAL_Driver\Src\stm32f7xx_hal_rcc_ex.o
 .debug_frame   0x00000a34      0x58c Drivers\STM32F7xx_HAL_Driver\Src\stm32f7xx_hal_spi.o
 .debug_frame   0x00000fc0      0x87c Drivers\STM32F7xx_HAL_Driver\Src\stm32f7xx_hal_tim.o
 .debug_frame   0x0000183c      0x3c8 Drivers\STM32F7xx_HAL_Driver\Src\stm32f7xx_hal_tim_ex.o
 .debug_frame   0x00001c04      0x41c Drivers\STM32F7xx_HAL_Driver\Src\stm32f7xx_hal_uart.o
 .debug_frame   0x00002020      0x528 Src\main.o
 .debug_frame   0x00002548      0x154 Src\stm32f7xx_hal_msp.o
 .debug_frame   0x0000269c      0x10c Src\stm32f7xx_it.o
 .debug_frame   0x000027a8       0x30 Src\system_stm32f7xx.o
 .debug_frame   0x000027d8       0x2c c:/program files (x86)/atollic/truestudio for arm 7.1.0/armtools/bin/../lib/gcc/arm-atollic-eabi/5.3.1/../../../../arm-atollic-eabi/lib/armv7e-m/fpu/fpv5-sp-d16\libc_nano.a(lib_a-init.o)
 .debug_frame   0x00002804       0x70 c:/program files (x86)/atollic/truestudio for arm 7.1.0/armtools/bin/../lib/gcc/arm-atollic-eabi/5.3.1/../../../../arm-atollic-eabi/lib/armv7e-m/fpu/fpv5-sp-d16\libc_nano.a(lib_a-sprintf.o)
 .debug_frame   0x00002874       0x20 c:/program files (x86)/atollic/truestudio for arm 7.1.0/armtools/bin/../lib/gcc/arm-atollic-eabi/5.3.1/../../../../arm-atollic-eabi/lib/armv7e-m/fpu/fpv5-sp-d16\libc_nano.a(lib_a-strcpy.o)
 .debug_frame   0x00002894       0x90 c:/program files (x86)/atollic/truestudio for arm 7.1.0/armtools/bin/../lib/gcc/arm-atollic-eabi/5.3.1/../../../../arm-atollic-eabi/lib/armv7e-m/fpu/fpv5-sp-d16\libc_nano.a(lib_a-nano-svfprintf.o)
 .debug_frame   0x00002924       0x60 c:/program files (x86)/atollic/truestudio for arm 7.1.0/armtools/bin/../lib/gcc/arm-atollic-eabi/5.3.1/../../../../arm-atollic-eabi/lib/armv7e-m/fpu/fpv5-sp-d16\libc_nano.a(lib_a-nano-vfprintf_i.o)
 .debug_frame   0x00002984       0x28 c:/program files (x86)/atollic/truestudio for arm 7.1.0/armtools/bin/../lib/gcc/arm-atollic-eabi/5.3.1/../../../../arm-atollic-eabi/lib/armv7e-m/fpu/fpv5-sp-d16\libc_nano.a(lib_a-memcpy-stub.o)
 .debug_frame   0x000029ac       0x28 c:/program files (x86)/atollic/truestudio for arm 7.1.0/armtools/bin/../lib/gcc/arm-atollic-eabi/5.3.1/../../../../arm-atollic-eabi/lib/armv7e-m/fpu/fpv5-sp-d16\libc_nano.a(lib_a-memmove.o)
 .debug_frame   0x000029d4       0x38 c:/program files (x86)/atollic/truestudio for arm 7.1.0/armtools/bin/../lib/gcc/arm-atollic-eabi/5.3.1/../../../../arm-atollic-eabi/lib/armv7e-m/fpu/fpv5-sp-d16\libc_nano.a(lib_a-nano-freer.o)
 .debug_frame   0x00002a0c       0x2c c:/program files (x86)/atollic/truestudio for arm 7.1.0/armtools/bin/../lib/gcc/arm-atollic-eabi/5.3.1/../../../../arm-atollic-eabi/lib/armv7e-m/fpu/fpv5-sp-d16\libc_nano.a(lib_a-nano-mallocr.o)
 .debug_frame   0x00002a38       0x3c c:/program files (x86)/atollic/truestudio for arm 7.1.0/armtools/bin/../lib/gcc/arm-atollic-eabi/5.3.1/../../../../arm-atollic-eabi/lib/armv7e-m/fpu/fpv5-sp-d16\libc_nano.a(lib_a-nano-reallocr.o)
 .debug_frame   0x00002a74       0x2c c:/program files (x86)/atollic/truestudio for arm 7.1.0/armtools/bin/../lib/gcc/arm-atollic-eabi/5.3.1/../../../../arm-atollic-eabi/lib/armv7e-m/fpu/fpv5-sp-d16\libc_nano.a(lib_a-sbrkr.o)
 .debug_frame   0x00002aa0       0x30 c:/program files (x86)/atollic/truestudio for arm 7.1.0/armtools/bin/../lib/gcc/arm-atollic-eabi/5.3.1/../../../../arm-atollic-eabi/lib/armv7e-m/fpu/fpv5-sp-d16\libc_nano.a(lib_a-mlock.o)
 .debug_frame   0x00002ad0       0x20 c:/program files (x86)/atollic/truestudio for arm 7.1.0/armtools/bin/../lib/gcc/arm-atollic-eabi/5.3.1/../../../../arm-atollic-eabi/lib/armv7e-m/fpu/fpv5-sp-d16\libc_nano.a(lib_a-nano-msizer.o)
 .debug_frame   0x00002af0       0x5c c:/program files (x86)/atollic/truestudio for arm 7.1.0/armtools/bin/../lib/gcc/arm-atollic-eabi/5.3.1/../../../../arm-atollic-eabi/lib/armv7e-m/fpu/fpv5-sp-d16\libc_nano.a(lib_a-reent.o)
 .debug_frame   0x00002b4c       0x20 c:/program files (x86)/atollic/truestudio for arm 7.1.0/armtools/bin/../lib/gcc/arm-atollic-eabi/5.3.1/../../../../arm-atollic-eabi/lib/armv7e-m/fpu/fpv5-sp-d16\libnosys.a(sbrk.o)

Cross Reference Table

Symbol                                            File
ADC_IRQHandler                                    Drivers\CMSIS\Device\ST\STM32F7xx\Source\Templates\gcc\startup_stm32f746xx.o
ADC_valbuffer                                     Src\main.o
AHBPrescTable                                     Src\system_stm32f7xx.o
                                                  Drivers\STM32F7xx_HAL_Driver\Src\stm32f7xx_hal_rcc.o
APBPrescTable                                     Src\system_stm32f7xx.o
                                                  Drivers\STM32F7xx_HAL_Driver\Src\stm32f7xx_hal_rcc.o
BusFault_Handler                                  Src\stm32f7xx_it.o
                                                  Drivers\CMSIS\Device\ST\STM32F7xx\Source\Templates\gcc\startup_stm32f746xx.o
CAN1_RX0_IRQHandler                               Drivers\CMSIS\Device\ST\STM32F7xx\Source\Templates\gcc\startup_stm32f746xx.o
CAN1_RX1_IRQHandler                               Drivers\CMSIS\Device\ST\STM32F7xx\Source\Templates\gcc\startup_stm32f746xx.o
CAN1_SCE_IRQHandler                               Drivers\CMSIS\Device\ST\STM32F7xx\Source\Templates\gcc\startup_stm32f746xx.o
CAN1_TX_IRQHandler                                Drivers\CMSIS\Device\ST\STM32F7xx\Source\Templates\gcc\startup_stm32f746xx.o
CAN2_RX0_IRQHandler                               Drivers\CMSIS\Device\ST\STM32F7xx\Source\Templates\gcc\startup_stm32f746xx.o
CAN2_RX1_IRQHandler                               Drivers\CMSIS\Device\ST\STM32F7xx\Source\Templates\gcc\startup_stm32f746xx.o
CAN2_SCE_IRQHandler                               Drivers\CMSIS\Device\ST\STM32F7xx\Source\Templates\gcc\startup_stm32f746xx.o
CAN2_TX_IRQHandler                                Drivers\CMSIS\Device\ST\STM32F7xx\Source\Templates\gcc\startup_stm32f746xx.o
CEC_IRQHandler                                    Drivers\CMSIS\Device\ST\STM32F7xx\Source\Templates\gcc\startup_stm32f746xx.o
Calc_Optimal                                      Src\main.o
Clear_Buffers                                     Src\main.o
DCMI_IRQHandler                                   Drivers\CMSIS\Device\ST\STM32F7xx\Source\Templates\gcc\startup_stm32f746xx.o
DMA1_Stream0_IRQHandler                           Drivers\CMSIS\Device\ST\STM32F7xx\Source\Templates\gcc\startup_stm32f746xx.o
DMA1_Stream1_IRQHandler                           Drivers\CMSIS\Device\ST\STM32F7xx\Source\Templates\gcc\startup_stm32f746xx.o
DMA1_Stream2_IRQHandler                           Drivers\CMSIS\Device\ST\STM32F7xx\Source\Templates\gcc\startup_stm32f746xx.o
DMA1_Stream3_IRQHandler                           Drivers\CMSIS\Device\ST\STM32F7xx\Source\Templates\gcc\startup_stm32f746xx.o
DMA1_Stream4_IRQHandler                           Drivers\CMSIS\Device\ST\STM32F7xx\Source\Templates\gcc\startup_stm32f746xx.o
DMA1_Stream5_IRQHandler                           Drivers\CMSIS\Device\ST\STM32F7xx\Source\Templates\gcc\startup_stm32f746xx.o
DMA1_Stream6_IRQHandler                           Drivers\CMSIS\Device\ST\STM32F7xx\Source\Templates\gcc\startup_stm32f746xx.o
DMA1_Stream7_IRQHandler                           Drivers\CMSIS\Device\ST\STM32F7xx\Source\Templates\gcc\startup_stm32f746xx.o
DMA2D_IRQHandler                                  Drivers\CMSIS\Device\ST\STM32F7xx\Source\Templates\gcc\startup_stm32f746xx.o
DMA2_Stream0_IRQHandler                           Src\stm32f7xx_it.o
                                                  Drivers\CMSIS\Device\ST\STM32F7xx\Source\Templates\gcc\startup_stm32f746xx.o
DMA2_Stream1_IRQHandler                           Drivers\CMSIS\Device\ST\STM32F7xx\Source\Templates\gcc\startup_stm32f746xx.o
DMA2_Stream2_IRQHandler                           Drivers\CMSIS\Device\ST\STM32F7xx\Source\Templates\gcc\startup_stm32f746xx.o
DMA2_Stream3_IRQHandler                           Drivers\CMSIS\Device\ST\STM32F7xx\Source\Templates\gcc\startup_stm32f746xx.o
DMA2_Stream4_IRQHandler                           Drivers\CMSIS\Device\ST\STM32F7xx\Source\Templates\gcc\startup_stm32f746xx.o
DMA2_Stream5_IRQHandler                           Drivers\CMSIS\Device\ST\STM32F7xx\Source\Templates\gcc\startup_stm32f746xx.o
DMA2_Stream6_IRQHandler                           Drivers\CMSIS\Device\ST\STM32F7xx\Source\Templates\gcc\startup_stm32f746xx.o
DMA2_Stream7_IRQHandler                           Drivers\CMSIS\Device\ST\STM32F7xx\Source\Templates\gcc\startup_stm32f746xx.o
Dead_End                                          Src\main.o
Dead_End_Correct                                  Src\main.o
DebugMon_Handler                                  Src\stm32f7xx_it.o
                                                  Drivers\CMSIS\Device\ST\STM32F7xx\Source\Templates\gcc\startup_stm32f746xx.o
Default_Handler                                   Drivers\CMSIS\Device\ST\STM32F7xx\Source\Templates\gcc\startup_stm32f746xx.o
ETH_IRQHandler                                    Drivers\CMSIS\Device\ST\STM32F7xx\Source\Templates\gcc\startup_stm32f746xx.o
ETH_WKUP_IRQHandler                               Drivers\CMSIS\Device\ST\STM32F7xx\Source\Templates\gcc\startup_stm32f746xx.o
EXTI0_IRQHandler                                  Drivers\CMSIS\Device\ST\STM32F7xx\Source\Templates\gcc\startup_stm32f746xx.o
EXTI15_10_IRQHandler                              Src\stm32f7xx_it.o
                                                  Drivers\CMSIS\Device\ST\STM32F7xx\Source\Templates\gcc\startup_stm32f746xx.o
EXTI1_IRQHandler                                  Drivers\CMSIS\Device\ST\STM32F7xx\Source\Templates\gcc\startup_stm32f746xx.o
EXTI2_IRQHandler                                  Drivers\CMSIS\Device\ST\STM32F7xx\Source\Templates\gcc\startup_stm32f746xx.o
EXTI3_IRQHandler                                  Drivers\CMSIS\Device\ST\STM32F7xx\Source\Templates\gcc\startup_stm32f746xx.o
EXTI4_IRQHandler                                  Drivers\CMSIS\Device\ST\STM32F7xx\Source\Templates\gcc\startup_stm32f746xx.o
EXTI9_5_IRQHandler                                Src\stm32f7xx_it.o
                                                  Drivers\CMSIS\Device\ST\STM32F7xx\Source\Templates\gcc\startup_stm32f746xx.o
Emergency_Stop                                    Src\main.o
Error_Handler                                     Src\main.o
FLASH_Erase_Sector                                Drivers\STM32F7xx_HAL_Driver\Src\stm32f7xx_hal_flash_ex.o
                                                  Drivers\STM32F7xx_HAL_Driver\Src\stm32f7xx_hal_flash.o
FLASH_IRQHandler                                  Drivers\CMSIS\Device\ST\STM32F7xx\Source\Templates\gcc\startup_stm32f746xx.o
FLASH_WaitForLastOperation                        Drivers\STM32F7xx_HAL_Driver\Src\stm32f7xx_hal_flash.o
                                                  Drivers\STM32F7xx_HAL_Driver\Src\stm32f7xx_hal_flash_ex.o
FMC_IRQHandler                                    Drivers\CMSIS\Device\ST\STM32F7xx\Source\Templates\gcc\startup_stm32f746xx.o
FPU_IRQHandler                                    Drivers\CMSIS\Device\ST\STM32F7xx\Source\Templates\gcc\startup_stm32f746xx.o
Fast_Straights                                    Src\main.o
Floodfill                                         Src\main.o
Forward_Search                                    Src\main.o
Forward_Spd                                       Src\main.o
Get_IR                                            Src\main.o
Get_Lowest_Square                                 Src\main.o
Get_Next_Dumb                                     Src\main.o
Get_Next_Move                                     Src\main.o
HAL_ADCEx_InjectedConfigChannel                   Drivers\STM32F7xx_HAL_Driver\Src\stm32f7xx_hal_adc_ex.o
HAL_ADCEx_InjectedConvCpltCallback                Drivers\STM32F7xx_HAL_Driver\Src\stm32f7xx_hal_adc_ex.o
                                                  Drivers\STM32F7xx_HAL_Driver\Src\stm32f7xx_hal_adc.o
HAL_ADCEx_InjectedGetValue                        Drivers\STM32F7xx_HAL_Driver\Src\stm32f7xx_hal_adc_ex.o
HAL_ADCEx_InjectedPollForConversion               Drivers\STM32F7xx_HAL_Driver\Src\stm32f7xx_hal_adc_ex.o
HAL_ADCEx_InjectedStart                           Drivers\STM32F7xx_HAL_Driver\Src\stm32f7xx_hal_adc_ex.o
HAL_ADCEx_InjectedStart_IT                        Drivers\STM32F7xx_HAL_Driver\Src\stm32f7xx_hal_adc_ex.o
HAL_ADCEx_InjectedStop                            Drivers\STM32F7xx_HAL_Driver\Src\stm32f7xx_hal_adc_ex.o
HAL_ADCEx_InjectedStop_IT                         Drivers\STM32F7xx_HAL_Driver\Src\stm32f7xx_hal_adc_ex.o
HAL_ADCEx_MultiModeConfigChannel                  Drivers\STM32F7xx_HAL_Driver\Src\stm32f7xx_hal_adc_ex.o
HAL_ADCEx_MultiModeGetValue                       Drivers\STM32F7xx_HAL_Driver\Src\stm32f7xx_hal_adc_ex.o
HAL_ADCEx_MultiModeStart_DMA                      Drivers\STM32F7xx_HAL_Driver\Src\stm32f7xx_hal_adc_ex.o
HAL_ADCEx_MultiModeStop_DMA                       Drivers\STM32F7xx_HAL_Driver\Src\stm32f7xx_hal_adc_ex.o
HAL_ADC_AnalogWDGConfig                           Drivers\STM32F7xx_HAL_Driver\Src\stm32f7xx_hal_adc.o
HAL_ADC_ConfigChannel                             Drivers\STM32F7xx_HAL_Driver\Src\stm32f7xx_hal_adc.o
                                                  Src\main.o
HAL_ADC_ConvCpltCallback                          Src\main.o
                                                  Drivers\STM32F7xx_HAL_Driver\Src\stm32f7xx_hal_adc.o
                                                  Drivers\STM32F7xx_HAL_Driver\Src\stm32f7xx_hal_adc_ex.o
HAL_ADC_ConvHalfCpltCallback                      Drivers\STM32F7xx_HAL_Driver\Src\stm32f7xx_hal_adc.o
                                                  Drivers\STM32F7xx_HAL_Driver\Src\stm32f7xx_hal_adc_ex.o
HAL_ADC_DeInit                                    Drivers\STM32F7xx_HAL_Driver\Src\stm32f7xx_hal_adc.o
HAL_ADC_ErrorCallback                             Drivers\STM32F7xx_HAL_Driver\Src\stm32f7xx_hal_adc.o
                                                  Drivers\STM32F7xx_HAL_Driver\Src\stm32f7xx_hal_adc_ex.o
HAL_ADC_GetError                                  Drivers\STM32F7xx_HAL_Driver\Src\stm32f7xx_hal_adc.o
HAL_ADC_GetState                                  Drivers\STM32F7xx_HAL_Driver\Src\stm32f7xx_hal_adc.o
HAL_ADC_GetValue                                  Drivers\STM32F7xx_HAL_Driver\Src\stm32f7xx_hal_adc.o
HAL_ADC_IRQHandler                                Drivers\STM32F7xx_HAL_Driver\Src\stm32f7xx_hal_adc.o
HAL_ADC_Init                                      Drivers\STM32F7xx_HAL_Driver\Src\stm32f7xx_hal_adc.o
                                                  Src\main.o
HAL_ADC_LevelOutOfWindowCallback                  Drivers\STM32F7xx_HAL_Driver\Src\stm32f7xx_hal_adc.o
HAL_ADC_MspDeInit                                 Src\stm32f7xx_hal_msp.o
                                                  Drivers\STM32F7xx_HAL_Driver\Src\stm32f7xx_hal_adc.o
HAL_ADC_MspInit                                   Src\stm32f7xx_hal_msp.o
                                                  Drivers\STM32F7xx_HAL_Driver\Src\stm32f7xx_hal_adc.o
HAL_ADC_PollForConversion                         Drivers\STM32F7xx_HAL_Driver\Src\stm32f7xx_hal_adc.o
HAL_ADC_PollForEvent                              Drivers\STM32F7xx_HAL_Driver\Src\stm32f7xx_hal_adc.o
HAL_ADC_Start                                     Drivers\STM32F7xx_HAL_Driver\Src\stm32f7xx_hal_adc.o
HAL_ADC_Start_DMA                                 Drivers\STM32F7xx_HAL_Driver\Src\stm32f7xx_hal_adc.o
                                                  Src\main.o
HAL_ADC_Start_IT                                  Drivers\STM32F7xx_HAL_Driver\Src\stm32f7xx_hal_adc.o
HAL_ADC_Stop                                      Drivers\STM32F7xx_HAL_Driver\Src\stm32f7xx_hal_adc.o
HAL_ADC_Stop_DMA                                  Drivers\STM32F7xx_HAL_Driver\Src\stm32f7xx_hal_adc.o
                                                  Src\main.o
HAL_ADC_Stop_IT                                   Drivers\STM32F7xx_HAL_Driver\Src\stm32f7xx_hal_adc.o
HAL_DBGMCU_DisableDBGSleepMode                    Drivers\STM32F7xx_HAL_Driver\Src\stm32f7xx_hal.o
HAL_DBGMCU_DisableDBGStandbyMode                  Drivers\STM32F7xx_HAL_Driver\Src\stm32f7xx_hal.o
HAL_DBGMCU_DisableDBGStopMode                     Drivers\STM32F7xx_HAL_Driver\Src\stm32f7xx_hal.o
HAL_DBGMCU_EnableDBGSleepMode                     Drivers\STM32F7xx_HAL_Driver\Src\stm32f7xx_hal.o
HAL_DBGMCU_EnableDBGStandbyMode                   Drivers\STM32F7xx_HAL_Driver\Src\stm32f7xx_hal.o
HAL_DBGMCU_EnableDBGStopMode                      Drivers\STM32F7xx_HAL_Driver\Src\stm32f7xx_hal.o
HAL_DMAEx_ChangeMemory                            Drivers\STM32F7xx_HAL_Driver\Src\stm32f7xx_hal_dma_ex.o
HAL_DMAEx_MultiBufferStart                        Drivers\STM32F7xx_HAL_Driver\Src\stm32f7xx_hal_dma_ex.o
HAL_DMAEx_MultiBufferStart_IT                     Drivers\STM32F7xx_HAL_Driver\Src\stm32f7xx_hal_dma_ex.o
HAL_DMA_Abort                                     Drivers\STM32F7xx_HAL_Driver\Src\stm32f7xx_hal_dma.o
                                                  Drivers\STM32F7xx_HAL_Driver\Src\stm32f7xx_hal_uart.o
                                                  Drivers\STM32F7xx_HAL_Driver\Src\stm32f7xx_hal_tim.o
                                                  Drivers\STM32F7xx_HAL_Driver\Src\stm32f7xx_hal_spi.o
                                                  Drivers\STM32F7xx_HAL_Driver\Src\stm32f7xx_hal_adc_ex.o
                                                  Drivers\STM32F7xx_HAL_Driver\Src\stm32f7xx_hal_adc.o
HAL_DMA_Abort_IT                                  Drivers\STM32F7xx_HAL_Driver\Src\stm32f7xx_hal_dma.o
                                                  Drivers\STM32F7xx_HAL_Driver\Src\stm32f7xx_hal_uart.o
                                                  Drivers\STM32F7xx_HAL_Driver\Src\stm32f7xx_hal_spi.o
                                                  Drivers\STM32F7xx_HAL_Driver\Src\stm32f7xx_hal_i2c.o
HAL_DMA_DeInit                                    Drivers\STM32F7xx_HAL_Driver\Src\stm32f7xx_hal_dma.o
HAL_DMA_GetError                                  Drivers\STM32F7xx_HAL_Driver\Src\stm32f7xx_hal_dma.o
HAL_DMA_GetState                                  Drivers\STM32F7xx_HAL_Driver\Src\stm32f7xx_hal_dma.o
HAL_DMA_IRQHandler                                Drivers\STM32F7xx_HAL_Driver\Src\stm32f7xx_hal_dma.o
                                                  Src\stm32f7xx_it.o
HAL_DMA_Init                                      Drivers\STM32F7xx_HAL_Driver\Src\stm32f7xx_hal_dma.o
                                                  Src\stm32f7xx_hal_msp.o
HAL_DMA_PollForTransfer                           Drivers\STM32F7xx_HAL_Driver\Src\stm32f7xx_hal_dma.o
HAL_DMA_RegisterCallback                          Drivers\STM32F7xx_HAL_Driver\Src\stm32f7xx_hal_dma.o
HAL_DMA_Start                                     Drivers\STM32F7xx_HAL_Driver\Src\stm32f7xx_hal_dma.o
HAL_DMA_Start_IT                                  Drivers\STM32F7xx_HAL_Driver\Src\stm32f7xx_hal_dma.o
                                                  Drivers\STM32F7xx_HAL_Driver\Src\stm32f7xx_hal_uart.o
                                                  Drivers\STM32F7xx_HAL_Driver\Src\stm32f7xx_hal_tim_ex.o
                                                  Drivers\STM32F7xx_HAL_Driver\Src\stm32f7xx_hal_tim.o
                                                  Drivers\STM32F7xx_HAL_Driver\Src\stm32f7xx_hal_spi.o
                                                  Drivers\STM32F7xx_HAL_Driver\Src\stm32f7xx_hal_i2c.o
                                                  Drivers\STM32F7xx_HAL_Driver\Src\stm32f7xx_hal_adc_ex.o
                                                  Drivers\STM32F7xx_HAL_Driver\Src\stm32f7xx_hal_adc.o
HAL_DMA_UnRegisterCallback                        Drivers\STM32F7xx_HAL_Driver\Src\stm32f7xx_hal_dma.o
HAL_DeInit                                        Drivers\STM32F7xx_HAL_Driver\Src\stm32f7xx_hal.o
HAL_Delay                                         Drivers\STM32F7xx_HAL_Driver\Src\stm32f7xx_hal.o
                                                  Src\main.o
HAL_DisableCompensationCell                       Drivers\STM32F7xx_HAL_Driver\Src\stm32f7xx_hal.o
HAL_DisableFMCMemorySwapping                      Drivers\STM32F7xx_HAL_Driver\Src\stm32f7xx_hal.o
HAL_EnableCompensationCell                        Drivers\STM32F7xx_HAL_Driver\Src\stm32f7xx_hal.o
HAL_EnableFMCMemorySwapping                       Drivers\STM32F7xx_HAL_Driver\Src\stm32f7xx_hal.o
HAL_FLASHEx_Erase                                 Drivers\STM32F7xx_HAL_Driver\Src\stm32f7xx_hal_flash_ex.o
HAL_FLASHEx_Erase_IT                              Drivers\STM32F7xx_HAL_Driver\Src\stm32f7xx_hal_flash_ex.o
HAL_FLASHEx_OBGetConfig                           Drivers\STM32F7xx_HAL_Driver\Src\stm32f7xx_hal_flash_ex.o
HAL_FLASHEx_OBProgram                             Drivers\STM32F7xx_HAL_Driver\Src\stm32f7xx_hal_flash_ex.o
HAL_FLASH_EndOfOperationCallback                  Drivers\STM32F7xx_HAL_Driver\Src\stm32f7xx_hal_flash.o
HAL_FLASH_GetError                                Drivers\STM32F7xx_HAL_Driver\Src\stm32f7xx_hal_flash.o
HAL_FLASH_IRQHandler                              Drivers\STM32F7xx_HAL_Driver\Src\stm32f7xx_hal_flash.o
HAL_FLASH_Lock                                    Drivers\STM32F7xx_HAL_Driver\Src\stm32f7xx_hal_flash.o
HAL_FLASH_OB_Launch                               Drivers\STM32F7xx_HAL_Driver\Src\stm32f7xx_hal_flash.o
HAL_FLASH_OB_Lock                                 Drivers\STM32F7xx_HAL_Driver\Src\stm32f7xx_hal_flash.o
HAL_FLASH_OB_Unlock                               Drivers\STM32F7xx_HAL_Driver\Src\stm32f7xx_hal_flash.o
HAL_FLASH_OperationErrorCallback                  Drivers\STM32F7xx_HAL_Driver\Src\stm32f7xx_hal_flash.o
HAL_FLASH_Program                                 Drivers\STM32F7xx_HAL_Driver\Src\stm32f7xx_hal_flash.o
HAL_FLASH_Program_IT                              Drivers\STM32F7xx_HAL_Driver\Src\stm32f7xx_hal_flash.o
HAL_FLASH_Unlock                                  Drivers\STM32F7xx_HAL_Driver\Src\stm32f7xx_hal_flash.o
HAL_GPIO_DeInit                                   Drivers\STM32F7xx_HAL_Driver\Src\stm32f7xx_hal_gpio.o
                                                  Src\stm32f7xx_hal_msp.o
HAL_GPIO_EXTI_Callback                            Src\main.o
                                                  Drivers\STM32F7xx_HAL_Driver\Src\stm32f7xx_hal_gpio.o
HAL_GPIO_EXTI_IRQHandler                          Drivers\STM32F7xx_HAL_Driver\Src\stm32f7xx_hal_gpio.o
                                                  Src\stm32f7xx_it.o
HAL_GPIO_Init                                     Drivers\STM32F7xx_HAL_Driver\Src\stm32f7xx_hal_gpio.o
                                                  Src\stm32f7xx_hal_msp.o
                                                  Src\main.o
                                                  Drivers\STM32F7xx_HAL_Driver\Src\stm32f7xx_hal_rcc.o
HAL_GPIO_LockPin                                  Drivers\STM32F7xx_HAL_Driver\Src\stm32f7xx_hal_gpio.o
HAL_GPIO_ReadPin                                  Drivers\STM32F7xx_HAL_Driver\Src\stm32f7xx_hal_gpio.o
HAL_GPIO_TogglePin                                Drivers\STM32F7xx_HAL_Driver\Src\stm32f7xx_hal_gpio.o
                                                  Src\main.o
HAL_GPIO_WritePin                                 Drivers\STM32F7xx_HAL_Driver\Src\stm32f7xx_hal_gpio.o
                                                  Src\main.o
HAL_GetDEVID                                      Drivers\STM32F7xx_HAL_Driver\Src\stm32f7xx_hal.o
HAL_GetHalVersion                                 Drivers\STM32F7xx_HAL_Driver\Src\stm32f7xx_hal.o
HAL_GetREVID                                      Drivers\STM32F7xx_HAL_Driver\Src\stm32f7xx_hal.o
HAL_GetTick                                       Drivers\STM32F7xx_HAL_Driver\Src\stm32f7xx_hal.o
                                                  Drivers\STM32F7xx_HAL_Driver\Src\stm32f7xx_hal_uart.o
                                                  Drivers\STM32F7xx_HAL_Driver\Src\stm32f7xx_hal_spi.o
                                                  Drivers\STM32F7xx_HAL_Driver\Src\stm32f7xx_hal_rcc_ex.o
                                                  Drivers\STM32F7xx_HAL_Driver\Src\stm32f7xx_hal_rcc.o