Archive member included to satisfy reference by file (symbol)

c:/program files (x86)/atollic/truestudio for arm 7.1.0/armtools/bin/../lib/gcc/arm-atollic-eabi/5.3.1/../../../../arm-atollic-eabi/lib/armv7e-m/fpu/fpv5-sp-d16\libc_nano.a(lib_a-init.o)
                              Drivers\CMSIS\Device\ST\STM32F7xx\Source\Templates\gcc\startup_stm32f746xx.o (__libc_init_array)
c:/program files (x86)/atollic/truestudio for arm 7.1.0/armtools/bin/../lib/gcc/arm-atollic-eabi/5.3.1/../../../../arm-atollic-eabi/lib/armv7e-m/fpu/fpv5-sp-d16\libc_nano.a(lib_a-memset.o)
                              Src\main.o (memset)
c:/program files (x86)/atollic/truestudio for arm 7.1.0/armtools/bin/../lib/gcc/arm-atollic-eabi/5.3.1/../../../../arm-atollic-eabi/lib/armv7e-m/fpu/fpv5-sp-d16\libc_nano.a(lib_a-sprintf.o)
                              Src\main.o (sprintf)
c:/program files (x86)/atollic/truestudio for arm 7.1.0/armtools/bin/../lib/gcc/arm-atollic-eabi/5.3.1/../../../../arm-atollic-eabi/lib/armv7e-m/fpu/fpv5-sp-d16\libc_nano.a(lib_a-strcpy.o)
                              Src\main.o (strcpy)
c:/program files (x86)/atollic/truestudio for arm 7.1.0/armtools/bin/../lib/gcc/arm-atollic-eabi/5.3.1/../../../../arm-atollic-eabi/lib/armv7e-m/fpu/fpv5-sp-d16\libc_nano.a(lib_a-strlen.o)
                              Src\main.o (strlen)
c:/program files (x86)/atollic/truestudio for arm 7.1.0/armtools/bin/../lib/gcc/arm-atollic-eabi/5.3.1/../../../../arm-atollic-eabi/lib/armv7e-m/fpu/fpv5-sp-d16\libc_nano.a(lib_a-impure.o)
                              c:/program files (x86)/atollic/truestudio for arm 7.1.0/armtools/bin/../lib/gcc/arm-atollic-eabi/5.3.1/../../../../arm-atollic-eabi/lib/armv7e-m/fpu/fpv5-sp-d16\libc_nano.a(lib_a-sprintf.o) (_impure_ptr)
c:/program files (x86)/atollic/truestudio for arm 7.1.0/armtools/bin/../lib/gcc/arm-atollic-eabi/5.3.1/../../../../arm-atollic-eabi/lib/armv7e-m/fpu/fpv5-sp-d16\libc_nano.a(lib_a-nano-svfprintf.o)
                              c:/program files (x86)/atollic/truestudio for arm 7.1.0/armtools/bin/../lib/gcc/arm-atollic-eabi/5.3.1/../../../../arm-atollic-eabi/lib/armv7e-m/fpu/fpv5-sp-d16\libc_nano.a(lib_a-sprintf.o) (_svfprintf_r)
c:/program files (x86)/atollic/truestudio for arm 7.1.0/armtools/bin/../lib/gcc/arm-atollic-eabi/5.3.1/../../../../arm-atollic-eabi/lib/armv7e-m/fpu/fpv5-sp-d16\libc_nano.a(lib_a-nano-vfprintf_i.o)
                              c:/program files (x86)/atollic/truestudio for arm 7.1.0/armtools/bin/../lib/gcc/arm-atollic-eabi/5.3.1/../../../../arm-atollic-eabi/lib/armv7e-m/fpu/fpv5-sp-d16\libc_nano.a(lib_a-nano-svfprintf.o) (_printf_i)
c:/program files (x86)/atollic/truestudio for arm 7.1.0/armtools/bin/../lib/gcc/arm-atollic-eabi/5.3.1/../../../../arm-atollic-eabi/lib/armv7e-m/fpu/fpv5-sp-d16\libc_nano.a(lib_a-memchr.o)
                              c:/program files (x86)/atollic/truestudio for arm 7.1.0/armtools/bin/../lib/gcc/arm-atollic-eabi/5.3.1/../../../../arm-atollic-eabi/lib/armv7e-m/fpu/fpv5-sp-d16\libc_nano.a(lib_a-nano-svfprintf.o) (memchr)
c:/program files (x86)/atollic/truestudio for arm 7.1.0/armtools/bin/../lib/gcc/arm-atollic-eabi/5.3.1/../../../../arm-atollic-eabi/lib/armv7e-m/fpu/fpv5-sp-d16\libc_nano.a(lib_a-memcpy-stub.o)
                              c:/program files (x86)/atollic/truestudio for arm 7.1.0/armtools/bin/../lib/gcc/arm-atollic-eabi/5.3.1/../../../../arm-atollic-eabi/lib/armv7e-m/fpu/fpv5-sp-d16\libc_nano.a(lib_a-nano-svfprintf.o) (memcpy)
c:/program files (x86)/atollic/truestudio for arm 7.1.0/armtools/bin/../lib/gcc/arm-atollic-eabi/5.3.1/../../../../arm-atollic-eabi/lib/armv7e-m/fpu/fpv5-sp-d16\libc_nano.a(lib_a-memmove.o)
                              c:/program files (x86)/atollic/truestudio for arm 7.1.0/armtools/bin/../lib/gcc/arm-atollic-eabi/5.3.1/../../../../arm-atollic-eabi/lib/armv7e-m/fpu/fpv5-sp-d16\libc_nano.a(lib_a-nano-svfprintf.o) (memmove)
c:/program files (x86)/atollic/truestudio for arm 7.1.0/armtools/bin/../lib/gcc/arm-atollic-eabi/5.3.1/../../../../arm-atollic-eabi/lib/armv7e-m/fpu/fpv5-sp-d16\libc_nano.a(lib_a-nano-freer.o)
                              c:/program files (x86)/atollic/truestudio for arm 7.1.0/armtools/bin/../lib/gcc/arm-atollic-eabi/5.3.1/../../../../arm-atollic-eabi/lib/armv7e-m/fpu/fpv5-sp-d16\libc_nano.a(lib_a-nano-svfprintf.o) (_free_r)
c:/program files (x86)/atollic/truestudio for arm 7.1.0/armtools/bin/../lib/gcc/arm-atollic-eabi/5.3.1/../../../../arm-atollic-eabi/lib/armv7e-m/fpu/fpv5-sp-d16\libc_nano.a(lib_a-nano-mallocr.o)
                              c:/program files (x86)/atollic/truestudio for arm 7.1.0/armtools/bin/../lib/gcc/arm-atollic-eabi/5.3.1/../../../../arm-atollic-eabi/lib/armv7e-m/fpu/fpv5-sp-d16\libc_nano.a(lib_a-nano-svfprintf.o) (_malloc_r)
c:/program files (x86)/atollic/truestudio for arm 7.1.0/armtools/bin/../lib/gcc/arm-atollic-eabi/5.3.1/../../../../arm-atollic-eabi/lib/armv7e-m/fpu/fpv5-sp-d16\libc_nano.a(lib_a-nano-reallocr.o)
[...]
Memory Configuration

Name             Origin             Length             Attributes
RAM              0x20000000         0x00050000         xrw
FLASH            0x08000000         0x00100000         xr
*default*        0x00000000         0xffffffff

Linker script and memory map

LOAD c:/program files (x86)/atollic/truestudio for arm 7.1.0/armtools/bin/../lib/gcc/arm-atollic-eabi/5.3.1/armv7e-m/fpu/fpv5-sp-d16/crti.o
LOAD c:/program files (x86)/atollic/truestudio for arm 7.1.0/armtools/bin/../lib/gcc/arm-atollic-eabi/5.3.1/armv7e-m/fpu/fpv5-sp-d16/crtbegin.o
LOAD Drivers\CMSIS\Device\ST\STM32F7xx\Source\Templates\gcc\startup_stm32f746xx.o
LOAD Drivers\STM32F7xx_HAL_Driver\Src\stm32f7xx_hal.o
LOAD Drivers\STM32F7xx_HAL_Driver\Src\stm32f7xx_hal_adc.o
LOAD Drivers\STM32F7xx_HAL_Driver\Src\stm32f7xx_hal_adc_ex.o
LOAD Drivers\STM32F7xx_HAL_Driver\Src\stm32f7xx_hal_cortex.o
LOAD Drivers\STM32F7xx_HAL_Driver\Src\stm32f7xx_hal_dma.o
LOAD Drivers\STM32F7xx_HAL_Driver\Src\stm32f7xx_hal_dma_ex.o
LOAD Drivers\STM32F7xx_HAL_Driver\Src\stm32f7xx_hal_flash.o
LOAD Drivers\STM32F7xx_HAL_Driver\Src\stm32f7xx_hal_flash_ex.o
LOAD Drivers\STM32F7xx_HAL_Driver\Src\stm32f7xx_hal_gpio.o
LOAD Drivers\STM32F7xx_HAL_Driver\Src\stm32f7xx_hal_i2c.o
LOAD Drivers\STM32F7xx_HAL_Driver\Src\stm32f7xx_hal_i2c_ex.o
LOAD Drivers\STM32F7xx_HAL_Driver\Src\stm32f7xx_hal_pwr.o
LOAD Drivers\STM32F7xx_HAL_Driver\Src\stm32f7xx_hal_pwr_ex.o
LOAD Drivers\STM32F7xx_HAL_Driver\Src\stm32f7xx_hal_rcc.o
LOAD Drivers\STM32F7xx_HAL_Driver\Src\stm32f7xx_hal_rcc_ex.o
LOAD Drivers\STM32F7xx_HAL_Driver\Src\stm32f7xx_hal_spi.o
LOAD Drivers\STM32F7xx_HAL_Driver\Src\stm32f7xx_hal_tim.o
LOAD Drivers\STM32F7xx_HAL_Driver\Src\stm32f7xx_hal_tim_ex.o
LOAD Drivers\STM32F7xx_HAL_Driver\Src\stm32f7xx_hal_uart.o
LOAD Src\config.o
LOAD Src\main.o
LOAD Src\stm32f7xx_hal_msp.o
LOAD Src\stm32f7xx_it.o
LOAD Src\system_stm32f7xx.o
START GROUP
LOAD c:/program files (x86)/atollic/truestudio for arm 7.1.0/armtools/bin/../lib/gcc/arm-atollic-eabi/5.3.1/../../../../arm-atollic-eabi/lib/armv7e-m/fpu/fpv5-sp-d16\libc_nano.a
LOAD c:/program files (x86)/atollic/truestudio for arm 7.1.0/armtools/bin/../lib/gcc/arm-atollic-eabi/5.3.1/../../../../arm-atollic-eabi/lib/armv7e-m/fpu/fpv5-sp-d16\libm.a
END GROUP
                0x00000080                malloc_getpagesize_P = 0x80
START GROUP
LOAD c:/program files (x86)/atollic/truestudio for arm 7.1.0/armtools/bin/../lib/gcc/arm-atollic-eabi/5.3.1/armv7e-m/fpu/fpv5-sp-d16\libgcc.a
LOAD c:/program files (x86)/atollic/truestudio for arm 7.1.0/armtools/bin/../lib/gcc/arm-atollic-eabi/5.3.1/../../../../arm-atollic-eabi/lib/armv7e-m/fpu/fpv5-sp-d16\libc_nano.a
END GROUP
START GROUP
LOAD c:/program files (x86)/atollic/truestudio for arm 7.1.0/armtools/bin/../lib/gcc/arm-atollic-eabi/5.3.1/armv7e-m/fpu/fpv5-sp-d16\libgcc.a
LOAD c:/program files (x86)/atollic/truestudio for arm 7.1.0/armtools/bin/../lib/gcc/arm-atollic-eabi/5.3.1/../../../../arm-atollic-eabi/lib/armv7e-m/fpu/fpv5-sp-d16\libc_nano.a
LOAD c:/program files (x86)/atollic/truestudio for arm 7.1.0/armtools/bin/../lib/gcc/arm-atollic-eabi/5.3.1/../../../../arm-atollic-eabi/lib/armv7e-m/fpu/fpv5-sp-d16\libnosys.a
END GROUP
START GROUP
LOAD c:/program files (x86)/atollic/truestudio for arm 7.1.0/armtools/bin/../lib/gcc/arm-atollic-eabi/5.3.1/armv7e-m/fpu/fpv5-sp-d16\libgcc.a
LOAD c:/program files (x86)/atollic/truestudio for arm 7.1.0/armtools/bin/../lib/gcc/arm-atollic-eabi/5.3.1/../../../../arm-atollic-eabi/lib/armv7e-m/fpu/fpv5-sp-d16\libc_nano.a
LOAD c:/program files (x86)/atollic/truestudio for arm 7.1.0/armtools/bin/../lib/gcc/arm-atollic-eabi/5.3.1/../../../../arm-atollic-eabi/lib/armv7e-m/fpu/fpv5-sp-d16\libnosys.a
END GROUP
LOAD c:/program files (x86)/atollic/truestudio for arm 7.1.0/armtools/bin/../lib/gcc/arm-atollic-eabi/5.3.1/armv7e-m/fpu/fpv5-sp-d16/crtend.o
LOAD c:/program files (x86)/atollic/truestudio for arm 7.1.0/armtools/bin/../lib/gcc/arm-atollic-eabi/5.3.1/armv7e-m/fpu/fpv5-sp-d16/crtn.o
                0x20050000                _estack = 0x20050000
                0x00000200                _Min_Heap_Size = 0x200
                0x00000400                _Min_Stack_Size = 0x400

.isr_vector     0x08000000      0x1c8
                0x08000000                . = ALIGN (0x4)
 *(.isr_vector)
 .isr_vector    0x08000000      0x1c8 Drivers\CMSIS\Device\ST\STM32F7xx\Source\Templates\gcc\startup_stm32f746xx.o
                0x08000000                g_pfnVectors
                0x080001c8                . = ALIGN (0x4)

.text           0x080001d0     0x6a28
                0x080001d0                . = ALIGN (0x4)
 *(.text)
 .text          0x080001d0       0x40 c:/program files (x86)/atollic/truestudio for arm 7.1.0/armtools/bin/../lib/gcc/arm-atollic-eabi/5.3.1/armv7e-m/fpu/fpv5-sp-d16/crtbegin.o
 .text          0x08000210       0x10 c:/program files (x86)/atollic/truestudio for arm 7.1.0/armtools/bin/../lib/gcc/arm-atollic-eabi/5.3.1/../../../../arm-atollic-eabi/lib/armv7e-m/fpu/fpv5-sp-d16\libc_nano.a(lib_a-strlen.o)
                0x08000210                strlen
 .text          0x08000220       0xa0 c:/program files (x86)/atollic/truestudio for arm 7.1.0/armtools/bin/../lib/gcc/arm-atollic-eabi/5.3.1/../../../../arm-atollic-eabi/lib/armv7e-m/fpu/fpv5-sp-d16\libc_nano.a(lib_a-memchr.o)
                0x08000220                memchr
 *(.text*)
 .text.Reset_Handler
                0x080002c0       0x50 Drivers\CMSIS\Device\ST\STM32F7xx\Source\Templates\gcc\startup_stm32f746xx.o
                0x080002c0                Reset_Handler
 .text.Default_Handler
                0x08000310        0x2 Drivers\CMSIS\Device\ST\STM32F7xx\Source\Templates\gcc\startup_stm32f746xx.o
                0x08000310                RTC_Alarm_IRQHandler
                0x08000310                EXTI2_IRQHandler
                0x08000310                TIM8_CC_IRQHandler
                0x08000310                UART8_IRQHandler
                0x08000310                SPI4_IRQHandler
                0x08000310                DMA2_Stream5_IRQHandler
                0x08000310                DMA1_Stream5_IRQHandler
                0x08000310                PVD_IRQHandler
                0x08000310                TAMP_STAMP_IRQHandler
                0x08000310                CAN2_RX1_IRQHandler
                0x08000310                EXTI3_IRQHandler
                0x08000310                TIM8_TRG_COM_TIM14_IRQHandler
                0x08000310                TIM1_UP_TIM10_IRQHandler
                0x08000310                TIM8_UP_TIM13_IRQHandler
                0x08000310                I2C3_ER_IRQHandler
                0x08000310                EXTI0_IRQHandler
                0x08000310                I2C2_EV_IRQHandler
                0x08000310                DMA1_Stream2_IRQHandler
                0x08000310                CAN1_RX0_IRQHandler
                0x08000310                FPU_IRQHandler
                0x08000310                OTG_HS_WKUP_IRQHandler
                0x08000310                LTDC_ER_IRQHandler
                0x08000310                CAN2_SCE_IRQHandler
                0x08000310                DMA2_Stream2_IRQHandler
                0x08000310                TIM6_DAC_IRQHandler
                0x08000310                TIM1_BRK_TIM9_IRQHandler
                0x08000310                DCMI_IRQHandler
                0x08000310                CAN2_RX0_IRQHandler
                0x08000310                DMA2_Stream3_IRQHandler
                0x08000310                SAI2_IRQHandler
                0x08000310                USART6_IRQHandler
                0x08000310                USART3_IRQHandler
                0x08000310                CAN1_RX1_IRQHandler
                0x08000310                UART5_IRQHandler
                0x08000310                QUADSPI_IRQHandler
                0x08000310                I2C1_EV_IRQHandler
                0x08000310                DMA1_Stream6_IRQHandler
                0x08000310                DMA1_Stream1_IRQHandler
                0x08000310                UART4_IRQHandler
                0x08000310                TIM3_IRQHandler
                0x08000310                RCC_IRQHandler
                0x08000310                TIM8_BRK_TIM12_IRQHandler
                0x08000310                Default_Handler
                0x08000310                CEC_IRQHandler
                0x08000310                ADC_IRQHandler
                0x08000310                DMA1_Stream7_IRQHandler
                0x08000310                SPI5_IRQHandler
                0x08000310                TIM7_IRQHandler
                0x08000310                SDMMC1_IRQHandler
                0x08000310                CAN2_TX_IRQHandler
                0x08000310                TIM5_IRQHandler
                0x08000310                DMA2_Stream7_IRQHandler
                0x08000310                I2C3_EV_IRQHandler
                0x08000310                RTC_WKUP_IRQHandler
                0x08000310                LTDC_IRQHandler
                0x08000310                ETH_WKUP_IRQHandler
                0x08000310                SPDIF_RX_IRQHandler
                0x08000310                SPI2_IRQHandler
                0x08000310                OTG_HS_EP1_IN_IRQHandler
                0x08000310                DMA1_Stream0_IRQHandler
                0x08000310                CAN1_TX_IRQHandler
                0x08000310                EXTI4_IRQHandler
                0x08000310                RNG_IRQHandler
                0x08000310                ETH_IRQHandler
                0x08000310                OTG_HS_EP1_OUT_IRQHandler
                0x08000310                WWDG_IRQHandler
                0x08000310                SPI6_IRQHandler
                0x08000310                I2C4_EV_IRQHandler
                0x08000310                TIM2_IRQHandler
                0x08000310                OTG_FS_WKUP_IRQHandler
                0x08000310                TIM1_TRG_COM_TIM11_IRQHandler
                0x08000310                OTG_HS_IRQHandler
                0x08000310                DMA2D_IRQHandler
                0x08000310                EXTI1_IRQHandler
                0x08000310                UART7_IRQHandler
                0x08000310                USART2_IRQHandler
                0x08000310                I2C2_ER_IRQHandler
                0x08000310                DMA2_Stream1_IRQHandler
                0x08000310                CAN1_SCE_IRQHandler
                0x08000310                FLASH_IRQHandler
                0x08000310                DMA2_Stream4_IRQHandler
                0x08000310                USART1_IRQHandler
                0x08000310                OTG_FS_IRQHandler
                0x08000310                SPI3_IRQHandler
                0x08000310                DMA1_Stream4_IRQHandler
                0x08000310                I2C1_ER_IRQHandler
                0x08000310                FMC_IRQHandler
                0x08000310                LPTIM1_IRQHandler
                0x08000310                I2C4_ER_IRQHandler
                0x08000310                DMA2_Stream6_IRQHandler
                0x08000310                SAI1_IRQHandler
                0x08000310                DMA1_Stream3_IRQHandler
 *fill*         0x08000312        0x2 
 .text.HAL_InitTick
                0x08000314       0x28 Drivers\STM32F7xx_HAL_Driver\Src\stm32f7xx_hal.o
                0x08000314                HAL_InitTick
 .text.HAL_Init
                0x0800033c       0x16 Drivers\STM32F7xx_HAL_Driver\Src\stm32f7xx_hal.o
                0x0800033c                HAL_Init
 *fill*         0x08000352        0x2 
 .text.HAL_IncTick
                0x08000354       0x10 Drivers\STM32F7xx_HAL_Driver\Src\stm32f7xx_hal.o
                0x08000354                HAL_IncTick
 .text.HAL_GetTick
                0x08000364        0xc Drivers\STM32F7xx_HAL_Driver\Src\stm32f7xx_hal.o
                0x08000364                HAL_GetTick
 .text.HAL_Delay
                0x08000370       0x1a Drivers\STM32F7xx_HAL_Driver\Src\stm32f7xx_hal.o
                0x08000370                HAL_Delay
 *fill*         0x0800038a        0x2 
 .text.HAL_ADC_Init
                0x0800038c      0x154 Drivers\STM32F7xx_HAL_Driver\Src\stm32f7xx_hal_adc.o
                0x0800038c                HAL_ADC_Init
 .text.HAL_ADC_Start_DMA
                0x080004e0      0x100 Drivers\STM32F7xx_HAL_Driver\Src\stm32f7xx_hal_adc.o
                0x080004e0                HAL_ADC_Start_DMA
 .text.HAL_ADC_Stop_DMA
                0x080005e0       0x5a Drivers\STM32F7xx_HAL_Driver\Src\stm32f7xx_hal_adc.o
                0x080005e0                HAL_ADC_Stop_DMA
 .text.ADC_DMAConvCplt
                0x0800063a       0x60 Drivers\STM32F7xx_HAL_Driver\Src\stm32f7xx_hal_adc.o
 .text.HAL_ADC_ConvHalfCpltCallback
                0x0800069a        0x2 Drivers\STM32F7xx_HAL_Driver\Src\stm32f7xx_hal_adc.o
                0x0800069a                HAL_ADC_ConvHalfCpltCallback
 .text.ADC_DMAHalfConvCplt
                0x0800069c        0xa Drivers\STM32F7xx_HAL_Driver\Src\stm32f7xx_hal_adc.o
 .text.HAL_ADC_ErrorCallback
                0x080006a6        0x2 Drivers\STM32F7xx_HAL_Driver\Src\stm32f7xx_hal_adc.o
                0x080006a6                HAL_ADC_ErrorCallback
 .text.ADC_DMAError
                0x080006a8       0x16 Drivers\STM32F7xx_HAL_Driver\Src\stm32f7xx_hal_adc.o
 *fill*         0x080006be        0x2 
 .text.HAL_ADC_ConfigChannel
                0x080006c0      0x140 Drivers\STM32F7xx_HAL_Driver\Src\stm32f7xx_hal_adc.o
                0x080006c0                HAL_ADC_ConfigChannel
 .text.HAL_NVIC_SetPriorityGrouping
                0x08000800       0x24 Drivers\STM32F7xx_HAL_Driver\Src\stm32f7xx_hal_cortex.o
                0x08000800                HAL_NVIC_SetPriorityGrouping
 .text.HAL_NVIC_SetPriority
                0x08000824       0x70 Drivers\STM32F7xx_HAL_Driver\Src\stm32f7xx_hal_cortex.o
                0x08000824                HAL_NVIC_SetPriority
 .text.HAL_NVIC_EnableIRQ
                0x08000894       0x18 Drivers\STM32F7xx_HAL_Driver\Src\stm32f7xx_hal_cortex.o
                0x08000894                HAL_NVIC_EnableIRQ
 .text.HAL_SYSTICK_Config
                0x080008ac       0x2c Drivers\STM32F7xx_HAL_Driver\Src\stm32f7xx_hal_cortex.o
                0x080008ac                HAL_SYSTICK_Config
 .text.HAL_SYSTICK_CLKSourceConfig
                0x080008d8       0x18 Drivers\STM32F7xx_HAL_Driver\Src\stm32f7xx_hal_cortex.o
                0x080008d8                HAL_SYSTICK_CLKSourceConfig
 .text.HAL_SYSTICK_Callback
                0x080008f0        0x2 Drivers\STM32F7xx_HAL_Driver\Src\stm32f7xx_hal_cortex.o
                0x080008f0                HAL_SYSTICK_Callback
 .text.HAL_SYSTICK_IRQHandler
                0x080008f2        0x8 Drivers\STM32F7xx_HAL_Driver\Src\stm32f7xx_hal_cortex.o
                0x080008f2                HAL_SYSTICK_IRQHandler
 *fill*         0x080008fa        0x2 
 .text.DMA_CalcBaseAndBitshift
                0x080008fc       0x2c Drivers\STM32F7xx_HAL_Driver\Src\stm32f7xx_hal_dma.o
 .text.HAL_DMA_Init
                0x08000928       0xec Drivers\STM32F7xx_HAL_Driver\Src\stm32f7xx_hal_dma.o
                0x08000928                HAL_DMA_Init
 .text.HAL_DMA_Start_IT
                0x08000a14       0x7e Drivers\STM32F7xx_HAL_Driver\Src\stm32f7xx_hal_dma.o
                0x08000a14                HAL_DMA_Start_IT
 .text.HAL_DMA_Abort
                0x08000a92       0x86 Drivers\STM32F7xx_HAL_Driver\Src\stm32f7xx_hal_dma.o
                0x08000a92                HAL_DMA_Abort
 .text.HAL_DMA_Abort_IT
                0x08000b18       0x24 Drivers\STM32F7xx_HAL_Driver\Src\stm32f7xx_hal_dma.o
                0x08000b18                HAL_DMA_Abort_IT
 .text.HAL_DMA_IRQHandler
                0x08000b3c      0x17c Drivers\STM32F7xx_HAL_Driver\Src\stm32f7xx_hal_dma.o
                0x08000b3c                HAL_DMA_IRQHandler
 .text.FLASH_Program_DoubleWord
                0x08000cb8       0x2c Drivers\STM32F7xx_HAL_Driver\Src\stm32f7xx_hal_flash.o
 .text.FLASH_Program_Word
                0x08000ce4       0x28 Drivers\STM32F7xx_HAL_Driver\Src\stm32f7xx_hal_flash.o
 .text.FLASH_Program_HalfWord
                0x08000d0c       0x28 Drivers\STM32F7xx_HAL_Driver\Src\stm32f7xx_hal_flash.o
 .text.FLASH_Program_Byte
                0x08000d34       0x24 Drivers\STM32F7xx_HAL_Driver\Src\stm32f7xx_hal_flash.o
 .text.FLASH_SetErrorCode
                0x08000d58       0x64 Drivers\STM32F7xx_HAL_Driver\Src\stm32f7xx_hal_flash.o
 .text.HAL_FLASH_Unlock
                0x08000dbc       0x24 Drivers\STM32F7xx_HAL_Driver\Src\stm32f7xx_hal_flash.o
                0x08000dbc                HAL_FLASH_Unlock
 .text.HAL_FLASH_Lock
                0x08000de0       0x14 Drivers\STM32F7xx_HAL_Driver\Src\stm32f7xx_hal_flash.o
                0x08000de0                HAL_FLASH_Lock
 .text.FLASH_WaitForLastOperation
                0x08000df4       0x5c Drivers\STM32F7xx_HAL_Driver\Src\stm32f7xx_hal_flash.o
                0x08000df4                FLASH_WaitForLastOperation
 .text.HAL_FLASH_Program
                0x08000e50       0x80 Drivers\STM32F7xx_HAL_Driver\Src\stm32f7xx_hal_flash.o
                0x08000e50                HAL_FLASH_Program
 .text.FLASH_MassErase
                0x08000ed0       0x28 Drivers\STM32F7xx_HAL_Driver\Src\stm32f7xx_hal_flash_ex.o
 .text.FLASH_Erase_Sector
                0x08000ef8       0x58 Drivers\STM32F7xx_HAL_Driver\Src\stm32f7xx_hal_flash_ex.o
                0x08000ef8                FLASH_Erase_Sector
 .text.HAL_FLASHEx_Erase
                0x08000f50       0x9c Drivers\STM32F7xx_HAL_Driver\Src\stm32f7xx_hal_flash_ex.o
                0x08000f50                HAL_FLASHEx_Erase
 .text.HAL_GPIO_Init
                0x08000fec      0x1d8 Drivers\STM32F7xx_HAL_Driver\Src\stm32f7xx_hal_gpio.o
                0x08000fec                HAL_GPIO_Init
 .text.HAL_GPIO_WritePin
                0x080011c4        0x8 Drivers\STM32F7xx_HAL_Driver\Src\stm32f7xx_hal_gpio.o
                0x080011c4                HAL_GPIO_WritePin
 .text.HAL_GPIO_EXTI_IRQHandler
                0x080011cc       0x18 Drivers\STM32F7xx_HAL_Driver\Src\stm32f7xx_hal_gpio.o
                0x080011cc                HAL_GPIO_EXTI_IRQHandler
 .text.HAL_PWREx_EnableOverDrive
                0x080011e4       0x70 Drivers\STM32F7xx_HAL_Driver\Src\stm32f7xx_hal_pwr_ex.o
                0x080011e4                HAL_PWREx_EnableOverDrive
 .text.HAL_RCC_OscConfig
                0x08001254      0x338 Drivers\STM32F7xx_HAL_Driver\Src\stm32f7xx_hal_rcc.o
                0x08001254                HAL_RCC_OscConfig
 .text.HAL_RCC_GetSysClockFreq
                0x0800158c       0x7c Drivers\STM32F7xx_HAL_Driver\Src\stm32f7xx_hal_rcc.o
                0x0800158c                HAL_RCC_GetSysClockFreq
 .text.HAL_RCC_ClockConfig
                0x08001608      0x154 Drivers\STM32F7xx_HAL_Driver\Src\stm32f7xx_hal_rcc.o
                0x08001608                HAL_RCC_ClockConfig
 .text.HAL_RCC_GetHCLKFreq
                0x0800175c        0xc Drivers\STM32F7xx_HAL_Driver\Src\stm32f7xx_hal_rcc.o
                0x0800175c                HAL_RCC_GetHCLKFreq
 .text.HAL_RCC_GetPCLK1Freq
                0x08001768       0x30 Drivers\STM32F7xx_HAL_Driver\Src\stm32f7xx_hal_rcc.o
                0x08001768                HAL_RCC_GetPCLK1Freq
 .text.HAL_RCC_GetPCLK2Freq
                0x08001798       0x30 Drivers\STM32F7xx_HAL_Driver\Src\stm32f7xx_hal_rcc.o
                0x08001798                HAL_RCC_GetPCLK2Freq
 .text.HAL_RCCEx_PeriphCLKConfig
                0x080017c8      0x74c Drivers\STM32F7xx_HAL_Driver\Src\stm32f7xx_hal_rcc_ex.o
                0x080017c8                HAL_RCCEx_PeriphCLKConfig
 .text.HAL_SPI_IRQHandler
                0x08001f14       0xe4 Drivers\STM32F7xx_HAL_Driver\Src\stm32f7xx_hal_spi.o
                0x08001f14                HAL_SPI_IRQHandler
 .text.SPI_DMAAbortOnError
                0x08001ff8       0x12 Drivers\STM32F7xx_HAL_Driver\Src\stm32f7xx_hal_spi.o
 .text.TIM_TI1_ConfigInputStage
                0x0800200a       0x22 Drivers\STM32F7xx_HAL_Driver\Src\stm32f7xx_hal_tim.o
 .text.TIM_TI2_ConfigInputStage
                0x0800202c       0x24 Drivers\STM32F7xx_HAL_Driver\Src\stm32f7xx_hal_tim.o
 .text.HAL_TIM_Base_Start
                0x08002050       0x1a Drivers\STM32F7xx_HAL_Driver\Src\stm32f7xx_hal_tim.o
                0x08002050                HAL_TIM_Base_Start
 .text.HAL_TIM_Base_Stop
                0x0800206a       0x2e Drivers\STM32F7xx_HAL_Driver\Src\stm32f7xx_hal_tim.o
                0x0800206a                HAL_TIM_Base_Stop
 .text.HAL_TIM_Encoder_Start_IT
                0x08002098       0x6e Drivers\STM32F7xx_HAL_Driver\Src\stm32f7xx_hal_tim.o
                0x08002098                HAL_TIM_Encoder_Start_IT
 .text.HAL_TIM_PeriodElapsedCallback
                0x08002106        0x2 Drivers\STM32F7xx_HAL_Driver\Src\stm32f7xx_hal_tim.o
                0x08002106                HAL_TIM_PeriodElapsedCallback
 .text.HAL_TIM_OC_DelayElapsedCallback
                0x08002108        0x2 Drivers\STM32F7xx_HAL_Driver\Src\stm32f7xx_hal_tim.o
                0x08002108                HAL_TIM_OC_DelayElapsedCallback
 .text.HAL_TIM_IC_CaptureCallback
                0x0800210a        0x2 Drivers\STM32F7xx_HAL_Driver\Src\stm32f7xx_hal_tim.o
                0x0800210a                HAL_TIM_IC_CaptureCallback
 .text.HAL_TIM_PWM_PulseFinishedCallback
                0x0800210c        0x2 Drivers\STM32F7xx_HAL_Driver\Src\stm32f7xx_hal_tim.o
                0x0800210c                HAL_TIM_PWM_PulseFinishedCallback
 .text.HAL_TIM_TriggerCallback
                0x0800210e        0x2 Drivers\STM32F7xx_HAL_Driver\Src\stm32f7xx_hal_tim.o
                0x0800210e                HAL_TIM_TriggerCallback
 .text.HAL_TIM_IRQHandler
                0x08002110      0x15e Drivers\STM32F7xx_HAL_Driver\Src\stm32f7xx_hal_tim.o
                0x08002110                HAL_TIM_IRQHandler
 *fill*         0x0800226e        0x2 
 .text.TIM_Base_SetConfig
                0x08002270       0xc8 Drivers\STM32F7xx_HAL_Driver\Src\stm32f7xx_hal_tim.o
                0x08002270                TIM_Base_SetConfig
 .text.HAL_TIM_Base_Init
                0x08002338       0x2c Drivers\STM32F7xx_HAL_Driver\Src\stm32f7xx_hal_tim.o
                0x08002338                HAL_TIM_Base_Init
 .text.HAL_TIM_PWM_Init
                0x08002364       0x34 Drivers\STM32F7xx_HAL_Driver\Src\stm32f7xx_hal_tim.o
                0x08002364                HAL_TIM_PWM_Init
 .text.HAL_TIM_Encoder_Init
                0x08002398       0x96 Drivers\STM32F7xx_HAL_Driver\Src\stm32f7xx_hal_tim.o
                0x08002398                HAL_TIM_Encoder_Init
 *fill*         0x0800242e        0x2 
 .text.TIM_OC1_SetConfig
                0x08002430       0x5c Drivers\STM32F7xx_HAL_Driver\Src\stm32f7xx_hal_tim.o
                0x08002430                TIM_OC1_SetConfig
 .text.TIM_OC2_SetConfig
                0x0800248c       0x68 Drivers\STM32F7xx_HAL_Driver\Src\stm32f7xx_hal_tim.o
                0x0800248c                TIM_OC2_SetConfig
 .text.TIM_OC3_SetConfig
                0x080024f4       0x64 Drivers\STM32F7xx_HAL_Driver\Src\stm32f7xx_hal_tim.o
                0x080024f4                TIM_OC3_SetConfig
 .text.TIM_OC4_SetConfig
                0x08002558       0x54 Drivers\STM32F7xx_HAL_Driver\Src\stm32f7xx_hal_tim.o
                0x08002558                TIM_OC4_SetConfig
 .text.TIM_ETR_SetConfig
                0x080025ac       0x14 Drivers\STM32F7xx_HAL_Driver\Src\stm32f7xx_hal_tim.o
                0x080025ac                TIM_ETR_SetConfig
 .text.HAL_TIM_ConfigClockSource
                0x080025c0      0x11c Drivers\STM32F7xx_HAL_Driver\Src\stm32f7xx_hal_tim.o
                0x080025c0                HAL_TIM_ConfigClockSource
 .text.TIM_CCxChannelCmd
                0x080026dc       0x1a Drivers\STM32F7xx_HAL_Driver\Src\stm32f7xx_hal_tim.o
                0x080026dc                TIM_CCxChannelCmd
 *fill*         0x080026f6        0x2 
 .text.HAL_TIM_PWM_Start
                0x080026f8       0x34 Drivers\STM32F7xx_HAL_Driver\Src\stm32f7xx_hal_tim.o
                0x080026f8                HAL_TIM_PWM_Start
 .text.TIM_OC5_SetConfig
                0x0800272c       0x50 Drivers\STM32F7xx_HAL_Driver\Src\stm32f7xx_hal_tim_ex.o
 .text.TIM_OC6_SetConfig
                0x0800277c       0x50 Drivers\STM32F7xx_HAL_Driver\Src\stm32f7xx_hal_tim_ex.o
 .text.HAL_TIM_PWM_ConfigChannel
                0x080027cc      0x10a Drivers\STM32F7xx_HAL_Driver\Src\stm32f7xx_hal_tim_ex.o
                0x080027cc                HAL_TIM_PWM_ConfigChannel
 *fill*         0x080028d6        0x2 
 .text.HAL_TIMEx_MasterConfigSynchronization
                0x080028d8       0x4c Drivers\STM32F7xx_HAL_Driver\Src\stm32f7xx_hal_tim_ex.o
                0x080028d8                HAL_TIMEx_MasterConfigSynchronization
 .text.HAL_TIMEx_CommutationCallback
                0x08002924        0x2 Drivers\STM32F7xx_HAL_Driver\Src\stm32f7xx_hal_tim_ex.o
                0x08002924                HAL_TIMEx_CommutationCallback
 .text.HAL_TIMEx_BreakCallback
                0x08002926        0x2 Drivers\STM32F7xx_HAL_Driver\Src\stm32f7xx_hal_tim_ex.o
                0x08002926                HAL_TIMEx_BreakCallback
 .text.UART_WaitOnFlagUntilTimeout
                0x08002928       0x62 Drivers\STM32F7xx_HAL_Driver\Src\stm32f7xx_hal_uart.o
                0x08002928                UART_WaitOnFlagUntilTimeout
 .text.HAL_UART_Transmit
                0x0800298a       0xb4 Drivers\STM32F7xx_HAL_Driver\Src\stm32f7xx_hal_uart.o
                0x0800298a                HAL_UART_Transmit
 *fill*         0x08002a3e        0x2 
 .text.UART_SetConfig
                0x08002a40      0x268 Drivers\STM32F7xx_HAL_Driver\Src\stm32f7xx_hal_uart.o
                0x08002a40                UART_SetConfig
 .text.UART_AdvFeatureConfig
                0x08002ca8       0xaa Drivers\STM32F7xx_HAL_Driver\Src\stm32f7xx_hal_uart.o
                0x08002ca8                UART_AdvFeatureConfig
 .text.UART_CheckIdleState
                0x08002d52       0x68 Drivers\STM32F7xx_HAL_Driver\Src\stm32f7xx_hal_uart.o
                0x08002d52                UART_CheckIdleState
 .text.HAL_UART_Init
                0x08002dba       0x64 Drivers\STM32F7xx_HAL_Driver\Src\stm32f7xx_hal_uart.o
                0x08002dba                HAL_UART_Init
 *fill*         0x08002e1e        0x2 
 .text.Emergency_Stop
                0x08002e20       0x10 Src\main.o
                0x08002e20                Emergency_Stop
 .text.Motor_Correction
                0x08002e30       0xd4 Src\main.o
                0x08002e30                Motor_Correction
 .text.Reset_Counters
                0x08002f04       0x8c Src\main.o
                0x08002f04                Reset_Counters
 .text.Clear_Buffers
                0x08002f90       0x40 Src\main.o
                0x08002f90                Clear_Buffers
 .text.Reset_Flags
                0x08002fd0       0xd0 Src\main.o
                0x08002fd0                Reset_Flags
 .text.Transmit
                0x080030a0       0x20 Src\main.o
                0x080030a0                Transmit
 .text.Read_Walls_Flash
                0x080030c0       0x90 Src\main.o
                0x080030c0                Read_Walls_Flash
 .text.Send_Debug
                0x08003150       0xe8 Src\main.o
                0x08003150                Send_Debug
 .text.Save_State
                0x08003238       0xcc Src\main.o
                0x08003238                Save_State
 .text.Print_Maze
                0x08003304       0xec Src\main.o
                0x08003304                Print_Maze
 .text.Get_Lowest_Square
                0x080033f0       0xcc Src\main.o
                0x080033f0                Get_Lowest_Square
 .text.Floodfill
                0x080034bc      0x12c Src\main.o
                0x080034bc                Floodfill
 .text.Reset_Maze
                0x080035e8       0x70 Src\main.o
                0x080035e8                Reset_Maze
 .text.Switch_Direction
                0x08003658       0x28 Src\main.o
                0x08003658                Switch_Direction
 .text.Update_Position
                0x08003680      0x188 Src\main.o
                0x08003680                Update_Position
 .text.Calc_Optimal
                0x08003808      0x244 Src\main.o
                0x08003808                Calc_Optimal
 .text.Fill_Center
                0x08003a4c       0x24 Src\main.o
                0x08003a4c                Fill_Center
 .text.Get_Coordinate
                0x08003a70       0x68 Src\main.o
                0x08003a70                Get_Coordinate
 .text.Fast_Straights
                0x08003ad8      0x130 Src\main.o
                0x08003ad8                Fast_Straights
 .text.Turn_On_Lights
                0x08003c08       0x74 Src\main.o
                0x08003c08                Turn_On_Lights
 .text.Turn_Off_Lights
                0x08003c7c       0x74 Src\main.o
                0x08003c7c                Turn_Off_Lights
 .text.Get_Next_Move
                0x08003cf0      0x184 Src\main.o
                0x08003cf0                Get_Next_Move
 .text.HAL_GPIO_EXTI_Callback
                0x08003e74      0x224 Src\main.o
                0x08003e74                HAL_GPIO_EXTI_Callback
 .text.HAL_SPI_ErrorCallback
                0x08004098        0x2 Src\main.o
                0x08004098                HAL_SPI_ErrorCallback
 *fill*         0x0800409a        0x2 
 .text.Error_Handler
                0x0800409c       0x24 Src\main.o
                0x0800409c                Error_Handler
 .text.Program_Walls_Flash
                0x080040c0      0x114 Src\main.o
                0x080040c0                Program_Walls_Flash
 .text.Start_IR
                0x080041d4       0x28 Src\main.o
                0x080041d4                Start_IR
 .text.Get_IR   0x080041fc      0x1e8 Src\main.o
                0x080041fc                Get_IR
 .text.Speed_Profiler
                0x080043e4      0x134 Src\main.o
                0x080043e4                Speed_Profiler
 .text.Update_Sensors
                0x08004518       0x88 Src\main.o
                0x08004518                Update_Sensors
 .text.Read_Walls
                0x080045a0      0x278 Src\main.o
                0x080045a0                Read_Walls
 .text.Stop_IR  0x08004818       0x20 Src\main.o
                0x08004818                Stop_IR
 .text.HAL_ADC_ConvCpltCallback
                0x08004838       0x38 Src\main.o
                0x08004838                HAL_ADC_ConvCpltCallback
 .text.Set_Left
                0x08004870       0x50 Src\main.o
                0x08004870                Set_Left
 .text.Set_Right
                0x080048c0       0x50 Src\main.o
                0x080048c0                Set_Right
 .text.Forward_Search
                0x08004910      0x158 Src\main.o
                0x08004910                Forward_Search
 .text.Forward_Spd
                0x08004a68       0xa8 Src\main.o
                0x08004a68                Forward_Spd
 .text.Left_Search
                0x08004b10      0x114 Src\main.o
                0x08004b10                Left_Search
 .text.Right_Search
                0x08004c24      0x110 Src\main.o
                0x08004c24                Right_Search
 .text.Search_Correction
                0x08004d34       0x28 Src\main.o
                0x08004d34                Search_Correction
 .text.Left_Spd
                0x08004d5c       0xcc Src\main.o
                0x08004d5c                Left_Spd
 .text.Right_Spd
                0x08004e28       0xcc Src\main.o
                0x08004e28                Right_Spd
 .text.Dead_End_Correct
                0x08004ef4      0x2d0 Src\main.o
                0x08004ef4                Dead_End_Correct
 .text.Dead_End
                0x080051c4      0x114 Src\main.o
                0x080051c4                Dead_End
 .text.Stop     0x080052d8       0x74 Src\main.o
                0x080052d8                Stop
 .text.Detect_Transition
                0x0800534c      0x11c Src\main.o
                0x0800534c                Detect_Transition
 .text.Speed_Run
                0x08005468      0x164 Src\main.o
                0x08005468                Speed_Run
 .text.Search   0x080055cc      0x134 Src\main.o
                0x080055cc                Search
 .text.Measure_Speed
                0x08005700      0x150 Src\main.o
                0x08005700                Measure_Speed
 .text.SystemClock_Config
                0x08005850       0xc0 Src\main.o
                0x08005850                SystemClock_Config
 .text.startup.main
                0x08005910      0x60c Src\main.o
                0x08005910                main
 .text.HAL_MspInit
                0x08005f1c       0x60 Src\stm32f7xx_hal_msp.o
                0x08005f1c                HAL_MspInit
 .text.HAL_ADC_MspInit
                0x08005f7c       0xc0 Src\stm32f7xx_hal_msp.o
                0x08005f7c                HAL_ADC_MspInit
 .text.HAL_TIM_Encoder_MspInit
                0x0800603c       0xc0 Src\stm32f7xx_hal_msp.o
                0x0800603c                HAL_TIM_Encoder_MspInit
 .text.HAL_TIM_Base_MspInit
                0x080060fc       0x28 Src\stm32f7xx_hal_msp.o
                0x080060fc                HAL_TIM_Base_MspInit
 .text.HAL_TIM_PWM_MspInit
                0x08006124       0x68 Src\stm32f7xx_hal_msp.o
                0x08006124                HAL_TIM_PWM_MspInit
 .text.HAL_TIM_MspPostInit
                0x0800618c       0x94 Src\stm32f7xx_hal_msp.o
                0x0800618c                HAL_TIM_MspPostInit
 .text.HAL_UART_MspInit
                0x08006220       0x4c Src\stm32f7xx_hal_msp.o
                0x08006220                HAL_UART_MspInit
 .text.NMI_Handler
                0x0800626c        0x2 Src\stm32f7xx_it.o
                0x0800626c                NMI_Handler
 .text.HardFault_Handler
                0x0800626e        0x2 Src\stm32f7xx_it.o
                0x0800626e                HardFault_Handler
 .text.MemManage_Handler
                0x08006270        0x2 Src\stm32f7xx_it.o
                0x08006270                MemManage_Handler
 .text.BusFault_Handler
                0x08006272        0x2 Src\stm32f7xx_it.o
                0x08006272                BusFault_Handler
 .text.UsageFault_Handler
                0x08006274        0x2 Src\stm32f7xx_it.o
                0x08006274                UsageFault_Handler
 .text.SVC_Handler
                0x08006276        0x2 Src\stm32f7xx_it.o
                0x08006276                SVC_Handler
 .text.DebugMon_Handler
                0x08006278        0x2 Src\stm32f7xx_it.o
                0x08006278                DebugMon_Handler
 .text.PendSV_Handler
                0x0800627a        0x2 Src\stm32f7xx_it.o
                0x0800627a                PendSV_Handler
 .text.SysTick_Handler
                0x0800627c        0xe Src\stm32f7xx_it.o
                0x0800627c                SysTick_Handler
 .text.EXTI15_10_IRQHandler
                0x0800628a        0x8 Src\stm32f7xx_it.o
                0x0800628a                EXTI15_10_IRQHandler
 .text.EXTI9_5_IRQHandler
                0x08006292        0x6 Src\stm32f7xx_it.o
                0x08006292                EXTI9_5_IRQHandler
 .text.DMA2_Stream0_IRQHandler
                0x08006298        0xc Src\stm32f7xx_it.o
                0x08006298                DMA2_Stream0_IRQHandler
 .text.SPI1_IRQHandler
                0x080062a4        0xc Src\stm32f7xx_it.o
                0x080062a4                SPI1_IRQHandler
 .text.TIM1_CC_IRQHandler
                0x080062b0        0xc Src\stm32f7xx_it.o
                0x080062b0                TIM1_CC_IRQHandler
 .text.TIM4_IRQHandler
                0x080062bc        0xc Src\stm32f7xx_it.o
                0x080062bc                TIM4_IRQHandler
 .text.SystemInit
                0x080062c8       0x4c Src\system_stm32f7xx.o
                0x080062c8                SystemInit
 .text.__libc_init_array
                0x08006314       0x4c c:/program files (x86)/atollic/truestudio for arm 7.1.0/armtools/bin/../lib/gcc/arm-atollic-eabi/5.3.1/../../../../arm-atollic-eabi/lib/armv7e-m/fpu/fpv5-sp-d16\libc_nano.a(lib_a-init.o)
                0x08006314                __libc_init_array
 .text.memset   0x08006360       0x10 c:/program files (x86)/atollic/truestudio for arm 7.1.0/armtools/bin/../lib/gcc/arm-atollic-eabi/5.3.1/../../../../arm-atollic-eabi/lib/armv7e-m/fpu/fpv5-sp-d16\libc_nano.a(lib_a-memset.o)
                0x08006360                memset
 .text.sprintf  0x08006370       0x48 c:/program files (x86)/atollic/truestudio for arm 7.1.0/armtools/bin/../lib/gcc/arm-atollic-eabi/5.3.1/../../../../arm-atollic-eabi/lib/armv7e-m/fpu/fpv5-sp-d16\libc_nano.a(lib_a-sprintf.o)
                0x08006370                siprintf
                0x08006370                sprintf
 .text.strcpy   0x080063b8       0x10 c:/program files (x86)/atollic/truestudio for arm 7.1.0/armtools/bin/../lib/gcc/arm-atollic-eabi/5.3.1/../../../../arm-atollic-eabi/lib/armv7e-m/fpu/fpv5-sp-d16\libc_nano.a(lib_a-strcpy.o)
                0x080063b8                strcpy
 .text.__ssputs_r
                0x080063c8       0xb2 c:/program files (x86)/atollic/truestudio for arm 7.1.0/armtools/bin/../lib/gcc/arm-atollic-eabi/5.3.1/../../../../arm-atollic-eabi/lib/armv7e-m/fpu/fpv5-sp-d16\libc_nano.a(lib_a-nano-svfprintf.o)
                0x080063c8                __ssputs_r
 *fill*         0x0800647a        0x2 
 .text._svfprintf_r
                0x0800647c      0x1e8 c:/program files (x86)/atollic/truestudio for arm 7.1.0/armtools/bin/../lib/gcc/arm-atollic-eabi/5.3.1/../../../../arm-atollic-eabi/lib/armv7e-m/fpu/fpv5-sp-d16\libc_nano.a(lib_a-nano-svfprintf.o)
                0x0800647c                _svfiprintf_r
                0x0800647c                _svfprintf_r
 .text._printf_common
                0x08006664       0xec c:/program files (x86)/atollic/truestudio for arm 7.1.0/armtools/bin/../lib/gcc/arm-atollic-eabi/5.3.1/../../../../arm-atollic-eabi/lib/armv7e-m/fpu/fpv5-sp-d16\libc_nano.a(lib_a-nano-vfprintf_i.o)
                0x08006664                _printf_common
 .text._printf_i
                0x08006750      0x24c c:/program files (x86)/atollic/truestudio for arm 7.1.0/armtools/bin/../lib/gcc/arm-atollic-eabi/5.3.1/../../../../arm-atollic-eabi/lib/armv7e-m/fpu/fpv5-sp-d16\libc_nano.a(lib_a-nano-vfprintf_i.o)
                0x08006750                _printf_i
 .text.memcpy   0x0800699c       0x16 c:/program files (x86)/atollic/truestudio for arm 7.1.0/armtools/bin/../lib/gcc/arm-atollic-eabi/5.3.1/../../../../arm-atollic-eabi/lib/armv7e-m/fpu/fpv5-sp-d16\libc_nano.a(lib_a-memcpy-stub.o)
                0x0800699c                memcpy
 .text.memmove  0x080069b2       0x36 c:/program files (x86)/atollic/truestudio for arm 7.1.0/armtools/bin/../lib/gcc/arm-atollic-eabi/5.3.1/../../../../arm-atollic-eabi/lib/armv7e-m/fpu/fpv5-sp-d16\libc_nano.a(lib_a-memmove.o)
                0x080069b2                memmove
 .text._free_r  0x080069e8       0x9c c:/program files (x86)/atollic/truestudio for arm 7.1.0/armtools/bin/../lib/gcc/arm-atollic-eabi/5.3.1/../../../../arm-atollic-eabi/lib/armv7e-m/fpu/fpv5-sp-d16\libc_nano.a(lib_a-nano-freer.o)
                0x080069e8                _free_r
 .text._malloc_r
                0x08006a84       0xbc c:/program files (x86)/atollic/truestudio for arm 7.1.0/armtools/bin/../lib/gcc/arm-atollic-eabi/5.3.1/../../../../arm-atollic-eabi/lib/armv7e-m/fpu/fpv5-sp-d16\libc_nano.a(lib_a-nano-mallocr.o)
                0x08006a84                _malloc_r
 .text._realloc_r
                0x08006b40       0x4c c:/program files (x86)/atollic/truestudio for arm 7.1.0/armtools/bin/../lib/gcc/arm-atollic-eabi/5.3.1/../../../../arm-atollic-eabi/lib/armv7e-m/fpu/fpv5-sp-d16\libc_nano.a(lib_a-nano-reallocr.o)
                0x08006b40                _realloc_r
 .text._sbrk_r  0x08006b8c       0x20 c:/program files (x86)/atollic/truestudio for arm 7.1.0/armtools/bin/../lib/gcc/arm-atollic-eabi/5.3.1/../../../../arm-atollic-eabi/lib/armv7e-m/fpu/fpv5-sp-d16\libc_nano.a(lib_a-sbrkr.o)
                0x08006b8c                _sbrk_r
 .text.__malloc_lock
                0x08006bac        0x2 c:/program files (x86)/atollic/truestudio for arm 7.1.0/armtools/bin/../lib/gcc/arm-atollic-eabi/5.3.1/../../../../arm-atollic-eabi/lib/armv7e-m/fpu/fpv5-sp-d16\libc_nano.a(lib_a-mlock.o)
                0x08006bac                __malloc_lock
 .text.__malloc_unlock
                0x08006bae        0x2 c:/program files (x86)/atollic/truestudio for arm 7.1.0/armtools/bin/../lib/gcc/arm-atollic-eabi/5.3.1/../../../../arm-atollic-eabi/lib/armv7e-m/fpu/fpv5-sp-d16\libc_nano.a(lib_a-mlock.o)
                0x08006bae                __malloc_unlock
 .text._malloc_usable_size_r
                0x08006bb0       0x14 c:/program files (x86)/atollic/truestudio for arm 7.1.0/armtools/bin/../lib/gcc/arm-atollic-eabi/5.3.1/../../../../arm-atollic-eabi/lib/armv7e-m/fpu/fpv5-sp-d16\libc_nano.a(lib_a-nano-msizer.o)
                0x08006bb0                _malloc_usable_size_r
 .text._sbrk    0x08006bc4       0x1c c:/program files (x86)/atollic/truestudio for arm 7.1.0/armtools/bin/../lib/gcc/arm-atollic-eabi/5.3.1/../../../../arm-atollic-eabi/lib/armv7e-m/fpu/fpv5-sp-d16\libnosys.a(sbrk.o)
                0x08006bc4                _sbrk
 *(.glue_7)
 .glue_7        0x08006be0        0x0 linker stubs
 *(.glue_7t)
 .glue_7t       0x08006be0        0x0 linker stubs
 *(.eh_frame)
 .eh_frame      0x08006be0        0x0 c:/program files (x86)/atollic/truestudio for arm 7.1.0/armtools/bin/../lib/gcc/arm-atollic-eabi/5.3.1/armv7e-m/fpu/fpv5-sp-d16/crtbegin.o
 *(.init)
 .init          0x08006be0        0x4 c:/program files (x86)/atollic/truestudio for arm 7.1.0/armtools/bin/../lib/gcc/arm-atollic-eabi/5.3.1/armv7e-m/fpu/fpv5-sp-d16/crti.o
                0x08006be0                _init
 .init          0x08006be4        0x8 c:/program files (x86)/atollic/truestudio for arm 7.1.0/armtools/bin/../lib/gcc/arm-atollic-eabi/5.3.1/armv7e-m/fpu/fpv5-sp-d16/crtn.o
 *(.fini)
 .fini          0x08006bec        0x4 c:/program files (x86)/atollic/truestudio for arm 7.1.0/armtools/bin/../lib/gcc/arm-atollic-eabi/5.3.1/armv7e-m/fpu/fpv5-sp-d16/crti.o
                0x08006bec                _fini
 .fini          0x08006bf0        0x8 c:/program files (x86)/atollic/truestudio for arm 7.1.0/armtools/bin/../lib/gcc/arm-atollic-eabi/5.3.1/armv7e-m/fpu/fpv5-sp-d16/crtn.o
                0x08006bf8                . = ALIGN (0x4)
                0x08006bf8                _etext = .

.vfp11_veneer   0x08006bf8        0x0
 .vfp11_veneer  0x08006bf8        0x0 linker stubs

.v4_bx          0x08006bf8        0x0
 .v4_bx         0x08006bf8        0x0 linker stubs

.iplt           0x08006bf8        0x0
 .iplt          0x08006bf8        0x0 c:/program files (x86)/atollic/truestudio for arm 7.1.0/armtools/bin/../lib/gcc/arm-atollic-eabi/5.3.1/armv7e-m/fpu/fpv5-sp-d16/crtbegin.o

.rodata         0x08006bf8      0x6dc
                0x08006bf8                . = ALIGN (0x4)
 *(.rodata)
 .rodata        0x08006bf8       0x24 Src\main.o
 *(.rodata*)
 .rodata.flagBitshiftOffset.8593
                0x08006c1c        0x8 Drivers\STM32F7xx_HAL_Driver\Src\stm32f7xx_hal_dma.o
 .rodata.CSWTCH.39
                0x08006c24        0x4 Drivers\STM32F7xx_HAL_Driver\Src\stm32f7xx_hal_uart.o
 .rodata.CSWTCH.40
                0x08006c28        0xd Drivers\STM32F7xx_HAL_Driver\Src\stm32f7xx_hal_uart.o
 .rodata.str1.1
                0x08006c35      0x64f Src\main.o
                                0x652 (size before relaxing)
 .rodata.AHBPrescTable
                0x08007284       0x10 Src\system_stm32f7xx.o
                0x08007284                AHBPrescTable
 .rodata.APBPrescTable
                0x08007294        0x8 Src\system_stm32f7xx.o
                0x08007294                APBPrescTable
 .rodata.str1.1
                0x0800729c        0x2 c:/program files (x86)/atollic/truestudio for arm 7.1.0/armtools/bin/../lib/gcc/arm-atollic-eabi/5.3.1/../../../../arm-atollic-eabi/lib/armv7e-m/fpu/fpv5-sp-d16\libc_nano.a(lib_a-impure.o)
 .rodata.str1.1
                0x0800729e       0x11 c:/program files (x86)/atollic/truestudio for arm 7.1.0/armtools/bin/../lib/gcc/arm-atollic-eabi/5.3.1/../../../../arm-atollic-eabi/lib/armv7e-m/fpu/fpv5-sp-d16\libc_nano.a(lib_a-nano-svfprintf.o)
 .rodata.str1.1
                0x080072af       0x22 c:/program files (x86)/atollic/truestudio for arm 7.1.0/armtools/bin/../lib/gcc/arm-atollic-eabi/5.3.1/../../../../arm-atollic-eabi/lib/armv7e-m/fpu/fpv5-sp-d16\libc_nano.a(lib_a-nano-vfprintf_i.o)
                0x080072d4                . = ALIGN (0x4)
 *fill*         0x080072d1        0x3 

.rel.dyn        0x080072d4        0x0
 .rel.iplt      0x080072d4        0x0 c:/program files (x86)/atollic/truestudio for arm 7.1.0/armtools/bin/../lib/gcc/arm-atollic-eabi/5.3.1/armv7e-m/fpu/fpv5-sp-d16/crtbegin.o

.ARM.extab
 *(.ARM.extab* .gnu.linkonce.armextab.*)

.ARM            0x080072d4        0x0
                0x080072d4                __exidx_start = .
 *(.ARM.exidx*)
                0x080072d4                __exidx_end = .

.preinit_array  0x080072d4        0x0
                0x080072d4                PROVIDE (__preinit_array_start, .)
 *(.preinit_array*)
                0x080072d4                PROVIDE (__preinit_array_end, .)

.init_array     0x080072d4        0x4
                0x080072d4                PROVIDE (__init_array_start, .)
 *(SORT(.init_array.*))
 *(.init_array*)
 .init_array    0x080072d4        0x4 c:/program files (x86)/atollic/truestudio for arm 7.1.0/armtools/bin/../lib/gcc/arm-atollic-eabi/5.3.1/armv7e-m/fpu/fpv5-sp-d16/crtbegin.o
                0x080072d8                PROVIDE (__init_array_end, .)

.fini_array     0x080072d8        0x4
                [!provide]                PROVIDE (__fini_array_start, .)
 *(SORT(.fini_array.*))
 *(.fini_array*)
 .fini_array    0x080072d8        0x4 c:/program files (x86)/atollic/truestudio for arm 7.1.0/armtools/bin/../lib/gcc/arm-atollic-eabi/5.3.1/armv7e-m/fpu/fpv5-sp-d16/crtbegin.o
                [!provide]                PROVIDE (__fini_array_end, .)
                0x080072dc                _sidata = LOADADDR (.data)

.data           0x20000000       0x80 load address 0x080072dc
                0x20000000                . = ALIGN (0x4)
                0x20000000                _sdata = .
 *(.data)
 *(.data*)
 .data.offsets  0x20000000        0xc Src\main.o
                0x20000000                offsets
 .data.stop_flag
                0x2000000c        0x4 Src\main.o
                0x2000000c                stop_flag
 .data.y_coord  0x20000010        0x4 Src\main.o
                0x20000010                y_coord
 .data.start_flag
                0x20000014        0x4 Src\main.o
                0x20000014                start_flag
 .data.SystemCoreClock
                0x20000018        0x4 Src\system_stm32f7xx.o
                0x20000018                SystemCoreClock
 .data.impure_data
                0x2000001c       0x60 c:/program files (x86)/atollic/truestudio for arm 7.1.0/armtools/bin/../lib/gcc/arm-atollic-eabi/5.3.1/../../../../arm-atollic-eabi/lib/armv7e-m/fpu/fpv5-sp-d16\libc_nano.a(lib_a-impure.o)
 .data._impure_ptr
                0x2000007c        0x4 c:/program files (x86)/atollic/truestudio for arm 7.1.0/armtools/bin/../lib/gcc/arm-atollic-eabi/5.3.1/../../../../arm-atollic-eabi/lib/armv7e-m/fpu/fpv5-sp-d16\libc_nano.a(lib_a-impure.o)
                0x2000007c                _impure_ptr
                0x20000080                . = ALIGN (0x4)
                0x20000080                _edata = .

.igot.plt       0x20000080        0x0 load address 0x0800735c
 .igot.plt      0x20000080        0x0 c:/program files (x86)/atollic/truestudio for arm 7.1.0/armtools/bin/../lib/gcc/arm-atollic-eabi/5.3.1/armv7e-m/fpu/fpv5-sp-d16/crtbegin.o
                0x20000080                . = ALIGN (0x4)

.bss            0x20000080     0x20e4 load address 0x0800735c
                0x20000080                _sbss = .
                0x20000080                __bss_start__ = _sbss
 *(.bss)
 .bss           0x20000080       0x1c c:/program files (x86)/atollic/truestudio for arm 7.1.0/armtools/bin/../lib/gcc/arm-atollic-eabi/5.3.1/armv7e-m/fpu/fpv5-sp-d16/crtbegin.o
 *(.bss*)
 .bss.prev_l_debug
                0x2000009c       0x50 Src\main.o
 .bss.rf_side   0x200000ec        0x4 Src\main.o
                0x200000ec                rf_side
 .bss.l_count   0x200000f0        0x4 Src\main.o
                0x200000f0                l_count
 .bss.l_count_corr
                0x200000f4        0x4 Src\main.o
                0x200000f4                l_count_corr
 .bss.cur_move  0x200000f8        0x4 Src\main.o
                0x200000f8                cur_move
 .bss.rf_buffer
                0x200000fc      0x320 Src\main.o
 .bss.renc_diff
                0x2000041c        0x4 Src\main.o
                0x2000041c                renc_diff
 .bss.l_turnflag
                0x20000420        0x4 Src\main.o
                0x20000420                l_turnflag
 .bss.button_state
                0x20000424        0x4 Src\main.o
                0x20000424                button_state
 .bss.l         0x20000428        0x4 Src\main.o
                0x20000428                l
 .bss.r_buffer  0x2000042c      0x320 Src\main.o
 .bss.dead_flag
                0x2000074c        0x4 Src\main.o
                0x2000074c                dead_flag
 .bss.dif_l     0x20000750        0x4 Src\main.o
                0x20000750                dif_l
 .bss.HAL_state
                0x20000754        0x4 Src\main.o
                0x20000754                HAL_state
 .bss.l_debug   0x20000758       0x50 Src\main.o
 .bss.r_transition_flag
                0x200007a8        0x4 Src\main.o
                0x200007a8                r_transition_flag
 .bss.transition_flag
                0x200007ac        0x4 Src\main.o
                0x200007ac                transition_flag
 .bss.dif_r     0x200007b0        0x4 Src\main.o
                0x200007b0                dif_r
 .bss.dem2      0x200007b4        0x4 Src\main.o
                0x200007b4                dem2
 .bss.r         0x200007b8        0x4 Src\main.o
                0x200007b8                r
 .bss.l_transition_flag
                0x200007bc        0x4 Src\main.o
                0x200007bc                l_transition_flag
 .bss.optimal_count
                0x200007c0        0x4 Src\main.o
                0x200007c0                optimal_count
 .bss.lenc_diff
                0x200007c4        0x4 Src\main.o
                0x200007c4                lenc_diff
 .bss.l_buffer  0x200007c8      0x320 Src\main.o
 .bss.front_l   0x20000ae8        0x4 Src\main.o
                0x20000ae8                front_l
 .bss.r_turnflag
                0x20000aec        0x4 Src\main.o
                0x20000aec                r_turnflag
 .bss.r_count_corr
                0x20000af0        0x4 Src\main.o
                0x20000af0                r_count_corr
 .bss.vert_walls
                0x20000af4       0x14 Src\main.o
 .bss.m_correction
                0x20000b08        0x4 Src\main.o
                0x20000b08                m_correction
 .bss.final_x   0x20000b0c        0x4 Src\main.o
                0x20000b0c                final_x
 .bss.front_r   0x20000b10        0x4 Src\main.o
                0x20000b10                front_r
 .bss.lf        0x20000b14        0x4 Src\main.o
                0x20000b14                lf
 .bss.final_y   0x20000b18        0x4 Src\main.o
                0x20000b18                final_y
 .bss.rf_debug  0x20000b1c       0x50 Src\main.o
 .bss.prev_r_debug
                0x20000b6c       0x50 Src\main.o
 .bss.dif_rf    0x20000bbc        0x4 Src\main.o
                0x20000bbc                dif_rf
 .bss.r_count   0x20000bc0        0x4 Src\main.o
                0x20000bc0                r_count
 .bss.lenc_diff_corr
                0x20000bc4        0x4 Src\main.o
                0x20000bc4                lenc_diff_corr
 .bss.send_debug
                0x20000bc8        0x4 Src\main.o
                0x20000bc8                send_debug
 .bss.dbg_count
                0x20000bcc        0x4 Src\main.o
                0x20000bcc                dbg_count
 .bss.EraseInitStruct
                0x20000bd0       0x10 Src\main.o
 .bss.speedrunturn
                0x20000be0        0x4 Src\main.o
                0x20000be0                speedrunturn
 .bss.r_count_debug
                0x20000be4       0x50 Src\main.o
 .bss.temp_l    0x20000c34        0x4 Src\main.o
                0x20000c34                temp_l
 .bss.l_count_debug
                0x20000c38       0x50 Src\main.o
 .bss.lf_debug  0x20000c88       0x50 Src\main.o
 .bss.temp_r    0x20000cd8        0x4 Src\main.o
                0x20000cd8                temp_r
 .bss.dem3      0x20000cdc        0x4 Src\main.o
                0x20000cdc                dem3
 .bss.debug_count.9439
                0x20000ce0        0x4 Src\main.o
 .bss.turn_debug
                0x20000ce4       0x50 Src\main.o
 .bss.next_move
                0x20000d34        0x4 Src\main.o
                0x20000d34                next_move
 .bss.buff_count
                0x20000d38        0x4 Src\main.o
 .bss.renc_diff_corr
                0x20000d3c        0x4 Src\main.o
                0x20000d3c                renc_diff_corr
 .bss.fwd_flag  0x20000d40        0x4 Src\main.o
                0x20000d40                fwd_flag
 .bss.lf_side   0x20000d44        0x4 Src\main.o
                0x20000d44                lf_side
 .bss.prev_left_speed.9852
                0x20000d48        0x4 Src\main.o
 .bss.prevx     0x20000d4c        0x4 Src\main.o
                0x20000d4c                prevx
 .bss.prevy     0x20000d50        0x4 Src\main.o
                0x20000d50                prevy
 .bss.lf_buffer
                0x20000d54      0x320 Src\main.o
 .bss.cur_debug
                0x20001074       0x50 Src\main.o
 .bss.SECTORError
                0x200010c4        0x4 Src\main.o
                0x200010c4                SECTORError
 .bss.reverse_flag
                0x200010c8        0x4 Src\main.o
                0x200010c8                reverse_flag
 .bss.rf        0x200010cc        0x4 Src\main.o
                0x200010cc                rf
 .bss.dem1      0x200010d0        0x4 Src\main.o
                0x200010d0                dem1
 .bss.cur_dir   0x200010d4        0x4 Src\main.o
                0x200010d4                cur_dir
 .bss.coordinate_count
                0x200010d8        0x4 Src\main.o
                0x200010d8                coordinate_count
 .bss.Address   0x200010dc        0x4 Src\main.o
                0x200010dc                Address
 .bss.done_flag
                0x200010e0        0x4 Src\main.o
                0x200010e0                done_flag
 .bss.horiz_walls
                0x200010e4       0x14 Src\main.o
 .bss.r_debug   0x200010f8       0x50 Src\main.o
 .bss.dif_lf    0x20001148        0x4 Src\main.o
                0x20001148                dif_lf
 .bss.debug_flag
                0x2000114c        0x4 Src\main.o
                0x2000114c                debug_flag
 .bss.disable_reset
                0x20001150        0x4 Src\main.o
                0x20001150                disable_reset
 .bss.x_coord   0x20001154        0x4 Src\main.o
                0x20001154                x_coord
 .bss.search_flag
                0x20001158        0x4 Src\main.o
                0x20001158                search_flag
 .bss.prev_right_speed.9853
                0x2000115c        0x4 Src\main.o
 .bss.adc_conv  0x20001160        0x4 Src\main.o
                0x20001160                adc_conv
 .bss.hdma_adc.8482
                0x20001164       0x60 Src\stm32f7xx_hal_msp.o
 .bss.__malloc_sbrk_start
                0x200011c4        0x4 c:/program files (x86)/atollic/truestudio for arm 7.1.0/armtools/bin/../lib/gcc/arm-atollic-eabi/5.3.1/../../../../arm-atollic-eabi/lib/armv7e-m/fpu/fpv5-sp-d16\libc_nano.a(lib_a-nano-mallocr.o)
                0x200011c4                __malloc_sbrk_start
 .bss.__malloc_free_list
                0x200011c8        0x4 c:/program files (x86)/atollic/truestudio for arm 7.1.0/armtools/bin/../lib/gcc/arm-atollic-eabi/5.3.1/../../../../arm-atollic-eabi/lib/armv7e-m/fpu/fpv5-sp-d16\libc_nano.a(lib_a-nano-mallocr.o)
                0x200011c8                __malloc_free_list
 .bss.heap_end.4169
                0x200011cc        0x4 c:/program files (x86)/atollic/truestudio for arm 7.1.0/armtools/bin/../lib/gcc/arm-atollic-eabi/5.3.1/../../../../arm-atollic-eabi/lib/armv7e-m/fpu/fpv5-sp-d16\libnosys.a(sbrk.o)
 *(COMMON)
 COMMON         0x200011d0        0x4 Drivers\STM32F7xx_HAL_Driver\Src\stm32f7xx_hal.o
                0x200011d0                uwTick
 COMMON         0x200011d4       0x1c Drivers\STM32F7xx_HAL_Driver\Src\stm32f7xx_hal_flash.o
                0x200011d4                pFlash
 COMMON         0x200011f0      0xf70 Src\main.o
                0x200011f0                prev_r_count
                0x200011f4                fast_path
                0x20001258                time_count
                0x2000125c                prev_l_count
                0x20001260                htim4
                0x2000129c                prev_time_count
                0x200012a0                search_x
                0x200012a4                search_y
                0x200012a8                r_dist
                0x200012ac                htim5
                0x200012e8                maze
                0x2000134c                optimal_y
                0x200017fc                rx_buffer
                0x200018c4                tx_buffer
                0x2000198c                hadc1
                0x200019d4                huart1
                0x20001a44                optimal_x
                0x20001ef4                ADC_valbuffer
                0x20001f74                visited_squares
                0x20001fd8                htim1
                0x20002014                htim9
                0x20002050                optimal_path
                0x200020b4                l_dist
                0x200020b8                aRxBuffer
                0x200020bc                gyro_reading
                0x200020c0                hspi1
                0x20002124                htim2
 COMMON         0x20002160        0x4 c:/program files (x86)/atollic/truestudio for arm 7.1.0/armtools/bin/../lib/gcc/arm-atollic-eabi/5.3.1/../../../../arm-atollic-eabi/lib/armv7e-m/fpu/fpv5-sp-d16\libc_nano.a(lib_a-reent.o)
                0x20002160                errno
                0x20002164                . = ALIGN (0x4)
                0x20002164                _ebss = .
                0x20002164                __bss_end__ = _ebss

._user_heap_stack
                0x20002164      0x600 load address 0x0800735c
                0x20002164                . = ALIGN (0x4)
                0x20002164                PROVIDE (end, .)
                [!provide]                PROVIDE (_end, .)
                0x20002364                . = (. + _Min_Heap_Size)
 *fill*         0x20002164      0x200 
                0x20002764                . = (. + _Min_Stack_Size)
 *fill*         0x20002364      0x400 
                0x20002764                . = ALIGN (0x4)

/DISCARD/
 libc.a(*)
 libm.a(*)
 libgcc.a(*)

.ARM.attributes
                0x00000000       0x30
 *(.ARM.attributes)
 .ARM.attributes
                0x00000000       0x22 c:/program files (x86)/atollic/truestudio for arm 7.1.0/armtools/bin/../lib/gcc/arm-atollic-eabi/5.3.1/armv7e-m/fpu/fpv5-sp-d16/crti.o
 .ARM.attributes
                0x00000022       0x34 c:/program files (x86)/atollic/truestudio for arm 7.1.0/armtools/bin/../lib/gcc/arm-atollic-eabi/5.3.1/armv7e-m/fpu/fpv5-sp-d16/crtbegin.o
 .ARM.attributes
                0x00000056       0x21 Drivers\CMSIS\Device\ST\STM32F7xx\Source\Templates\gcc\startup_stm32f746xx.o
 .ARM.attributes
                0x00000077       0x39 Drivers\STM32F7xx_HAL_Driver\Src\stm32f7xx_hal.o
 .ARM.attributes
                0x000000b0       0x39 Drivers\STM32F7xx_HAL_Driver\Src\stm32f7xx_hal_adc.o
 .ARM.attributes
                0x000000e9       0x39 Drivers\STM32F7xx_HAL_Driver\Src\stm32f7xx_hal_cortex.o
 .ARM.attributes
                0x00000122       0x39 Drivers\STM32F7xx_HAL_Driver\Src\stm32f7xx_hal_dma.o
 .ARM.attributes
                0x0000015b       0x39 Drivers\STM32F7xx_HAL_Driver\Src\stm32f7xx_hal_flash.o
 .ARM.attributes
                0x00000194       0x39 Drivers\STM32F7xx_HAL_Driver\Src\stm32f7xx_hal_flash_ex.o
 .ARM.attributes
                0x000001cd       0x39 Drivers\STM32F7xx_HAL_Driver\Src\stm32f7xx_hal_gpio.o
 .ARM.attributes
                0x00000206       0x39 Drivers\STM32F7xx_HAL_Driver\Src\stm32f7xx_hal_pwr_ex.o
 .ARM.attributes
                0x0000023f       0x39 Drivers\STM32F7xx_HAL_Driver\Src\stm32f7xx_hal_rcc.o
 .ARM.attributes
                0x00000278       0x39 Drivers\STM32F7xx_HAL_Driver\Src\stm32f7xx_hal_rcc_ex.o
 .ARM.attributes
                0x000002b1       0x39 Drivers\STM32F7xx_HAL_Driver\Src\stm32f7xx_hal_spi.o
 .ARM.attributes
                0x000002ea       0x39 Drivers\STM32F7xx_HAL_Driver\Src\stm32f7xx_hal_tim.o
 .ARM.attributes
                0x00000323       0x39 Drivers\STM32F7xx_HAL_Driver\Src\stm32f7xx_hal_tim_ex.o
 .ARM.attributes
                0x0000035c       0x39 Drivers\STM32F7xx_HAL_Driver\Src\stm32f7xx_hal_uart.o
 .ARM.attributes
                0x00000395       0x39 Src\main.o
 .ARM.attributes
                0x000003ce       0x39 Src\stm32f7xx_hal_msp.o
 .ARM.attributes
                0x00000407       0x39 Src\stm32f7xx_it.o
 .ARM.attributes
                0x00000440       0x39 Src\system_stm32f7xx.o
 .ARM.attributes
                0x00000479       0x34 c:/program files (x86)/atollic/truestudio for arm 7.1.0/armtools/bin/../lib/gcc/arm-atollic-eabi/5.3.1/../../../../arm-atollic-eabi/lib/armv7e-m/fpu/fpv5-sp-d16\libc_nano.a(lib_a-init.o)
 .ARM.attributes
                0x000004ad       0x34 c:/program files (x86)/atollic/truestudio for arm 7.1.0/armtools/bin/../lib/gcc/arm-atollic-eabi/5.3.1/../../../../arm-atollic-eabi/lib/armv7e-m/fpu/fpv5-sp-d16\libc_nano.a(lib_a-memset.o)
 .ARM.attributes
                0x000004e1       0x34 c:/program files (x86)/atollic/truestudio for arm 7.1.0/armtools/bin/../lib/gcc/arm-atollic-eabi/5.3.1/../../../../arm-atollic-eabi/lib/armv7e-m/fpu/fpv5-sp-d16\libc_nano.a(lib_a-sprintf.o)
 .ARM.attributes
                0x00000515       0x34 c:/program files (x86)/atollic/truestudio for arm 7.1.0/armtools/bin/../lib/gcc/arm-atollic-eabi/5.3.1/../../../../arm-atollic-eabi/lib/armv7e-m/fpu/fpv5-sp-d16\libc_nano.a(lib_a-strcpy.o)
 .ARM.attributes
                0x00000549       0x1b c:/program files (x86)/atollic/truestudio for arm 7.1.0/armtools/bin/../lib/gcc/arm-atollic-eabi/5.3.1/../../../../arm-atollic-eabi/lib/armv7e-m/fpu/fpv5-sp-d16\libc_nano.a(lib_a-strlen.o)
 .ARM.attributes
                0x00000564       0x34 c:/program files (x86)/atollic/truestudio for arm 7.1.0/armtools/bin/../lib/gcc/arm-atollic-eabi/5.3.1/../../../../arm-atollic-eabi/lib/armv7e-m/fpu/fpv5-sp-d16\libc_nano.a(lib_a-impure.o)
 .ARM.attributes
                0x00000598       0x34 c:/program files (x86)/atollic/truestudio for arm 7.1.0/armtools/bin/../lib/gcc/arm-atollic-eabi/5.3.1/../../../../arm-atollic-eabi/lib/armv7e-m/fpu/fpv5-sp-d16\libc_nano.a(lib_a-nano-svfprintf.o)
 .ARM.attributes
                0x000005cc       0x34 c:/program files (x86)/atollic/truestudio for arm 7.1.0/armtools/bin/../lib/gcc/arm-atollic-eabi/5.3.1/../../../../arm-atollic-eabi/lib/armv7e-m/fpu/fpv5-sp-d16\libc_nano.a(lib_a-nano-vfprintf_i.o)
 .ARM.attributes
                0x00000600       0x20 c:/program files (x86)/atollic/truestudio for arm 7.1.0/armtools/bin/../lib/gcc/arm-atollic-eabi/5.3.1/../../../../arm-atollic-eabi/lib/armv7e-m/fpu/fpv5-sp-d16\libc_nano.a(lib_a-memchr.o)
 .ARM.attributes
                0x00000620       0x34 c:/program files (x86)/atollic/truestudio for arm 7.1.0/armtools/bin/../lib/gcc/arm-atollic-eabi/5.3.1/../../../../arm-atollic-eabi/lib/armv7e-m/fpu/fpv5-sp-d16\libc_nano.a(lib_a-memcpy-stub.o)
 .ARM.attributes
                0x00000654       0x34 c:/program files (x86)/atollic/truestudio for arm 7.1.0/armtools/bin/../lib/gcc/arm-atollic-eabi/5.3.1/../../../../arm-atollic-eabi/lib/armv7e-m/fpu/fpv5-sp-d16\libc_nano.a(lib_a-memmove.o)
 .ARM.attributes
                0x00000688       0x34 c:/program files (x86)/atollic/truestudio for arm 7.1.0/armtools/bin/../lib/gcc/arm-atollic-eabi/5.3.1/../../../../arm-atollic-eabi/lib/armv7e-m/fpu/fpv5-sp-d16\libc_nano.a(lib_a-nano-freer.o)
 .ARM.attributes
                0x000006bc       0x34 c:/program files (x86)/atollic/truestudio for arm 7.1.0/armtools/bin/../lib/gcc/arm-atollic-eabi/5.3.1/../../../../arm-atollic-eabi/lib/armv7e-m/fpu/fpv5-sp-d16\libc_nano.a(lib_a-nano-mallocr.o)
 .ARM.attributes
                0x000006f0       0x34 c:/program files (x86)/atollic/truestudio for arm 7.1.0/armtools/bin/../lib/gcc/arm-atollic-eabi/5.3.1/../../../../arm-atollic-eabi/lib/armv7e-m/fpu/fpv5-sp-d16\libc_nano.a(lib_a-nano-reallocr.o)
 .ARM.attributes
                0x00000724       0x34 c:/program files (x86)/atollic/truestudio for arm 7.1.0/armtools/bin/../lib/gcc/arm-atollic-eabi/5.3.1/../../../../arm-atollic-eabi/lib/armv7e-m/fpu/fpv5-sp-d16\libc_nano.a(lib_a-sbrkr.o)
 .ARM.attributes
                0x00000758       0x34 c:/program files (x86)/atollic/truestudio for arm 7.1.0/armtools/bin/../lib/gcc/arm-atollic-eabi/5.3.1/../../../../arm-atollic-eabi/lib/armv7e-m/fpu/fpv5-sp-d16\libc_nano.a(lib_a-mlock.o)
 .ARM.attributes
                0x0000078c       0x34 c:/program files (x86)/atollic/truestudio for arm 7.1.0/armtools/bin/../lib/gcc/arm-atollic-eabi/5.3.1/../../../../arm-atollic-eabi/lib/armv7e-m/fpu/fpv5-sp-d16\libc_nano.a(lib_a-nano-msizer.o)
 .ARM.attributes
                0x000007c0       0x34 c:/program files (x86)/atollic/truestudio for arm 7.1.0/armtools/bin/../lib/gcc/arm-atollic-eabi/5.3.1/../../../../arm-atollic-eabi/lib/armv7e-m/fpu/fpv5-sp-d16\libc_nano.a(lib_a-reent.o)
 .ARM.attributes
                0x000007f4       0x34 c:/program files (x86)/atollic/truestudio for arm 7.1.0/armtools/bin/../lib/gcc/arm-atollic-eabi/5.3.1/../../../../arm-atollic-eabi/lib/armv7e-m/fpu/fpv5-sp-d16\libnosys.a(sbrk.o)
 .ARM.attributes
                0x00000828       0x22 c:/program files (x86)/atollic/truestudio for arm 7.1.0/armtools/bin/../lib/gcc/arm-atollic-eabi/5.3.1/armv7e-m/fpu/fpv5-sp-d16/crtn.o
OUTPUT(mm747.elf elf32-littlearm)

.debug_line     0x00000000     0x8573
 .debug_line    0x00000000       0xae Drivers\CMSIS\Device\ST\STM32F7xx\Source\Templates\gcc\startup_stm32f746xx.o
 .debug_line    0x000000ae      0x39a Drivers\STM32F7xx_HAL_Driver\Src\stm32f7xx_hal.o
 .debug_line    0x00000448      0x6dc Drivers\STM32F7xx_HAL_Driver\Src\stm32f7xx_hal_adc.o
 .debug_line    0x00000b24      0x430 Drivers\STM32F7xx_HAL_Driver\Src\stm32f7xx_hal_cortex.o
 .debug_line    0x00000f54      0x539 Drivers\STM32F7xx_HAL_Driver\Src\stm32f7xx_hal_dma.o
 .debug_line    0x0000148d      0x448 Drivers\STM32F7xx_HAL_Driver\Src\stm32f7xx_hal_flash.o
 .debug_line    0x000018d5      0x422 Drivers\STM32F7xx_HAL_Driver\Src\stm32f7xx_hal_flash_ex.o
 .debug_line    0x00001cf7      0x3f3 Drivers\STM32F7xx_HAL_Driver\Src\stm32f7xx_hal_gpio.o
 .debug_line    0x000020ea      0x36c Drivers\STM32F7xx_HAL_Driver\Src\stm32f7xx_hal_pwr_ex.o
 .debug_line    0x00002456      0x62b Drivers\STM32F7xx_HAL_Driver\Src\stm32f7xx_hal_rcc.o
 .debug_line    0x00002a81      0x64e Drivers\STM32F7xx_HAL_Driver\Src\stm32f7xx_hal_rcc_ex.o
 .debug_line    0x000030cf      0xc02 Drivers\STM32F7xx_HAL_Driver\Src\stm32f7xx_hal_spi.o
 .debug_line    0x00003cd1     0x116a Drivers\STM32F7xx_HAL_Driver\Src\stm32f7xx_hal_tim.o
 .debug_line    0x00004e3b      0x808 Drivers\STM32F7xx_HAL_Driver\Src\stm32f7xx_hal_tim_ex.o
 .debug_line    0x00005643      0xb41 Drivers\STM32F7xx_HAL_Driver\Src\stm32f7xx_hal_uart.o
 .debug_line    0x00006184     0x1ab5 Src\main.o
 .debug_line    0x00007c39      0x45a Src\stm32f7xx_hal_msp.o
 .debug_line    0x00008093      0x322 Src\stm32f7xx_it.o
 .debug_line    0x000083b5      0x1be Src\system_stm32f7xx.o

.debug_info     0x00000000    0x18050
 .debug_info    0x00000000       0xa5 Drivers\CMSIS\Device\ST\STM32F7xx\Source\Templates\gcc\startup_stm32f746xx.o
 .debug_info    0x000000a5      0x8e3 Drivers\STM32F7xx_HAL_Driver\Src\stm32f7xx_hal.o
 .debug_info    0x00000988      0xcbe Drivers\STM32F7xx_HAL_Driver\Src\stm32f7xx_hal_adc.o
 .debug_info    0x00001646     0x111d Drivers\STM32F7xx_HAL_Driver\Src\stm32f7xx_hal_cortex.o
 .debug_info    0x00002763      0xa28 Drivers\STM32F7xx_HAL_Driver\Src\stm32f7xx_hal_dma.o
 .debug_info    0x0000318b      0x6bf Drivers\STM32F7xx_HAL_Driver\Src\stm32f7xx_hal_flash.o
 .debug_info    0x0000384a      0x9d8 Drivers\STM32F7xx_HAL_Driver\Src\stm32f7xx_hal_flash_ex.o
 .debug_info    0x00004222      0x754 Drivers\STM32F7xx_HAL_Driver\Src\stm32f7xx_hal_gpio.o
 .debug_info    0x00004976      0x9d1 Drivers\STM32F7xx_HAL_Driver\Src\stm32f7xx_hal_pwr_ex.o
 .debug_info    0x00005347      0xccf Drivers\STM32F7xx_HAL_Driver\Src\stm32f7xx_hal_rcc.o
 .debug_info    0x00006016      0xf68 Drivers\STM32F7xx_HAL_Driver\Src\stm32f7xx_hal_rcc_ex.o
 .debug_info    0x00006f7e     0x1ea5 Drivers\STM32F7xx_HAL_Driver\Src\stm32f7xx_hal_spi.o
 .debug_info    0x00008e23     0x2d3d Drivers\STM32F7xx_HAL_Driver\Src\stm32f7xx_hal_tim.o
 .debug_info    0x0000bb60     0x131a Drivers\STM32F7xx_HAL_Driver\Src\stm32f7xx_hal_tim_ex.o
 .debug_info    0x0000ce7a     0x17be Drivers\STM32F7xx_HAL_Driver\Src\stm32f7xx_hal_uart.o
 .debug_info    0x0000e638     0x6dd1 Src\main.o
 .debug_info    0x00015409     0x193e Src\stm32f7xx_hal_msp.o
 .debug_info    0x00016d47      0xc24 Src\stm32f7xx_it.o
 .debug_info    0x0001796b      0x6e5 Src\system_stm32f7xx.o

.debug_abbrev   0x00000000     0x2e60
 .debug_abbrev  0x00000000       0x12 Drivers\CMSIS\Device\ST\STM32F7xx\Source\Templates\gcc\startup_stm32f746xx.o
 .debug_abbrev  0x00000012      0x1e2 Drivers\STM32F7xx_HAL_Driver\Src\stm32f7xx_hal.o
 .debug_abbrev  0x000001f4      0x2c5 Drivers\STM32F7xx_HAL_Driver\Src\stm32f7xx_hal_adc.o
 .debug_abbrev  0x000004b9      0x32f Drivers\STM32F7xx_HAL_Driver\Src\stm32f7xx_hal_cortex.o
 .debug_abbrev  0x000007e8      0x2dd Drivers\STM32F7xx_HAL_Driver\Src\stm32f7xx_hal_dma.o
 .debug_abbrev  0x00000ac5      0x295 Drivers\STM32F7xx_HAL_Driver\Src\stm32f7xx_hal_flash.o
 .debug_abbrev  0x00000d5a      0x2a9 Drivers\STM32F7xx_HAL_Driver\Src\stm32f7xx_hal_flash_ex.o
 .debug_abbrev  0x00001003      0x1c8 Drivers\STM32F7xx_HAL_Driver\Src\stm32f7xx_hal_gpio.o
 .debug_abbrev  0x000011cb      0x1e9 Drivers\STM32F7xx_HAL_Driver\Src\stm32f7xx_hal_pwr_ex.o
 .debug_abbrev  0x000013b4      0x2da Drivers\STM32F7xx_HAL_Driver\Src\stm32f7xx_hal_rcc.o
 .debug_abbrev  0x0000168e      0x22e Drivers\STM32F7xx_HAL_Driver\Src\stm32f7xx_hal_rcc_ex.o
 .debug_abbrev  0x000018bc      0x32a Drivers\STM32F7xx_HAL_Driver\Src\stm32f7xx_hal_spi.o
 .debug_abbrev  0x00001be6      0x311 Drivers\STM32F7xx_HAL_Driver\Src\stm32f7xx_hal_tim.o
 .debug_abbrev  0x00001ef7      0x270 Drivers\STM32F7xx_HAL_Driver\Src\stm32f7xx_hal_tim_ex.o
 .debug_abbrev  0x00002167      0x329 Drivers\STM32F7xx_HAL_Driver\Src\stm32f7xx_hal_uart.o
 .debug_abbrev  0x00002490      0x4a2 Src\main.o
 .debug_abbrev  0x00002932      0x23b Src\stm32f7xx_hal_msp.o
 .debug_abbrev  0x00002b6d      0x1d6 Src\stm32f7xx_it.o
 .debug_abbrev  0x00002d43      0x11d Src\system_stm32f7xx.o

.debug_aranges  0x00000000      0xf30
 .debug_aranges
                0x00000000       0x28 Drivers\CMSIS\Device\ST\STM32F7xx\Source\Templates\gcc\startup_stm32f746xx.o
 .debug_aranges
                0x00000028       0xc8 Drivers\STM32F7xx_HAL_Driver\Src\stm32f7xx_hal.o
 .debug_aranges
                0x000000f0       0xb8 Drivers\STM32F7xx_HAL_Driver\Src\stm32f7xx_hal_adc.o
 .debug_aranges
                0x000001a8       0xa8 Drivers\STM32F7xx_HAL_Driver\Src\stm32f7xx_hal_cortex.o
 .debug_aranges
                0x00000250       0x80 Drivers\STM32F7xx_HAL_Driver\Src\stm32f7xx_hal_dma.o
 .debug_aranges
                0x000002d0       0x98 Drivers\STM32F7xx_HAL_Driver\Src\stm32f7xx_hal_flash.o
 .debug_aranges
                0x00000368       0x48 Drivers\STM32F7xx_HAL_Driver\Src\stm32f7xx_hal_flash_ex.o
 .debug_aranges
                0x000003b0       0x58 Drivers\STM32F7xx_HAL_Driver\Src\stm32f7xx_hal_gpio.o
 .debug_aranges
                0x00000408       0x80 Drivers\STM32F7xx_HAL_Driver\Src\stm32f7xx_hal_pwr_ex.o
 .debug_aranges
                0x00000488       0x88 Drivers\STM32F7xx_HAL_Driver\Src\stm32f7xx_hal_rcc.o
 .debug_aranges
                0x00000510       0x30 Drivers\STM32F7xx_HAL_Driver\Src\stm32f7xx_hal_rcc_ex.o
 .debug_aranges
                0x00000540      0x198 Drivers\STM32F7xx_HAL_Driver\Src\stm32f7xx_hal_spi.o
 .debug_aranges
                0x000006d8      0x260 Drivers\STM32F7xx_HAL_Driver\Src\stm32f7xx_hal_tim.o
 .debug_aranges
                0x00000938      0x120 Drivers\STM32F7xx_HAL_Driver\Src\stm32f7xx_hal_tim_ex.o
 .debug_aranges
                0x00000a58      0x148 Drivers\STM32F7xx_HAL_Driver\Src\stm32f7xx_hal_uart.o
 .debug_aranges
                0x00000ba0      0x268 Src\main.o
 .debug_aranges
                0x00000e08       0x88 Src\stm32f7xx_hal_msp.o
 .debug_aranges
                0x00000e90       0x78 Src\stm32f7xx_it.o
 .debug_aranges
                0x00000f08       0x28 Src\system_stm32f7xx.o

.debug_ranges   0x00000000     0x1b58
 .debug_ranges  0x00000000       0x20 Drivers\CMSIS\Device\ST\STM32F7xx\Source\Templates\gcc\startup_stm32f746xx.o
 .debug_ranges  0x00000020       0xb8 Drivers\STM32F7xx_HAL_Driver\Src\stm32f7xx_hal.o
 .debug_ranges  0x000000d8       0xc0 Drivers\STM32F7xx_HAL_Driver\Src\stm32f7xx_hal_adc.o
 .debug_ranges  0x00000198      0x150 Drivers\STM32F7xx_HAL_Driver\Src\stm32f7xx_hal_cortex.o
 .debug_ranges  0x000002e8       0xa0 Drivers\STM32F7xx_HAL_Driver\Src\stm32f7xx_hal_dma.o
 .debug_ranges  0x00000388       0x88 Drivers\STM32F7xx_HAL_Driver\Src\stm32f7xx_hal_flash.o
 .debug_ranges  0x00000410      0x100 Drivers\STM32F7xx_HAL_Driver\Src\stm32f7xx_hal_flash_ex.o
 .debug_ranges  0x00000510       0x70 Drivers\STM32F7xx_HAL_Driver\Src\stm32f7xx_hal_gpio.o
 .debug_ranges  0x00000580       0xf8 Drivers\STM32F7xx_HAL_Driver\Src\stm32f7xx_hal_pwr_ex.o
 .debug_ranges  0x00000678      0x1b0 Drivers\STM32F7xx_HAL_Driver\Src\stm32f7xx_hal_rcc.o
 .debug_ranges  0x00000828      0x320 Drivers\STM32F7xx_HAL_Driver\Src\stm32f7xx_hal_rcc_ex.o
 .debug_ranges  0x00000b48      0x1d0 Drivers\STM32F7xx_HAL_Driver\Src\stm32f7xx_hal_spi.o
 .debug_ranges  0x00000d18      0x2e8 Drivers\STM32F7xx_HAL_Driver\Src\stm32f7xx_hal_tim.o
 .debug_ranges  0x00001000      0x110 Drivers\STM32F7xx_HAL_Driver\Src\stm32f7xx_hal_tim_ex.o
 .debug_ranges  0x00001110      0x138 Drivers\STM32F7xx_HAL_Driver\Src\stm32f7xx_hal_uart.o
 .debug_ranges  0x00001248      0x748 Src\main.o
 .debug_ranges  0x00001990      0x148 Src\stm32f7xx_hal_msp.o
 .debug_ranges  0x00001ad8       0x68 Src\stm32f7xx_it.o
 .debug_ranges  0x00001b40       0x18 Src\system_stm32f7xx.o

.debug_loc      0x00000000     0xbc93
 .debug_loc     0x00000000       0x6a Drivers\STM32F7xx_HAL_Driver\Src\stm32f7xx_hal.o
 .debug_loc     0x0000006a      0x771 Drivers\STM32F7xx_HAL_Driver\Src\stm32f7xx_hal_adc.o
 .debug_loc     0x000007db      0x4ee Drivers\STM32F7xx_HAL_Driver\Src\stm32f7xx_hal_cortex.o
 .debug_loc     0x00000cc9      0x7db Drivers\STM32F7xx_HAL_Driver\Src\stm32f7xx_hal_dma.o
 .debug_loc     0x000014a4      0x302 Drivers\STM32F7xx_HAL_Driver\Src\stm32f7xx_hal_flash.o
 .debug_loc     0x000017a6      0x5a1 Drivers\STM32F7xx_HAL_Driver\Src\stm32f7xx_hal_flash_ex.o
 .debug_loc     0x00001d47      0x34f Drivers\STM32F7xx_HAL_Driver\Src\stm32f7xx_hal_gpio.o
 .debug_loc     0x00002096      0x1e8 Drivers\STM32F7xx_HAL_Driver\Src\stm32f7xx_hal_pwr_ex.o
 .debug_loc     0x0000227e      0x49b Drivers\STM32F7xx_HAL_Driver\Src\stm32f7xx_hal_rcc.o
 .debug_loc     0x00002719      0x9b4 Drivers\STM32F7xx_HAL_Driver\Src\stm32f7xx_hal_rcc_ex.o
 .debug_loc     0x000030cd     0x1a5e Drivers\STM32F7xx_HAL_Driver\Src\stm32f7xx_hal_spi.o
 .debug_loc     0x00004b2b     0x2f22 Drivers\STM32F7xx_HAL_Driver\Src\stm32f7xx_hal_tim.o
 .debug_loc     0x00007a4d      0xdb1 Drivers\STM32F7xx_HAL_Driver\Src\stm32f7xx_hal_tim_ex.o
 .debug_loc     0x000087fe     0x129f Drivers\STM32F7xx_HAL_Driver\Src\stm32f7xx_hal_uart.o
 .debug_loc     0x00009a9d     0x1f46 Src\main.o
 .debug_loc     0x0000b9e3      0x1c4 Src\stm32f7xx_hal_msp.o
 .debug_loc     0x0000bba7       0xec Src\system_stm32f7xx.o

.debug_str      0x00000000     0x53a2
 .debug_str     0x00000000      0xb48 Drivers\STM32F7xx_HAL_Driver\Src\stm32f7xx_hal.o
                                0xb9d (size before relaxing)
 .debug_str     0x00000b48      0x639 Drivers\STM32F7xx_HAL_Driver\Src\stm32f7xx_hal_adc.o
                                0x90e (size before relaxing)
 .debug_str     0x00001181      0x487 Drivers\STM32F7xx_HAL_Driver\Src\stm32f7xx_hal_cortex.o
                                0xdcb (size before relaxing)
 .debug_str     0x00001608      0x2ef Drivers\STM32F7xx_HAL_Driver\Src\stm32f7xx_hal_dma.o
                                0x7b4 (size before relaxing)
 .debug_str     0x000018f7      0x293 Drivers\STM32F7xx_HAL_Driver\Src\stm32f7xx_hal_flash.o
                                0x54a (size before relaxing)
 .debug_str     0x00001b8a      0x29f Drivers\STM32F7xx_HAL_Driver\Src\stm32f7xx_hal_flash_ex.o
                                0x63a (size before relaxing)
 .debug_str     0x00001e29      0x19c Drivers\STM32F7xx_HAL_Driver\Src\stm32f7xx_hal_gpio.o
                                0x53b (size before relaxing)
 .debug_str     0x00001fc5      0x21a Drivers\STM32F7xx_HAL_Driver\Src\stm32f7xx_hal_pwr_ex.o
                                0x696 (size before relaxing)
 .debug_str     0x000021df      0x2d5 Drivers\STM32F7xx_HAL_Driver\Src\stm32f7xx_hal_rcc.o
                                0x71c (size before relaxing)
 .debug_str     0x000024b4      0x351 Drivers\STM32F7xx_HAL_Driver\Src\stm32f7xx_hal_rcc_ex.o
                                0x6d3 (size before relaxing)
 .debug_str     0x00002805      0x644 Drivers\STM32F7xx_HAL_Driver\Src\stm32f7xx_hal_spi.o
                                0xb42 (size before relaxing)
 .debug_str     0x00002e49      0xc62 Drivers\STM32F7xx_HAL_Driver\Src\stm32f7xx_hal_tim.o
                               0x1159 (size before relaxing)
 .debug_str     0x00003aab      0x4c5 Drivers\STM32F7xx_HAL_Driver\Src\stm32f7xx_hal_tim_ex.o
                                0xd76 (size before relaxing)
 .debug_str     0x00003f70      0x6d1 Drivers\STM32F7xx_HAL_Driver\Src\stm32f7xx_hal_uart.o
                                0xdc1 (size before relaxing)
 .debug_str     0x00004641      0xaf9 Src\main.o
                               0x2748 (size before relaxing)
 .debug_str     0x0000513a      0x133 Src\stm32f7xx_hal_msp.o
                               0x147d (size before relaxing)
 .debug_str     0x0000526d       0xf0 Src\stm32f7xx_it.o
                                0xae8 (size before relaxing)
 .debug_str     0x0000535d       0x45 Src\system_stm32f7xx.o
                                0x494 (size before relaxing)

.comment        0x00000000       0x7e
 .comment       0x00000000       0x7e Drivers\STM32F7xx_HAL_Driver\Src\stm32f7xx_hal.o
                                 0x7f (size before relaxing)
 .comment       0x0000007e       0x7f Drivers\STM32F7xx_HAL_Driver\Src\stm32f7xx_hal_adc.o
 .comment       0x0000007e       0x7f Drivers\STM32F7xx_HAL_Driver\Src\stm32f7xx_hal_cortex.o
 .comment       0x0000007e       0x7f Drivers\STM32F7xx_HAL_Driver\Src\stm32f7xx_hal_dma.o
 .comment       0x0000007e       0x7f Drivers\STM32F7xx_HAL_Driver\Src\stm32f7xx_hal_flash.o
 .comment       0x0000007e       0x7f Drivers\STM32F7xx_HAL_Driver\Src\stm32f7xx_hal_flash_ex.o
 .comment       0x0000007e       0x7f Drivers\STM32F7xx_HAL_Driver\Src\stm32f7xx_hal_gpio.o
 .comment       0x0000007e       0x7f Drivers\STM32F7xx_HAL_Driver\Src\stm32f7xx_hal_pwr_ex.o
 .comment       0x0000007e       0x7f Drivers\STM32F7xx_HAL_Driver\Src\stm32f7xx_hal_rcc.o
 .comment       0x0000007e       0x7f Drivers\STM32F7xx_HAL_Driver\Src\stm32f7xx_hal_rcc_ex.o
 .comment       0x0000007e       0x7f Drivers\STM32F7xx_HAL_Driver\Src\stm32f7xx_hal_spi.o
 .comment       0x0000007e       0x7f Drivers\STM32F7xx_HAL_Driver\Src\stm32f7xx_hal_tim.o
 .comment       0x0000007e       0x7f Drivers\STM32F7xx_HAL_Driver\Src\stm32f7xx_hal_tim_ex.o
 .comment       0x0000007e       0x7f Drivers\STM32F7xx_HAL_Driver\Src\stm32f7xx_hal_uart.o
 .comment       0x0000007e       0x7f Src\main.o
 .comment       0x0000007e       0x7f Src\stm32f7xx_hal_msp.o
 .comment       0x0000007e       0x7f Src\stm32f7xx_it.o
 .comment       0x0000007e       0x7f Src\system_stm32f7xx.o

.debug_frame    0x00000000     0x3278
 .debug_frame   0x00000000      0x1a4 Drivers\STM32F7xx_HAL_Driver\Src\stm32f7xx_hal.o
 .debug_frame   0x000001a4      0x23c Drivers\STM32F7xx_HAL_Driver\Src\stm32f7xx_hal_adc.o
 .debug_frame   0x000003e0      0x150 Drivers\STM32F7xx_HAL_Driver\Src\stm32f7xx_hal_cortex.o
 .debug_frame   0x00000530      0x150 Drivers\STM32F7xx_HAL_Driver\Src\stm32f7xx_hal_dma.o
 .debug_frame   0x00000680      0x15c Drivers\STM32F7xx_HAL_Driver\Src\stm32f7xx_hal_flash.o
 .debug_frame   0x000007dc       0x9c Drivers\STM32F7xx_HAL_Driver\Src\stm32f7xx_hal_flash_ex.o
 .debug_frame   0x00000878       0xd4 Drivers\STM32F7xx_HAL_Driver\Src\stm32f7xx_hal_gpio.o
 .debug_frame   0x0000094c      0x13c Drivers\STM32F7xx_HAL_Driver\Src\stm32f7xx_hal_pwr_ex.o
 .debug_frame   0x00000a88      0x138 Drivers\STM32F7xx_HAL_Driver\Src\stm32f7xx_hal_rcc.o
 .debug_frame   0x00000bc0       0x6c Drivers\STM32F7xx_HAL_Driver\Src\stm32f7xx_hal_rcc_ex.o
 .debug_frame   0x00000c2c      0x58c Drivers\STM32F7xx_HAL_Driver\Src\stm32f7xx_hal_spi.o
 .debug_frame   0x000011b8      0x87c Drivers\STM32F7xx_HAL_Driver\Src\stm32f7xx_hal_tim.o
 .debug_frame   0x00001a34      0x3c8 Drivers\STM32F7xx_HAL_Driver\Src\stm32f7xx_hal_tim_ex.o
 .debug_frame   0x00001dfc      0x41c Drivers\STM32F7xx_HAL_Driver\Src\stm32f7xx_hal_uart.o
 .debug_frame   0x00002218      0x9f4 Src\main.o
 .debug_frame   0x00002c0c      0x17c Src\stm32f7xx_hal_msp.o
 .debug_frame   0x00002d88      0x10c Src\stm32f7xx_it.o
 .debug_frame   0x00002e94       0x30 Src\system_stm32f7xx.o
 .debug_frame   0x00002ec4       0x2c c:/program files (x86)/atollic/truestudio for arm 7.1.0/armtools/bin/../lib/gcc/arm-atollic-eabi/5.3.1/../../../../arm-atollic-eabi/lib/armv7e-m/fpu/fpv5-sp-d16\libc_nano.a(lib_a-init.o)
 .debug_frame   0x00002ef0       0x20 c:/program files (x86)/atollic/truestudio for arm 7.1.0/armtools/bin/../lib/gcc/arm-atollic-eabi/5.3.1/../../../../arm-atollic-eabi/lib/armv7e-m/fpu/fpv5-sp-d16\libc_nano.a(lib_a-memset.o)
 .debug_frame   0x00002f10       0x70 c:/program files (x86)/atollic/truestudio for arm 7.1.0/armtools/bin/../lib/gcc/arm-atollic-eabi/5.3.1/../../../../arm-atollic-eabi/lib/armv7e-m/fpu/fpv5-sp-d16\libc_nano.a(lib_a-sprintf.o)
 .debug_frame   0x00002f80       0x20 c:/program files (x86)/atollic/truestudio for arm 7.1.0/armtools/bin/../lib/gcc/arm-atollic-eabi/5.3.1/../../../../arm-atollic-eabi/lib/armv7e-m/fpu/fpv5-sp-d16\libc_nano.a(lib_a-strcpy.o)
 .debug_frame   0x00002fa0       0x90 c:/program files (x86)/atollic/truestudio for arm 7.1.0/armtools/bin/../lib/gcc/arm-atollic-eabi/5.3.1/../../../../arm-atollic-eabi/lib/armv7e-m/fpu/fpv5-sp-d16\libc_nano.a(lib_a-nano-svfprintf.o)
 .debug_frame   0x00003030       0x60 c:/program files (x86)/atollic/truestudio for arm 7.1.0/armtools/bin/../lib/gcc/arm-atollic-eabi/5.3.1/../../../../arm-atollic-eabi/lib/armv7e-m/fpu/fpv5-sp-d16\libc_nano.a(lib_a-nano-vfprintf_i.o)
 .debug_frame   0x00003090       0x28 c:/program files (x86)/atollic/truestudio for arm 7.1.0/armtools/bin/../lib/gcc/arm-atollic-eabi/5.3.1/../../../../arm-atollic-eabi/lib/armv7e-m/fpu/fpv5-sp-d16\libc_nano.a(lib_a-memcpy-stub.o)
 .debug_frame   0x000030b8       0x28 c:/program files (x86)/atollic/truestudio for arm 7.1.0/armtools/bin/../lib/gcc/arm-atollic-eabi/5.3.1/../../../../arm-atollic-eabi/lib/armv7e-m/fpu/fpv5-sp-d16\libc_nano.a(lib_a-memmove.o)
 .debug_frame   0x000030e0       0x38 c:/program files (x86)/atollic/truestudio for arm 7.1.0/armtools/bin/../lib/gcc/arm-atollic-eabi/5.3.1/../../../../arm-atollic-eabi/lib/armv7e-m/fpu/fpv5-sp-d16\libc_nano.a(lib_a-nano-freer.o)
 .debug_frame   0x00003118       0x2c c:/program files (x86)/atollic/truestudio for arm 7.1.0/armtools/bin/../lib/gcc/arm-atollic-eabi/5.3.1/../../../../arm-atollic-eabi/lib/armv7e-m/fpu/fpv5-sp-d16\libc_nano.a(lib_a-nano-mallocr.o)
 .debug_frame   0x00003144       0x3c c:/program files (x86)/atollic/truestudio for arm 7.1.0/armtools/bin/../lib/gcc/arm-atollic-eabi/5.3.1/../../../../arm-atollic-eabi/lib/armv7e-m/fpu/fpv5-sp-d16\libc_nano.a(lib_a-nano-reallocr.o)
 .debug_frame   0x00003180       0x2c c:/program files (x86)/atollic/truestudio for arm 7.1.0/armtools/bin/../lib/gcc/arm-atollic-eabi/5.3.1/../../../../arm-atollic-eabi/lib/armv7e-m/fpu/fpv5-sp-d16\libc_nano.a(lib_a-sbrkr.o)
 .debug_frame   0x000031ac       0x30 c:/program files (x86)/atollic/truestudio for arm 7.1.0/armtools/bin/../lib/gcc/arm-atollic-eabi/5.3.1/../../../../arm-atollic-eabi/lib/armv7e-m/fpu/fpv5-sp-d16\libc_nano.a(lib_a-mlock.o)
 .debug_frame   0x000031dc       0x20 c:/program files (x86)/atollic/truestudio for arm 7.1.0/armtools/bin/../lib/gcc/arm-atollic-eabi/5.3.1/../../../../arm-atollic-eabi/lib/armv7e-m/fpu/fpv5-sp-d16\libc_nano.a(lib_a-nano-msizer.o)
 .debug_frame   0x000031fc       0x5c c:/program files (x86)/atollic/truestudio for arm 7.1.0/armtools/bin/../lib/gcc/arm-atollic-eabi/5.3.1/../../../../arm-atollic-eabi/lib/armv7e-m/fpu/fpv5-sp-d16\libc_nano.a(lib_a-reent.o)
 .debug_frame   0x00003258       0x20 c:/program files (x86)/atollic/truestudio for arm 7.1.0/armtools/bin/../lib/gcc/arm-atollic-eabi/5.3.1/../../../../arm-atollic-eabi/lib/armv7e-m/fpu/fpv5-sp-d16\libnosys.a(sbrk.o)

Cross Reference Table

Symbol                                            File
ADC_IRQHandler                                    Drivers\CMSIS\Device\ST\STM32F7xx\Source\Templates\gcc\startup_stm32f746xx.o
ADC_valbuffer                                     Src\main.o
AHBPrescTable                                     Src\system_stm32f7xx.o
                                                  Drivers\STM32F7xx_HAL_Driver\Src\stm32f7xx_hal_rcc.o
APBPrescTable                                     Src\system_stm32f7xx.o
                                                  Drivers\STM32F7xx_HAL_Driver\Src\stm32f7xx_hal_rcc.o
Address                                           Src\main.o
Adjuster                                          Src\main.o
BusFault_Handler                                  Src\stm32f7xx_it.o
                                                  Drivers\CMSIS\Device\ST\STM32F7xx\Source\Templates\gcc\startup_stm32f746xx.o
CAN1_RX0_IRQHandler                               Drivers\CMSIS\Device\ST\STM32F7xx\Source\Templates\gcc\startup_stm32f746xx.o
CAN1_RX1_IRQHandler                               Drivers\CMSIS\Device\ST\STM32F7xx\Source\Templates\gcc\startup_stm32f746xx.o
CAN1_SCE_IRQHandler                               Drivers\CMSIS\Device\ST\STM32F7xx\Source\Templates\gcc\startup_stm32f746xx.o
CAN1_TX_IRQHandler                                Drivers\CMSIS\Device\ST\STM32F7xx\Source\Templates\gcc\startup_stm32f746xx.o
CAN2_RX0_IRQHandler                               Drivers\CMSIS\Device\ST\STM32F7xx\Source\Templates\gcc\startup_stm32f746xx.o
CAN2_RX1_IRQHandler                               Drivers\CMSIS\Device\ST\STM32F7xx\Source\Templates\gcc\startup_stm32f746xx.o
CAN2_SCE_IRQHandler                               Drivers\CMSIS\Device\ST\STM32F7xx\Source\Templates\gcc\startup_stm32f746xx.o
CAN2_TX_IRQHandler                                Drivers\CMSIS\Device\ST\STM32F7xx\Source\Templates\gcc\startup_stm32f746xx.o
CEC_IRQHandler                                    Drivers\CMSIS\Device\ST\STM32F7xx\Source\Templates\gcc\startup_stm32f746xx.o
Calc_Optimal                                      Src\main.o
Clear_Buffers                                     Src\main.o
Correction_Calibrate                              Src\main.o
DCMI_IRQHandler                                   Drivers\CMSIS\Device\ST\STM32F7xx\Source\Templates\gcc\startup_stm32f746xx.o
DMA1_Stream0_IRQHandler                           Drivers\CMSIS\Device\ST\STM32F7xx\Source\Templates\gcc\startup_stm32f746xx.o
DMA1_Stream1_IRQHandler                           Drivers\CMSIS\Device\ST\STM32F7xx\Source\Templates\gcc\startup_stm32f746xx.o
DMA1_Stream2_IRQHandler                           Drivers\CMSIS\Device\ST\STM32F7xx\Source\Templates\gcc\startup_stm32f746xx.o
DMA1_Stream3_IRQHandler                           Drivers\CMSIS\Device\ST\STM32F7xx\Source\Templates\gcc\startup_stm32f746xx.o
DMA1_Stream4_IRQHandler                           Drivers\CMSIS\Device\ST\STM32F7xx\Source\Templates\gcc\startup_stm32f746xx.o
DMA1_Stream5_IRQHandler                           Drivers\CMSIS\Device\ST\STM32F7xx\Source\Templates\gcc\startup_stm32f746xx.o
DMA1_Stream6_IRQHandler                           Drivers\CMSIS\Device\ST\STM32F7xx\Source\Templates\gcc\startup_stm32f746xx.o
DMA1_Stream7_IRQHandler                           Drivers\CMSIS\Device\ST\STM32F7xx\Source\Templates\gcc\startup_stm32f746xx.o
DMA2D_IRQHandler                                  Drivers\CMSIS\Device\ST\STM32F7xx\Source\Templates\gcc\startup_stm32f746xx.o
DMA2_Stream0_IRQHandler                           Src\stm32f7xx_it.o
                                                  Drivers\CMSIS\Device\ST\STM32F7xx\Source\Templates\gcc\startup_stm32f746xx.o
DMA2_Stream1_IRQHandler                           Drivers\CMSIS\Device\ST\STM32F7xx\Source\Templates\gcc\startup_stm32f746xx.o
DMA2_Stream2_IRQHandler                           Drivers\CMSIS\Device\ST\STM32F7xx\Source\Templates\gcc\startup_stm32f746xx.o
DMA2_Stream3_IRQHandler                           Drivers\CMSIS\Device\ST\STM32F7xx\Source\Templates\gcc\startup_stm32f746xx.o
DMA2_Stream4_IRQHandler                           Drivers\CMSIS\Device\ST\STM32F7xx\Source\Templates\gcc\startup_stm32f746xx.o
DMA2_Stream5_IRQHandler                           Drivers\CMSIS\Device\ST\STM32F7xx\Source\Templates\gcc\startup_stm32f746xx.o
DMA2_Stream6_IRQHandler                           Drivers\CMSIS\Device\ST\STM32F7xx\Source\Templates\gcc\startup_stm32f746xx.o
DMA2_Stream7_IRQHandler                           Drivers\CMSIS\Device\ST\STM32F7xx\Source\Templates\gcc\startup_stm32f746xx.o
Dead_End                                          Src\main.o
Dead_End_Correct                                  Src\main.o
Dead_End_New                                      Src\main.o
Deadend_Calibrate                                 Src\main.o
DebugMon_Handler                                  Src\stm32f7xx_it.o
                                                  Drivers\CMSIS\Device\ST\STM32F7xx\Source\Templates\gcc\startup_stm32f746xx.o
Default_Handler                                   Drivers\CMSIS\Device\ST\STM32F7xx\Source\Templates\gcc\startup_stm32f746xx.o
Detect_Transition                                 Src\main.o
ETH_IRQHandler                                    Drivers\CMSIS\Device\ST\STM32F7xx\Source\Templates\gcc\startup_stm32f746xx.o
ETH_WKUP_IRQHandler                               Drivers\CMSIS\Device\ST\STM32F7xx\Source\Templates\gcc\startup_stm32f746xx.o
EXTI0_IRQHandler                                  Drivers\CMSIS\Device\ST\STM32F7xx\Source\Templates\gcc\startup_stm32f746xx.o
EXTI15_10_IRQHandler                              Src\stm32f7xx_it.o
                                                  Drivers\CMSIS\Device\ST\STM32F7xx\Source\Templates\gcc\startup_stm32f746xx.o
EXTI1_IRQHandler                                  Drivers\CMSIS\Device\ST\STM32F7xx\Source\Templates\gcc\startup_stm32f746xx.o
EXTI2_IRQHandler                                  Drivers\CMSIS\Device\ST\STM32F7xx\Source\Templates\gcc\startup_stm32f746xx.o
EXTI3_IRQHandler                                  Drivers\CMSIS\Device\ST\STM32F7xx\Source\Templates\gcc\startup_stm32f746xx.o
EXTI4_IRQHandler                                  Drivers\CMSIS\Device\ST\STM32F7xx\Source\Templates\gcc\startup_stm32f746xx.o
EXTI9_5_IRQHandler                                Src\stm32f7xx_it.o
                                                  Drivers\CMSIS\Device\ST\STM32F7xx\Source\Templates\gcc\startup_stm32f746xx.o
Emergency_Stop                                    Src\main.o
Error_Handler                                     Src\main.o
FLASH_Erase_Sector                                Drivers\STM32F7xx_HAL_Driver\Src\stm32f7xx_hal_flash_ex.o
                                                  Drivers\STM32F7xx_HAL_Driver\Src\stm32f7xx_hal_flash.o
FLASH_IRQHandler                                  Drivers\CMSIS\Device\ST\STM32F7xx\Source\Templates\gcc\startup_stm32f746xx.o
FLASH_WaitForLastOperation                        Drivers\STM32F7xx_HAL_Driver\Src\stm32f7xx_hal_flash.o
                                                  Drivers\STM32F7xx_HAL_Driver\Src\stm32f7xx_hal_flash_ex.o
FMC_IRQHandler                                    Drivers\CMSIS\Device\ST\STM32F7xx\Source\Templates\gcc\startup_stm32f746xx.o
FPU_IRQHandler                                    Drivers\CMSIS\Device\ST\STM32F7xx\Source\Templates\gcc\startup_stm32f746xx.o
Fast_Straights                                    Src\main.o
Fill_Center                                       Src\main.o
FirstSector                                       Src\main.o
Floodfill                                         Src\main.o
Forward_Search                                    Src\main.o
Forward_Search_New                                Src\main.o
Forward_Spd                                       Src\main.o
Get_Coordinate                                    Src\main.o
Get_IR                                            Src\main.o
Get_Lowest_Square                                 Src\main.o