Archive member included to satisfy reference by file (symbol)

c:/program files (x86)/atollic/truestudio for arm 7.1.0/armtools/bin/../lib/gcc/arm-atollic-eabi/5.3.1/../../../../arm-atollic-eabi/lib/armv7e-m/fpu/fpv5-sp-d16\libc_nano.a(lib_a-init.o)
                              Drivers\CMSIS\Device\ST\STM32F7xx\Source\Templates\gcc\startup_stm32f746xx.o (__libc_init_array)
c:/program files (x86)/atollic/truestudio for arm 7.1.0/armtools/bin/../lib/gcc/arm-atollic-eabi/5.3.1/../../../../arm-atollic-eabi/lib/armv7e-m/fpu/fpv5-sp-d16\libc_nano.a(lib_a-sprintf.o)
                              Src\main.o (sprintf)
c:/program files (x86)/atollic/truestudio for arm 7.1.0/armtools/bin/../lib/gcc/arm-atollic-eabi/5.3.1/../../../../arm-atollic-eabi/lib/armv7e-m/fpu/fpv5-sp-d16\libc_nano.a(lib_a-strlen.o)
                              Src\main.o (strlen)
c:/program files (x86)/atollic/truestudio for arm 7.1.0/armtools/bin/../lib/gcc/arm-atollic-eabi/5.3.1/../../../../arm-atollic-eabi/lib/armv7e-m/fpu/fpv5-sp-d16\libc_nano.a(lib_a-impure.o)
                              c:/program files (x86)/atollic/truestudio for arm 7.1.0/armtools/bin/../lib/gcc/arm-atollic-eabi/5.3.1/../../../../arm-atollic-eabi/lib/armv7e-m/fpu/fpv5-sp-d16\libc_nano.a(lib_a-sprintf.o) (_impure_ptr)
c:/program files (x86)/atollic/truestudio for arm 7.1.0/armtools/bin/../lib/gcc/arm-atollic-eabi/5.3.1/../../../../arm-atollic-eabi/lib/armv7e-m/fpu/fpv5-sp-d16\libc_nano.a(lib_a-nano-svfprintf.o)
                              c:/program files (x86)/atollic/truestudio for arm 7.1.0/armtools/bin/../lib/gcc/arm-atollic-eabi/5.3.1/../../../../arm-atollic-eabi/lib/armv7e-m/fpu/fpv5-sp-d16\libc_nano.a(lib_a-sprintf.o) (_svfprintf_r)
c:/program files (x86)/atollic/truestudio for arm 7.1.0/armtools/bin/../lib/gcc/arm-atollic-eabi/5.3.1/../../../../arm-atollic-eabi/lib/armv7e-m/fpu/fpv5-sp-d16\libc_nano.a(lib_a-nano-vfprintf_i.o)
                              c:/program files (x86)/atollic/truestudio for arm 7.1.0/armtools/bin/../lib/gcc/arm-atollic-eabi/5.3.1/../../../../arm-atollic-eabi/lib/armv7e-m/fpu/fpv5-sp-d16\libc_nano.a(lib_a-nano-svfprintf.o) (_printf_i)
c:/program files (x86)/atollic/truestudio for arm 7.1.0/armtools/bin/../lib/gcc/arm-atollic-eabi/5.3.1/../../../../arm-atollic-eabi/lib/armv7e-m/fpu/fpv5-sp-d16\libc_nano.a(lib_a-memchr.o)
                              c:/program files (x86)/atollic/truestudio for arm 7.1.0/armtools/bin/../lib/gcc/arm-atollic-eabi/5.3.1/../../../../arm-atollic-eabi/lib/armv7e-m/fpu/fpv5-sp-d16\libc_nano.a(lib_a-nano-svfprintf.o) (memchr)
c:/program files (x86)/atollic/truestudio for arm 7.1.0/armtools/bin/../lib/gcc/arm-atollic-eabi/5.3.1/../../../../arm-atollic-eabi/lib/armv7e-m/fpu/fpv5-sp-d16\libc_nano.a(lib_a-memcpy-stub.o)
                              c:/program files (x86)/atollic/truestudio for arm 7.1.0/armtools/bin/../lib/gcc/arm-atollic-eabi/5.3.1/../../../../arm-atollic-eabi/lib/armv7e-m/fpu/fpv5-sp-d16\libc_nano.a(lib_a-nano-svfprintf.o) (memcpy)
c:/program files (x86)/atollic/truestudio for arm 7.1.0/armtools/bin/../lib/gcc/arm-atollic-eabi/5.3.1/../../../../arm-atollic-eabi/lib/armv7e-m/fpu/fpv5-sp-d16\libc_nano.a(lib_a-memmove.o)
                              c:/program files (x86)/atollic/truestudio for arm 7.1.0/armtools/bin/../lib/gcc/arm-atollic-eabi/5.3.1/../../../../arm-atollic-eabi/lib/armv7e-m/fpu/fpv5-sp-d16\libc_nano.a(lib_a-nano-svfprintf.o) (memmove)
c:/program files (x86)/atollic/truestudio for arm 7.1.0/armtools/bin/../lib/gcc/arm-atollic-eabi/5.3.1/../../../../arm-atollic-eabi/lib/armv7e-m/fpu/fpv5-sp-d16\libc_nano.a(lib_a-nano-freer.o)
                              c:/program files (x86)/atollic/truestudio for arm 7.1.0/armtools/bin/../lib/gcc/arm-atollic-eabi/5.3.1/../../../../arm-atollic-eabi/lib/armv7e-m/fpu/fpv5-sp-d16\libc_nano.a(lib_a-nano-svfprintf.o) (_free_r)
c:/program files (x86)/atollic/truestudio for arm 7.1.0/armtools/bin/../lib/gcc/arm-atollic-eabi/5.3.1/../../../../arm-atollic-eabi/lib/armv7e-m/fpu/fpv5-sp-d16\libc_nano.a(lib_a-nano-mallocr.o)
                              c:/program files (x86)/atollic/truestudio for arm 7.1.0/armtools/bin/../lib/gcc/arm-atollic-eabi/5.3.1/../../../../arm-atollic-eabi/lib/armv7e-m/fpu/fpv5-sp-d16\libc_nano.a(lib_a-nano-svfprintf.o) (_malloc_r)
c:/program files (x86)/atollic/truestudio for arm 7.1.0/armtools/bin/../lib/gcc/arm-atollic-eabi/5.3.1/../../../../arm-atollic-eabi/lib/armv7e-m/fpu/fpv5-sp-d16\libc_nano.a(lib_a-nano-reallocr.o)
                              c:/program files (x86)/atollic/truestudio for arm 7.1.0/armtools/bin/../lib/gcc/arm-atollic-eabi/5.3.1/../../../../arm-atollic-eabi/lib/armv7e-m/fpu/fpv5-sp-d16\libc_nano.a(lib_a-nano-svfprintf.o) (_realloc_r)
c:/program files (x86)/atollic/truestudio for arm 7.1.0/armtools/bin/../lib/gcc/arm-atollic-eabi/5.3.1/../../../../arm-atollic-eabi/lib/armv7e-m/fpu/fpv5-sp-d16\libc_nano.a(lib_a-sbrkr.o)
[...]
Memory Configuration

Name             Origin             Length             Attributes
RAM              0x20000000         0x00050000         xrw
FLASH            0x08000000         0x00100000         xr
*default*        0x00000000         0xffffffff

Linker script and memory map

LOAD c:/program files (x86)/atollic/truestudio for arm 7.1.0/armtools/bin/../lib/gcc/arm-atollic-eabi/5.3.1/armv7e-m/fpu/fpv5-sp-d16/crti.o
LOAD c:/program files (x86)/atollic/truestudio for arm 7.1.0/armtools/bin/../lib/gcc/arm-atollic-eabi/5.3.1/armv7e-m/fpu/fpv5-sp-d16/crtbegin.o
LOAD Drivers\CMSIS\Device\ST\STM32F7xx\Source\Templates\gcc\startup_stm32f746xx.o
LOAD Drivers\STM32F7xx_HAL_Driver\Src\stm32f7xx_hal.o
LOAD Drivers\STM32F7xx_HAL_Driver\Src\stm32f7xx_hal_adc.o
LOAD Drivers\STM32F7xx_HAL_Driver\Src\stm32f7xx_hal_adc_ex.o
LOAD Drivers\STM32F7xx_HAL_Driver\Src\stm32f7xx_hal_cortex.o
LOAD Drivers\STM32F7xx_HAL_Driver\Src\stm32f7xx_hal_dma.o
LOAD Drivers\STM32F7xx_HAL_Driver\Src\stm32f7xx_hal_dma_ex.o
LOAD Drivers\STM32F7xx_HAL_Driver\Src\stm32f7xx_hal_flash.o
LOAD Drivers\STM32F7xx_HAL_Driver\Src\stm32f7xx_hal_flash_ex.o
LOAD Drivers\STM32F7xx_HAL_Driver\Src\stm32f7xx_hal_gpio.o
LOAD Drivers\STM32F7xx_HAL_Driver\Src\stm32f7xx_hal_i2c.o
LOAD Drivers\STM32F7xx_HAL_Driver\Src\stm32f7xx_hal_i2c_ex.o
LOAD Drivers\STM32F7xx_HAL_Driver\Src\stm32f7xx_hal_pwr.o
LOAD Drivers\STM32F7xx_HAL_Driver\Src\stm32f7xx_hal_pwr_ex.o
LOAD Drivers\STM32F7xx_HAL_Driver\Src\stm32f7xx_hal_rcc.o
LOAD Drivers\STM32F7xx_HAL_Driver\Src\stm32f7xx_hal_rcc_ex.o
LOAD Drivers\STM32F7xx_HAL_Driver\Src\stm32f7xx_hal_spi.o
LOAD Drivers\STM32F7xx_HAL_Driver\Src\stm32f7xx_hal_tim.o
LOAD Drivers\STM32F7xx_HAL_Driver\Src\stm32f7xx_hal_tim_ex.o
LOAD Drivers\STM32F7xx_HAL_Driver\Src\stm32f7xx_hal_uart.o
LOAD Src\main.o
LOAD Src\stm32f7xx_hal_msp.o
LOAD Src\stm32f7xx_it.o
LOAD Src\system_stm32f7xx.o
START GROUP
LOAD c:/program files (x86)/atollic/truestudio for arm 7.1.0/armtools/bin/../lib/gcc/arm-atollic-eabi/5.3.1/../../../../arm-atollic-eabi/lib/armv7e-m/fpu/fpv5-sp-d16\libc_nano.a
LOAD c:/program files (x86)/atollic/truestudio for arm 7.1.0/armtools/bin/../lib/gcc/arm-atollic-eabi/5.3.1/../../../../arm-atollic-eabi/lib/armv7e-m/fpu/fpv5-sp-d16\libm.a
END GROUP
                0x00000080                malloc_getpagesize_P = 0x80
START GROUP
LOAD c:/program files (x86)/atollic/truestudio for arm 7.1.0/armtools/bin/../lib/gcc/arm-atollic-eabi/5.3.1/armv7e-m/fpu/fpv5-sp-d16\libgcc.a
LOAD c:/program files (x86)/atollic/truestudio for arm 7.1.0/armtools/bin/../lib/gcc/arm-atollic-eabi/5.3.1/../../../../arm-atollic-eabi/lib/armv7e-m/fpu/fpv5-sp-d16\libc_nano.a
END GROUP
START GROUP
LOAD c:/program files (x86)/atollic/truestudio for arm 7.1.0/armtools/bin/../lib/gcc/arm-atollic-eabi/5.3.1/armv7e-m/fpu/fpv5-sp-d16\libgcc.a
LOAD c:/program files (x86)/atollic/truestudio for arm 7.1.0/armtools/bin/../lib/gcc/arm-atollic-eabi/5.3.1/../../../../arm-atollic-eabi/lib/armv7e-m/fpu/fpv5-sp-d16\libc_nano.a
LOAD c:/program files (x86)/atollic/truestudio for arm 7.1.0/armtools/bin/../lib/gcc/arm-atollic-eabi/5.3.1/../../../../arm-atollic-eabi/lib/armv7e-m/fpu/fpv5-sp-d16\libnosys.a
END GROUP
START GROUP
LOAD c:/program files (x86)/atollic/truestudio for arm 7.1.0/armtools/bin/../lib/gcc/arm-atollic-eabi/5.3.1/armv7e-m/fpu/fpv5-sp-d16\libgcc.a
LOAD c:/program files (x86)/atollic/truestudio for arm 7.1.0/armtools/bin/../lib/gcc/arm-atollic-eabi/5.3.1/../../../../arm-atollic-eabi/lib/armv7e-m/fpu/fpv5-sp-d16\libc_nano.a
LOAD c:/program files (x86)/atollic/truestudio for arm 7.1.0/armtools/bin/../lib/gcc/arm-atollic-eabi/5.3.1/../../../../arm-atollic-eabi/lib/armv7e-m/fpu/fpv5-sp-d16\libnosys.a
END GROUP
LOAD c:/program files (x86)/atollic/truestudio for arm 7.1.0/armtools/bin/../lib/gcc/arm-atollic-eabi/5.3.1/armv7e-m/fpu/fpv5-sp-d16/crtend.o
LOAD c:/program files (x86)/atollic/truestudio for arm 7.1.0/armtools/bin/../lib/gcc/arm-atollic-eabi/5.3.1/armv7e-m/fpu/fpv5-sp-d16/crtn.o
                0x20050000                _estack = 0x20050000
                0x00000200                _Min_Heap_Size = 0x200
                0x00000400                _Min_Stack_Size = 0x400

.isr_vector     0x08000000      0x1c8
                0x08000000                . = ALIGN (0x4)
 *(.isr_vector)
 .isr_vector    0x08000000      0x1c8 Drivers\CMSIS\Device\ST\STM32F7xx\Source\Templates\gcc\startup_stm32f746xx.o
                0x08000000                g_pfnVectors
                0x080001c8                . = ALIGN (0x4)

.text           0x080001d0     0x415c
                0x080001d0                . = ALIGN (0x4)
 *(.text)
 .text          0x080001d0       0x40 c:/program files (x86)/atollic/truestudio for arm 7.1.0/armtools/bin/../lib/gcc/arm-atollic-eabi/5.3.1/armv7e-m/fpu/fpv5-sp-d16/crtbegin.o
 .text          0x08000210       0x10 c:/program files (x86)/atollic/truestudio for arm 7.1.0/armtools/bin/../lib/gcc/arm-atollic-eabi/5.3.1/../../../../arm-atollic-eabi/lib/armv7e-m/fpu/fpv5-sp-d16\libc_nano.a(lib_a-strlen.o)
                0x08000210                strlen
 .text          0x08000220       0xa0 c:/program files (x86)/atollic/truestudio for arm 7.1.0/armtools/bin/../lib/gcc/arm-atollic-eabi/5.3.1/../../../../arm-atollic-eabi/lib/armv7e-m/fpu/fpv5-sp-d16\libc_nano.a(lib_a-memchr.o)
                0x08000220                memchr
 *(.text*)
 .text.Reset_Handler
                0x080002c0       0x50 Drivers\CMSIS\Device\ST\STM32F7xx\Source\Templates\gcc\startup_stm32f746xx.o
                0x080002c0                Reset_Handler
 .text.Default_Handler
                0x08000310        0x2 Drivers\CMSIS\Device\ST\STM32F7xx\Source\Templates\gcc\startup_stm32f746xx.o
                0x08000310                RTC_Alarm_IRQHandler
                0x08000310                EXTI2_IRQHandler
                0x08000310                TIM8_CC_IRQHandler
                0x08000310                UART8_IRQHandler
                0x08000310                SPI4_IRQHandler
                0x08000310                DMA2_Stream5_IRQHandler
                0x08000310                DMA1_Stream5_IRQHandler
                0x08000310                PVD_IRQHandler
                0x08000310                TAMP_STAMP_IRQHandler
                0x08000310                CAN2_RX1_IRQHandler
                0x08000310                EXTI3_IRQHandler
                0x08000310                TIM8_TRG_COM_TIM14_IRQHandler
                0x08000310                TIM1_UP_TIM10_IRQHandler
                0x08000310                TIM8_UP_TIM13_IRQHandler
                0x08000310                I2C3_ER_IRQHandler
                0x08000310                EXTI0_IRQHandler
                0x08000310                I2C2_EV_IRQHandler
                0x08000310                DMA1_Stream2_IRQHandler
                0x08000310                CAN1_RX0_IRQHandler
                0x08000310                FPU_IRQHandler
                0x08000310                OTG_HS_WKUP_IRQHandler
                0x08000310                LTDC_ER_IRQHandler
                0x08000310                CAN2_SCE_IRQHandler
                0x08000310                DMA2_Stream2_IRQHandler
                0x08000310                TIM6_DAC_IRQHandler
                0x08000310                TIM1_BRK_TIM9_IRQHandler
                0x08000310                DCMI_IRQHandler
                0x08000310                CAN2_RX0_IRQHandler
                0x08000310                DMA2_Stream3_IRQHandler
                0x08000310                SAI2_IRQHandler
                0x08000310                USART6_IRQHandler
                0x08000310                USART3_IRQHandler
                0x08000310                CAN1_RX1_IRQHandler
                0x08000310                UART5_IRQHandler
                0x08000310                QUADSPI_IRQHandler
                0x08000310                I2C1_EV_IRQHandler
                0x08000310                DMA1_Stream6_IRQHandler
                0x08000310                DMA1_Stream1_IRQHandler
                0x08000310                UART4_IRQHandler
                0x08000310                TIM3_IRQHandler
                0x08000310                RCC_IRQHandler
                0x08000310                TIM8_BRK_TIM12_IRQHandler
                0x08000310                Default_Handler
                0x08000310                CEC_IRQHandler
                0x08000310                ADC_IRQHandler
                0x08000310                DMA1_Stream7_IRQHandler
                0x08000310                SPI5_IRQHandler
                0x08000310                TIM7_IRQHandler
                0x08000310                SDMMC1_IRQHandler
                0x08000310                CAN2_TX_IRQHandler
                0x08000310                TIM5_IRQHandler
                0x08000310                DMA2_Stream7_IRQHandler
                0x08000310                I2C3_EV_IRQHandler
                0x08000310                RTC_WKUP_IRQHandler
                0x08000310                LTDC_IRQHandler
                0x08000310                ETH_WKUP_IRQHandler
                0x08000310                SPDIF_RX_IRQHandler
                0x08000310                SPI2_IRQHandler
                0x08000310                OTG_HS_EP1_IN_IRQHandler
                0x08000310                DMA1_Stream0_IRQHandler
                0x08000310                CAN1_TX_IRQHandler
                0x08000310                EXTI4_IRQHandler
                0x08000310                RNG_IRQHandler
                0x08000310                ETH_IRQHandler
                0x08000310                OTG_HS_EP1_OUT_IRQHandler
                0x08000310                WWDG_IRQHandler
                0x08000310                SPI6_IRQHandler
                0x08000310                I2C4_EV_IRQHandler
                0x08000310                TIM2_IRQHandler
                0x08000310                OTG_FS_WKUP_IRQHandler
                0x08000310                TIM1_TRG_COM_TIM11_IRQHandler
                0x08000310                OTG_HS_IRQHandler
                0x08000310                DMA2D_IRQHandler
                0x08000310                EXTI1_IRQHandler
                0x08000310                UART7_IRQHandler
                0x08000310                USART2_IRQHandler
                0x08000310                I2C2_ER_IRQHandler
                0x08000310                DMA2_Stream1_IRQHandler
                0x08000310                CAN1_SCE_IRQHandler
                0x08000310                FLASH_IRQHandler
                0x08000310                DMA2_Stream4_IRQHandler
                0x08000310                USART1_IRQHandler
                0x08000310                OTG_FS_IRQHandler
                0x08000310                SPI3_IRQHandler
                0x08000310                DMA1_Stream4_IRQHandler
                0x08000310                I2C1_ER_IRQHandler
                0x08000310                FMC_IRQHandler
                0x08000310                LPTIM1_IRQHandler
                0x08000310                I2C4_ER_IRQHandler
                0x08000310                DMA2_Stream6_IRQHandler
                0x08000310                SAI1_IRQHandler
                0x08000310                DMA1_Stream3_IRQHandler
 *fill*         0x08000312        0x2 
 .text.HAL_InitTick
                0x08000314       0x28 Drivers\STM32F7xx_HAL_Driver\Src\stm32f7xx_hal.o
                0x08000314                HAL_InitTick
 .text.HAL_Init
                0x0800033c       0x16 Drivers\STM32F7xx_HAL_Driver\Src\stm32f7xx_hal.o
                0x0800033c                HAL_Init
 *fill*         0x08000352        0x2 
 .text.HAL_IncTick
                0x08000354       0x10 Drivers\STM32F7xx_HAL_Driver\Src\stm32f7xx_hal.o
                0x08000354                HAL_IncTick
 .text.HAL_GetTick
                0x08000364        0xc Drivers\STM32F7xx_HAL_Driver\Src\stm32f7xx_hal.o
                0x08000364                HAL_GetTick
 .text.HAL_Delay
                0x08000370       0x1a Drivers\STM32F7xx_HAL_Driver\Src\stm32f7xx_hal.o
                0x08000370                HAL_Delay
 *fill*         0x0800038a        0x2 
 .text.HAL_ADC_Init
                0x0800038c      0x154 Drivers\STM32F7xx_HAL_Driver\Src\stm32f7xx_hal_adc.o
                0x0800038c                HAL_ADC_Init
 .text.HAL_ADC_Start_DMA
                0x080004e0      0x100 Drivers\STM32F7xx_HAL_Driver\Src\stm32f7xx_hal_adc.o
                0x080004e0                HAL_ADC_Start_DMA
 .text.HAL_ADC_Stop_DMA
                0x080005e0       0x5a Drivers\STM32F7xx_HAL_Driver\Src\stm32f7xx_hal_adc.o
                0x080005e0                HAL_ADC_Stop_DMA
 .text.ADC_DMAConvCplt
                0x0800063a       0x60 Drivers\STM32F7xx_HAL_Driver\Src\stm32f7xx_hal_adc.o
 .text.HAL_ADC_ConvHalfCpltCallback
                0x0800069a        0x2 Drivers\STM32F7xx_HAL_Driver\Src\stm32f7xx_hal_adc.o
                0x0800069a                HAL_ADC_ConvHalfCpltCallback
 .text.ADC_DMAHalfConvCplt
                0x0800069c        0xa Drivers\STM32F7xx_HAL_Driver\Src\stm32f7xx_hal_adc.o
 .text.HAL_ADC_ErrorCallback
                0x080006a6        0x2 Drivers\STM32F7xx_HAL_Driver\Src\stm32f7xx_hal_adc.o
                0x080006a6                HAL_ADC_ErrorCallback
 .text.ADC_DMAError
                0x080006a8       0x16 Drivers\STM32F7xx_HAL_Driver\Src\stm32f7xx_hal_adc.o
 *fill*         0x080006be        0x2 
 .text.HAL_ADC_ConfigChannel
                0x080006c0      0x140 Drivers\STM32F7xx_HAL_Driver\Src\stm32f7xx_hal_adc.o
                0x080006c0                HAL_ADC_ConfigChannel
 .text.HAL_NVIC_SetPriorityGrouping
                0x08000800       0x24 Drivers\STM32F7xx_HAL_Driver\Src\stm32f7xx_hal_cortex.o
                0x08000800                HAL_NVIC_SetPriorityGrouping
 .text.HAL_NVIC_SetPriority
                0x08000824       0x70 Drivers\STM32F7xx_HAL_Driver\Src\stm32f7xx_hal_cortex.o
                0x08000824                HAL_NVIC_SetPriority
 .text.HAL_NVIC_EnableIRQ
                0x08000894       0x18 Drivers\STM32F7xx_HAL_Driver\Src\stm32f7xx_hal_cortex.o
                0x08000894                HAL_NVIC_EnableIRQ
 .text.HAL_SYSTICK_Config
                0x080008ac       0x2c Drivers\STM32F7xx_HAL_Driver\Src\stm32f7xx_hal_cortex.o
                0x080008ac                HAL_SYSTICK_Config
 .text.HAL_SYSTICK_CLKSourceConfig
                0x080008d8       0x18 Drivers\STM32F7xx_HAL_Driver\Src\stm32f7xx_hal_cortex.o
                0x080008d8                HAL_SYSTICK_CLKSourceConfig
 .text.HAL_SYSTICK_Callback
                0x080008f0        0x2 Drivers\STM32F7xx_HAL_Driver\Src\stm32f7xx_hal_cortex.o
                0x080008f0                HAL_SYSTICK_Callback
 .text.HAL_SYSTICK_IRQHandler
                0x080008f2        0x8 Drivers\STM32F7xx_HAL_Driver\Src\stm32f7xx_hal_cortex.o
                0x080008f2                HAL_SYSTICK_IRQHandler
 *fill*         0x080008fa        0x2 
 .text.DMA_CalcBaseAndBitshift
                0x080008fc       0x2c Drivers\STM32F7xx_HAL_Driver\Src\stm32f7xx_hal_dma.o
 .text.HAL_DMA_Init
                0x08000928       0xec Drivers\STM32F7xx_HAL_Driver\Src\stm32f7xx_hal_dma.o
                0x08000928                HAL_DMA_Init
 .text.HAL_DMA_Start_IT
                0x08000a14       0x7e Drivers\STM32F7xx_HAL_Driver\Src\stm32f7xx_hal_dma.o
                0x08000a14                HAL_DMA_Start_IT
 .text.HAL_DMA_Abort
                0x08000a92       0x86 Drivers\STM32F7xx_HAL_Driver\Src\stm32f7xx_hal_dma.o
                0x08000a92                HAL_DMA_Abort
 .text.HAL_DMA_Abort_IT
                0x08000b18       0x24 Drivers\STM32F7xx_HAL_Driver\Src\stm32f7xx_hal_dma.o
                0x08000b18                HAL_DMA_Abort_IT
 .text.HAL_DMA_IRQHandler
                0x08000b3c      0x17c Drivers\STM32F7xx_HAL_Driver\Src\stm32f7xx_hal_dma.o
                0x08000b3c                HAL_DMA_IRQHandler
 .text.HAL_GPIO_Init
                0x08000cb8      0x1d8 Drivers\STM32F7xx_HAL_Driver\Src\stm32f7xx_hal_gpio.o
                0x08000cb8                HAL_GPIO_Init
 .text.HAL_GPIO_WritePin
                0x08000e90        0x8 Drivers\STM32F7xx_HAL_Driver\Src\stm32f7xx_hal_gpio.o
                0x08000e90                HAL_GPIO_WritePin
 .text.HAL_GPIO_TogglePin
                0x08000e98        0x8 Drivers\STM32F7xx_HAL_Driver\Src\stm32f7xx_hal_gpio.o
                0x08000e98                HAL_GPIO_TogglePin
 .text.HAL_GPIO_EXTI_IRQHandler
                0x08000ea0       0x18 Drivers\STM32F7xx_HAL_Driver\Src\stm32f7xx_hal_gpio.o
                0x08000ea0                HAL_GPIO_EXTI_IRQHandler
 .text.HAL_RCC_OscConfig
                0x08000eb8      0x338 Drivers\STM32F7xx_HAL_Driver\Src\stm32f7xx_hal_rcc.o
                0x08000eb8                HAL_RCC_OscConfig
 .text.HAL_RCC_GetSysClockFreq
                0x080011f0       0x7c Drivers\STM32F7xx_HAL_Driver\Src\stm32f7xx_hal_rcc.o
                0x080011f0                HAL_RCC_GetSysClockFreq
 .text.HAL_RCC_ClockConfig
                0x0800126c      0x154 Drivers\STM32F7xx_HAL_Driver\Src\stm32f7xx_hal_rcc.o
                0x0800126c                HAL_RCC_ClockConfig
 .text.HAL_RCC_GetHCLKFreq
                0x080013c0        0xc Drivers\STM32F7xx_HAL_Driver\Src\stm32f7xx_hal_rcc.o
                0x080013c0                HAL_RCC_GetHCLKFreq
 .text.HAL_RCC_GetPCLK1Freq
                0x080013cc       0x30 Drivers\STM32F7xx_HAL_Driver\Src\stm32f7xx_hal_rcc.o
                0x080013cc                HAL_RCC_GetPCLK1Freq
 .text.HAL_RCC_GetPCLK2Freq
                0x080013fc       0x30 Drivers\STM32F7xx_HAL_Driver\Src\stm32f7xx_hal_rcc.o
                0x080013fc                HAL_RCC_GetPCLK2Freq
 .text.HAL_RCCEx_PeriphCLKConfig
                0x0800142c      0x74c Drivers\STM32F7xx_HAL_Driver\Src\stm32f7xx_hal_rcc_ex.o
                0x0800142c                HAL_RCCEx_PeriphCLKConfig
 .text.HAL_SPI_Init
                0x08001b78       0xac Drivers\STM32F7xx_HAL_Driver\Src\stm32f7xx_hal_spi.o
                0x08001b78                HAL_SPI_Init
 .text.HAL_SPI_IRQHandler
                0x08001c24       0xe4 Drivers\STM32F7xx_HAL_Driver\Src\stm32f7xx_hal_spi.o
                0x08001c24                HAL_SPI_IRQHandler
 .text.SPI_DMAAbortOnError
                0x08001d08       0x12 Drivers\STM32F7xx_HAL_Driver\Src\stm32f7xx_hal_spi.o
 .text.HAL_TIM_Encoder_Start_IT
                0x08001d1a       0x6e Drivers\STM32F7xx_HAL_Driver\Src\stm32f7xx_hal_tim.o
                0x08001d1a                HAL_TIM_Encoder_Start_IT
 .text.HAL_TIM_PeriodElapsedCallback
                0x08001d88        0x2 Drivers\STM32F7xx_HAL_Driver\Src\stm32f7xx_hal_tim.o
                0x08001d88                HAL_TIM_PeriodElapsedCallback
 .text.HAL_TIM_OC_DelayElapsedCallback
                0x08001d8a        0x2 Drivers\STM32F7xx_HAL_Driver\Src\stm32f7xx_hal_tim.o
                0x08001d8a                HAL_TIM_OC_DelayElapsedCallback
 .text.HAL_TIM_IC_CaptureCallback
                0x08001d8c        0x2 Drivers\STM32F7xx_HAL_Driver\Src\stm32f7xx_hal_tim.o
                0x08001d8c                HAL_TIM_IC_CaptureCallback
 .text.HAL_TIM_PWM_PulseFinishedCallback
                0x08001d8e        0x2 Drivers\STM32F7xx_HAL_Driver\Src\stm32f7xx_hal_tim.o
                0x08001d8e                HAL_TIM_PWM_PulseFinishedCallback
 .text.HAL_TIM_TriggerCallback
                0x08001d90        0x2 Drivers\STM32F7xx_HAL_Driver\Src\stm32f7xx_hal_tim.o
                0x08001d90                HAL_TIM_TriggerCallback
 .text.HAL_TIM_IRQHandler
                0x08001d92      0x15e Drivers\STM32F7xx_HAL_Driver\Src\stm32f7xx_hal_tim.o
                0x08001d92                HAL_TIM_IRQHandler
 .text.TIM_Base_SetConfig
                0x08001ef0       0xc8 Drivers\STM32F7xx_HAL_Driver\Src\stm32f7xx_hal_tim.o
                0x08001ef0                TIM_Base_SetConfig
 .text.HAL_TIM_PWM_Init
                0x08001fb8       0x34 Drivers\STM32F7xx_HAL_Driver\Src\stm32f7xx_hal_tim.o
                0x08001fb8                HAL_TIM_PWM_Init
 .text.HAL_TIM_Encoder_Init
                0x08001fec       0x96 Drivers\STM32F7xx_HAL_Driver\Src\stm32f7xx_hal_tim.o
                0x08001fec                HAL_TIM_Encoder_Init
 *fill*         0x08002082        0x2 
 .text.TIM_OC1_SetConfig
                0x08002084       0x5c Drivers\STM32F7xx_HAL_Driver\Src\stm32f7xx_hal_tim.o
                0x08002084                TIM_OC1_SetConfig
 .text.TIM_OC2_SetConfig
                0x080020e0       0x68 Drivers\STM32F7xx_HAL_Driver\Src\stm32f7xx_hal_tim.o
                0x080020e0                TIM_OC2_SetConfig
 .text.TIM_OC3_SetConfig
                0x08002148       0x64 Drivers\STM32F7xx_HAL_Driver\Src\stm32f7xx_hal_tim.o
                0x08002148                TIM_OC3_SetConfig
 .text.TIM_OC4_SetConfig
                0x080021ac       0x54 Drivers\STM32F7xx_HAL_Driver\Src\stm32f7xx_hal_tim.o
                0x080021ac                TIM_OC4_SetConfig
 .text.TIM_CCxChannelCmd
                0x08002200       0x1a Drivers\STM32F7xx_HAL_Driver\Src\stm32f7xx_hal_tim.o
                0x08002200                TIM_CCxChannelCmd
 *fill*         0x0800221a        0x2 
 .text.HAL_TIM_PWM_Start
                0x0800221c       0x34 Drivers\STM32F7xx_HAL_Driver\Src\stm32f7xx_hal_tim.o
                0x0800221c                HAL_TIM_PWM_Start
 .text.TIM_OC5_SetConfig
                0x08002250       0x50 Drivers\STM32F7xx_HAL_Driver\Src\stm32f7xx_hal_tim_ex.o
 .text.TIM_OC6_SetConfig
                0x080022a0       0x50 Drivers\STM32F7xx_HAL_Driver\Src\stm32f7xx_hal_tim_ex.o
 .text.HAL_TIM_PWM_ConfigChannel
                0x080022f0      0x10a Drivers\STM32F7xx_HAL_Driver\Src\stm32f7xx_hal_tim_ex.o
                0x080022f0                HAL_TIM_PWM_ConfigChannel
 *fill*         0x080023fa        0x2 
 .text.HAL_TIMEx_MasterConfigSynchronization
                0x080023fc       0x4c Drivers\STM32F7xx_HAL_Driver\Src\stm32f7xx_hal_tim_ex.o
                0x080023fc                HAL_TIMEx_MasterConfigSynchronization
 .text.HAL_TIMEx_CommutationCallback
                0x08002448        0x2 Drivers\STM32F7xx_HAL_Driver\Src\stm32f7xx_hal_tim_ex.o
                0x08002448                HAL_TIMEx_CommutationCallback
 .text.HAL_TIMEx_BreakCallback
                0x0800244a        0x2 Drivers\STM32F7xx_HAL_Driver\Src\stm32f7xx_hal_tim_ex.o
                0x0800244a                HAL_TIMEx_BreakCallback
 .text.UART_WaitOnFlagUntilTimeout
                0x0800244c       0x62 Drivers\STM32F7xx_HAL_Driver\Src\stm32f7xx_hal_uart.o
                0x0800244c                UART_WaitOnFlagUntilTimeout
 .text.HAL_UART_Transmit
                0x080024ae       0xb4 Drivers\STM32F7xx_HAL_Driver\Src\stm32f7xx_hal_uart.o
                0x080024ae                HAL_UART_Transmit
 *fill*         0x08002562        0x2 
 .text.UART_SetConfig
                0x08002564      0x268 Drivers\STM32F7xx_HAL_Driver\Src\stm32f7xx_hal_uart.o
                0x08002564                UART_SetConfig
 .text.UART_AdvFeatureConfig
                0x080027cc       0xaa Drivers\STM32F7xx_HAL_Driver\Src\stm32f7xx_hal_uart.o
                0x080027cc                UART_AdvFeatureConfig
 .text.UART_CheckIdleState
                0x08002876       0x68 Drivers\STM32F7xx_HAL_Driver\Src\stm32f7xx_hal_uart.o
                0x08002876                UART_CheckIdleState
 .text.HAL_UART_Init
                0x080028de       0x64 Drivers\STM32F7xx_HAL_Driver\Src\stm32f7xx_hal_uart.o
                0x080028de                HAL_UART_Init
 *fill*         0x08002942        0x2 
 .text.Transmit
                0x08002944       0x20 Src\main.o
                0x08002944                Transmit
 .text.Send_State
                0x08002964       0x6c Src\main.o
                0x08002964                Send_State
 .text.Send_Debug
                0x080029d0       0xfc Src\main.o
                0x080029d0                Send_Debug
 .text.Save_State
                0x08002acc       0x98 Src\main.o
                0x08002acc                Save_State
 .text.HAL_GPIO_EXTI_Callback
                0x08002b64       0x50 Src\main.o
                0x08002b64                HAL_GPIO_EXTI_Callback
 .text.HAL_SPI_ErrorCallback
                0x08002bb4        0x2 Src\main.o
                0x08002bb4                HAL_SPI_ErrorCallback
 *fill*         0x08002bb6        0x2 
 .text.Error_Handler
                0x08002bb8       0x24 Src\main.o
                0x08002bb8                Error_Handler
 .text.Start_IR
                0x08002bdc       0x28 Src\main.o
                0x08002bdc                Start_IR
 .text.Get_IR   0x08002c04      0x128 Src\main.o
                0x08002c04                Get_IR
 .text.Stop_IR  0x08002d2c       0x20 Src\main.o
                0x08002d2c                Stop_IR
 .text.HAL_ADC_ConvCpltCallback
                0x08002d4c       0x38 Src\main.o
                0x08002d4c                HAL_ADC_ConvCpltCallback
 .text.Set_Left
                0x08002d84       0x50 Src\main.o
                0x08002d84                Set_Left
 .text.Set_Right
                0x08002dd4       0x50 Src\main.o
                0x08002dd4                Set_Right
 .text.Stop_Motor
                0x08002e24       0x40 Src\main.o
                0x08002e24                Stop_Motor
 .text.SystemClock_Config
                0x08002e64       0xa4 Src\main.o
                0x08002e64                SystemClock_Config
 .text.startup.main
                0x08002f08      0x734 Src\main.o
                0x08002f08                main
 .text.HAL_MspInit
                0x0800363c       0x60 Src\stm32f7xx_hal_msp.o
                0x0800363c                HAL_MspInit
 .text.HAL_ADC_MspInit
                0x0800369c       0xc0 Src\stm32f7xx_hal_msp.o
                0x0800369c                HAL_ADC_MspInit
 .text.HAL_SPI_MspInit
                0x0800375c       0x5c Src\stm32f7xx_hal_msp.o
                0x0800375c                HAL_SPI_MspInit
 .text.HAL_TIM_Encoder_MspInit
                0x080037b8       0xc0 Src\stm32f7xx_hal_msp.o
                0x080037b8                HAL_TIM_Encoder_MspInit
 .text.HAL_TIM_PWM_MspInit
                0x08003878       0x68 Src\stm32f7xx_hal_msp.o
                0x08003878                HAL_TIM_PWM_MspInit
 .text.HAL_TIM_MspPostInit
                0x080038e0       0x94 Src\stm32f7xx_hal_msp.o
                0x080038e0                HAL_TIM_MspPostInit
 .text.HAL_UART_MspInit
                0x08003974       0x4c Src\stm32f7xx_hal_msp.o
                0x08003974                HAL_UART_MspInit
 .text.NMI_Handler
                0x080039c0        0x2 Src\stm32f7xx_it.o
                0x080039c0                NMI_Handler
 .text.HardFault_Handler
                0x080039c2        0x2 Src\stm32f7xx_it.o
                0x080039c2                HardFault_Handler
 .text.MemManage_Handler
                0x080039c4        0x2 Src\stm32f7xx_it.o
                0x080039c4                MemManage_Handler
 .text.BusFault_Handler
                0x080039c6        0x2 Src\stm32f7xx_it.o
                0x080039c6                BusFault_Handler
 .text.UsageFault_Handler
                0x080039c8        0x2 Src\stm32f7xx_it.o
                0x080039c8                UsageFault_Handler
 .text.SVC_Handler
                0x080039ca        0x2 Src\stm32f7xx_it.o
                0x080039ca                SVC_Handler
 .text.DebugMon_Handler
                0x080039cc        0x2 Src\stm32f7xx_it.o
                0x080039cc                DebugMon_Handler
 .text.PendSV_Handler
                0x080039ce        0x2 Src\stm32f7xx_it.o
                0x080039ce                PendSV_Handler
 .text.SysTick_Handler
                0x080039d0        0xe Src\stm32f7xx_it.o
                0x080039d0                SysTick_Handler
 .text.EXTI15_10_IRQHandler
                0x080039de        0x8 Src\stm32f7xx_it.o
                0x080039de                EXTI15_10_IRQHandler
 .text.EXTI9_5_IRQHandler
                0x080039e6        0x6 Src\stm32f7xx_it.o
                0x080039e6                EXTI9_5_IRQHandler
 .text.DMA2_Stream0_IRQHandler
                0x080039ec        0xc Src\stm32f7xx_it.o
                0x080039ec                DMA2_Stream0_IRQHandler
 .text.SPI1_IRQHandler
                0x080039f8        0xc Src\stm32f7xx_it.o
                0x080039f8                SPI1_IRQHandler
 .text.TIM1_CC_IRQHandler
                0x08003a04        0xc Src\stm32f7xx_it.o
                0x08003a04                TIM1_CC_IRQHandler
 .text.TIM4_IRQHandler
                0x08003a10        0xc Src\stm32f7xx_it.o
                0x08003a10                TIM4_IRQHandler
 .text.SystemInit
                0x08003a1c       0x4c Src\system_stm32f7xx.o
                0x08003a1c                SystemInit
 .text.__libc_init_array
                0x08003a68       0x4c c:/program files (x86)/atollic/truestudio for arm 7.1.0/armtools/bin/../lib/gcc/arm-atollic-eabi/5.3.1/../../../../arm-atollic-eabi/lib/armv7e-m/fpu/fpv5-sp-d16\libc_nano.a(lib_a-init.o)
                0x08003a68                __libc_init_array
 .text.sprintf  0x08003ab4       0x48 c:/program files (x86)/atollic/truestudio for arm 7.1.0/armtools/bin/../lib/gcc/arm-atollic-eabi/5.3.1/../../../../arm-atollic-eabi/lib/armv7e-m/fpu/fpv5-sp-d16\libc_nano.a(lib_a-sprintf.o)
                0x08003ab4                siprintf
                0x08003ab4                sprintf
 .text.__ssputs_r
                0x08003afc       0xb2 c:/program files (x86)/atollic/truestudio for arm 7.1.0/armtools/bin/../lib/gcc/arm-atollic-eabi/5.3.1/../../../../arm-atollic-eabi/lib/armv7e-m/fpu/fpv5-sp-d16\libc_nano.a(lib_a-nano-svfprintf.o)
                0x08003afc                __ssputs_r
 *fill*         0x08003bae        0x2 
 .text._svfprintf_r
                0x08003bb0      0x1e8 c:/program files (x86)/atollic/truestudio for arm 7.1.0/armtools/bin/../lib/gcc/arm-atollic-eabi/5.3.1/../../../../arm-atollic-eabi/lib/armv7e-m/fpu/fpv5-sp-d16\libc_nano.a(lib_a-nano-svfprintf.o)
                0x08003bb0                _svfiprintf_r
                0x08003bb0                _svfprintf_r
 .text._printf_common
                0x08003d98       0xec c:/program files (x86)/atollic/truestudio for arm 7.1.0/armtools/bin/../lib/gcc/arm-atollic-eabi/5.3.1/../../../../arm-atollic-eabi/lib/armv7e-m/fpu/fpv5-sp-d16\libc_nano.a(lib_a-nano-vfprintf_i.o)
                0x08003d98                _printf_common
 .text._printf_i
                0x08003e84      0x24c c:/program files (x86)/atollic/truestudio for arm 7.1.0/armtools/bin/../lib/gcc/arm-atollic-eabi/5.3.1/../../../../arm-atollic-eabi/lib/armv7e-m/fpu/fpv5-sp-d16\libc_nano.a(lib_a-nano-vfprintf_i.o)
                0x08003e84                _printf_i
 .text.memcpy   0x080040d0       0x16 c:/program files (x86)/atollic/truestudio for arm 7.1.0/armtools/bin/../lib/gcc/arm-atollic-eabi/5.3.1/../../../../arm-atollic-eabi/lib/armv7e-m/fpu/fpv5-sp-d16\libc_nano.a(lib_a-memcpy-stub.o)
                0x080040d0                memcpy
 .text.memmove  0x080040e6       0x36 c:/program files (x86)/atollic/truestudio for arm 7.1.0/armtools/bin/../lib/gcc/arm-atollic-eabi/5.3.1/../../../../arm-atollic-eabi/lib/armv7e-m/fpu/fpv5-sp-d16\libc_nano.a(lib_a-memmove.o)
                0x080040e6                memmove
 .text._free_r  0x0800411c       0x9c c:/program files (x86)/atollic/truestudio for arm 7.1.0/armtools/bin/../lib/gcc/arm-atollic-eabi/5.3.1/../../../../arm-atollic-eabi/lib/armv7e-m/fpu/fpv5-sp-d16\libc_nano.a(lib_a-nano-freer.o)
                0x0800411c                _free_r
 .text._malloc_r
                0x080041b8       0xbc c:/program files (x86)/atollic/truestudio for arm 7.1.0/armtools/bin/../lib/gcc/arm-atollic-eabi/5.3.1/../../../../arm-atollic-eabi/lib/armv7e-m/fpu/fpv5-sp-d16\libc_nano.a(lib_a-nano-mallocr.o)
                0x080041b8                _malloc_r
 .text._realloc_r
                0x08004274       0x4c c:/program files (x86)/atollic/truestudio for arm 7.1.0/armtools/bin/../lib/gcc/arm-atollic-eabi/5.3.1/../../../../arm-atollic-eabi/lib/armv7e-m/fpu/fpv5-sp-d16\libc_nano.a(lib_a-nano-reallocr.o)
                0x08004274                _realloc_r
 .text._sbrk_r  0x080042c0       0x20 c:/program files (x86)/atollic/truestudio for arm 7.1.0/armtools/bin/../lib/gcc/arm-atollic-eabi/5.3.1/../../../../arm-atollic-eabi/lib/armv7e-m/fpu/fpv5-sp-d16\libc_nano.a(lib_a-sbrkr.o)
                0x080042c0                _sbrk_r
 .text.__malloc_lock
                0x080042e0        0x2 c:/program files (x86)/atollic/truestudio for arm 7.1.0/armtools/bin/../lib/gcc/arm-atollic-eabi/5.3.1/../../../../arm-atollic-eabi/lib/armv7e-m/fpu/fpv5-sp-d16\libc_nano.a(lib_a-mlock.o)
                0x080042e0                __malloc_lock
 .text.__malloc_unlock
                0x080042e2        0x2 c:/program files (x86)/atollic/truestudio for arm 7.1.0/armtools/bin/../lib/gcc/arm-atollic-eabi/5.3.1/../../../../arm-atollic-eabi/lib/armv7e-m/fpu/fpv5-sp-d16\libc_nano.a(lib_a-mlock.o)
                0x080042e2                __malloc_unlock
 .text._malloc_usable_size_r
                0x080042e4       0x14 c:/program files (x86)/atollic/truestudio for arm 7.1.0/armtools/bin/../lib/gcc/arm-atollic-eabi/5.3.1/../../../../arm-atollic-eabi/lib/armv7e-m/fpu/fpv5-sp-d16\libc_nano.a(lib_a-nano-msizer.o)
                0x080042e4                _malloc_usable_size_r
 .text._sbrk    0x080042f8       0x1c c:/program files (x86)/atollic/truestudio for arm 7.1.0/armtools/bin/../lib/gcc/arm-atollic-eabi/5.3.1/../../../../arm-atollic-eabi/lib/armv7e-m/fpu/fpv5-sp-d16\libnosys.a(sbrk.o)
                0x080042f8                _sbrk
 *(.glue_7)
 .glue_7        0x08004314        0x0 linker stubs
 *(.glue_7t)
 .glue_7t       0x08004314        0x0 linker stubs
 *(.eh_frame)
 .eh_frame      0x08004314        0x0 c:/program files (x86)/atollic/truestudio for arm 7.1.0/armtools/bin/../lib/gcc/arm-atollic-eabi/5.3.1/armv7e-m/fpu/fpv5-sp-d16/crtbegin.o
 *(.init)
 .init          0x08004314        0x4 c:/program files (x86)/atollic/truestudio for arm 7.1.0/armtools/bin/../lib/gcc/arm-atollic-eabi/5.3.1/armv7e-m/fpu/fpv5-sp-d16/crti.o
                0x08004314                _init
 .init          0x08004318        0x8 c:/program files (x86)/atollic/truestudio for arm 7.1.0/armtools/bin/../lib/gcc/arm-atollic-eabi/5.3.1/armv7e-m/fpu/fpv5-sp-d16/crtn.o
 *(.fini)
 .fini          0x08004320        0x4 c:/program files (x86)/atollic/truestudio for arm 7.1.0/armtools/bin/../lib/gcc/arm-atollic-eabi/5.3.1/armv7e-m/fpu/fpv5-sp-d16/crti.o
                0x08004320                _fini
 .fini          0x08004324        0x8 c:/program files (x86)/atollic/truestudio for arm 7.1.0/armtools/bin/../lib/gcc/arm-atollic-eabi/5.3.1/armv7e-m/fpu/fpv5-sp-d16/crtn.o
                0x0800432c                . = ALIGN (0x4)
                0x0800432c                _etext = .

.vfp11_veneer   0x0800432c        0x0
 .vfp11_veneer  0x0800432c        0x0 linker stubs

.v4_bx          0x0800432c        0x0
 .v4_bx         0x0800432c        0x0 linker stubs

.iplt           0x0800432c        0x0
 .iplt          0x0800432c        0x0 c:/program files (x86)/atollic/truestudio for arm 7.1.0/armtools/bin/../lib/gcc/arm-atollic-eabi/5.3.1/armv7e-m/fpu/fpv5-sp-d16/crtbegin.o

.rodata         0x0800432c      0x298
                0x0800432c                . = ALIGN (0x4)
 *(.rodata)
 *(.rodata*)
 .rodata.flagBitshiftOffset.8584
                0x0800432c        0x8 Drivers\STM32F7xx_HAL_Driver\Src\stm32f7xx_hal_dma.o
 .rodata.CSWTCH.39
                0x08004334        0x4 Drivers\STM32F7xx_HAL_Driver\Src\stm32f7xx_hal_uart.o
 .rodata.CSWTCH.40
                0x08004338        0xd Drivers\STM32F7xx_HAL_Driver\Src\stm32f7xx_hal_uart.o
 .rodata.str1.1
                0x08004345      0x22f Src\main.o
 .rodata.AHBPrescTable
                0x08004574       0x10 Src\system_stm32f7xx.o
                0x08004574                AHBPrescTable
 .rodata.APBPrescTable
                0x08004584        0x8 Src\system_stm32f7xx.o
                0x08004584                APBPrescTable
 .rodata.str1.1
                0x0800458c        0x2 c:/program files (x86)/atollic/truestudio for arm 7.1.0/armtools/bin/../lib/gcc/arm-atollic-eabi/5.3.1/../../../../arm-atollic-eabi/lib/armv7e-m/fpu/fpv5-sp-d16\libc_nano.a(lib_a-impure.o)
 .rodata.str1.1
                0x0800458e       0x11 c:/program files (x86)/atollic/truestudio for arm 7.1.0/armtools/bin/../lib/gcc/arm-atollic-eabi/5.3.1/../../../../arm-atollic-eabi/lib/armv7e-m/fpu/fpv5-sp-d16\libc_nano.a(lib_a-nano-svfprintf.o)
 .rodata.str1.1
                0x0800459f       0x22 c:/program files (x86)/atollic/truestudio for arm 7.1.0/armtools/bin/../lib/gcc/arm-atollic-eabi/5.3.1/../../../../arm-atollic-eabi/lib/armv7e-m/fpu/fpv5-sp-d16\libc_nano.a(lib_a-nano-vfprintf_i.o)
                0x080045c4                . = ALIGN (0x4)
 *fill*         0x080045c1        0x3 

.rel.dyn        0x080045c4        0x0
 .rel.iplt      0x080045c4        0x0 c:/program files (x86)/atollic/truestudio for arm 7.1.0/armtools/bin/../lib/gcc/arm-atollic-eabi/5.3.1/armv7e-m/fpu/fpv5-sp-d16/crtbegin.o

.ARM.extab
 *(.ARM.extab* .gnu.linkonce.armextab.*)

.ARM            0x080045c4        0x0
                0x080045c4                __exidx_start = .
 *(.ARM.exidx*)
                0x080045c4                __exidx_end = .

.preinit_array  0x080045c4        0x0
                0x080045c4                PROVIDE (__preinit_array_start, .)
 *(.preinit_array*)
                0x080045c4                PROVIDE (__preinit_array_end, .)

.init_array     0x080045c4        0x4
                0x080045c4                PROVIDE (__init_array_start, .)
 *(SORT(.init_array.*))
 *(.init_array*)
 .init_array    0x080045c4        0x4 c:/program files (x86)/atollic/truestudio for arm 7.1.0/armtools/bin/../lib/gcc/arm-atollic-eabi/5.3.1/armv7e-m/fpu/fpv5-sp-d16/crtbegin.o
                0x080045c8                PROVIDE (__init_array_end, .)

.fini_array     0x080045c8        0x4
                [!provide]                PROVIDE (__fini_array_start, .)
 *(SORT(.fini_array.*))
 *(.fini_array*)
 .fini_array    0x080045c8        0x4 c:/program files (x86)/atollic/truestudio for arm 7.1.0/armtools/bin/../lib/gcc/arm-atollic-eabi/5.3.1/armv7e-m/fpu/fpv5-sp-d16/crtbegin.o
                [!provide]                PROVIDE (__fini_array_end, .)
                0x080045cc                _sidata = LOADADDR (.data)

.data           0x20000000       0x68 load address 0x080045cc
                0x20000000                . = ALIGN (0x4)
                0x20000000                _sdata = .
 *(.data)
 *(.data*)
 .data.SystemCoreClock
                0x20000000        0x4 Src\system_stm32f7xx.o
                0x20000000                SystemCoreClock
 .data.impure_data
                0x20000004       0x60 c:/program files (x86)/atollic/truestudio for arm 7.1.0/armtools/bin/../lib/gcc/arm-atollic-eabi/5.3.1/../../../../arm-atollic-eabi/lib/armv7e-m/fpu/fpv5-sp-d16\libc_nano.a(lib_a-impure.o)
 .data._impure_ptr
                0x20000064        0x4 c:/program files (x86)/atollic/truestudio for arm 7.1.0/armtools/bin/../lib/gcc/arm-atollic-eabi/5.3.1/../../../../arm-atollic-eabi/lib/armv7e-m/fpu/fpv5-sp-d16\libc_nano.a(lib_a-impure.o)
                0x20000064                _impure_ptr
                0x20000068                . = ALIGN (0x4)
                0x20000068                _edata = .

.igot.plt       0x20000068        0x0 load address 0x08004634
 .igot.plt      0x20000068        0x0 c:/program files (x86)/atollic/truestudio for arm 7.1.0/armtools/bin/../lib/gcc/arm-atollic-eabi/5.3.1/armv7e-m/fpu/fpv5-sp-d16/crtbegin.o
                0x20000068                . = ALIGN (0x4)

.bss            0x20000068      0x638 load address 0x08004634
                0x20000068                _sbss = .
                0x20000068                __bss_start__ = _sbss
 *(.bss)
 .bss           0x20000068       0x1c c:/program files (x86)/atollic/truestudio for arm 7.1.0/armtools/bin/../lib/gcc/arm-atollic-eabi/5.3.1/armv7e-m/fpu/fpv5-sp-d16/crtbegin.o
 *(.bss*)
 .bss.dbg_count
                0x20000084        0x4 Src\main.o
                0x20000084                dbg_count
 .bss.off_lf    0x20000088        0x4 Src\main.o
                0x20000088                off_lf
 .bss.r_count   0x2000008c        0x4 Src\main.o
                0x2000008c                r_count
 .bss.on_l      0x20000090        0x4 Src\main.o
                0x20000090                on_l
 .bss.lf_debug  0x20000094       0x14 Src\main.o
 .bss.m_correction
                0x200000a8        0x4 Src\main.o
                0x200000a8                m_correction
 .bss.lf        0x200000ac        0x4 Src\main.o
                0x200000ac                lf
 .bss.l_count   0x200000b0        0x4 Src\main.o
                0x200000b0                l_count
 .bss.cur_dir   0x200000b4        0x4 Src\main.o
                0x200000b4                cur_dir
 .bss.on_r      0x200000b8        0x4 Src\main.o
                0x200000b8                on_r
 .bss.l         0x200000bc        0x4 Src\main.o
                0x200000bc                l
 .bss.rf_debug  0x200000c0       0x14 Src\main.o
 .bss.rf        0x200000d4        0x4 Src\main.o
                0x200000d4                rf
 .bss.adc_conv  0x200000d8        0x4 Src\main.o
                0x200000d8                adc_conv
 .bss.w_turnflag
                0x200000dc        0x4 Src\main.o
                0x200000dc                w_turnflag
 .bss.on_rf     0x200000e0        0x4 Src\main.o
                0x200000e0                on_rf
 .bss.off_l     0x200000e4        0x4 Src\main.o
                0x200000e4                off_l
 .bss.off_rf    0x200000e8        0x4 Src\main.o
                0x200000e8                off_rf
 .bss.r         0x200000ec        0x4 Src\main.o
                0x200000ec                r
 .bss.l_debug   0x200000f0       0x14 Src\main.o
 .bss.HAL_state
                0x20000104        0x4 Src\main.o
                0x20000104                HAL_state
 .bss.off_r     0x20000108        0x4 Src\main.o
                0x20000108                off_r
 .bss.e_turnflag
                0x2000010c        0x4 Src\main.o
                0x2000010c                e_turnflag
 .bss.turn_debug
                0x20000110       0x14 Src\main.o
 .bss.on_lf     0x20000124        0x4 Src\main.o
                0x20000124                on_lf
 .bss.r_debug   0x20000128       0x14 Src\main.o
 .bss.next_dir  0x2000013c        0x4 Src\main.o
                0x2000013c                next_dir
 .bss.debug_flag
                0x20000140        0x4 Src\main.o
                0x20000140                debug_flag
 .bss.stop_flag
                0x20000144        0x4 Src\main.o
                0x20000144                stop_flag
 .bss.hdma_adc.8473
                0x20000148       0x60 Src\stm32f7xx_hal_msp.o
 .bss.__malloc_sbrk_start
                0x200001a8        0x4 c:/program files (x86)/atollic/truestudio for arm 7.1.0/armtools/bin/../lib/gcc/arm-atollic-eabi/5.3.1/../../../../arm-atollic-eabi/lib/armv7e-m/fpu/fpv5-sp-d16\libc_nano.a(lib_a-nano-mallocr.o)
                0x200001a8                __malloc_sbrk_start
 .bss.__malloc_free_list
                0x200001ac        0x4 c:/program files (x86)/atollic/truestudio for arm 7.1.0/armtools/bin/../lib/gcc/arm-atollic-eabi/5.3.1/../../../../arm-atollic-eabi/lib/armv7e-m/fpu/fpv5-sp-d16\libc_nano.a(lib_a-nano-mallocr.o)
                0x200001ac                __malloc_free_list
 .bss.heap_end.4169
                0x200001b0        0x4 c:/program files (x86)/atollic/truestudio for arm 7.1.0/armtools/bin/../lib/gcc/arm-atollic-eabi/5.3.1/../../../../arm-atollic-eabi/lib/armv7e-m/fpu/fpv5-sp-d16\libnosys.a(sbrk.o)
 *(COMMON)
 COMMON         0x200001b4        0x4 Drivers\STM32F7xx_HAL_Driver\Src\stm32f7xx_hal.o
                0x200001b4                uwTick
 COMMON         0x200001b8      0x4e4 Src\main.o
                0x200001b8                prev_r_count
                0x200001bc                prev_l_count
                0x200001c0                htim4
                0x200001fc                maze
                0x20000244                rx_buffer
                0x2000030c                tx_buffer
                0x200003d4                hadc1
                0x2000041c                huart1
                0x2000048c                ADC_valbuffer
                0x2000050c                htim1
                0x20000548                htim9
                0x20000584                aRxBuffer
                0x200005fc                hspi1
                0x20000660                htim2
 COMMON         0x2000069c        0x4 c:/program files (x86)/atollic/truestudio for arm 7.1.0/armtools/bin/../lib/gcc/arm-atollic-eabi/5.3.1/../../../../arm-atollic-eabi/lib/armv7e-m/fpu/fpv5-sp-d16\libc_nano.a(lib_a-reent.o)
                0x2000069c                errno
                0x200006a0                . = ALIGN (0x4)
                0x200006a0                _ebss = .
                0x200006a0                __bss_end__ = _ebss

._user_heap_stack
                0x200006a0      0x600 load address 0x08004634
                0x200006a0                . = ALIGN (0x4)
                0x200006a0                PROVIDE (end, .)
                [!provide]                PROVIDE (_end, .)
                0x200008a0                . = (. + _Min_Heap_Size)
 *fill*         0x200006a0      0x200 
                0x20000ca0                . = (. + _Min_Stack_Size)
 *fill*         0x200008a0      0x400 
                0x20000ca0                . = ALIGN (0x4)

/DISCARD/
 libc.a(*)
 libm.a(*)
 libgcc.a(*)

.ARM.attributes
                0x00000000       0x30
 *(.ARM.attributes)
 .ARM.attributes
                0x00000000       0x22 c:/program files (x86)/atollic/truestudio for arm 7.1.0/armtools/bin/../lib/gcc/arm-atollic-eabi/5.3.1/armv7e-m/fpu/fpv5-sp-d16/crti.o
 .ARM.attributes
                0x00000022       0x34 c:/program files (x86)/atollic/truestudio for arm 7.1.0/armtools/bin/../lib/gcc/arm-atollic-eabi/5.3.1/armv7e-m/fpu/fpv5-sp-d16/crtbegin.o
 .ARM.attributes
                0x00000056       0x21 Drivers\CMSIS\Device\ST\STM32F7xx\Source\Templates\gcc\startup_stm32f746xx.o
 .ARM.attributes
                0x00000077       0x39 Drivers\STM32F7xx_HAL_Driver\Src\stm32f7xx_hal.o
 .ARM.attributes
                0x000000b0       0x39 Drivers\STM32F7xx_HAL_Driver\Src\stm32f7xx_hal_adc.o
 .ARM.attributes
                0x000000e9       0x39 Drivers\STM32F7xx_HAL_Driver\Src\stm32f7xx_hal_cortex.o
 .ARM.attributes
                0x00000122       0x39 Drivers\STM32F7xx_HAL_Driver\Src\stm32f7xx_hal_dma.o
 .ARM.attributes
                0x0000015b       0x39 Drivers\STM32F7xx_HAL_Driver\Src\stm32f7xx_hal_gpio.o
 .ARM.attributes
                0x00000194       0x39 Drivers\STM32F7xx_HAL_Driver\Src\stm32f7xx_hal_rcc.o
 .ARM.attributes
                0x000001cd       0x39 Drivers\STM32F7xx_HAL_Driver\Src\stm32f7xx_hal_rcc_ex.o
 .ARM.attributes
                0x00000206       0x39 Drivers\STM32F7xx_HAL_Driver\Src\stm32f7xx_hal_spi.o
 .ARM.attributes
                0x0000023f       0x39 Drivers\STM32F7xx_HAL_Driver\Src\stm32f7xx_hal_tim.o
 .ARM.attributes
                0x00000278       0x39 Drivers\STM32F7xx_HAL_Driver\Src\stm32f7xx_hal_tim_ex.o
 .ARM.attributes
                0x000002b1       0x39 Drivers\STM32F7xx_HAL_Driver\Src\stm32f7xx_hal_uart.o
 .ARM.attributes
                0x000002ea       0x39 Src\main.o
 .ARM.attributes
                0x00000323       0x39 Src\stm32f7xx_hal_msp.o
 .ARM.attributes
                0x0000035c       0x39 Src\stm32f7xx_it.o
 .ARM.attributes
                0x00000395       0x39 Src\system_stm32f7xx.o
 .ARM.attributes
                0x000003ce       0x34 c:/program files (x86)/atollic/truestudio for arm 7.1.0/armtools/bin/../lib/gcc/arm-atollic-eabi/5.3.1/../../../../arm-atollic-eabi/lib/armv7e-m/fpu/fpv5-sp-d16\libc_nano.a(lib_a-init.o)
 .ARM.attributes
                0x00000402       0x34 c:/program files (x86)/atollic/truestudio for arm 7.1.0/armtools/bin/../lib/gcc/arm-atollic-eabi/5.3.1/../../../../arm-atollic-eabi/lib/armv7e-m/fpu/fpv5-sp-d16\libc_nano.a(lib_a-sprintf.o)
 .ARM.attributes
                0x00000436       0x1b c:/program files (x86)/atollic/truestudio for arm 7.1.0/armtools/bin/../lib/gcc/arm-atollic-eabi/5.3.1/../../../../arm-atollic-eabi/lib/armv7e-m/fpu/fpv5-sp-d16\libc_nano.a(lib_a-strlen.o)
 .ARM.attributes
                0x00000451       0x34 c:/program files (x86)/atollic/truestudio for arm 7.1.0/armtools/bin/../lib/gcc/arm-atollic-eabi/5.3.1/../../../../arm-atollic-eabi/lib/armv7e-m/fpu/fpv5-sp-d16\libc_nano.a(lib_a-impure.o)
 .ARM.attributes
                0x00000485       0x34 c:/program files (x86)/atollic/truestudio for arm 7.1.0/armtools/bin/../lib/gcc/arm-atollic-eabi/5.3.1/../../../../arm-atollic-eabi/lib/armv7e-m/fpu/fpv5-sp-d16\libc_nano.a(lib_a-nano-svfprintf.o)
 .ARM.attributes
                0x000004b9       0x34 c:/program files (x86)/atollic/truestudio for arm 7.1.0/armtools/bin/../lib/gcc/arm-atollic-eabi/5.3.1/../../../../arm-atollic-eabi/lib/armv7e-m/fpu/fpv5-sp-d16\libc_nano.a(lib_a-nano-vfprintf_i.o)
 .ARM.attributes
                0x000004ed       0x20 c:/program files (x86)/atollic/truestudio for arm 7.1.0/armtools/bin/../lib/gcc/arm-atollic-eabi/5.3.1/../../../../arm-atollic-eabi/lib/armv7e-m/fpu/fpv5-sp-d16\libc_nano.a(lib_a-memchr.o)
 .ARM.attributes
                0x0000050d       0x34 c:/program files (x86)/atollic/truestudio for arm 7.1.0/armtools/bin/../lib/gcc/arm-atollic-eabi/5.3.1/../../../../arm-atollic-eabi/lib/armv7e-m/fpu/fpv5-sp-d16\libc_nano.a(lib_a-memcpy-stub.o)
 .ARM.attributes
                0x00000541       0x34 c:/program files (x86)/atollic/truestudio for arm 7.1.0/armtools/bin/../lib/gcc/arm-atollic-eabi/5.3.1/../../../../arm-atollic-eabi/lib/armv7e-m/fpu/fpv5-sp-d16\libc_nano.a(lib_a-memmove.o)
 .ARM.attributes
                0x00000575       0x34 c:/program files (x86)/atollic/truestudio for arm 7.1.0/armtools/bin/../lib/gcc/arm-atollic-eabi/5.3.1/../../../../arm-atollic-eabi/lib/armv7e-m/fpu/fpv5-sp-d16\libc_nano.a(lib_a-nano-freer.o)
 .ARM.attributes
                0x000005a9       0x34 c:/program files (x86)/atollic/truestudio for arm 7.1.0/armtools/bin/../lib/gcc/arm-atollic-eabi/5.3.1/../../../../arm-atollic-eabi/lib/armv7e-m/fpu/fpv5-sp-d16\libc_nano.a(lib_a-nano-mallocr.o)
 .ARM.attributes
                0x000005dd       0x34 c:/program files (x86)/atollic/truestudio for arm 7.1.0/armtools/bin/../lib/gcc/arm-atollic-eabi/5.3.1/../../../../arm-atollic-eabi/lib/armv7e-m/fpu/fpv5-sp-d16\libc_nano.a(lib_a-nano-reallocr.o)
 .ARM.attributes
                0x00000611       0x34 c:/program files (x86)/atollic/truestudio for arm 7.1.0/armtools/bin/../lib/gcc/arm-atollic-eabi/5.3.1/../../../../arm-atollic-eabi/lib/armv7e-m/fpu/fpv5-sp-d16\libc_nano.a(lib_a-sbrkr.o)
 .ARM.attributes
                0x00000645       0x34 c:/program files (x86)/atollic/truestudio for arm 7.1.0/armtools/bin/../lib/gcc/arm-atollic-eabi/5.3.1/../../../../arm-atollic-eabi/lib/armv7e-m/fpu/fpv5-sp-d16\libc_nano.a(lib_a-mlock.o)
 .ARM.attributes
                0x00000679       0x34 c:/program files (x86)/atollic/truestudio for arm 7.1.0/armtools/bin/../lib/gcc/arm-atollic-eabi/5.3.1/../../../../arm-atollic-eabi/lib/armv7e-m/fpu/fpv5-sp-d16\libc_nano.a(lib_a-nano-msizer.o)
 .ARM.attributes
                0x000006ad       0x34 c:/program files (x86)/atollic/truestudio for arm 7.1.0/armtools/bin/../lib/gcc/arm-atollic-eabi/5.3.1/../../../../arm-atollic-eabi/lib/armv7e-m/fpu/fpv5-sp-d16\libc_nano.a(lib_a-reent.o)
 .ARM.attributes
                0x000006e1       0x34 c:/program files (x86)/atollic/truestudio for arm 7.1.0/armtools/bin/../lib/gcc/arm-atollic-eabi/5.3.1/../../../../arm-atollic-eabi/lib/armv7e-m/fpu/fpv5-sp-d16\libnosys.a(sbrk.o)
 .ARM.attributes
                0x00000715       0x22 c:/program files (x86)/atollic/truestudio for arm 7.1.0/armtools/bin/../lib/gcc/arm-atollic-eabi/5.3.1/armv7e-m/fpu/fpv5-sp-d16/crtn.o
OUTPUT(mm747.elf elf32-littlearm)

.debug_line     0x00000000     0x66c3
 .debug_line    0x00000000       0xae Drivers\CMSIS\Device\ST\STM32F7xx\Source\Templates\gcc\startup_stm32f746xx.o
 .debug_line    0x000000ae      0x39a Drivers\STM32F7xx_HAL_Driver\Src\stm32f7xx_hal.o
 .debug_line    0x00000448      0x6dc Drivers\STM32F7xx_HAL_Driver\Src\stm32f7xx_hal_adc.o
 .debug_line    0x00000b24      0x430 Drivers\STM32F7xx_HAL_Driver\Src\stm32f7xx_hal_cortex.o
 .debug_line    0x00000f54      0x539 Drivers\STM32F7xx_HAL_Driver\Src\stm32f7xx_hal_dma.o
 .debug_line    0x0000148d      0x3f3 Drivers\STM32F7xx_HAL_Driver\Src\stm32f7xx_hal_gpio.o
 .debug_line    0x00001880      0x62b Drivers\STM32F7xx_HAL_Driver\Src\stm32f7xx_hal_rcc.o
 .debug_line    0x00001eab      0x64e Drivers\STM32F7xx_HAL_Driver\Src\stm32f7xx_hal_rcc_ex.o
 .debug_line    0x000024f9      0xc02 Drivers\STM32F7xx_HAL_Driver\Src\stm32f7xx_hal_spi.o
 .debug_line    0x000030fb     0x116a Drivers\STM32F7xx_HAL_Driver\Src\stm32f7xx_hal_tim.o
 .debug_line    0x00004265      0x808 Drivers\STM32F7xx_HAL_Driver\Src\stm32f7xx_hal_tim_ex.o
 .debug_line    0x00004a6d      0xb41 Drivers\STM32F7xx_HAL_Driver\Src\stm32f7xx_hal_uart.o
 .debug_line    0x000055ae      0x802 Src\main.o
 .debug_line    0x00005db0      0x433 Src\stm32f7xx_hal_msp.o
 .debug_line    0x000061e3      0x322 Src\stm32f7xx_it.o
 .debug_line    0x00006505      0x1be Src\system_stm32f7xx.o

.debug_info     0x00000000    0x1264c
 .debug_info    0x00000000       0xa5 Drivers\CMSIS\Device\ST\STM32F7xx\Source\Templates\gcc\startup_stm32f746xx.o
 .debug_info    0x000000a5      0x8e3 Drivers\STM32F7xx_HAL_Driver\Src\stm32f7xx_hal.o
 .debug_info    0x00000988      0xcbe Drivers\STM32F7xx_HAL_Driver\Src\stm32f7xx_hal_adc.o
 .debug_info    0x00001646     0x111d Drivers\STM32F7xx_HAL_Driver\Src\stm32f7xx_hal_cortex.o
 .debug_info    0x00002763      0xa28 Drivers\STM32F7xx_HAL_Driver\Src\stm32f7xx_hal_dma.o
 .debug_info    0x0000318b      0x754 Drivers\STM32F7xx_HAL_Driver\Src\stm32f7xx_hal_gpio.o
 .debug_info    0x000038df      0xccf Drivers\STM32F7xx_HAL_Driver\Src\stm32f7xx_hal_rcc.o
 .debug_info    0x000045ae      0xf68 Drivers\STM32F7xx_HAL_Driver\Src\stm32f7xx_hal_rcc_ex.o
 .debug_info    0x00005516     0x1ea5 Drivers\STM32F7xx_HAL_Driver\Src\stm32f7xx_hal_spi.o
 .debug_info    0x000073bb     0x2d3d Drivers\STM32F7xx_HAL_Driver\Src\stm32f7xx_hal_tim.o
 .debug_info    0x0000a0f8     0x131a Drivers\STM32F7xx_HAL_Driver\Src\stm32f7xx_hal_tim_ex.o
 .debug_info    0x0000b412     0x17be Drivers\STM32F7xx_HAL_Driver\Src\stm32f7xx_hal_uart.o
 .debug_info    0x0000cbd0     0x2e98 Src\main.o
 .debug_info    0x0000fa68     0x18db Src\stm32f7xx_hal_msp.o
 .debug_info    0x00011343      0xc24 Src\stm32f7xx_it.o
 .debug_info    0x00011f67      0x6e5 Src\system_stm32f7xx.o

.debug_abbrev   0x00000000     0x259a
 .debug_abbrev  0x00000000       0x12 Drivers\CMSIS\Device\ST\STM32F7xx\Source\Templates\gcc\startup_stm32f746xx.o
 .debug_abbrev  0x00000012      0x1e2 Drivers\STM32F7xx_HAL_Driver\Src\stm32f7xx_hal.o
 .debug_abbrev  0x000001f4      0x2c5 Drivers\STM32F7xx_HAL_Driver\Src\stm32f7xx_hal_adc.o
 .debug_abbrev  0x000004b9      0x32f Drivers\STM32F7xx_HAL_Driver\Src\stm32f7xx_hal_cortex.o
 .debug_abbrev  0x000007e8      0x2dd Drivers\STM32F7xx_HAL_Driver\Src\stm32f7xx_hal_dma.o
 .debug_abbrev  0x00000ac5      0x1c8 Drivers\STM32F7xx_HAL_Driver\Src\stm32f7xx_hal_gpio.o
 .debug_abbrev  0x00000c8d      0x2da Drivers\STM32F7xx_HAL_Driver\Src\stm32f7xx_hal_rcc.o
 .debug_abbrev  0x00000f67      0x22e Drivers\STM32F7xx_HAL_Driver\Src\stm32f7xx_hal_rcc_ex.o
 .debug_abbrev  0x00001195      0x32a Drivers\STM32F7xx_HAL_Driver\Src\stm32f7xx_hal_spi.o
 .debug_abbrev  0x000014bf      0x311 Drivers\STM32F7xx_HAL_Driver\Src\stm32f7xx_hal_tim.o
 .debug_abbrev  0x000017d0      0x270 Drivers\STM32F7xx_HAL_Driver\Src\stm32f7xx_hal_tim_ex.o
 .debug_abbrev  0x00001a40      0x329 Drivers\STM32F7xx_HAL_Driver\Src\stm32f7xx_hal_uart.o
 .debug_abbrev  0x00001d69      0x303 Src\main.o
 .debug_abbrev  0x0000206c      0x23b Src\stm32f7xx_hal_msp.o
 .debug_abbrev  0x000022a7      0x1d6 Src\stm32f7xx_it.o
 .debug_abbrev  0x0000247d      0x11d Src\system_stm32f7xx.o

.debug_aranges  0x00000000      0xc10
 .debug_aranges
                0x00000000       0x28 Drivers\CMSIS\Device\ST\STM32F7xx\Source\Templates\gcc\startup_stm32f746xx.o
 .debug_aranges
                0x00000028       0xc8 Drivers\STM32F7xx_HAL_Driver\Src\stm32f7xx_hal.o
 .debug_aranges
                0x000000f0       0xb8 Drivers\STM32F7xx_HAL_Driver\Src\stm32f7xx_hal_adc.o
 .debug_aranges
                0x000001a8       0xa8 Drivers\STM32F7xx_HAL_Driver\Src\stm32f7xx_hal_cortex.o
 .debug_aranges
                0x00000250       0x80 Drivers\STM32F7xx_HAL_Driver\Src\stm32f7xx_hal_dma.o
 .debug_aranges
                0x000002d0       0x58 Drivers\STM32F7xx_HAL_Driver\Src\stm32f7xx_hal_gpio.o
 .debug_aranges
                0x00000328       0x88 Drivers\STM32F7xx_HAL_Driver\Src\stm32f7xx_hal_rcc.o
 .debug_aranges
                0x000003b0       0x30 Drivers\STM32F7xx_HAL_Driver\Src\stm32f7xx_hal_rcc_ex.o
 .debug_aranges
                0x000003e0      0x198 Drivers\STM32F7xx_HAL_Driver\Src\stm32f7xx_hal_spi.o
 .debug_aranges
                0x00000578      0x260 Drivers\STM32F7xx_HAL_Driver\Src\stm32f7xx_hal_tim.o
 .debug_aranges
                0x000007d8      0x120 Drivers\STM32F7xx_HAL_Driver\Src\stm32f7xx_hal_tim_ex.o
 .debug_aranges
                0x000008f8      0x148 Drivers\STM32F7xx_HAL_Driver\Src\stm32f7xx_hal_uart.o
 .debug_aranges
                0x00000a40       0xb8 Src\main.o
 .debug_aranges
                0x00000af8       0x78 Src\stm32f7xx_hal_msp.o
 .debug_aranges
                0x00000b70       0x78 Src\stm32f7xx_it.o
 .debug_aranges
                0x00000be8       0x28 Src\system_stm32f7xx.o

.debug_ranges   0x00000000     0x1338
 .debug_ranges  0x00000000       0x20 Drivers\CMSIS\Device\ST\STM32F7xx\Source\Templates\gcc\startup_stm32f746xx.o
 .debug_ranges  0x00000020       0xb8 Drivers\STM32F7xx_HAL_Driver\Src\stm32f7xx_hal.o
 .debug_ranges  0x000000d8       0xc0 Drivers\STM32F7xx_HAL_Driver\Src\stm32f7xx_hal_adc.o
 .debug_ranges  0x00000198      0x150 Drivers\STM32F7xx_HAL_Driver\Src\stm32f7xx_hal_cortex.o
 .debug_ranges  0x000002e8       0xa0 Drivers\STM32F7xx_HAL_Driver\Src\stm32f7xx_hal_dma.o
 .debug_ranges  0x00000388       0x70 Drivers\STM32F7xx_HAL_Driver\Src\stm32f7xx_hal_gpio.o
 .debug_ranges  0x000003f8      0x1b0 Drivers\STM32F7xx_HAL_Driver\Src\stm32f7xx_hal_rcc.o
 .debug_ranges  0x000005a8      0x320 Drivers\STM32F7xx_HAL_Driver\Src\stm32f7xx_hal_rcc_ex.o
 .debug_ranges  0x000008c8      0x1d0 Drivers\STM32F7xx_HAL_Driver\Src\stm32f7xx_hal_spi.o
 .debug_ranges  0x00000a98      0x2e8 Drivers\STM32F7xx_HAL_Driver\Src\stm32f7xx_hal_tim.o
 .debug_ranges  0x00000d80      0x110 Drivers\STM32F7xx_HAL_Driver\Src\stm32f7xx_hal_tim_ex.o
 .debug_ranges  0x00000e90      0x138 Drivers\STM32F7xx_HAL_Driver\Src\stm32f7xx_hal_uart.o
 .debug_ranges  0x00000fc8      0x1b8 Src\main.o
 .debug_ranges  0x00001180      0x138 Src\stm32f7xx_hal_msp.o
 .debug_ranges  0x000012b8       0x68 Src\stm32f7xx_it.o
 .debug_ranges  0x00001320       0x18 Src\system_stm32f7xx.o

.debug_loc      0x00000000     0x967d
 .debug_loc     0x00000000       0x6a Drivers\STM32F7xx_HAL_Driver\Src\stm32f7xx_hal.o
 .debug_loc     0x0000006a      0x771 Drivers\STM32F7xx_HAL_Driver\Src\stm32f7xx_hal_adc.o
 .debug_loc     0x000007db      0x4ee Drivers\STM32F7xx_HAL_Driver\Src\stm32f7xx_hal_cortex.o
 .debug_loc     0x00000cc9      0x7db Drivers\STM32F7xx_HAL_Driver\Src\stm32f7xx_hal_dma.o
 .debug_loc     0x000014a4      0x34f Drivers\STM32F7xx_HAL_Driver\Src\stm32f7xx_hal_gpio.o
 .debug_loc     0x000017f3      0x49b Drivers\STM32F7xx_HAL_Driver\Src\stm32f7xx_hal_rcc.o
 .debug_loc     0x00001c8e      0x9b4 Drivers\STM32F7xx_HAL_Driver\Src\stm32f7xx_hal_rcc_ex.o
 .debug_loc     0x00002642     0x1a5e Drivers\STM32F7xx_HAL_Driver\Src\stm32f7xx_hal_spi.o
 .debug_loc     0x000040a0     0x2f22 Drivers\STM32F7xx_HAL_Driver\Src\stm32f7xx_hal_tim.o
 .debug_loc     0x00006fc2      0xdb1 Drivers\STM32F7xx_HAL_Driver\Src\stm32f7xx_hal_tim_ex.o
 .debug_loc     0x00007d73     0x129f Drivers\STM32F7xx_HAL_Driver\Src\stm32f7xx_hal_uart.o
 .debug_loc     0x00009012      0x3bb Src\main.o
 .debug_loc     0x000093cd      0x1c4 Src\stm32f7xx_hal_msp.o
 .debug_loc     0x00009591       0xec Src\system_stm32f7xx.o

.debug_str      0x00000000     0x44d8
 .debug_str     0x00000000      0xb48 Drivers\STM32F7xx_HAL_Driver\Src\stm32f7xx_hal.o
                                0xb9d (size before relaxing)
 .debug_str     0x00000b48      0x662 Drivers\STM32F7xx_HAL_Driver\Src\stm32f7xx_hal_adc.o
                                0x90e (size before relaxing)
 .debug_str     0x000011aa      0x487 Drivers\STM32F7xx_HAL_Driver\Src\stm32f7xx_hal_cortex.o
                                0xdcb (size before relaxing)
 .debug_str     0x00001631      0x2ef Drivers\STM32F7xx_HAL_Driver\Src\stm32f7xx_hal_dma.o
                                0x7b4 (size before relaxing)
 .debug_str     0x00001920      0x1a2 Drivers\STM32F7xx_HAL_Driver\Src\stm32f7xx_hal_gpio.o
                                0x53b (size before relaxing)
 .debug_str     0x00001ac2      0x30e Drivers\STM32F7xx_HAL_Driver\Src\stm32f7xx_hal_rcc.o
                                0x71c (size before relaxing)
 .debug_str     0x00001dd0      0x359 Drivers\STM32F7xx_HAL_Driver\Src\stm32f7xx_hal_rcc_ex.o
                                0x6d3 (size before relaxing)
 .debug_str     0x00002129      0x644 Drivers\STM32F7xx_HAL_Driver\Src\stm32f7xx_hal_spi.o
                                0xb42 (size before relaxing)
 .debug_str     0x0000276d      0xc62 Drivers\STM32F7xx_HAL_Driver\Src\stm32f7xx_hal_tim.o
                               0x1159 (size before relaxing)
 .debug_str     0x000033cf      0x4c5 Drivers\STM32F7xx_HAL_Driver\Src\stm32f7xx_hal_tim_ex.o
                                0xd76 (size before relaxing)
 .debug_str     0x00003894      0x6d1 Drivers\STM32F7xx_HAL_Driver\Src\stm32f7xx_hal_uart.o
                                0xdc1 (size before relaxing)
 .debug_str     0x00003f65      0x341 Src\main.o
                               0x1db6 (size before relaxing)
 .debug_str     0x000042a6       0xfd Src\stm32f7xx_hal_msp.o
                               0x1447 (size before relaxing)
 .debug_str     0x000043a3       0xf0 Src\stm32f7xx_it.o
                                0xae8 (size before relaxing)
 .debug_str     0x00004493       0x45 Src\system_stm32f7xx.o
                                0x494 (size before relaxing)

.comment        0x00000000       0x7e
 .comment       0x00000000       0x7e Drivers\STM32F7xx_HAL_Driver\Src\stm32f7xx_hal.o
                                 0x7f (size before relaxing)
 .comment       0x0000007e       0x7f Drivers\STM32F7xx_HAL_Driver\Src\stm32f7xx_hal_adc.o
 .comment       0x0000007e       0x7f Drivers\STM32F7xx_HAL_Driver\Src\stm32f7xx_hal_cortex.o
 .comment       0x0000007e       0x7f Drivers\STM32F7xx_HAL_Driver\Src\stm32f7xx_hal_dma.o
 .comment       0x0000007e       0x7f Drivers\STM32F7xx_HAL_Driver\Src\stm32f7xx_hal_gpio.o
 .comment       0x0000007e       0x7f Drivers\STM32F7xx_HAL_Driver\Src\stm32f7xx_hal_rcc.o
 .comment       0x0000007e       0x7f Drivers\STM32F7xx_HAL_Driver\Src\stm32f7xx_hal_rcc_ex.o
 .comment       0x0000007e       0x7f Drivers\STM32F7xx_HAL_Driver\Src\stm32f7xx_hal_spi.o
 .comment       0x0000007e       0x7f Drivers\STM32F7xx_HAL_Driver\Src\stm32f7xx_hal_tim.o
 .comment       0x0000007e       0x7f Drivers\STM32F7xx_HAL_Driver\Src\stm32f7xx_hal_tim_ex.o
 .comment       0x0000007e       0x7f Drivers\STM32F7xx_HAL_Driver\Src\stm32f7xx_hal_uart.o
 .comment       0x0000007e       0x7f Src\main.o
 .comment       0x0000007e       0x7f Src\stm32f7xx_hal_msp.o
 .comment       0x0000007e       0x7f Src\stm32f7xx_it.o
 .comment       0x0000007e       0x7f Src\system_stm32f7xx.o

.debug_frame    0x00000000     0x2718
 .debug_frame   0x00000000      0x1a4 Drivers\STM32F7xx_HAL_Driver\Src\stm32f7xx_hal.o
 .debug_frame   0x000001a4      0x23c Drivers\STM32F7xx_HAL_Driver\Src\stm32f7xx_hal_adc.o
 .debug_frame   0x000003e0      0x150 Drivers\STM32F7xx_HAL_Driver\Src\stm32f7xx_hal_cortex.o
 .debug_frame   0x00000530      0x150 Drivers\STM32F7xx_HAL_Driver\Src\stm32f7xx_hal_dma.o
 .debug_frame   0x00000680       0xd4 Drivers\STM32F7xx_HAL_Driver\Src\stm32f7xx_hal_gpio.o
 .debug_frame   0x00000754      0x138 Drivers\STM32F7xx_HAL_Driver\Src\stm32f7xx_hal_rcc.o
 .debug_frame   0x0000088c       0x6c Drivers\STM32F7xx_HAL_Driver\Src\stm32f7xx_hal_rcc_ex.o
 .debug_frame   0x000008f8      0x58c Drivers\STM32F7xx_HAL_Driver\Src\stm32f7xx_hal_spi.o
 .debug_frame   0x00000e84      0x87c Drivers\STM32F7xx_HAL_Driver\Src\stm32f7xx_hal_tim.o
 .debug_frame   0x00001700      0x3c8 Drivers\STM32F7xx_HAL_Driver\Src\stm32f7xx_hal_tim_ex.o
 .debug_frame   0x00001ac8      0x41c Drivers\STM32F7xx_HAL_Driver\Src\stm32f7xx_hal_uart.o
 .debug_frame   0x00001ee4      0x230 Src\main.o
 .debug_frame   0x00002114      0x154 Src\stm32f7xx_hal_msp.o
 .debug_frame   0x00002268      0x10c Src\stm32f7xx_it.o
 .debug_frame   0x00002374       0x30 Src\system_stm32f7xx.o
 .debug_frame   0x000023a4       0x2c c:/program files (x86)/atollic/truestudio for arm 7.1.0/armtools/bin/../lib/gcc/arm-atollic-eabi/5.3.1/../../../../arm-atollic-eabi/lib/armv7e-m/fpu/fpv5-sp-d16\libc_nano.a(lib_a-init.o)
 .debug_frame   0x000023d0       0x70 c:/program files (x86)/atollic/truestudio for arm 7.1.0/armtools/bin/../lib/gcc/arm-atollic-eabi/5.3.1/../../../../arm-atollic-eabi/lib/armv7e-m/fpu/fpv5-sp-d16\libc_nano.a(lib_a-sprintf.o)
 .debug_frame   0x00002440       0x90 c:/program files (x86)/atollic/truestudio for arm 7.1.0/armtools/bin/../lib/gcc/arm-atollic-eabi/5.3.1/../../../../arm-atollic-eabi/lib/armv7e-m/fpu/fpv5-sp-d16\libc_nano.a(lib_a-nano-svfprintf.o)
 .debug_frame   0x000024d0       0x60 c:/program files (x86)/atollic/truestudio for arm 7.1.0/armtools/bin/../lib/gcc/arm-atollic-eabi/5.3.1/../../../../arm-atollic-eabi/lib/armv7e-m/fpu/fpv5-sp-d16\libc_nano.a(lib_a-nano-vfprintf_i.o)
 .debug_frame   0x00002530       0x28 c:/program files (x86)/atollic/truestudio for arm 7.1.0/armtools/bin/../lib/gcc/arm-atollic-eabi/5.3.1/../../../../arm-atollic-eabi/lib/armv7e-m/fpu/fpv5-sp-d16\libc_nano.a(lib_a-memcpy-stub.o)
 .debug_frame   0x00002558       0x28 c:/program files (x86)/atollic/truestudio for arm 7.1.0/armtools/bin/../lib/gcc/arm-atollic-eabi/5.3.1/../../../../arm-atollic-eabi/lib/armv7e-m/fpu/fpv5-sp-d16\libc_nano.a(lib_a-memmove.o)
 .debug_frame   0x00002580       0x38 c:/program files (x86)/atollic/truestudio for arm 7.1.0/armtools/bin/../lib/gcc/arm-atollic-eabi/5.3.1/../../../../arm-atollic-eabi/lib/armv7e-m/fpu/fpv5-sp-d16\libc_nano.a(lib_a-nano-freer.o)
 .debug_frame   0x000025b8       0x2c c:/program files (x86)/atollic/truestudio for arm 7.1.0/armtools/bin/../lib/gcc/arm-atollic-eabi/5.3.1/../../../../arm-atollic-eabi/lib/armv7e-m/fpu/fpv5-sp-d16\libc_nano.a(lib_a-nano-mallocr.o)
 .debug_frame   0x000025e4       0x3c c:/program files (x86)/atollic/truestudio for arm 7.1.0/armtools/bin/../lib/gcc/arm-atollic-eabi/5.3.1/../../../../arm-atollic-eabi/lib/armv7e-m/fpu/fpv5-sp-d16\libc_nano.a(lib_a-nano-reallocr.o)
 .debug_frame   0x00002620       0x2c c:/program files (x86)/atollic/truestudio for arm 7.1.0/armtools/bin/../lib/gcc/arm-atollic-eabi/5.3.1/../../../../arm-atollic-eabi/lib/armv7e-m/fpu/fpv5-sp-d16\libc_nano.a(lib_a-sbrkr.o)
 .debug_frame   0x0000264c       0x30 c:/program files (x86)/atollic/truestudio for arm 7.1.0/armtools/bin/../lib/gcc/arm-atollic-eabi/5.3.1/../../../../arm-atollic-eabi/lib/armv7e-m/fpu/fpv5-sp-d16\libc_nano.a(lib_a-mlock.o)
 .debug_frame   0x0000267c       0x20 c:/program files (x86)/atollic/truestudio for arm 7.1.0/armtools/bin/../lib/gcc/arm-atollic-eabi/5.3.1/../../../../arm-atollic-eabi/lib/armv7e-m/fpu/fpv5-sp-d16\libc_nano.a(lib_a-nano-msizer.o)
 .debug_frame   0x0000269c       0x5c c:/program files (x86)/atollic/truestudio for arm 7.1.0/armtools/bin/../lib/gcc/arm-atollic-eabi/5.3.1/../../../../arm-atollic-eabi/lib/armv7e-m/fpu/fpv5-sp-d16\libc_nano.a(lib_a-reent.o)
 .debug_frame   0x000026f8       0x20 c:/program files (x86)/atollic/truestudio for arm 7.1.0/armtools/bin/../lib/gcc/arm-atollic-eabi/5.3.1/../../../../arm-atollic-eabi/lib/armv7e-m/fpu/fpv5-sp-d16\libnosys.a(sbrk.o)

Cross Reference Table

Symbol                                            File
ADC_IRQHandler                                    Drivers\CMSIS\Device\ST\STM32F7xx\Source\Templates\gcc\startup_stm32f746xx.o
ADC_valbuffer                                     Src\main.o
AHBPrescTable                                     Src\system_stm32f7xx.o
                                                  Drivers\STM32F7xx_HAL_Driver\Src\stm32f7xx_hal_rcc.o
APBPrescTable                                     Src\system_stm32f7xx.o
                                                  Drivers\STM32F7xx_HAL_Driver\Src\stm32f7xx_hal_rcc.o
BusFault_Handler                                  Src\stm32f7xx_it.o
                                                  Drivers\CMSIS\Device\ST\STM32F7xx\Source\Templates\gcc\startup_stm32f746xx.o
CAN1_RX0_IRQHandler                               Drivers\CMSIS\Device\ST\STM32F7xx\Source\Templates\gcc\startup_stm32f746xx.o
CAN1_RX1_IRQHandler                               Drivers\CMSIS\Device\ST\STM32F7xx\Source\Templates\gcc\startup_stm32f746xx.o
CAN1_SCE_IRQHandler                               Drivers\CMSIS\Device\ST\STM32F7xx\Source\Templates\gcc\startup_stm32f746xx.o
CAN1_TX_IRQHandler                                Drivers\CMSIS\Device\ST\STM32F7xx\Source\Templates\gcc\startup_stm32f746xx.o
CAN2_RX0_IRQHandler                               Drivers\CMSIS\Device\ST\STM32F7xx\Source\Templates\gcc\startup_stm32f746xx.o
CAN2_RX1_IRQHandler                               Drivers\CMSIS\Device\ST\STM32F7xx\Source\Templates\gcc\startup_stm32f746xx.o
CAN2_SCE_IRQHandler                               Drivers\CMSIS\Device\ST\STM32F7xx\Source\Templates\gcc\startup_stm32f746xx.o
CAN2_TX_IRQHandler                                Drivers\CMSIS\Device\ST\STM32F7xx\Source\Templates\gcc\startup_stm32f746xx.o
CEC_IRQHandler                                    Drivers\CMSIS\Device\ST\STM32F7xx\Source\Templates\gcc\startup_stm32f746xx.o
DCMI_IRQHandler                                   Drivers\CMSIS\Device\ST\STM32F7xx\Source\Templates\gcc\startup_stm32f746xx.o
DMA1_Stream0_IRQHandler                           Drivers\CMSIS\Device\ST\STM32F7xx\Source\Templates\gcc\startup_stm32f746xx.o
DMA1_Stream1_IRQHandler                           Drivers\CMSIS\Device\ST\STM32F7xx\Source\Templates\gcc\startup_stm32f746xx.o
DMA1_Stream2_IRQHandler                           Drivers\CMSIS\Device\ST\STM32F7xx\Source\Templates\gcc\startup_stm32f746xx.o
DMA1_Stream3_IRQHandler                           Drivers\CMSIS\Device\ST\STM32F7xx\Source\Templates\gcc\startup_stm32f746xx.o
DMA1_Stream4_IRQHandler                           Drivers\CMSIS\Device\ST\STM32F7xx\Source\Templates\gcc\startup_stm32f746xx.o
DMA1_Stream5_IRQHandler                           Drivers\CMSIS\Device\ST\STM32F7xx\Source\Templates\gcc\startup_stm32f746xx.o
DMA1_Stream6_IRQHandler                           Drivers\CMSIS\Device\ST\STM32F7xx\Source\Templates\gcc\startup_stm32f746xx.o
DMA1_Stream7_IRQHandler                           Drivers\CMSIS\Device\ST\STM32F7xx\Source\Templates\gcc\startup_stm32f746xx.o
DMA2D_IRQHandler                                  Drivers\CMSIS\Device\ST\STM32F7xx\Source\Templates\gcc\startup_stm32f746xx.o
DMA2_Stream0_IRQHandler                           Src\stm32f7xx_it.o
                                                  Drivers\CMSIS\Device\ST\STM32F7xx\Source\Templates\gcc\startup_stm32f746xx.o
DMA2_Stream1_IRQHandler                           Drivers\CMSIS\Device\ST\STM32F7xx\Source\Templates\gcc\startup_stm32f746xx.o
DMA2_Stream2_IRQHandler                           Drivers\CMSIS\Device\ST\STM32F7xx\Source\Templates\gcc\startup_stm32f746xx.o
DMA2_Stream3_IRQHandler                           Drivers\CMSIS\Device\ST\STM32F7xx\Source\Templates\gcc\startup_stm32f746xx.o
DMA2_Stream4_IRQHandler                           Drivers\CMSIS\Device\ST\STM32F7xx\Source\Templates\gcc\startup_stm32f746xx.o
DMA2_Stream5_IRQHandler                           Drivers\CMSIS\Device\ST\STM32F7xx\Source\Templates\gcc\startup_stm32f746xx.o
DMA2_Stream6_IRQHandler                           Drivers\CMSIS\Device\ST\STM32F7xx\Source\Templates\gcc\startup_stm32f746xx.o
DMA2_Stream7_IRQHandler                           Drivers\CMSIS\Device\ST\STM32F7xx\Source\Templates\gcc\startup_stm32f746xx.o
DebugMon_Handler                                  Src\stm32f7xx_it.o
                                                  Drivers\CMSIS\Device\ST\STM32F7xx\Source\Templates\gcc\startup_stm32f746xx.o
Default_Handler                                   Drivers\CMSIS\Device\ST\STM32F7xx\Source\Templates\gcc\startup_stm32f746xx.o
ETH_IRQHandler                                    Drivers\CMSIS\Device\ST\STM32F7xx\Source\Templates\gcc\startup_stm32f746xx.o
ETH_WKUP_IRQHandler                               Drivers\CMSIS\Device\ST\STM32F7xx\Source\Templates\gcc\startup_stm32f746xx.o
EXTI0_IRQHandler                                  Drivers\CMSIS\Device\ST\STM32F7xx\Source\Templates\gcc\startup_stm32f746xx.o
EXTI15_10_IRQHandler                              Src\stm32f7xx_it.o
                                                  Drivers\CMSIS\Device\ST\STM32F7xx\Source\Templates\gcc\startup_stm32f746xx.o
EXTI1_IRQHandler                                  Drivers\CMSIS\Device\ST\STM32F7xx\Source\Templates\gcc\startup_stm32f746xx.o
EXTI2_IRQHandler                                  Drivers\CMSIS\Device\ST\STM32F7xx\Source\Templates\gcc\startup_stm32f746xx.o
EXTI3_IRQHandler                                  Drivers\CMSIS\Device\ST\STM32F7xx\Source\Templates\gcc\startup_stm32f746xx.o
EXTI4_IRQHandler                                  Drivers\CMSIS\Device\ST\STM32F7xx\Source\Templates\gcc\startup_stm32f746xx.o
EXTI9_5_IRQHandler                                Src\stm32f7xx_it.o
                                                  Drivers\CMSIS\Device\ST\STM32F7xx\Source\Templates\gcc\startup_stm32f746xx.o
Error_Handler                                     Src\main.o
FLASH_Erase_Sector                                Drivers\STM32F7xx_HAL_Driver\Src\stm32f7xx_hal_flash_ex.o
                                                  Drivers\STM32F7xx_HAL_Driver\Src\stm32f7xx_hal_flash.o
FLASH_IRQHandler                                  Drivers\CMSIS\Device\ST\STM32F7xx\Source\Templates\gcc\startup_stm32f746xx.o
FLASH_WaitForLastOperation                        Drivers\STM32F7xx_HAL_Driver\Src\stm32f7xx_hal_flash.o
                                                  Drivers\STM32F7xx_HAL_Driver\Src\stm32f7xx_hal_flash_ex.o
FMC_IRQHandler                                    Drivers\CMSIS\Device\ST\STM32F7xx\Source\Templates\gcc\startup_stm32f746xx.o
FPU_IRQHandler                                    Drivers\CMSIS\Device\ST\STM32F7xx\Source\Templates\gcc\startup_stm32f746xx.o
Get_IR                                            Src\main.o
HAL_ADCEx_InjectedConfigChannel                   Drivers\STM32F7xx_HAL_Driver\Src\stm32f7xx_hal_adc_ex.o
HAL_ADCEx_InjectedConvCpltCallback                Drivers\STM32F7xx_HAL_Driver\Src\stm32f7xx_hal_adc_ex.o
                                                  Drivers\STM32F7xx_HAL_Driver\Src\stm32f7xx_hal_adc.o
HAL_ADCEx_InjectedGetValue                        Drivers\STM32F7xx_HAL_Driver\Src\stm32f7xx_hal_adc_ex.o
HAL_ADCEx_InjectedPollForConversion               Drivers\STM32F7xx_HAL_Driver\Src\stm32f7xx_hal_adc_ex.o
HAL_ADCEx_InjectedStart                           Drivers\STM32F7xx_HAL_Driver\Src\stm32f7xx_hal_adc_ex.o
HAL_ADCEx_InjectedStart_IT                        Drivers\STM32F7xx_HAL_Driver\Src\stm32f7xx_hal_adc_ex.o
HAL_ADCEx_InjectedStop                            Drivers\STM32F7xx_HAL_Driver\Src\stm32f7xx_hal_adc_ex.o
HAL_ADCEx_InjectedStop_IT                         Drivers\STM32F7xx_HAL_Driver\Src\stm32f7xx_hal_adc_ex.o
HAL_ADCEx_MultiModeConfigChannel                  Drivers\STM32F7xx_HAL_Driver\Src\stm32f7xx_hal_adc_ex.o
HAL_ADCEx_MultiModeGetValue                       Drivers\STM32F7xx_HAL_Driver\Src\stm32f7xx_hal_adc_ex.o
HAL_ADCEx_MultiModeStart_DMA                      Drivers\STM32F7xx_HAL_Driver\Src\stm32f7xx_hal_adc_ex.o
HAL_ADCEx_MultiModeStop_DMA                       Drivers\STM32F7xx_HAL_Driver\Src\stm32f7xx_hal_adc_ex.o
HAL_ADC_AnalogWDGConfig                           Drivers\STM32F7xx_HAL_Driver\Src\stm32f7xx_hal_adc.o
HAL_ADC_ConfigChannel                             Drivers\STM32F7xx_HAL_Driver\Src\stm32f7xx_hal_adc.o
                                                  Src\main.o
HAL_ADC_ConvCpltCallback                          Src\main.o
                                                  Drivers\STM32F7xx_HAL_Driver\Src\stm32f7xx_hal_adc.o
                                                  Drivers\STM32F7xx_HAL_Driver\Src\stm32f7xx_hal_adc_ex.o
HAL_ADC_ConvHalfCpltCallback                      Drivers\STM32F7xx_HAL_Driver\Src\stm32f7xx_hal_adc.o
                                                  Drivers\STM32F7xx_HAL_Driver\Src\stm32f7xx_hal_adc_ex.o
HAL_ADC_DeInit                                    Drivers\STM32F7xx_HAL_Driver\Src\stm32f7xx_hal_adc.o
HAL_ADC_ErrorCallback                             Drivers\STM32F7xx_HAL_Driver\Src\stm32f7xx_hal_adc.o
                                                  Drivers\STM32F7xx_HAL_Driver\Src\stm32f7xx_hal_adc_ex.o
HAL_ADC_GetError                                  Drivers\STM32F7xx_HAL_Driver\Src\stm32f7xx_hal_adc.o
HAL_ADC_GetState                                  Drivers\STM32F7xx_HAL_Driver\Src\stm32f7xx_hal_adc.o
HAL_ADC_GetValue                                  Drivers\STM32F7xx_HAL_Driver\Src\stm32f7xx_hal_adc.o
HAL_ADC_IRQHandler                                Drivers\STM32F7xx_HAL_Driver\Src\stm32f7xx_hal_adc.o
HAL_ADC_Init                                      Drivers\STM32F7xx_HAL_Driver\Src\stm32f7xx_hal_adc.o
                                                  Src\main.o
HAL_ADC_LevelOutOfWindowCallback                  Drivers\STM32F7xx_HAL_Driver\Src\stm32f7xx_hal_adc.o
HAL_ADC_MspDeInit                                 Src\stm32f7xx_hal_msp.o
                                                  Drivers\STM32F7xx_HAL_Driver\Src\stm32f7xx_hal_adc.o
HAL_ADC_MspInit                                   Src\stm32f7xx_hal_msp.o
                                                  Drivers\STM32F7xx_HAL_Driver\Src\stm32f7xx_hal_adc.o
HAL_ADC_PollForConversion                         Drivers\STM32F7xx_HAL_Driver\Src\stm32f7xx_hal_adc.o
HAL_ADC_PollForEvent                              Drivers\STM32F7xx_HAL_Driver\Src\stm32f7xx_hal_adc.o
HAL_ADC_Start                                     Drivers\STM32F7xx_HAL_Driver\Src\stm32f7xx_hal_adc.o
HAL_ADC_Start_DMA                                 Drivers\STM32F7xx_HAL_Driver\Src\stm32f7xx_hal_adc.o
                                                  Src\main.o
HAL_ADC_Start_IT                                  Drivers\STM32F7xx_HAL_Driver\Src\stm32f7xx_hal_adc.o
HAL_ADC_Stop                                      Drivers\STM32F7xx_HAL_Driver\Src\stm32f7xx_hal_adc.o
HAL_ADC_Stop_DMA                                  Drivers\STM32F7xx_HAL_Driver\Src\stm32f7xx_hal_adc.o
                                                  Src\main.o
HAL_ADC_Stop_IT                                   Drivers\STM32F7xx_HAL_Driver\Src\stm32f7xx_hal_adc.o
HAL_DBGMCU_DisableDBGSleepMode                    Drivers\STM32F7xx_HAL_Driver\Src\stm32f7xx_hal.o
HAL_DBGMCU_DisableDBGStandbyMode                  Drivers\STM32F7xx_HAL_Driver\Src\stm32f7xx_hal.o
HAL_DBGMCU_DisableDBGStopMode                     Drivers\STM32F7xx_HAL_Driver\Src\stm32f7xx_hal.o
HAL_DBGMCU_EnableDBGSleepMode                     Drivers\STM32F7xx_HAL_Driver\Src\stm32f7xx_hal.o
HAL_DBGMCU_EnableDBGStandbyMode                   Drivers\STM32F7xx_HAL_Driver\Src\stm32f7xx_hal.o
HAL_DBGMCU_EnableDBGStopMode                      Drivers\STM32F7xx_HAL_Driver\Src\stm32f7xx_hal.o
HAL_DMAEx_ChangeMemory                            Drivers\STM32F7xx_HAL_Driver\Src\stm32f7xx_hal_dma_ex.o
HAL_DMAEx_MultiBufferStart                        Drivers\STM32F7xx_HAL_Driver\Src\stm32f7xx_hal_dma_ex.o
HAL_DMAEx_MultiBufferStart_IT                     Drivers\STM32F7xx_HAL_Driver\Src\stm32f7xx_hal_dma_ex.o
HAL_DMA_Abort                                     Drivers\STM32F7xx_HAL_Driver\Src\stm32f7xx_hal_dma.o
                                                  Drivers\STM32F7xx_HAL_Driver\Src\stm32f7xx_hal_uart.o
                                                  Drivers\STM32F7xx_HAL_Driver\Src\stm32f7xx_hal_tim.o
                                                  Drivers\STM32F7xx_HAL_Driver\Src\stm32f7xx_hal_spi.o
                                                  Drivers\STM32F7xx_HAL_Driver\Src\stm32f7xx_hal_adc_ex.o
                                                  Drivers\STM32F7xx_HAL_Driver\Src\stm32f7xx_hal_adc.o
HAL_DMA_Abort_IT                                  Drivers\STM32F7xx_HAL_Driver\Src\stm32f7xx_hal_dma.o
                                                  Drivers\STM32F7xx_HAL_Driver\Src\stm32f7xx_hal_uart.o
                                                  Drivers\STM32F7xx_HAL_Driver\Src\stm32f7xx_hal_spi.o
                                                  Drivers\STM32F7xx_HAL_Driver\Src\stm32f7xx_hal_i2c.o
HAL_DMA_DeInit                                    Drivers\STM32F7xx_HAL_Driver\Src\stm32f7xx_hal_dma.o
HAL_DMA_GetError                                  Drivers\STM32F7xx_HAL_Driver\Src\stm32f7xx_hal_dma.o
HAL_DMA_GetState                                  Drivers\STM32F7xx_HAL_Driver\Src\stm32f7xx_hal_dma.o
HAL_DMA_IRQHandler                                Drivers\STM32F7xx_HAL_Driver\Src\stm32f7xx_hal_dma.o
                                                  Src\stm32f7xx_it.o
HAL_DMA_Init                                      Drivers\STM32F7xx_HAL_Driver\Src\stm32f7xx_hal_dma.o
                                                  Src\stm32f7xx_hal_msp.o
HAL_DMA_PollForTransfer                           Drivers\STM32F7xx_HAL_Driver\Src\stm32f7xx_hal_dma.o
HAL_DMA_RegisterCallback                          Drivers\STM32F7xx_HAL_Driver\Src\stm32f7xx_hal_dma.o
HAL_DMA_Start                                     Drivers\STM32F7xx_HAL_Driver\Src\stm32f7xx_hal_dma.o
HAL_DMA_Start_IT                                  Drivers\STM32F7xx_HAL_Driver\Src\stm32f7xx_hal_dma.o
                                                  Drivers\STM32F7xx_HAL_Driver\Src\stm32f7xx_hal_uart.o
                                                  Drivers\STM32F7xx_HAL_Driver\Src\stm32f7xx_hal_tim_ex.o
                                                  Drivers\STM32F7xx_HAL_Driver\Src\stm32f7xx_hal_tim.o
                                                  Drivers\STM32F7xx_HAL_Driver\Src\stm32f7xx_hal_spi.o
                                                  Drivers\STM32F7xx_HAL_Driver\Src\stm32f7xx_hal_i2c.o
                                                  Drivers\STM32F7xx_HAL_Driver\Src\stm32f7xx_hal_adc_ex.o
                                                  Drivers\STM32F7xx_HAL_Driver\Src\stm32f7xx_hal_adc.o
HAL_DMA_UnRegisterCallback                        Drivers\STM32F7xx_HAL_Driver\Src\stm32f7xx_hal_dma.o
HAL_DeInit                                        Drivers\STM32F7xx_HAL_Driver\Src\stm32f7xx_hal.o
HAL_Delay                                         Drivers\STM32F7xx_HAL_Driver\Src\stm32f7xx_hal.o
                                                  Src\main.o
HAL_DisableCompensationCell                       Drivers\STM32F7xx_HAL_Driver\Src\stm32f7xx_hal.o
HAL_DisableFMCMemorySwapping                      Drivers\STM32F7xx_HAL_Driver\Src\stm32f7xx_hal.o
HAL_EnableCompensationCell                        Drivers\STM32F7xx_HAL_Driver\Src\stm32f7xx_hal.o
HAL_EnableFMCMemorySwapping                       Drivers\STM32F7xx_HAL_Driver\Src\stm32f7xx_hal.o
HAL_FLASHEx_Erase                                 Drivers\STM32F7xx_HAL_Driver\Src\stm32f7xx_hal_flash_ex.o
HAL_FLASHEx_Erase_IT                              Drivers\STM32F7xx_HAL_Driver\Src\stm32f7xx_hal_flash_ex.o
HAL_FLASHEx_OBGetConfig                           Drivers\STM32F7xx_HAL_Driver\Src\stm32f7xx_hal_flash_ex.o
HAL_FLASHEx_OBProgram                             Drivers\STM32F7xx_HAL_Driver\Src\stm32f7xx_hal_flash_ex.o
HAL_FLASH_EndOfOperationCallback                  Drivers\STM32F7xx_HAL_Driver\Src\stm32f7xx_hal_flash.o
HAL_FLASH_GetError                                Drivers\STM32F7xx_HAL_Driver\Src\stm32f7xx_hal_flash.o
HAL_FLASH_IRQHandler                              Drivers\STM32F7xx_HAL_Driver\Src\stm32f7xx_hal_flash.o
HAL_FLASH_Lock                                    Drivers\STM32F7xx_HAL_Driver\Src\stm32f7xx_hal_flash.o
HAL_FLASH_OB_Launch                               Drivers\STM32F7xx_HAL_Driver\Src\stm32f7xx_hal_flash.o
HAL_FLASH_OB_Lock                                 Drivers\STM32F7xx_HAL_Driver\Src\stm32f7xx_hal_flash.o
HAL_FLASH_OB_Unlock                               Drivers\STM32F7xx_HAL_Driver\Src\stm32f7xx_hal_flash.o
HAL_FLASH_OperationErrorCallback                  Drivers\STM32F7xx_HAL_Driver\Src\stm32f7xx_hal_flash.o
HAL_FLASH_Program                                 Drivers\STM32F7xx_HAL_Driver\Src\stm32f7xx_hal_flash.o
HAL_FLASH_Program_IT                              Drivers\STM32F7xx_HAL_Driver\Src\stm32f7xx_hal_flash.o
HAL_FLASH_Unlock                                  Drivers\STM32F7xx_HAL_Driver\Src\stm32f7xx_hal_flash.o
HAL_GPIO_DeInit                                   Drivers\STM32F7xx_HAL_Driver\Src\stm32f7xx_hal_gpio.o
                                                  Src\stm32f7xx_hal_msp.o
HAL_GPIO_EXTI_Callback                            Src\main.o
                                                  Drivers\STM32F7xx_HAL_Driver\Src\stm32f7xx_hal_gpio.o
HAL_GPIO_EXTI_IRQHandler                          Drivers\STM32F7xx_HAL_Driver\Src\stm32f7xx_hal_gpio.o
                                                  Src\stm32f7xx_it.o
HAL_GPIO_Init                                     Drivers\STM32F7xx_HAL_Driver\Src\stm32f7xx_hal_gpio.o
                                                  Src\stm32f7xx_hal_msp.o
                                                  Src\main.o
                                                  Drivers\STM32F7xx_HAL_Driver\Src\stm32f7xx_hal_rcc.o
HAL_GPIO_LockPin                                  Drivers\STM32F7xx_HAL_Driver\Src\stm32f7xx_hal_gpio.o
HAL_GPIO_ReadPin                                  Drivers\STM32F7xx_HAL_Driver\Src\stm32f7xx_hal_gpio.o
HAL_GPIO_TogglePin                                Drivers\STM32F7xx_HAL_Driver\Src\stm32f7xx_hal_gpio.o
                                                  Src\main.o
HAL_GPIO_WritePin                                 Drivers\STM32F7xx_HAL_Driver\Src\stm32f7xx_hal_gpio.o
                                                  Src\main.o
HAL_GetDEVID                                      Drivers\STM32F7xx_HAL_Driver\Src\stm32f7xx_hal.o
HAL_GetHalVersion                                 Drivers\STM32F7xx_HAL_Driver\Src\stm32f7xx_hal.o
HAL_GetREVID                                      Drivers\STM32F7xx_HAL_Driver\Src\stm32f7xx_hal.o
HAL_GetTick                                       Drivers\STM32F7xx_HAL_Driver\Src\stm32f7xx_hal.o
                                                  Drivers\STM32F7xx_HAL_Driver\Src\stm32f7xx_hal_uart.o
                                                  Drivers\STM32F7xx_HAL_Driver\Src\stm32f7xx_hal_spi.o
                                                  Drivers\STM32F7xx_HAL_Driver\Src\stm32f7xx_hal_rcc_ex.o
                                                  Drivers\STM32F7xx_HAL_Driver\Src\stm32f7xx_hal_rcc.o
                                                  Drivers\STM32F7xx_HAL_Driver\Src\stm32f7xx_hal_pwr_ex.o
                                                  Drivers\STM32F7xx_HAL_Driver\Src\stm32f7xx_hal_i2c.o
                                                  Drivers\STM32F7xx_HAL_Driver\Src\stm32f7xx_hal_flash.o
                                                  Drivers\STM32F7xx_HAL_Driver\Src\stm32f7xx_hal_dma.o
                                                  Drivers\STM32F7xx_HAL_Driver\Src\stm32f7xx_hal_adc_ex.o
                                                  Drivers\STM32F7xx_HAL_Driver\Src\stm32f7xx_hal_adc.o
HAL_HalfDuplex_EnableReceiver                     Drivers\STM32F7xx_HAL_Driver\Src\stm32f7xx_hal_uart.o
HAL_HalfDuplex_EnableTransmitter                  Drivers\STM32F7xx_HAL_Driver\Src\stm32f7xx_hal_uart.o
HAL_HalfDuplex_Init                               Drivers\STM32F7xx_HAL_Driver\Src\stm32f7xx_hal_uart.o
HAL_I2CEx_ConfigAnalogFilter                      Drivers\STM32F7xx_HAL_Driver\Src\stm32f7xx_hal_i2c_ex.o
HAL_I2CEx_ConfigDigitalFilter                     Drivers\STM32F7xx_HAL_Driver\Src\stm32f7xx_hal_i2c_ex.o
HAL_I2C_AbortCpltCallback                         Drivers\STM32F7xx_HAL_Driver\Src\stm32f7xx_hal_i2c.o
HAL_I2C_AddrCallback                              Drivers\STM32F7xx_HAL_Driver\Src\stm32f7xx_hal_i2c.o
HAL_I2C_DeInit                                    Drivers\STM32F7xx_HAL_Driver\Src\stm32f7xx_hal_i2c.o
HAL_I2C_DisableListen_IT                          Drivers\STM32F7xx_HAL_Driver\Src\stm32f7xx_hal_i2c.o
HAL_I2C_ER_IRQHandler                             Drivers\STM32F7xx_HAL_Driver\Src\stm32f7xx_hal_i2c.o
HAL_I2C_EV_IRQHandler                             Drivers\STM32F7xx_HAL_Driver\Src\stm32f7xx_hal_i2c.o
HAL_I2C_EnableListen_IT                           Drivers\STM32F7xx_HAL_Driver\Src\stm32f7xx_hal_i2c.o
HAL_I2C_ErrorCallback                             Drivers\STM32F7xx_HAL_Driver\Src\stm32f7xx_hal_i2c.o
HAL_I2C_GetError                                  Drivers\STM32F7xx_HAL_Driver\Src\stm32f7xx_hal_i2c.o
HAL_I2C_GetMode                                   Drivers\STM32F7xx_HAL_Driver\Src\stm32f7xx_hal_i2c.o
HAL_I2C_GetState                                  Drivers\STM32F7xx_HAL_Driver\Src\stm32f7xx_hal_i2c.o
HAL_I2C_Init                                      Drivers\STM32F7xx_HAL_Driver\Src\stm32f7xx_hal_i2c.o
HAL_I2C_IsDeviceReady                             Drivers\STM32F7xx_HAL_Driver\Src\stm32f7xx_hal_i2c.o
HAL_I2C_ListenCpltCallback                        Drivers\STM32F7xx_HAL_Driver\Src\stm32f7xx_hal_i2c.o
HAL_I2C_MasterRxCpltCallback                      Drivers\STM32F7xx_HAL_Driver\Src\stm32f7xx_hal_i2c.o
HAL_I2C_MasterTxCpltCallback                      Drivers\STM32F7xx_HAL_Driver\Src\stm32f7xx_hal_i2c.o
HAL_I2C_Master_Abort_IT                           Drivers\STM32F7xx_HAL_Driver\Src\stm32f7xx_hal_i2c.o
HAL_I2C_Master_Receive                            Drivers\STM32F7xx_HAL_Driver\Src\stm32f7xx_hal_i2c.o
HAL_I2C_Master_Receive_DMA                        Drivers\STM32F7xx_HAL_Driver\Src\stm32f7xx_hal_i2c.o
HAL_I2C_Master_Receive_IT                         Drivers\STM32F7xx_HAL_Driver\Src\stm32f7xx_hal_i2c.o
HAL_I2C_Master_Sequential_Receive_IT              Drivers\STM32F7xx_HAL_Driver\Src\stm32f7xx_hal_i2c.o
HAL_I2C_Master_Sequential_Transmit_IT             Drivers\STM32F7xx_HAL_Driver\Src\stm32f7xx_hal_i2c.o
HAL_I2C_Master_Transmit                           Drivers\STM32F7xx_HAL_Driver\Src\stm32f7xx_hal_i2c.o
HAL_I2C_Master_Transmit_DMA                       Drivers\STM32F7xx_HAL_Driver\Src\stm32f7xx_hal_i2c.o
HAL_I2C_Master_Transmit_IT                        Drivers\STM32F7xx_HAL_Driver\Src\stm32f7xx_hal_i2c.o
HAL_I2C_MemRxCpltCallback                         Drivers\STM32F7xx_HAL_Driver\Src\stm32f7xx_hal_i2c.o
HAL_I2C_MemTxCpltCallback                         Drivers\STM32F7xx_HAL_Driver\Src\stm32f7xx_hal_i2c.o
HAL_I2C_Mem_Read                                  Drivers\STM32F7xx_HAL_Driver\Src\stm32f7xx_hal_i2c.o
HAL_I2C_Mem_Read_DMA                              Drivers\STM32F7xx_HAL_Driver\Src\stm32f7xx_hal_i2c.o
HAL_I2C_Mem_Read_IT                               Drivers\STM32F7xx_HAL_Driver\Src\stm32f7xx_hal_i2c.o
HAL_I2C_Mem_Write                                 Drivers\STM32F7xx_HAL_Driver\Src\stm32f7xx_hal_i2c.o
HAL_I2C_Mem_Write_DMA                             Drivers\STM32F7xx_HAL_Driver\Src\stm32f7xx_hal_i2c.o
HAL_I2C_Mem_Write_IT                              Drivers\STM32F7xx_HAL_Driver\Src\stm32f7xx_hal_i2c.o
HAL_I2C_MspDeInit                                 Drivers\STM32F7xx_HAL_Driver\Src\stm32f7xx_hal_i2c.o
HAL_I2C_MspInit                                   Drivers\STM32F7xx_HAL_Driver\Src\stm32f7xx_hal_i2c.o
HAL_I2C_SlaveRxCpltCallback                       Drivers\STM32F7xx_HAL_Driver\Src\stm32f7xx_hal_i2c.o
HAL_I2C_SlaveTxCpltCallback                       Drivers\STM32F7xx_HAL_Driver\Src\stm32f7xx_hal_i2c.o
HAL_I2C_Slave_Receive                             Drivers\STM32F7xx_HAL_Driver\Src\stm32f7xx_hal_i2c.o
HAL_I2C_Slave_Receive_DMA                         Drivers\STM32F7xx_HAL_Driver\Src\stm32f7xx_hal_i2c.o
HAL_I2C_Slave_Receive_IT                          Drivers\STM32F7xx_HAL_Driver\Src\stm32f7xx_hal_i2c.o
HAL_I2C_Slave_Sequential_Receive_IT               Drivers\STM32F7xx_HAL_Driver\Src\stm32f7xx_hal_i2c.o
HAL_I2C_Slave_Sequential_Transmit_IT              Drivers\STM32F7xx_HAL_Driver\Src\stm32f7xx_hal_i2c.o
HAL_I2C_Slave_Transmit                            Drivers\STM32F7xx_HAL_Driver\Src\stm32f7xx_hal_i2c.o
HAL_I2C_Slave_Transmit_DMA                        Drivers\STM32F7xx_HAL_Driver\Src\stm32f7xx_hal_i2c.o
HAL_I2C_Slave_Transmit_IT                         Drivers\STM32F7xx_HAL_Driver\Src\stm32f7xx_hal_i2c.o
HAL_IncTick                                       Drivers\STM32F7xx_HAL_Driver\Src\stm32f7xx_hal.o
                                                  Src\stm32f7xx_it.o
HAL_Init                                          Drivers\STM32F7xx_HAL_Driver\Src\stm32f7xx_hal.o
                                                  Src\main.o
HAL_InitTick                                      Drivers\STM32F7xx_HAL_Driver\Src\stm32f7xx_hal.o
                                                  Drivers\STM32F7xx_HAL_Driver\Src\stm32f7xx_hal_rcc.o
HAL_LIN_Init                                      Drivers\STM32F7xx_HAL_Driver\Src\stm32f7xx_hal_uart.o