Archive member included to satisfy reference by file (symbol)

c:/program files (x86)/atollic/truestudio for arm 7.1.0/armtools/bin/../lib/gcc/arm-atollic-eabi/5.3.1/../../../../arm-atollic-eabi/lib/armv7e-m/fpu/fpv5-sp-d16\libc_nano.a(lib_a-init.o)
                              Drivers\CMSIS\Device\ST\STM32F7xx\Source\Templates\gcc\startup_stm32f746xx.o (__libc_init_array)

Allocating common symbols
Common symbol       size              file

htim4               0x3c              Src\main.o
uwTick              0x4               Drivers\STM32F7xx_HAL_Driver\Src\stm32f7xx_hal.o
pFlash              0x1c              Drivers\STM32F7xx_HAL_Driver\Src\stm32f7xx_hal_flash.o
hadc1               0x48              Src\main.o
huart1              0x70              Src\main.o
htim1               0x3c              Src\main.o
hspi1               0x64              Src\main.o
htim2               0x3c              Src\main.o

Discarded input sections

 .text          0x00000000        0x0 c:/program files (x86)/atollic/truestudio for arm 7.1.0/armtools/bin/../lib/gcc/arm-atollic-eabi/5.3.1/armv7e-m/fpu/fpv5-sp-d16/crti.o
 .data          0x00000000        0x0 c:/program files (x86)/atollic/truestudio for arm 7.1.0/armtools/bin/../lib/gcc/arm-atollic-eabi/5.3.1/armv7e-m/fpu/fpv5-sp-d16/crti.o
 .bss           0x00000000        0x0 c:/program files (x86)/atollic/truestudio for arm 7.1.0/armtools/bin/../lib/gcc/arm-atollic-eabi/5.3.1/armv7e-m/fpu/fpv5-sp-d16/crti.o
 .data          0x00000000        0x4 c:/program files (x86)/atollic/truestudio for arm 7.1.0/armtools/bin/../lib/gcc/arm-atollic-eabi/5.3.1/armv7e-m/fpu/fpv5-sp-d16/crtbegin.o
 .text          0x00000000       0x14 Drivers\CMSIS\Device\ST\STM32F7xx\Source\Templates\gcc\startup_stm32f746xx.o
 .data          0x00000000        0x0 Drivers\CMSIS\Device\ST\STM32F7xx\Source\Templates\gcc\startup_stm32f746xx.o
 .bss           0x00000000        0x0 Drivers\CMSIS\Device\ST\STM32F7xx\Source\Templates\gcc\startup_stm32f746xx.o
 .text          0x00000000        0x0 Drivers\STM32F7xx_HAL_Driver\Src\stm32f7xx_hal.o
 .data          0x00000000        0x0 Drivers\STM32F7xx_HAL_Driver\Src\stm32f7xx_hal.o
 .bss           0x00000000        0x0 Drivers\STM32F7xx_HAL_Driver\Src\stm32f7xx_hal.o
 .text.HAL_MspInit
                0x00000000        0x2 Drivers\STM32F7xx_HAL_Driver\Src\stm32f7xx_hal.o
 .text.HAL_MspDeInit
                0x00000000        0x2 Drivers\STM32F7xx_HAL_Driver\Src\stm32f7xx_hal.o
 .text.HAL_DeInit
                0x00000000       0x2c Drivers\STM32F7xx_HAL_Driver\Src\stm32f7xx_hal.o
 .text.HAL_Delay
                0x00000000       0x1a Drivers\STM32F7xx_HAL_Driver\Src\stm32f7xx_hal.o
 .text.HAL_SuspendTick
                0x00000000       0x10 Drivers\STM32F7xx_HAL_Driver\Src\stm32f7xx_hal.o
 .text.HAL_ResumeTick
                0x00000000       0x10 Drivers\STM32F7xx_HAL_Driver\Src\stm32f7xx_hal.o
 .text.HAL_GetHalVersion
                0x00000000        0x8 Drivers\STM32F7xx_HAL_Driver\Src\stm32f7xx_hal.o
 .text.HAL_GetREVID
                0x00000000        0xc Drivers\STM32F7xx_HAL_Driver\Src\stm32f7xx_hal.o
 .text.HAL_GetDEVID
                0x00000000       0x10 Drivers\STM32F7xx_HAL_Driver\Src\stm32f7xx_hal.o
 .text.HAL_DBGMCU_EnableDBGSleepMode
                0x00000000       0x10 Drivers\STM32F7xx_HAL_Driver\Src\stm32f7xx_hal.o
 .text.HAL_DBGMCU_DisableDBGSleepMode
                0x00000000       0x10 Drivers\STM32F7xx_HAL_Driver\Src\stm32f7xx_hal.o
 .text.HAL_DBGMCU_EnableDBGStopMode
                0x00000000       0x10 Drivers\STM32F7xx_HAL_Driver\Src\stm32f7xx_hal.o
 .text.HAL_DBGMCU_DisableDBGStopMode
                0x00000000       0x10 Drivers\STM32F7xx_HAL_Driver\Src\stm32f7xx_hal.o
 .text.HAL_DBGMCU_EnableDBGStandbyMode
                0x00000000       0x10 Drivers\STM32F7xx_HAL_Driver\Src\stm32f7xx_hal.o
 .text.HAL_DBGMCU_DisableDBGStandbyMode
                0x00000000       0x10 Drivers\STM32F7xx_HAL_Driver\Src\stm32f7xx_hal.o
 .text.HAL_EnableCompensationCell
                0x00000000       0x10 Drivers\STM32F7xx_HAL_Driver\Src\stm32f7xx_hal.o
 .text.HAL_DisableCompensationCell
                0x00000000       0x10 Drivers\STM32F7xx_HAL_Driver\Src\stm32f7xx_hal.o
 .text.HAL_EnableFMCMemorySwapping
                0x00000000       0x10 Drivers\STM32F7xx_HAL_Driver\Src\stm32f7xx_hal.o
 .text.HAL_DisableFMCMemorySwapping
                0x00000000       0x10 Drivers\STM32F7xx_HAL_Driver\Src\stm32f7xx_hal.o
 .text          0x00000000        0x0 Drivers\STM32F7xx_HAL_Driver\Src\stm32f7xx_hal_adc.o
 .data          0x00000000        0x0 Drivers\STM32F7xx_HAL_Driver\Src\stm32f7xx_hal_adc.o
 .bss           0x00000000        0x0 Drivers\STM32F7xx_HAL_Driver\Src\stm32f7xx_hal_adc.o
 .text.HAL_ADC_MspInit
                0x00000000        0x2 Drivers\STM32F7xx_HAL_Driver\Src\stm32f7xx_hal_adc.o
 .text.HAL_ADC_MspDeInit
                0x00000000        0x2 Drivers\STM32F7xx_HAL_Driver\Src\stm32f7xx_hal_adc.o
 .text.HAL_ADC_DeInit
[...]
Memory Configuration

Name             Origin             Length             Attributes
RAM              0x20000000         0x00050000         xrw
FLASH            0x08000000         0x00100000         xr
*default*        0x00000000         0xffffffff

Linker script and memory map

LOAD c:/program files (x86)/atollic/truestudio for arm 7.1.0/armtools/bin/../lib/gcc/arm-atollic-eabi/5.3.1/armv7e-m/fpu/fpv5-sp-d16/crti.o
LOAD c:/program files (x86)/atollic/truestudio for arm 7.1.0/armtools/bin/../lib/gcc/arm-atollic-eabi/5.3.1/armv7e-m/fpu/fpv5-sp-d16/crtbegin.o
LOAD Drivers\CMSIS\Device\ST\STM32F7xx\Source\Templates\gcc\startup_stm32f746xx.o
LOAD Drivers\STM32F7xx_HAL_Driver\Src\stm32f7xx_hal.o
LOAD Drivers\STM32F7xx_HAL_Driver\Src\stm32f7xx_hal_adc.o
LOAD Drivers\STM32F7xx_HAL_Driver\Src\stm32f7xx_hal_adc_ex.o
LOAD Drivers\STM32F7xx_HAL_Driver\Src\stm32f7xx_hal_cortex.o
LOAD Drivers\STM32F7xx_HAL_Driver\Src\stm32f7xx_hal_dma.o
LOAD Drivers\STM32F7xx_HAL_Driver\Src\stm32f7xx_hal_dma_ex.o
LOAD Drivers\STM32F7xx_HAL_Driver\Src\stm32f7xx_hal_flash.o
LOAD Drivers\STM32F7xx_HAL_Driver\Src\stm32f7xx_hal_flash_ex.o
LOAD Drivers\STM32F7xx_HAL_Driver\Src\stm32f7xx_hal_gpio.o
LOAD Drivers\STM32F7xx_HAL_Driver\Src\stm32f7xx_hal_i2c.o
LOAD Drivers\STM32F7xx_HAL_Driver\Src\stm32f7xx_hal_i2c_ex.o
LOAD Drivers\STM32F7xx_HAL_Driver\Src\stm32f7xx_hal_pwr.o
LOAD Drivers\STM32F7xx_HAL_Driver\Src\stm32f7xx_hal_pwr_ex.o
LOAD Drivers\STM32F7xx_HAL_Driver\Src\stm32f7xx_hal_rcc.o
LOAD Drivers\STM32F7xx_HAL_Driver\Src\stm32f7xx_hal_rcc_ex.o
LOAD Drivers\STM32F7xx_HAL_Driver\Src\stm32f7xx_hal_spi.o
LOAD Drivers\STM32F7xx_HAL_Driver\Src\stm32f7xx_hal_tim.o
LOAD Drivers\STM32F7xx_HAL_Driver\Src\stm32f7xx_hal_tim_ex.o
LOAD Drivers\STM32F7xx_HAL_Driver\Src\stm32f7xx_hal_uart.o
LOAD Src\main.o
LOAD Src\stm32f7xx_hal_msp.o
LOAD Src\stm32f7xx_it.o
LOAD Src\system_stm32f7xx.o
START GROUP
LOAD c:/program files (x86)/atollic/truestudio for arm 7.1.0/armtools/bin/../lib/gcc/arm-atollic-eabi/5.3.1/../../../../arm-atollic-eabi/lib/armv7e-m/fpu/fpv5-sp-d16\libc_nano.a
LOAD c:/program files (x86)/atollic/truestudio for arm 7.1.0/armtools/bin/../lib/gcc/arm-atollic-eabi/5.3.1/../../../../arm-atollic-eabi/lib/armv7e-m/fpu/fpv5-sp-d16\libm.a
END GROUP
                0x00000080                malloc_getpagesize_P = 0x80
START GROUP
LOAD c:/program files (x86)/atollic/truestudio for arm 7.1.0/armtools/bin/../lib/gcc/arm-atollic-eabi/5.3.1/armv7e-m/fpu/fpv5-sp-d16\libgcc.a
LOAD c:/program files (x86)/atollic/truestudio for arm 7.1.0/armtools/bin/../lib/gcc/arm-atollic-eabi/5.3.1/../../../../arm-atollic-eabi/lib/armv7e-m/fpu/fpv5-sp-d16\libc_nano.a
END GROUP
START GROUP
LOAD c:/program files (x86)/atollic/truestudio for arm 7.1.0/armtools/bin/../lib/gcc/arm-atollic-eabi/5.3.1/armv7e-m/fpu/fpv5-sp-d16\libgcc.a
LOAD c:/program files (x86)/atollic/truestudio for arm 7.1.0/armtools/bin/../lib/gcc/arm-atollic-eabi/5.3.1/../../../../arm-atollic-eabi/lib/armv7e-m/fpu/fpv5-sp-d16\libc_nano.a
LOAD c:/program files (x86)/atollic/truestudio for arm 7.1.0/armtools/bin/../lib/gcc/arm-atollic-eabi/5.3.1/../../../../arm-atollic-eabi/lib/armv7e-m/fpu/fpv5-sp-d16\libnosys.a
END GROUP
START GROUP
LOAD c:/program files (x86)/atollic/truestudio for arm 7.1.0/armtools/bin/../lib/gcc/arm-atollic-eabi/5.3.1/armv7e-m/fpu/fpv5-sp-d16\libgcc.a
LOAD c:/program files (x86)/atollic/truestudio for arm 7.1.0/armtools/bin/../lib/gcc/arm-atollic-eabi/5.3.1/../../../../arm-atollic-eabi/lib/armv7e-m/fpu/fpv5-sp-d16\libc_nano.a
LOAD c:/program files (x86)/atollic/truestudio for arm 7.1.0/armtools/bin/../lib/gcc/arm-atollic-eabi/5.3.1/../../../../arm-atollic-eabi/lib/armv7e-m/fpu/fpv5-sp-d16\libnosys.a
END GROUP
LOAD c:/program files (x86)/atollic/truestudio for arm 7.1.0/armtools/bin/../lib/gcc/arm-atollic-eabi/5.3.1/armv7e-m/fpu/fpv5-sp-d16/crtend.o
LOAD c:/program files (x86)/atollic/truestudio for arm 7.1.0/armtools/bin/../lib/gcc/arm-atollic-eabi/5.3.1/armv7e-m/fpu/fpv5-sp-d16/crtn.o
                0x20050000                _estack = 0x20050000
                0x00000200                _Min_Heap_Size = 0x200
                0x00000400                _Min_Stack_Size = 0x400

.isr_vector     0x08000000      0x1c8
                0x08000000                . = ALIGN (0x4)
 *(.isr_vector)
 .isr_vector    0x08000000      0x1c8 Drivers\CMSIS\Device\ST\STM32F7xx\Source\Templates\gcc\startup_stm32f746xx.o
                0x08000000                g_pfnVectors
                0x080001c8                . = ALIGN (0x4)

.text           0x080001c8     0x2528
                0x080001c8                . = ALIGN (0x4)
 *(.text)
 .text          0x080001c8       0x40 c:/program files (x86)/atollic/truestudio for arm 7.1.0/armtools/bin/../lib/gcc/arm-atollic-eabi/5.3.1/armv7e-m/fpu/fpv5-sp-d16/crtbegin.o
 *(.text*)
 .text.Reset_Handler
                0x08000208       0x50 Drivers\CMSIS\Device\ST\STM32F7xx\Source\Templates\gcc\startup_stm32f746xx.o
                0x08000208                Reset_Handler
 .text.Default_Handler
                0x08000258        0x2 Drivers\CMSIS\Device\ST\STM32F7xx\Source\Templates\gcc\startup_stm32f746xx.o
                0x08000258                RTC_Alarm_IRQHandler
                0x08000258                EXTI2_IRQHandler
                0x08000258                TIM8_CC_IRQHandler
                0x08000258                UART8_IRQHandler
                0x08000258                SPI4_IRQHandler
                0x08000258                TIM1_CC_IRQHandler
                0x08000258                DMA2_Stream5_IRQHandler
                0x08000258                DMA1_Stream5_IRQHandler
                0x08000258                PVD_IRQHandler
                0x08000258                TAMP_STAMP_IRQHandler
                0x08000258                CAN2_RX1_IRQHandler
                0x08000258                EXTI3_IRQHandler
                0x08000258                TIM8_TRG_COM_TIM14_IRQHandler
                0x08000258                TIM1_UP_TIM10_IRQHandler
                0x08000258                TIM8_UP_TIM13_IRQHandler
                0x08000258                I2C3_ER_IRQHandler
                0x08000258                EXTI0_IRQHandler
                0x08000258                I2C2_EV_IRQHandler
                0x08000258                DMA1_Stream2_IRQHandler
                0x08000258                CAN1_RX0_IRQHandler
                0x08000258                FPU_IRQHandler
                0x08000258                OTG_HS_WKUP_IRQHandler
                0x08000258                LTDC_ER_IRQHandler
                0x08000258                CAN2_SCE_IRQHandler
                0x08000258                DMA2_Stream2_IRQHandler
                0x08000258                SPI1_IRQHandler
                0x08000258                TIM6_DAC_IRQHandler
                0x08000258                TIM1_BRK_TIM9_IRQHandler
                0x08000258                DCMI_IRQHandler
                0x08000258                CAN2_RX0_IRQHandler
                0x08000258                DMA2_Stream3_IRQHandler
                0x08000258                SAI2_IRQHandler
                0x08000258                USART6_IRQHandler
                0x08000258                USART3_IRQHandler
                0x08000258                CAN1_RX1_IRQHandler
                0x08000258                UART5_IRQHandler
                0x08000258                DMA2_Stream0_IRQHandler
                0x08000258                TIM4_IRQHandler
                0x08000258                QUADSPI_IRQHandler
                0x08000258                I2C1_EV_IRQHandler
                0x08000258                DMA1_Stream6_IRQHandler
                0x08000258                DMA1_Stream1_IRQHandler
                0x08000258                UART4_IRQHandler
                0x08000258                TIM3_IRQHandler
                0x08000258                RCC_IRQHandler
                0x08000258                TIM8_BRK_TIM12_IRQHandler
                0x08000258                Default_Handler
                0x08000258                CEC_IRQHandler
                0x08000258                EXTI15_10_IRQHandler
                0x08000258                ADC_IRQHandler
                0x08000258                DMA1_Stream7_IRQHandler
                0x08000258                SPI5_IRQHandler
                0x08000258                TIM7_IRQHandler
                0x08000258                SDMMC1_IRQHandler
                0x08000258                CAN2_TX_IRQHandler
                0x08000258                TIM5_IRQHandler
                0x08000258                DMA2_Stream7_IRQHandler
                0x08000258                I2C3_EV_IRQHandler
                0x08000258                EXTI9_5_IRQHandler
                0x08000258                RTC_WKUP_IRQHandler
                0x08000258                LTDC_IRQHandler
                0x08000258                ETH_WKUP_IRQHandler
                0x08000258                SPDIF_RX_IRQHandler
                0x08000258                SPI2_IRQHandler
                0x08000258                OTG_HS_EP1_IN_IRQHandler
                0x08000258                DMA1_Stream0_IRQHandler
                0x08000258                CAN1_TX_IRQHandler
                0x08000258                EXTI4_IRQHandler
                0x08000258                RNG_IRQHandler
                0x08000258                ETH_IRQHandler
                0x08000258                OTG_HS_EP1_OUT_IRQHandler
                0x08000258                WWDG_IRQHandler
                0x08000258                SPI6_IRQHandler
                0x08000258                I2C4_EV_IRQHandler
                0x08000258                TIM2_IRQHandler
                0x08000258                OTG_FS_WKUP_IRQHandler
                0x08000258                TIM1_TRG_COM_TIM11_IRQHandler
                0x08000258                OTG_HS_IRQHandler
                0x08000258                DMA2D_IRQHandler
                0x08000258                EXTI1_IRQHandler
                0x08000258                UART7_IRQHandler
                0x08000258                USART2_IRQHandler
                0x08000258                I2C2_ER_IRQHandler
                0x08000258                DMA2_Stream1_IRQHandler
                0x08000258                CAN1_SCE_IRQHandler
                0x08000258                FLASH_IRQHandler
                0x08000258                DMA2_Stream4_IRQHandler
                0x08000258                USART1_IRQHandler
                0x08000258                OTG_FS_IRQHandler
                0x08000258                SPI3_IRQHandler
                0x08000258                DMA1_Stream4_IRQHandler
                0x08000258                I2C1_ER_IRQHandler
                0x08000258                FMC_IRQHandler
                0x08000258                LPTIM1_IRQHandler
                0x08000258                I2C4_ER_IRQHandler
                0x08000258                DMA2_Stream6_IRQHandler
                0x08000258                SAI1_IRQHandler
                0x08000258                DMA1_Stream3_IRQHandler
 *fill*         0x0800025a        0x2 
 .text.HAL_InitTick
                0x0800025c       0x28 Drivers\STM32F7xx_HAL_Driver\Src\stm32f7xx_hal.o
                0x0800025c                HAL_InitTick
 .text.HAL_Init
                0x08000284       0x16 Drivers\STM32F7xx_HAL_Driver\Src\stm32f7xx_hal.o
                0x08000284                HAL_Init
 *fill*         0x0800029a        0x2 
 .text.HAL_IncTick
                0x0800029c       0x10 Drivers\STM32F7xx_HAL_Driver\Src\stm32f7xx_hal.o
                0x0800029c                HAL_IncTick
 .text.HAL_GetTick
                0x080002ac        0xc Drivers\STM32F7xx_HAL_Driver\Src\stm32f7xx_hal.o
                0x080002ac                HAL_GetTick
 .text.HAL_ADC_Init
                0x080002b8      0x154 Drivers\STM32F7xx_HAL_Driver\Src\stm32f7xx_hal_adc.o
                0x080002b8                HAL_ADC_Init
 .text.HAL_ADC_ConfigChannel
                0x0800040c      0x140 Drivers\STM32F7xx_HAL_Driver\Src\stm32f7xx_hal_adc.o
                0x0800040c                HAL_ADC_ConfigChannel
 .text.HAL_NVIC_SetPriorityGrouping
                0x0800054c       0x24 Drivers\STM32F7xx_HAL_Driver\Src\stm32f7xx_hal_cortex.o
                0x0800054c                HAL_NVIC_SetPriorityGrouping
 .text.HAL_NVIC_SetPriority
                0x08000570       0x70 Drivers\STM32F7xx_HAL_Driver\Src\stm32f7xx_hal_cortex.o
                0x08000570                HAL_NVIC_SetPriority
 .text.HAL_SYSTICK_Config
                0x080005e0       0x2c Drivers\STM32F7xx_HAL_Driver\Src\stm32f7xx_hal_cortex.o
                0x080005e0                HAL_SYSTICK_Config
 .text.HAL_SYSTICK_CLKSourceConfig
                0x0800060c       0x18 Drivers\STM32F7xx_HAL_Driver\Src\stm32f7xx_hal_cortex.o
                0x0800060c                HAL_SYSTICK_CLKSourceConfig
 .text.HAL_SYSTICK_Callback
                0x08000624        0x2 Drivers\STM32F7xx_HAL_Driver\Src\stm32f7xx_hal_cortex.o
                0x08000624                HAL_SYSTICK_Callback
 .text.HAL_SYSTICK_IRQHandler
                0x08000626        0x8 Drivers\STM32F7xx_HAL_Driver\Src\stm32f7xx_hal_cortex.o
                0x08000626                HAL_SYSTICK_IRQHandler
 *fill*         0x0800062e        0x2 
 .text.HAL_GPIO_Init
                0x08000630      0x1d8 Drivers\STM32F7xx_HAL_Driver\Src\stm32f7xx_hal_gpio.o
                0x08000630                HAL_GPIO_Init
 .text.HAL_GPIO_WritePin
                0x08000808        0x8 Drivers\STM32F7xx_HAL_Driver\Src\stm32f7xx_hal_gpio.o
                0x08000808                HAL_GPIO_WritePin
 .text.HAL_RCC_OscConfig
                0x08000810      0x338 Drivers\STM32F7xx_HAL_Driver\Src\stm32f7xx_hal_rcc.o
                0x08000810                HAL_RCC_OscConfig
 .text.HAL_RCC_GetSysClockFreq
                0x08000b48       0x7c Drivers\STM32F7xx_HAL_Driver\Src\stm32f7xx_hal_rcc.o
                0x08000b48                HAL_RCC_GetSysClockFreq
 .text.HAL_RCC_ClockConfig
                0x08000bc4      0x154 Drivers\STM32F7xx_HAL_Driver\Src\stm32f7xx_hal_rcc.o
                0x08000bc4                HAL_RCC_ClockConfig
 .text.HAL_RCC_GetHCLKFreq
                0x08000d18        0xc Drivers\STM32F7xx_HAL_Driver\Src\stm32f7xx_hal_rcc.o
                0x08000d18                HAL_RCC_GetHCLKFreq
 .text.HAL_RCC_GetPCLK1Freq
                0x08000d24       0x30 Drivers\STM32F7xx_HAL_Driver\Src\stm32f7xx_hal_rcc.o
                0x08000d24                HAL_RCC_GetPCLK1Freq
 .text.HAL_RCC_GetPCLK2Freq
                0x08000d54       0x30 Drivers\STM32F7xx_HAL_Driver\Src\stm32f7xx_hal_rcc.o
                0x08000d54                HAL_RCC_GetPCLK2Freq
 .text.HAL_RCCEx_PeriphCLKConfig
                0x08000d84      0x74c Drivers\STM32F7xx_HAL_Driver\Src\stm32f7xx_hal_rcc_ex.o
                0x08000d84                HAL_RCCEx_PeriphCLKConfig
 .text.HAL_SPI_Init
                0x080014d0       0xac Drivers\STM32F7xx_HAL_Driver\Src\stm32f7xx_hal_spi.o
                0x080014d0                HAL_SPI_Init
 .text.TIM_Base_SetConfig
                0x0800157c       0xc8 Drivers\STM32F7xx_HAL_Driver\Src\stm32f7xx_hal_tim.o
                0x0800157c                TIM_Base_SetConfig
 .text.HAL_TIM_PWM_Init
                0x08001644       0x34 Drivers\STM32F7xx_HAL_Driver\Src\stm32f7xx_hal_tim.o
                0x08001644                HAL_TIM_PWM_Init
 .text.HAL_TIM_IC_Init
                0x08001678       0x34 Drivers\STM32F7xx_HAL_Driver\Src\stm32f7xx_hal_tim.o
                0x08001678                HAL_TIM_IC_Init
 .text.TIM_OC1_SetConfig
                0x080016ac       0x5c Drivers\STM32F7xx_HAL_Driver\Src\stm32f7xx_hal_tim.o
                0x080016ac                TIM_OC1_SetConfig
 .text.TIM_OC2_SetConfig
                0x08001708       0x68 Drivers\STM32F7xx_HAL_Driver\Src\stm32f7xx_hal_tim.o
                0x08001708                TIM_OC2_SetConfig
 .text.TIM_OC3_SetConfig
                0x08001770       0x64 Drivers\STM32F7xx_HAL_Driver\Src\stm32f7xx_hal_tim.o
                0x08001770                TIM_OC3_SetConfig
 .text.TIM_OC4_SetConfig
                0x080017d4       0x54 Drivers\STM32F7xx_HAL_Driver\Src\stm32f7xx_hal_tim.o
                0x080017d4                TIM_OC4_SetConfig
 .text.TIM_TI1_SetConfig
                0x08001828       0x74 Drivers\STM32F7xx_HAL_Driver\Src\stm32f7xx_hal_tim.o
                0x08001828                TIM_TI1_SetConfig
 .text.HAL_TIM_IC_ConfigChannel
                0x0800189c      0x112 Drivers\STM32F7xx_HAL_Driver\Src\stm32f7xx_hal_tim.o
                0x0800189c                HAL_TIM_IC_ConfigChannel
 .text.TIM_CCxChannelCmd
                0x080019ae       0x1a Drivers\STM32F7xx_HAL_Driver\Src\stm32f7xx_hal_tim.o
                0x080019ae                TIM_CCxChannelCmd
 .text.HAL_TIM_PWM_Start
                0x080019c8       0x34 Drivers\STM32F7xx_HAL_Driver\Src\stm32f7xx_hal_tim.o
                0x080019c8                HAL_TIM_PWM_Start
 .text.TIM_OC5_SetConfig
                0x080019fc       0x50 Drivers\STM32F7xx_HAL_Driver\Src\stm32f7xx_hal_tim_ex.o
 .text.TIM_OC6_SetConfig
                0x08001a4c       0x50 Drivers\STM32F7xx_HAL_Driver\Src\stm32f7xx_hal_tim_ex.o
 .text.HAL_TIM_PWM_ConfigChannel
                0x08001a9c      0x10a Drivers\STM32F7xx_HAL_Driver\Src\stm32f7xx_hal_tim_ex.o
                0x08001a9c                HAL_TIM_PWM_ConfigChannel
 *fill*         0x08001ba6        0x2 
 .text.HAL_TIMEx_MasterConfigSynchronization
                0x08001ba8       0x4c Drivers\STM32F7xx_HAL_Driver\Src\stm32f7xx_hal_tim_ex.o
                0x08001ba8                HAL_TIMEx_MasterConfigSynchronization
 .text.UART_WaitOnFlagUntilTimeout
                0x08001bf4       0x62 Drivers\STM32F7xx_HAL_Driver\Src\stm32f7xx_hal_uart.o
                0x08001bf4                UART_WaitOnFlagUntilTimeout
 *fill*         0x08001c56        0x2 
 .text.UART_SetConfig
                0x08001c58      0x268 Drivers\STM32F7xx_HAL_Driver\Src\stm32f7xx_hal_uart.o
                0x08001c58                UART_SetConfig
 .text.UART_AdvFeatureConfig
                0x08001ec0       0xaa Drivers\STM32F7xx_HAL_Driver\Src\stm32f7xx_hal_uart.o
                0x08001ec0                UART_AdvFeatureConfig
 .text.UART_CheckIdleState
                0x08001f6a       0x68 Drivers\STM32F7xx_HAL_Driver\Src\stm32f7xx_hal_uart.o
                0x08001f6a                UART_CheckIdleState
 .text.HAL_UART_Init
                0x08001fd2       0x64 Drivers\STM32F7xx_HAL_Driver\Src\stm32f7xx_hal_uart.o
                0x08001fd2                HAL_UART_Init
 *fill*         0x08002036        0x2 
 .text.SystemClock_Config
                0x08002038       0xa4 Src\main.o
                0x08002038                SystemClock_Config
 .text.startup.main
                0x080020dc      0x310 Src\main.o
                0x080020dc                main
 .text.HAL_MspInit
                0x080023ec       0x60 Src\stm32f7xx_hal_msp.o
                0x080023ec                HAL_MspInit
 .text.HAL_ADC_MspInit
                0x0800244c       0x54 Src\stm32f7xx_hal_msp.o
                0x0800244c                HAL_ADC_MspInit
 .text.HAL_SPI_MspInit
                0x080024a0       0x4c Src\stm32f7xx_hal_msp.o
                0x080024a0                HAL_SPI_MspInit
 .text.HAL_TIM_IC_MspInit
                0x080024ec       0x4c Src\stm32f7xx_hal_msp.o
                0x080024ec                HAL_TIM_IC_MspInit
 .text.HAL_TIM_PWM_MspInit
                0x08002538       0x48 Src\stm32f7xx_hal_msp.o
                0x08002538                HAL_TIM_PWM_MspInit
 .text.HAL_TIM_MspPostInit
                0x08002580       0x54 Src\stm32f7xx_hal_msp.o
                0x08002580                HAL_TIM_MspPostInit
 .text.HAL_UART_MspInit
                0x080025d4       0x4c Src\stm32f7xx_hal_msp.o
                0x080025d4                HAL_UART_MspInit
 .text.NMI_Handler
                0x08002620        0x2 Src\stm32f7xx_it.o
                0x08002620                NMI_Handler
 .text.HardFault_Handler
                0x08002622        0x2 Src\stm32f7xx_it.o
                0x08002622                HardFault_Handler
 .text.MemManage_Handler
                0x08002624        0x2 Src\stm32f7xx_it.o
                0x08002624                MemManage_Handler
 .text.BusFault_Handler
                0x08002626        0x2 Src\stm32f7xx_it.o
                0x08002626                BusFault_Handler
 .text.UsageFault_Handler
                0x08002628        0x2 Src\stm32f7xx_it.o
                0x08002628                UsageFault_Handler
 .text.SVC_Handler
                0x0800262a        0x2 Src\stm32f7xx_it.o
                0x0800262a                SVC_Handler
 .text.DebugMon_Handler
                0x0800262c        0x2 Src\stm32f7xx_it.o
                0x0800262c                DebugMon_Handler
 .text.PendSV_Handler
                0x0800262e        0x2 Src\stm32f7xx_it.o
                0x0800262e                PendSV_Handler
 .text.SysTick_Handler
                0x08002630        0xe Src\stm32f7xx_it.o
                0x08002630                SysTick_Handler
 *fill*         0x0800263e        0x2 
 .text.SystemInit
                0x08002640       0x4c Src\system_stm32f7xx.o
                0x08002640                SystemInit
 .text.__libc_init_array
                0x0800268c       0x4c c:/program files (x86)/atollic/truestudio for arm 7.1.0/armtools/bin/../lib/gcc/arm-atollic-eabi/5.3.1/../../../../arm-atollic-eabi/lib/armv7e-m/fpu/fpv5-sp-d16\libc_nano.a(lib_a-init.o)
                0x0800268c                __libc_init_array
 *(.glue_7)
 .glue_7        0x080026d8        0x0 linker stubs
 *(.glue_7t)
 .glue_7t       0x080026d8        0x0 linker stubs
 *(.eh_frame)
 .eh_frame      0x080026d8        0x0 c:/program files (x86)/atollic/truestudio for arm 7.1.0/armtools/bin/../lib/gcc/arm-atollic-eabi/5.3.1/armv7e-m/fpu/fpv5-sp-d16/crtbegin.o
 *(.init)
 .init          0x080026d8        0x4 c:/program files (x86)/atollic/truestudio for arm 7.1.0/armtools/bin/../lib/gcc/arm-atollic-eabi/5.3.1/armv7e-m/fpu/fpv5-sp-d16/crti.o
                0x080026d8                _init
 .init          0x080026dc        0x8 c:/program files (x86)/atollic/truestudio for arm 7.1.0/armtools/bin/../lib/gcc/arm-atollic-eabi/5.3.1/armv7e-m/fpu/fpv5-sp-d16/crtn.o
 *(.fini)
 .fini          0x080026e4        0x4 c:/program files (x86)/atollic/truestudio for arm 7.1.0/armtools/bin/../lib/gcc/arm-atollic-eabi/5.3.1/armv7e-m/fpu/fpv5-sp-d16/crti.o
                0x080026e4                _fini
 .fini          0x080026e8        0x8 c:/program files (x86)/atollic/truestudio for arm 7.1.0/armtools/bin/../lib/gcc/arm-atollic-eabi/5.3.1/armv7e-m/fpu/fpv5-sp-d16/crtn.o
                0x080026f0                . = ALIGN (0x4)
                0x080026f0                _etext = .

.vfp11_veneer   0x080026f0        0x0
 .vfp11_veneer  0x080026f0        0x0 linker stubs

.v4_bx          0x080026f0        0x0
 .v4_bx         0x080026f0        0x0 linker stubs

.iplt           0x080026f0        0x0
 .iplt          0x080026f0        0x0 c:/program files (x86)/atollic/truestudio for arm 7.1.0/armtools/bin/../lib/gcc/arm-atollic-eabi/5.3.1/armv7e-m/fpu/fpv5-sp-d16/crtbegin.o

.rodata         0x080026f0       0x2c
                0x080026f0                . = ALIGN (0x4)
 *(.rodata)
 *(.rodata*)
 .rodata.CSWTCH.39
                0x080026f0        0x4 Drivers\STM32F7xx_HAL_Driver\Src\stm32f7xx_hal_uart.o
 .rodata.CSWTCH.40
                0x080026f4        0xd Drivers\STM32F7xx_HAL_Driver\Src\stm32f7xx_hal_uart.o
 .rodata.AHBPrescTable
                0x08002701       0x10 Src\system_stm32f7xx.o
                0x08002701                AHBPrescTable
 .rodata.APBPrescTable
                0x08002711        0x8 Src\system_stm32f7xx.o
                0x08002711                APBPrescTable
                0x0800271c                . = ALIGN (0x4)
 *fill*         0x08002719        0x3 

.rel.dyn        0x0800271c        0x0
 .rel.iplt      0x0800271c        0x0 c:/program files (x86)/atollic/truestudio for arm 7.1.0/armtools/bin/../lib/gcc/arm-atollic-eabi/5.3.1/armv7e-m/fpu/fpv5-sp-d16/crtbegin.o

.ARM.extab
 *(.ARM.extab* .gnu.linkonce.armextab.*)

.ARM            0x0800271c        0x0
                0x0800271c                __exidx_start = .
 *(.ARM.exidx*)
                0x0800271c                __exidx_end = .

.preinit_array  0x0800271c        0x0
                0x0800271c                PROVIDE (__preinit_array_start, .)
 *(.preinit_array*)
                0x0800271c                PROVIDE (__preinit_array_end, .)

.init_array     0x0800271c        0x4
                0x0800271c                PROVIDE (__init_array_start, .)
 *(SORT(.init_array.*))
 *(.init_array*)
 .init_array    0x0800271c        0x4 c:/program files (x86)/atollic/truestudio for arm 7.1.0/armtools/bin/../lib/gcc/arm-atollic-eabi/5.3.1/armv7e-m/fpu/fpv5-sp-d16/crtbegin.o
                0x08002720                PROVIDE (__init_array_end, .)

.fini_array     0x08002720        0x4
                [!provide]                PROVIDE (__fini_array_start, .)
 *(SORT(.fini_array.*))
 *(.fini_array*)
 .fini_array    0x08002720        0x4 c:/program files (x86)/atollic/truestudio for arm 7.1.0/armtools/bin/../lib/gcc/arm-atollic-eabi/5.3.1/armv7e-m/fpu/fpv5-sp-d16/crtbegin.o
                [!provide]                PROVIDE (__fini_array_end, .)
                0x08002724                _sidata = LOADADDR (.data)

.data           0x20000000        0x4 load address 0x08002724
                0x20000000                . = ALIGN (0x4)
                0x20000000                _sdata = .
 *(.data)
 *(.data*)
 .data.SystemCoreClock
                0x20000000        0x4 Src\system_stm32f7xx.o
                0x20000000                SystemCoreClock
                0x20000004                . = ALIGN (0x4)
                0x20000004                _edata = .

.igot.plt       0x20000004        0x0 load address 0x08002728
 .igot.plt      0x20000004        0x0 c:/program files (x86)/atollic/truestudio for arm 7.1.0/armtools/bin/../lib/gcc/arm-atollic-eabi/5.3.1/armv7e-m/fpu/fpv5-sp-d16/crtbegin.o
                0x20000004                . = ALIGN (0x4)

.bss            0x20000004      0x1f4 load address 0x08002728
                0x20000004                _sbss = .
                0x20000004                __bss_start__ = _sbss
 *(.bss)
 .bss           0x20000004       0x1c c:/program files (x86)/atollic/truestudio for arm 7.1.0/armtools/bin/../lib/gcc/arm-atollic-eabi/5.3.1/armv7e-m/fpu/fpv5-sp-d16/crtbegin.o
 *(.bss*)
 .bss.uhPrescalerValue
                0x20000020        0x4 Src\main.o
                0x20000020                uhPrescalerValue
 *(COMMON)
 COMMON         0x20000024        0x4 Drivers\STM32F7xx_HAL_Driver\Src\stm32f7xx_hal.o
                0x20000024                uwTick
 COMMON         0x20000028      0x1d0 Src\main.o
                0x20000028                htim4
                0x20000064                hadc1
                0x200000ac                huart1
                0x2000011c                htim1
                0x20000158                hspi1
                0x200001bc                htim2
                0x200001f8                . = ALIGN (0x4)
                0x200001f8                _ebss = .
                0x200001f8                __bss_end__ = _ebss

._user_heap_stack
                0x200001f8      0x600 load address 0x08002728
                0x200001f8                . = ALIGN (0x4)
                [!provide]                PROVIDE (end, .)
                [!provide]                PROVIDE (_end, .)
                0x200003f8                . = (. + _Min_Heap_Size)
 *fill*         0x200001f8      0x200 
                0x200007f8                . = (. + _Min_Stack_Size)
 *fill*         0x200003f8      0x400 
                0x200007f8                . = ALIGN (0x4)

/DISCARD/
 libc.a(*)
 libm.a(*)
 libgcc.a(*)

.ARM.attributes
                0x00000000       0x30
 *(.ARM.attributes)
 .ARM.attributes
                0x00000000       0x22 c:/program files (x86)/atollic/truestudio for arm 7.1.0/armtools/bin/../lib/gcc/arm-atollic-eabi/5.3.1/armv7e-m/fpu/fpv5-sp-d16/crti.o
 .ARM.attributes
                0x00000022       0x34 c:/program files (x86)/atollic/truestudio for arm 7.1.0/armtools/bin/../lib/gcc/arm-atollic-eabi/5.3.1/armv7e-m/fpu/fpv5-sp-d16/crtbegin.o
 .ARM.attributes
                0x00000056       0x21 Drivers\CMSIS\Device\ST\STM32F7xx\Source\Templates\gcc\startup_stm32f746xx.o
 .ARM.attributes
                0x00000077       0x39 Drivers\STM32F7xx_HAL_Driver\Src\stm32f7xx_hal.o
 .ARM.attributes
                0x000000b0       0x39 Drivers\STM32F7xx_HAL_Driver\Src\stm32f7xx_hal_adc.o
 .ARM.attributes
                0x000000e9       0x39 Drivers\STM32F7xx_HAL_Driver\Src\stm32f7xx_hal_cortex.o
 .ARM.attributes
                0x00000122       0x39 Drivers\STM32F7xx_HAL_Driver\Src\stm32f7xx_hal_gpio.o
 .ARM.attributes
                0x0000015b       0x39 Drivers\STM32F7xx_HAL_Driver\Src\stm32f7xx_hal_rcc.o
 .ARM.attributes
                0x00000194       0x39 Drivers\STM32F7xx_HAL_Driver\Src\stm32f7xx_hal_rcc_ex.o
 .ARM.attributes
                0x000001cd       0x39 Drivers\STM32F7xx_HAL_Driver\Src\stm32f7xx_hal_spi.o
 .ARM.attributes
                0x00000206       0x39 Drivers\STM32F7xx_HAL_Driver\Src\stm32f7xx_hal_tim.o
 .ARM.attributes
                0x0000023f       0x39 Drivers\STM32F7xx_HAL_Driver\Src\stm32f7xx_hal_tim_ex.o
 .ARM.attributes
                0x00000278       0x39 Drivers\STM32F7xx_HAL_Driver\Src\stm32f7xx_hal_uart.o
 .ARM.attributes
                0x000002b1       0x39 Src\main.o
 .ARM.attributes
                0x000002ea       0x39 Src\stm32f7xx_hal_msp.o
 .ARM.attributes
                0x00000323       0x39 Src\stm32f7xx_it.o
 .ARM.attributes
                0x0000035c       0x39 Src\system_stm32f7xx.o
 .ARM.attributes
                0x00000395       0x34 c:/program files (x86)/atollic/truestudio for arm 7.1.0/armtools/bin/../lib/gcc/arm-atollic-eabi/5.3.1/../../../../arm-atollic-eabi/lib/armv7e-m/fpu/fpv5-sp-d16\libc_nano.a(lib_a-init.o)
 .ARM.attributes
                0x000003c9       0x22 c:/program files (x86)/atollic/truestudio for arm 7.1.0/armtools/bin/../lib/gcc/arm-atollic-eabi/5.3.1/armv7e-m/fpu/fpv5-sp-d16/crtn.o
OUTPUT(mm747.elf elf32-littlearm)

.debug_line     0x00000000     0x5c10
 .debug_line    0x00000000       0xae Drivers\CMSIS\Device\ST\STM32F7xx\Source\Templates\gcc\startup_stm32f746xx.o
 .debug_line    0x000000ae      0x39a Drivers\STM32F7xx_HAL_Driver\Src\stm32f7xx_hal.o
 .debug_line    0x00000448      0x6dc Drivers\STM32F7xx_HAL_Driver\Src\stm32f7xx_hal_adc.o
 .debug_line    0x00000b24      0x430 Drivers\STM32F7xx_HAL_Driver\Src\stm32f7xx_hal_cortex.o
 .debug_line    0x00000f54      0x3f3 Drivers\STM32F7xx_HAL_Driver\Src\stm32f7xx_hal_gpio.o
 .debug_line    0x00001347      0x62b Drivers\STM32F7xx_HAL_Driver\Src\stm32f7xx_hal_rcc.o
 .debug_line    0x00001972      0x64e Drivers\STM32F7xx_HAL_Driver\Src\stm32f7xx_hal_rcc_ex.o
 .debug_line    0x00001fc0      0xc02 Drivers\STM32F7xx_HAL_Driver\Src\stm32f7xx_hal_spi.o
 .debug_line    0x00002bc2     0x116a Drivers\STM32F7xx_HAL_Driver\Src\stm32f7xx_hal_tim.o
 .debug_line    0x00003d2c      0x808 Drivers\STM32F7xx_HAL_Driver\Src\stm32f7xx_hal_tim_ex.o
 .debug_line    0x00004534      0xb41 Drivers\STM32F7xx_HAL_Driver\Src\stm32f7xx_hal_uart.o
 .debug_line    0x00005075      0x428 Src\main.o
 .debug_line    0x0000549d      0x3c2 Src\stm32f7xx_hal_msp.o
 .debug_line    0x0000585f      0x1f3 Src\stm32f7xx_it.o
 .debug_line    0x00005a52      0x1be Src\system_stm32f7xx.o

.debug_info     0x00000000    0x1003b
 .debug_info    0x00000000       0xa5 Drivers\CMSIS\Device\ST\STM32F7xx\Source\Templates\gcc\startup_stm32f746xx.o
 .debug_info    0x000000a5      0x8e3 Drivers\STM32F7xx_HAL_Driver\Src\stm32f7xx_hal.o
 .debug_info    0x00000988      0xcbe Drivers\STM32F7xx_HAL_Driver\Src\stm32f7xx_hal_adc.o
 .debug_info    0x00001646     0x111d Drivers\STM32F7xx_HAL_Driver\Src\stm32f7xx_hal_cortex.o
 .debug_info    0x00002763      0x754 Drivers\STM32F7xx_HAL_Driver\Src\stm32f7xx_hal_gpio.o
 .debug_info    0x00002eb7      0xccf Drivers\STM32F7xx_HAL_Driver\Src\stm32f7xx_hal_rcc.o
 .debug_info    0x00003b86      0xf68 Drivers\STM32F7xx_HAL_Driver\Src\stm32f7xx_hal_rcc_ex.o
 .debug_info    0x00004aee     0x1ea5 Drivers\STM32F7xx_HAL_Driver\Src\stm32f7xx_hal_spi.o
 .debug_info    0x00006993     0x2d3d Drivers\STM32F7xx_HAL_Driver\Src\stm32f7xx_hal_tim.o
 .debug_info    0x000096d0     0x131a Drivers\STM32F7xx_HAL_Driver\Src\stm32f7xx_hal_tim_ex.o
 .debug_info    0x0000a9ea     0x17be Drivers\STM32F7xx_HAL_Driver\Src\stm32f7xx_hal_uart.o
 .debug_info    0x0000c1a8     0x1f34 Src\main.o
 .debug_info    0x0000e0dc     0x1738 Src\stm32f7xx_hal_msp.o
 .debug_info    0x0000f814      0x142 Src\stm32f7xx_it.o
 .debug_info    0x0000f956      0x6e5 Src\system_stm32f7xx.o

.debug_abbrev   0x00000000     0x216d
 .debug_abbrev  0x00000000       0x12 Drivers\CMSIS\Device\ST\STM32F7xx\Source\Templates\gcc\startup_stm32f746xx.o
 .debug_abbrev  0x00000012      0x1e2 Drivers\STM32F7xx_HAL_Driver\Src\stm32f7xx_hal.o
 .debug_abbrev  0x000001f4      0x2c5 Drivers\STM32F7xx_HAL_Driver\Src\stm32f7xx_hal_adc.o
 .debug_abbrev  0x000004b9      0x32f Drivers\STM32F7xx_HAL_Driver\Src\stm32f7xx_hal_cortex.o
 .debug_abbrev  0x000007e8      0x1c8 Drivers\STM32F7xx_HAL_Driver\Src\stm32f7xx_hal_gpio.o
 .debug_abbrev  0x000009b0      0x2da Drivers\STM32F7xx_HAL_Driver\Src\stm32f7xx_hal_rcc.o
 .debug_abbrev  0x00000c8a      0x22e Drivers\STM32F7xx_HAL_Driver\Src\stm32f7xx_hal_rcc_ex.o
 .debug_abbrev  0x00000eb8      0x32a Drivers\STM32F7xx_HAL_Driver\Src\stm32f7xx_hal_spi.o
 .debug_abbrev  0x000011e2      0x311 Drivers\STM32F7xx_HAL_Driver\Src\stm32f7xx_hal_tim.o
 .debug_abbrev  0x000014f3      0x270 Drivers\STM32F7xx_HAL_Driver\Src\stm32f7xx_hal_tim_ex.o
 .debug_abbrev  0x00001763      0x329 Drivers\STM32F7xx_HAL_Driver\Src\stm32f7xx_hal_uart.o
 .debug_abbrev  0x00001a8c      0x2b7 Src\main.o
 .debug_abbrev  0x00001d43      0x22d Src\stm32f7xx_hal_msp.o
 .debug_abbrev  0x00001f70       0xe0 Src\stm32f7xx_it.o
 .debug_abbrev  0x00002050      0x11d Src\system_stm32f7xx.o

.debug_aranges  0x00000000      0xad8
 .debug_aranges
                0x00000000       0x28 Drivers\CMSIS\Device\ST\STM32F7xx\Source\Templates\gcc\startup_stm32f746xx.o
 .debug_aranges
                0x00000028       0xc8 Drivers\STM32F7xx_HAL_Driver\Src\stm32f7xx_hal.o
 .debug_aranges
                0x000000f0       0xb8 Drivers\STM32F7xx_HAL_Driver\Src\stm32f7xx_hal_adc.o
 .debug_aranges
                0x000001a8       0xa8 Drivers\STM32F7xx_HAL_Driver\Src\stm32f7xx_hal_cortex.o
 .debug_aranges
                0x00000250       0x58 Drivers\STM32F7xx_HAL_Driver\Src\stm32f7xx_hal_gpio.o
 .debug_aranges
                0x000002a8       0x88 Drivers\STM32F7xx_HAL_Driver\Src\stm32f7xx_hal_rcc.o
 .debug_aranges
                0x00000330       0x30 Drivers\STM32F7xx_HAL_Driver\Src\stm32f7xx_hal_rcc_ex.o
 .debug_aranges
                0x00000360      0x198 Drivers\STM32F7xx_HAL_Driver\Src\stm32f7xx_hal_spi.o
 .debug_aranges
                0x000004f8      0x260 Drivers\STM32F7xx_HAL_Driver\Src\stm32f7xx_hal_tim.o
 .debug_aranges
                0x00000758      0x120 Drivers\STM32F7xx_HAL_Driver\Src\stm32f7xx_hal_tim_ex.o
 .debug_aranges
                0x00000878      0x148 Drivers\STM32F7xx_HAL_Driver\Src\stm32f7xx_hal_uart.o
 .debug_aranges
                0x000009c0       0x30 Src\main.o
 .debug_aranges
                0x000009f0       0x78 Src\stm32f7xx_hal_msp.o
 .debug_aranges
                0x00000a68       0x48 Src\stm32f7xx_it.o
 .debug_aranges
                0x00000ab0       0x28 Src\system_stm32f7xx.o

.debug_ranges   0x00000000     0x1180
 .debug_ranges  0x00000000       0x20 Drivers\CMSIS\Device\ST\STM32F7xx\Source\Templates\gcc\startup_stm32f746xx.o
 .debug_ranges  0x00000020       0xb8 Drivers\STM32F7xx_HAL_Driver\Src\stm32f7xx_hal.o
 .debug_ranges  0x000000d8       0xc0 Drivers\STM32F7xx_HAL_Driver\Src\stm32f7xx_hal_adc.o
 .debug_ranges  0x00000198      0x150 Drivers\STM32F7xx_HAL_Driver\Src\stm32f7xx_hal_cortex.o
 .debug_ranges  0x000002e8       0x70 Drivers\STM32F7xx_HAL_Driver\Src\stm32f7xx_hal_gpio.o
 .debug_ranges  0x00000358      0x1b0 Drivers\STM32F7xx_HAL_Driver\Src\stm32f7xx_hal_rcc.o
 .debug_ranges  0x00000508      0x320 Drivers\STM32F7xx_HAL_Driver\Src\stm32f7xx_hal_rcc_ex.o
 .debug_ranges  0x00000828      0x1d0 Drivers\STM32F7xx_HAL_Driver\Src\stm32f7xx_hal_spi.o
 .debug_ranges  0x000009f8      0x2e8 Drivers\STM32F7xx_HAL_Driver\Src\stm32f7xx_hal_tim.o
 .debug_ranges  0x00000ce0      0x110 Drivers\STM32F7xx_HAL_Driver\Src\stm32f7xx_hal_tim_ex.o
 .debug_ranges  0x00000df0      0x138 Drivers\STM32F7xx_HAL_Driver\Src\stm32f7xx_hal_uart.o
 .debug_ranges  0x00000f28      0x128 Src\main.o
 .debug_ranges  0x00001050       0xe0 Src\stm32f7xx_hal_msp.o
 .debug_ranges  0x00001130       0x38 Src\stm32f7xx_it.o
 .debug_ranges  0x00001168       0x18 Src\system_stm32f7xx.o

.debug_loc      0x00000000     0x8a91
 .debug_loc     0x00000000       0x6a Drivers\STM32F7xx_HAL_Driver\Src\stm32f7xx_hal.o
 .debug_loc     0x0000006a      0x771 Drivers\STM32F7xx_HAL_Driver\Src\stm32f7xx_hal_adc.o
 .debug_loc     0x000007db      0x4ee Drivers\STM32F7xx_HAL_Driver\Src\stm32f7xx_hal_cortex.o
 .debug_loc     0x00000cc9      0x34f Drivers\STM32F7xx_HAL_Driver\Src\stm32f7xx_hal_gpio.o
 .debug_loc     0x00001018      0x49b Drivers\STM32F7xx_HAL_Driver\Src\stm32f7xx_hal_rcc.o
 .debug_loc     0x000014b3      0x9b4 Drivers\STM32F7xx_HAL_Driver\Src\stm32f7xx_hal_rcc_ex.o
 .debug_loc     0x00001e67     0x1a5e Drivers\STM32F7xx_HAL_Driver\Src\stm32f7xx_hal_spi.o
 .debug_loc     0x000038c5     0x2f22 Drivers\STM32F7xx_HAL_Driver\Src\stm32f7xx_hal_tim.o
 .debug_loc     0x000067e7      0xdb1 Drivers\STM32F7xx_HAL_Driver\Src\stm32f7xx_hal_tim_ex.o
 .debug_loc     0x00007598     0x129f Drivers\STM32F7xx_HAL_Driver\Src\stm32f7xx_hal_uart.o
 .debug_loc     0x00008837      0x16e Src\stm32f7xx_hal_msp.o
 .debug_loc     0x000089a5       0xec Src\system_stm32f7xx.o

.debug_str      0x00000000     0x3f4a
 .debug_str     0x00000000      0xb48 Drivers\STM32F7xx_HAL_Driver\Src\stm32f7xx_hal.o
                                0xb9d (size before relaxing)
 .debug_str     0x00000b48      0x669 Drivers\STM32F7xx_HAL_Driver\Src\stm32f7xx_hal_adc.o
                                0x90e (size before relaxing)
 .debug_str     0x000011b1      0x487 Drivers\STM32F7xx_HAL_Driver\Src\stm32f7xx_hal_cortex.o
                                0xdcb (size before relaxing)
 .debug_str     0x00001638      0x1a2 Drivers\STM32F7xx_HAL_Driver\Src\stm32f7xx_hal_gpio.o
                                0x53b (size before relaxing)
 .debug_str     0x000017da      0x30e Drivers\STM32F7xx_HAL_Driver\Src\stm32f7xx_hal_rcc.o
                                0x71c (size before relaxing)
 .debug_str     0x00001ae8      0x359 Drivers\STM32F7xx_HAL_Driver\Src\stm32f7xx_hal_rcc_ex.o
                                0x6d3 (size before relaxing)
 .debug_str     0x00001e41      0x655 Drivers\STM32F7xx_HAL_Driver\Src\stm32f7xx_hal_spi.o
                                0xb42 (size before relaxing)
 .debug_str     0x00002496      0xc62 Drivers\STM32F7xx_HAL_Driver\Src\stm32f7xx_hal_tim.o
                               0x1159 (size before relaxing)
 .debug_str     0x000030f8      0x4c5 Drivers\STM32F7xx_HAL_Driver\Src\stm32f7xx_hal_tim_ex.o
                                0xd76 (size before relaxing)
 .debug_str     0x000035bd      0x6d1 Drivers\STM32F7xx_HAL_Driver\Src\stm32f7xx_hal_uart.o
                                0xdc1 (size before relaxing)
 .debug_str     0x00003c8e      0x108 Src\main.o
                               0x1a5e (size before relaxing)
 .debug_str     0x00003d96       0xf2 Src\stm32f7xx_hal_msp.o
                               0x141c (size before relaxing)
 .debug_str     0x00003e88       0x7d Src\stm32f7xx_it.o
                                0x256 (size before relaxing)
 .debug_str     0x00003f05       0x45 Src\system_stm32f7xx.o
                                0x494 (size before relaxing)

.comment        0x00000000       0x7e
 .comment       0x00000000       0x7e Drivers\STM32F7xx_HAL_Driver\Src\stm32f7xx_hal.o
                                 0x7f (size before relaxing)
 .comment       0x0000007e       0x7f Drivers\STM32F7xx_HAL_Driver\Src\stm32f7xx_hal_adc.o
 .comment       0x0000007e       0x7f Drivers\STM32F7xx_HAL_Driver\Src\stm32f7xx_hal_cortex.o
 .comment       0x0000007e       0x7f Drivers\STM32F7xx_HAL_Driver\Src\stm32f7xx_hal_gpio.o
 .comment       0x0000007e       0x7f Drivers\STM32F7xx_HAL_Driver\Src\stm32f7xx_hal_rcc.o
 .comment       0x0000007e       0x7f Drivers\STM32F7xx_HAL_Driver\Src\stm32f7xx_hal_rcc_ex.o
 .comment       0x0000007e       0x7f Drivers\STM32F7xx_HAL_Driver\Src\stm32f7xx_hal_spi.o
 .comment       0x0000007e       0x7f Drivers\STM32F7xx_HAL_Driver\Src\stm32f7xx_hal_tim.o
 .comment       0x0000007e       0x7f Drivers\STM32F7xx_HAL_Driver\Src\stm32f7xx_hal_tim_ex.o
 .comment       0x0000007e       0x7f Drivers\STM32F7xx_HAL_Driver\Src\stm32f7xx_hal_uart.o
 .comment       0x0000007e       0x7f Src\main.o
 .comment       0x0000007e       0x7f Src\stm32f7xx_hal_msp.o
 .comment       0x0000007e       0x7f Src\stm32f7xx_it.o
 .comment       0x0000007e       0x7f Src\system_stm32f7xx.o

.debug_frame    0x00000000     0x201c
 .debug_frame   0x00000000      0x1a4 Drivers\STM32F7xx_HAL_Driver\Src\stm32f7xx_hal.o
 .debug_frame   0x000001a4      0x23c Drivers\STM32F7xx_HAL_Driver\Src\stm32f7xx_hal_adc.o
 .debug_frame   0x000003e0      0x150 Drivers\STM32F7xx_HAL_Driver\Src\stm32f7xx_hal_cortex.o
 .debug_frame   0x00000530       0xd4 Drivers\STM32F7xx_HAL_Driver\Src\stm32f7xx_hal_gpio.o
 .debug_frame   0x00000604      0x138 Drivers\STM32F7xx_HAL_Driver\Src\stm32f7xx_hal_rcc.o
 .debug_frame   0x0000073c       0x6c Drivers\STM32F7xx_HAL_Driver\Src\stm32f7xx_hal_rcc_ex.o
 .debug_frame   0x000007a8      0x58c Drivers\STM32F7xx_HAL_Driver\Src\stm32f7xx_hal_spi.o
 .debug_frame   0x00000d34      0x87c Drivers\STM32F7xx_HAL_Driver\Src\stm32f7xx_hal_tim.o
 .debug_frame   0x000015b0      0x3c8 Drivers\STM32F7xx_HAL_Driver\Src\stm32f7xx_hal_tim_ex.o
 .debug_frame   0x00001978      0x41c Drivers\STM32F7xx_HAL_Driver\Src\stm32f7xx_hal_uart.o
 .debug_frame   0x00001d94       0x5c Src\main.o
 .debug_frame   0x00001df0      0x124 Src\stm32f7xx_hal_msp.o
 .debug_frame   0x00001f14       0xac Src\stm32f7xx_it.o
 .debug_frame   0x00001fc0       0x30 Src\system_stm32f7xx.o
 .debug_frame   0x00001ff0       0x2c c:/program files (x86)/atollic/truestudio for arm 7.1.0/armtools/bin/../lib/gcc/arm-atollic-eabi/5.3.1/../../../../arm-atollic-eabi/lib/armv7e-m/fpu/fpv5-sp-d16\libc_nano.a(lib_a-init.o)

Cross Reference Table

Symbol                                            File
ADC_IRQHandler                                    Drivers\CMSIS\Device\ST\STM32F7xx\Source\Templates\gcc\startup_stm32f746xx.o
AHBPrescTable                                     Src\system_stm32f7xx.o
                                                  Drivers\STM32F7xx_HAL_Driver\Src\stm32f7xx_hal_rcc.o
APBPrescTable                                     Src\system_stm32f7xx.o
                                                  Drivers\STM32F7xx_HAL_Driver\Src\stm32f7xx_hal_rcc.o
BusFault_Handler                                  Src\stm32f7xx_it.o
                                                  Drivers\CMSIS\Device\ST\STM32F7xx\Source\Templates\gcc\startup_stm32f746xx.o
CAN1_RX0_IRQHandler                               Drivers\CMSIS\Device\ST\STM32F7xx\Source\Templates\gcc\startup_stm32f746xx.o
CAN1_RX1_IRQHandler                               Drivers\CMSIS\Device\ST\STM32F7xx\Source\Templates\gcc\startup_stm32f746xx.o
CAN1_SCE_IRQHandler                               Drivers\CMSIS\Device\ST\STM32F7xx\Source\Templates\gcc\startup_stm32f746xx.o
CAN1_TX_IRQHandler                                Drivers\CMSIS\Device\ST\STM32F7xx\Source\Templates\gcc\startup_stm32f746xx.o
CAN2_RX0_IRQHandler                               Drivers\CMSIS\Device\ST\STM32F7xx\Source\Templates\gcc\startup_stm32f746xx.o
CAN2_RX1_IRQHandler                               Drivers\CMSIS\Device\ST\STM32F7xx\Source\Templates\gcc\startup_stm32f746xx.o
CAN2_SCE_IRQHandler                               Drivers\CMSIS\Device\ST\STM32F7xx\Source\Templates\gcc\startup_stm32f746xx.o
CAN2_TX_IRQHandler                                Drivers\CMSIS\Device\ST\STM32F7xx\Source\Templates\gcc\startup_stm32f746xx.o
CEC_IRQHandler                                    Drivers\CMSIS\Device\ST\STM32F7xx\Source\Templates\gcc\startup_stm32f746xx.o
DCMI_IRQHandler                                   Drivers\CMSIS\Device\ST\STM32F7xx\Source\Templates\gcc\startup_stm32f746xx.o
DMA1_Stream0_IRQHandler                           Drivers\CMSIS\Device\ST\STM32F7xx\Source\Templates\gcc\startup_stm32f746xx.o
DMA1_Stream1_IRQHandler                           Drivers\CMSIS\Device\ST\STM32F7xx\Source\Templates\gcc\startup_stm32f746xx.o
DMA1_Stream2_IRQHandler                           Drivers\CMSIS\Device\ST\STM32F7xx\Source\Templates\gcc\startup_stm32f746xx.o
DMA1_Stream3_IRQHandler                           Drivers\CMSIS\Device\ST\STM32F7xx\Source\Templates\gcc\startup_stm32f746xx.o
DMA1_Stream4_IRQHandler                           Drivers\CMSIS\Device\ST\STM32F7xx\Source\Templates\gcc\startup_stm32f746xx.o
DMA1_Stream5_IRQHandler                           Drivers\CMSIS\Device\ST\STM32F7xx\Source\Templates\gcc\startup_stm32f746xx.o
DMA1_Stream6_IRQHandler                           Drivers\CMSIS\Device\ST\STM32F7xx\Source\Templates\gcc\startup_stm32f746xx.o
DMA1_Stream7_IRQHandler                           Drivers\CMSIS\Device\ST\STM32F7xx\Source\Templates\gcc\startup_stm32f746xx.o
DMA2D_IRQHandler                                  Drivers\CMSIS\Device\ST\STM32F7xx\Source\Templates\gcc\startup_stm32f746xx.o
DMA2_Stream0_IRQHandler                           Drivers\CMSIS\Device\ST\STM32F7xx\Source\Templates\gcc\startup_stm32f746xx.o
DMA2_Stream1_IRQHandler                           Drivers\CMSIS\Device\ST\STM32F7xx\Source\Templates\gcc\startup_stm32f746xx.o
DMA2_Stream2_IRQHandler                           Drivers\CMSIS\Device\ST\STM32F7xx\Source\Templates\gcc\startup_stm32f746xx.o
DMA2_Stream3_IRQHandler                           Drivers\CMSIS\Device\ST\STM32F7xx\Source\Templates\gcc\startup_stm32f746xx.o
DMA2_Stream4_IRQHandler                           Drivers\CMSIS\Device\ST\STM32F7xx\Source\Templates\gcc\startup_stm32f746xx.o
DMA2_Stream5_IRQHandler                           Drivers\CMSIS\Device\ST\STM32F7xx\Source\Templates\gcc\startup_stm32f746xx.o
DMA2_Stream6_IRQHandler                           Drivers\CMSIS\Device\ST\STM32F7xx\Source\Templates\gcc\startup_stm32f746xx.o
DMA2_Stream7_IRQHandler                           Drivers\CMSIS\Device\ST\STM32F7xx\Source\Templates\gcc\startup_stm32f746xx.o
DebugMon_Handler                                  Src\stm32f7xx_it.o
                                                  Drivers\CMSIS\Device\ST\STM32F7xx\Source\Templates\gcc\startup_stm32f746xx.o
Default_Handler                                   Drivers\CMSIS\Device\ST\STM32F7xx\Source\Templates\gcc\startup_stm32f746xx.o
ETH_IRQHandler                                    Drivers\CMSIS\Device\ST\STM32F7xx\Source\Templates\gcc\startup_stm32f746xx.o
ETH_WKUP_IRQHandler                               Drivers\CMSIS\Device\ST\STM32F7xx\Source\Templates\gcc\startup_stm32f746xx.o
EXTI0_IRQHandler                                  Drivers\CMSIS\Device\ST\STM32F7xx\Source\Templates\gcc\startup_stm32f746xx.o
EXTI15_10_IRQHandler                              Drivers\CMSIS\Device\ST\STM32F7xx\Source\Templates\gcc\startup_stm32f746xx.o
EXTI1_IRQHandler                                  Drivers\CMSIS\Device\ST\STM32F7xx\Source\Templates\gcc\startup_stm32f746xx.o
EXTI2_IRQHandler                                  Drivers\CMSIS\Device\ST\STM32F7xx\Source\Templates\gcc\startup_stm32f746xx.o
EXTI3_IRQHandler                                  Drivers\CMSIS\Device\ST\STM32F7xx\Source\Templates\gcc\startup_stm32f746xx.o
EXTI4_IRQHandler                                  Drivers\CMSIS\Device\ST\STM32F7xx\Source\Templates\gcc\startup_stm32f746xx.o
EXTI9_5_IRQHandler                                Drivers\CMSIS\Device\ST\STM32F7xx\Source\Templates\gcc\startup_stm32f746xx.o
Error_Handler                                     Src\main.o
FLASH_Erase_Sector                                Drivers\STM32F7xx_HAL_Driver\Src\stm32f7xx_hal_flash_ex.o
                                                  Drivers\STM32F7xx_HAL_Driver\Src\stm32f7xx_hal_flash.o
FLASH_IRQHandler                                  Drivers\CMSIS\Device\ST\STM32F7xx\Source\Templates\gcc\startup_stm32f746xx.o
FLASH_WaitForLastOperation                        Drivers\STM32F7xx_HAL_Driver\Src\stm32f7xx_hal_flash.o
                                                  Drivers\STM32F7xx_HAL_Driver\Src\stm32f7xx_hal_flash_ex.o
FMC_IRQHandler                                    Drivers\CMSIS\Device\ST\STM32F7xx\Source\Templates\gcc\startup_stm32f746xx.o
FPU_IRQHandler                                    Drivers\CMSIS\Device\ST\STM32F7xx\Source\Templates\gcc\startup_stm32f746xx.o
HAL_ADCEx_InjectedConfigChannel                   Drivers\STM32F7xx_HAL_Driver\Src\stm32f7xx_hal_adc_ex.o
HAL_ADCEx_InjectedConvCpltCallback                Drivers\STM32F7xx_HAL_Driver\Src\stm32f7xx_hal_adc_ex.o
                                                  Drivers\STM32F7xx_HAL_Driver\Src\stm32f7xx_hal_adc.o
HAL_ADCEx_InjectedGetValue                        Drivers\STM32F7xx_HAL_Driver\Src\stm32f7xx_hal_adc_ex.o
HAL_ADCEx_InjectedPollForConversion               Drivers\STM32F7xx_HAL_Driver\Src\stm32f7xx_hal_adc_ex.o
HAL_ADCEx_InjectedStart                           Drivers\STM32F7xx_HAL_Driver\Src\stm32f7xx_hal_adc_ex.o
HAL_ADCEx_InjectedStart_IT                        Drivers\STM32F7xx_HAL_Driver\Src\stm32f7xx_hal_adc_ex.o
HAL_ADCEx_InjectedStop                            Drivers\STM32F7xx_HAL_Driver\Src\stm32f7xx_hal_adc_ex.o
HAL_ADCEx_InjectedStop_IT                         Drivers\STM32F7xx_HAL_Driver\Src\stm32f7xx_hal_adc_ex.o
HAL_ADCEx_MultiModeConfigChannel                  Drivers\STM32F7xx_HAL_Driver\Src\stm32f7xx_hal_adc_ex.o
HAL_ADCEx_MultiModeGetValue                       Drivers\STM32F7xx_HAL_Driver\Src\stm32f7xx_hal_adc_ex.o
HAL_ADCEx_MultiModeStart_DMA                      Drivers\STM32F7xx_HAL_Driver\Src\stm32f7xx_hal_adc_ex.o
HAL_ADCEx_MultiModeStop_DMA                       Drivers\STM32F7xx_HAL_Driver\Src\stm32f7xx_hal_adc_ex.o
HAL_ADC_AnalogWDGConfig                           Drivers\STM32F7xx_HAL_Driver\Src\stm32f7xx_hal_adc.o
HAL_ADC_ConfigChannel                             Drivers\STM32F7xx_HAL_Driver\Src\stm32f7xx_hal_adc.o
                                                  Src\main.o
HAL_ADC_ConvCpltCallback                          Drivers\STM32F7xx_HAL_Driver\Src\stm32f7xx_hal_adc.o
                                                  Drivers\STM32F7xx_HAL_Driver\Src\stm32f7xx_hal_adc_ex.o
HAL_ADC_ConvHalfCpltCallback                      Drivers\STM32F7xx_HAL_Driver\Src\stm32f7xx_hal_adc.o
                                                  Drivers\STM32F7xx_HAL_Driver\Src\stm32f7xx_hal_adc_ex.o
HAL_ADC_DeInit                                    Drivers\STM32F7xx_HAL_Driver\Src\stm32f7xx_hal_adc.o
HAL_ADC_ErrorCallback                             Drivers\STM32F7xx_HAL_Driver\Src\stm32f7xx_hal_adc.o
                                                  Drivers\STM32F7xx_HAL_Driver\Src\stm32f7xx_hal_adc_ex.o
HAL_ADC_GetError                                  Drivers\STM32F7xx_HAL_Driver\Src\stm32f7xx_hal_adc.o
HAL_ADC_GetState                                  Drivers\STM32F7xx_HAL_Driver\Src\stm32f7xx_hal_adc.o
HAL_ADC_GetValue                                  Drivers\STM32F7xx_HAL_Driver\Src\stm32f7xx_hal_adc.o
HAL_ADC_IRQHandler                                Drivers\STM32F7xx_HAL_Driver\Src\stm32f7xx_hal_adc.o
HAL_ADC_Init                                      Drivers\STM32F7xx_HAL_Driver\Src\stm32f7xx_hal_adc.o
                                                  Src\main.o
HAL_ADC_LevelOutOfWindowCallback                  Drivers\STM32F7xx_HAL_Driver\Src\stm32f7xx_hal_adc.o
HAL_ADC_MspDeInit                                 Src\stm32f7xx_hal_msp.o
                                                  Drivers\STM32F7xx_HAL_Driver\Src\stm32f7xx_hal_adc.o
HAL_ADC_MspInit                                   Src\stm32f7xx_hal_msp.o
                                                  Drivers\STM32F7xx_HAL_Driver\Src\stm32f7xx_hal_adc.o
HAL_ADC_PollForConversion                         Drivers\STM32F7xx_HAL_Driver\Src\stm32f7xx_hal_adc.o
HAL_ADC_PollForEvent                              Drivers\STM32F7xx_HAL_Driver\Src\stm32f7xx_hal_adc.o
HAL_ADC_Start                                     Drivers\STM32F7xx_HAL_Driver\Src\stm32f7xx_hal_adc.o
HAL_ADC_Start_DMA                                 Drivers\STM32F7xx_HAL_Driver\Src\stm32f7xx_hal_adc.o
HAL_ADC_Start_IT                                  Drivers\STM32F7xx_HAL_Driver\Src\stm32f7xx_hal_adc.o
HAL_ADC_Stop                                      Drivers\STM32F7xx_HAL_Driver\Src\stm32f7xx_hal_adc.o
HAL_ADC_Stop_DMA                                  Drivers\STM32F7xx_HAL_Driver\Src\stm32f7xx_hal_adc.o
HAL_ADC_Stop_IT                                   Drivers\STM32F7xx_HAL_Driver\Src\stm32f7xx_hal_adc.o
HAL_DBGMCU_DisableDBGSleepMode                    Drivers\STM32F7xx_HAL_Driver\Src\stm32f7xx_hal.o
HAL_DBGMCU_DisableDBGStandbyMode                  Drivers\STM32F7xx_HAL_Driver\Src\stm32f7xx_hal.o
HAL_DBGMCU_DisableDBGStopMode                     Drivers\STM32F7xx_HAL_Driver\Src\stm32f7xx_hal.o
HAL_DBGMCU_EnableDBGSleepMode                     Drivers\STM32F7xx_HAL_Driver\Src\stm32f7xx_hal.o
HAL_DBGMCU_EnableDBGStandbyMode                   Drivers\STM32F7xx_HAL_Driver\Src\stm32f7xx_hal.o
HAL_DBGMCU_EnableDBGStopMode                      Drivers\STM32F7xx_HAL_Driver\Src\stm32f7xx_hal.o
HAL_DMAEx_ChangeMemory                            Drivers\STM32F7xx_HAL_Driver\Src\stm32f7xx_hal_dma_ex.o
HAL_DMAEx_MultiBufferStart                        Drivers\STM32F7xx_HAL_Driver\Src\stm32f7xx_hal_dma_ex.o
HAL_DMAEx_MultiBufferStart_IT                     Drivers\STM32F7xx_HAL_Driver\Src\stm32f7xx_hal_dma_ex.o
HAL_DMA_Abort                                     Drivers\STM32F7xx_HAL_Driver\Src\stm32f7xx_hal_dma.o
                                                  Drivers\STM32F7xx_HAL_Driver\Src\stm32f7xx_hal_uart.o
                                                  Drivers\STM32F7xx_HAL_Driver\Src\stm32f7xx_hal_tim.o
                                                  Drivers\STM32F7xx_HAL_Driver\Src\stm32f7xx_hal_spi.o
                                                  Drivers\STM32F7xx_HAL_Driver\Src\stm32f7xx_hal_adc_ex.o
                                                  Drivers\STM32F7xx_HAL_Driver\Src\stm32f7xx_hal_adc.o
HAL_DMA_Abort_IT                                  Drivers\STM32F7xx_HAL_Driver\Src\stm32f7xx_hal_dma.o
                                                  Drivers\STM32F7xx_HAL_Driver\Src\stm32f7xx_hal_uart.o
                                                  Drivers\STM32F7xx_HAL_Driver\Src\stm32f7xx_hal_spi.o
                                                  Drivers\STM32F7xx_HAL_Driver\Src\stm32f7xx_hal_i2c.o
HAL_DMA_DeInit                                    Drivers\STM32F7xx_HAL_Driver\Src\stm32f7xx_hal_dma.o
HAL_DMA_GetError                                  Drivers\STM32F7xx_HAL_Driver\Src\stm32f7xx_hal_dma.o
HAL_DMA_GetState                                  Drivers\STM32F7xx_HAL_Driver\Src\stm32f7xx_hal_dma.o
HAL_DMA_IRQHandler                                Drivers\STM32F7xx_HAL_Driver\Src\stm32f7xx_hal_dma.o
HAL_DMA_Init                                      Drivers\STM32F7xx_HAL_Driver\Src\stm32f7xx_hal_dma.o
HAL_DMA_PollForTransfer                           Drivers\STM32F7xx_HAL_Driver\Src\stm32f7xx_hal_dma.o
HAL_DMA_RegisterCallback                          Drivers\STM32F7xx_HAL_Driver\Src\stm32f7xx_hal_dma.o
HAL_DMA_Start                                     Drivers\STM32F7xx_HAL_Driver\Src\stm32f7xx_hal_dma.o
HAL_DMA_Start_IT                                  Drivers\STM32F7xx_HAL_Driver\Src\stm32f7xx_hal_dma.o
                                                  Drivers\STM32F7xx_HAL_Driver\Src\stm32f7xx_hal_uart.o
                                                  Drivers\STM32F7xx_HAL_Driver\Src\stm32f7xx_hal_tim_ex.o
                                                  Drivers\STM32F7xx_HAL_Driver\Src\stm32f7xx_hal_tim.o
                                                  Drivers\STM32F7xx_HAL_Driver\Src\stm32f7xx_hal_spi.o
                                                  Drivers\STM32F7xx_HAL_Driver\Src\stm32f7xx_hal_i2c.o
                                                  Drivers\STM32F7xx_HAL_Driver\Src\stm32f7xx_hal_adc_ex.o
                                                  Drivers\STM32F7xx_HAL_Driver\Src\stm32f7xx_hal_adc.o
HAL_DMA_UnRegisterCallback                        Drivers\STM32F7xx_HAL_Driver\Src\stm32f7xx_hal_dma.o
HAL_DeInit                                        Drivers\STM32F7xx_HAL_Driver\Src\stm32f7xx_hal.o
HAL_Delay                                         Drivers\STM32F7xx_HAL_Driver\Src\stm32f7xx_hal.o
HAL_DisableCompensationCell                       Drivers\STM32F7xx_HAL_Driver\Src\stm32f7xx_hal.o
HAL_DisableFMCMemorySwapping                      Drivers\STM32F7xx_HAL_Driver\Src\stm32f7xx_hal.o
HAL_EnableCompensationCell                        Drivers\STM32F7xx_HAL_Driver\Src\stm32f7xx_hal.o
HAL_EnableFMCMemorySwapping                       Drivers\STM32F7xx_HAL_Driver\Src\stm32f7xx_hal.o
HAL_FLASHEx_Erase                                 Drivers\STM32F7xx_HAL_Driver\Src\stm32f7xx_hal_flash_ex.o
HAL_FLASHEx_Erase_IT                              Drivers\STM32F7xx_HAL_Driver\Src\stm32f7xx_hal_flash_ex.o
HAL_FLASHEx_OBGetConfig                           Drivers\STM32F7xx_HAL_Driver\Src\stm32f7xx_hal_flash_ex.o
HAL_FLASHEx_OBProgram                             Drivers\STM32F7xx_HAL_Driver\Src\stm32f7xx_hal_flash_ex.o
HAL_FLASH_EndOfOperationCallback                  Drivers\STM32F7xx_HAL_Driver\Src\stm32f7xx_hal_flash.o
HAL_FLASH_GetError                                Drivers\STM32F7xx_HAL_Driver\Src\stm32f7xx_hal_flash.o
HAL_FLASH_IRQHandler                              Drivers\STM32F7xx_HAL_Driver\Src\stm32f7xx_hal_flash.o
HAL_FLASH_Lock                                    Drivers\STM32F7xx_HAL_Driver\Src\stm32f7xx_hal_flash.o
HAL_FLASH_OB_Launch                               Drivers\STM32F7xx_HAL_Driver\Src\stm32f7xx_hal_flash.o
HAL_FLASH_OB_Lock                                 Drivers\STM32F7xx_HAL_Driver\Src\stm32f7xx_hal_flash.o
HAL_FLASH_OB_Unlock                               Drivers\STM32F7xx_HAL_Driver\Src\stm32f7xx_hal_flash.o
HAL_FLASH_OperationErrorCallback                  Drivers\STM32F7xx_HAL_Driver\Src\stm32f7xx_hal_flash.o
HAL_FLASH_Program                                 Drivers\STM32F7xx_HAL_Driver\Src\stm32f7xx_hal_flash.o
HAL_FLASH_Program_IT                              Drivers\STM32F7xx_HAL_Driver\Src\stm32f7xx_hal_flash.o
HAL_FLASH_Unlock                                  Drivers\STM32F7xx_HAL_Driver\Src\stm32f7xx_hal_flash.o
HAL_GPIO_DeInit                                   Drivers\STM32F7xx_HAL_Driver\Src\stm32f7xx_hal_gpio.o
                                                  Src\stm32f7xx_hal_msp.o
HAL_GPIO_EXTI_Callback                            Drivers\STM32F7xx_HAL_Driver\Src\stm32f7xx_hal_gpio.o
HAL_GPIO_EXTI_IRQHandler                          Drivers\STM32F7xx_HAL_Driver\Src\stm32f7xx_hal_gpio.o
HAL_GPIO_Init                                     Drivers\STM32F7xx_HAL_Driver\Src\stm32f7xx_hal_gpio.o
                                                  Src\stm32f7xx_hal_msp.o
                                                  Src\main.o
                                                  Drivers\STM32F7xx_HAL_Driver\Src\stm32f7xx_hal_rcc.o
HAL_GPIO_LockPin                                  Drivers\STM32F7xx_HAL_Driver\Src\stm32f7xx_hal_gpio.o
HAL_GPIO_ReadPin                                  Drivers\STM32F7xx_HAL_Driver\Src\stm32f7xx_hal_gpio.o
HAL_GPIO_TogglePin                                Drivers\STM32F7xx_HAL_Driver\Src\stm32f7xx_hal_gpio.o
HAL_GPIO_WritePin                                 Drivers\STM32F7xx_HAL_Driver\Src\stm32f7xx_hal_gpio.o
                                                  Src\main.o
HAL_GetDEVID                                      Drivers\STM32F7xx_HAL_Driver\Src\stm32f7xx_hal.o
HAL_GetHalVersion                                 Drivers\STM32F7xx_HAL_Driver\Src\stm32f7xx_hal.o
HAL_GetREVID                                      Drivers\STM32F7xx_HAL_Driver\Src\stm32f7xx_hal.o
HAL_GetTick                                       Drivers\STM32F7xx_HAL_Driver\Src\stm32f7xx_hal.o
                                                  Drivers\STM32F7xx_HAL_Driver\Src\stm32f7xx_hal_uart.o
                                                  Drivers\STM32F7xx_HAL_Driver\Src\stm32f7xx_hal_spi.o
                                                  Drivers\STM32F7xx_HAL_Driver\Src\stm32f7xx_hal_rcc_ex.o
                                                  Drivers\STM32F7xx_HAL_Driver\Src\stm32f7xx_hal_rcc.o
                                                  Drivers\STM32F7xx_HAL_Driver\Src\stm32f7xx_hal_pwr_ex.o
                                                  Drivers\STM32F7xx_HAL_Driver\Src\stm32f7xx_hal_i2c.o
                                                  Drivers\STM32F7xx_HAL_Driver\Src\stm32f7xx_hal_flash.o
                                                  Drivers\STM32F7xx_HAL_Driver\Src\stm32f7xx_hal_dma.o
                                                  Drivers\STM32F7xx_HAL_Driver\Src\stm32f7xx_hal_adc_ex.o
                                                  Drivers\STM32F7xx_HAL_Driver\Src\stm32f7xx_hal_adc.o
HAL_HalfDuplex_EnableReceiver                     Drivers\STM32F7xx_HAL_Driver\Src\stm32f7xx_hal_uart.o
HAL_HalfDuplex_EnableTransmitter                  Drivers\STM32F7xx_HAL_Driver\Src\stm32f7xx_hal_uart.o
HAL_HalfDuplex_Init                               Drivers\STM32F7xx_HAL_Driver\Src\stm32f7xx_hal_uart.o
HAL_I2CEx_ConfigAnalogFilter                      Drivers\STM32F7xx_HAL_Driver\Src\stm32f7xx_hal_i2c_ex.o
HAL_I2CEx_ConfigDigitalFilter                     Drivers\STM32F7xx_HAL_Driver\Src\stm32f7xx_hal_i2c_ex.o
HAL_I2C_AbortCpltCallback                         Drivers\STM32F7xx_HAL_Driver\Src\stm32f7xx_hal_i2c.o
HAL_I2C_AddrCallback                              Drivers\STM32F7xx_HAL_Driver\Src\stm32f7xx_hal_i2c.o
HAL_I2C_DeInit                                    Drivers\STM32F7xx_HAL_Driver\Src\stm32f7xx_hal_i2c.o
HAL_I2C_DisableListen_IT                          Drivers\STM32F7xx_HAL_Driver\Src\stm32f7xx_hal_i2c.o
HAL_I2C_ER_IRQHandler                             Drivers\STM32F7xx_HAL_Driver\Src\stm32f7xx_hal_i2c.o
HAL_I2C_EV_IRQHandler                             Drivers\STM32F7xx_HAL_Driver\Src\stm32f7xx_hal_i2c.o
HAL_I2C_EnableListen_IT                           Drivers\STM32F7xx_HAL_Driver\Src\stm32f7xx_hal_i2c.o
HAL_I2C_ErrorCallback                             Drivers\STM32F7xx_HAL_Driver\Src\stm32f7xx_hal_i2c.o
HAL_I2C_GetError                                  Drivers\STM32F7xx_HAL_Driver\Src\stm32f7xx_hal_i2c.o
HAL_I2C_GetMode                                   Drivers\STM32F7xx_HAL_Driver\Src\stm32f7xx_hal_i2c.o
HAL_I2C_GetState                                  Drivers\STM32F7xx_HAL_Driver\Src\stm32f7xx_hal_i2c.o
HAL_I2C_Init                                      Drivers\STM32F7xx_HAL_Driver\Src\stm32f7xx_hal_i2c.o
HAL_I2C_IsDeviceReady                             Drivers\STM32F7xx_HAL_Driver\Src\stm32f7xx_hal_i2c.o
HAL_I2C_ListenCpltCallback                        Drivers\STM32F7xx_HAL_Driver\Src\stm32f7xx_hal_i2c.o
HAL_I2C_MasterRxCpltCallback                      Drivers\STM32F7xx_HAL_Driver\Src\stm32f7xx_hal_i2c.o
HAL_I2C_MasterTxCpltCallback                      Drivers\STM32F7xx_HAL_Driver\Src\stm32f7xx_hal_i2c.o
HAL_I2C_Master_Abort_IT                           Drivers\STM32F7xx_HAL_Driver\Src\stm32f7xx_hal_i2c.o
HAL_I2C_Master_Receive                            Drivers\STM32F7xx_HAL_Driver\Src\stm32f7xx_hal_i2c.o
HAL_I2C_Master_Receive_DMA                        Drivers\STM32F7xx_HAL_Driver\Src\stm32f7xx_hal_i2c.o
HAL_I2C_Master_Receive_IT                         Drivers\STM32F7xx_HAL_Driver\Src\stm32f7xx_hal_i2c.o
HAL_I2C_Master_Sequential_Receive_IT              Drivers\STM32F7xx_HAL_Driver\Src\stm32f7xx_hal_i2c.o
HAL_I2C_Master_Sequential_Transmit_IT             Drivers\STM32F7xx_HAL_Driver\Src\stm32f7xx_hal_i2c.o
HAL_I2C_Master_Transmit                           Drivers\STM32F7xx_HAL_Driver\Src\stm32f7xx_hal_i2c.o
HAL_I2C_Master_Transmit_DMA                       Drivers\STM32F7xx_HAL_Driver\Src\stm32f7xx_hal_i2c.o
HAL_I2C_Master_Transmit_IT                        Drivers\STM32F7xx_HAL_Driver\Src\stm32f7xx_hal_i2c.o
HAL_I2C_MemRxCpltCallback                         Drivers\STM32F7xx_HAL_Driver\Src\stm32f7xx_hal_i2c.o
HAL_I2C_MemTxCpltCallback                         Drivers\STM32F7xx_HAL_Driver\Src\stm32f7xx_hal_i2c.o
HAL_I2C_Mem_Read                                  Drivers\STM32F7xx_HAL_Driver\Src\stm32f7xx_hal_i2c.o
HAL_I2C_Mem_Read_DMA                              Drivers\STM32F7xx_HAL_Driver\Src\stm32f7xx_hal_i2c.o
HAL_I2C_Mem_Read_IT                               Drivers\STM32F7xx_HAL_Driver\Src\stm32f7xx_hal_i2c.o
HAL_I2C_Mem_Write                                 Drivers\STM32F7xx_HAL_Driver\Src\stm32f7xx_hal_i2c.o
HAL_I2C_Mem_Write_DMA                             Drivers\STM32F7xx_HAL_Driver\Src\stm32f7xx_hal_i2c.o
HAL_I2C_Mem_Write_IT                              Drivers\STM32F7xx_HAL_Driver\Src\stm32f7xx_hal_i2c.o
HAL_I2C_MspDeInit                                 Drivers\STM32F7xx_HAL_Driver\Src\stm32f7xx_hal_i2c.o
HAL_I2C_MspInit                                   Drivers\STM32F7xx_HAL_Driver\Src\stm32f7xx_hal_i2c.o
HAL_I2C_SlaveRxCpltCallback                       Drivers\STM32F7xx_HAL_Driver\Src\stm32f7xx_hal_i2c.o
HAL_I2C_SlaveTxCpltCallback                       Drivers\STM32F7xx_HAL_Driver\Src\stm32f7xx_hal_i2c.o
HAL_I2C_Slave_Receive                             Drivers\STM32F7xx_HAL_Driver\Src\stm32f7xx_hal_i2c.o
HAL_I2C_Slave_Receive_DMA                         Drivers\STM32F7xx_HAL_Driver\Src\stm32f7xx_hal_i2c.o
HAL_I2C_Slave_Receive_IT                          Drivers\STM32F7xx_HAL_Driver\Src\stm32f7xx_hal_i2c.o
HAL_I2C_Slave_Sequential_Receive_IT               Drivers\STM32F7xx_HAL_Driver\Src\stm32f7xx_hal_i2c.o
HAL_I2C_Slave_Sequential_Transmit_IT              Drivers\STM32F7xx_HAL_Driver\Src\stm32f7xx_hal_i2c.o
HAL_I2C_Slave_Transmit                            Drivers\STM32F7xx_HAL_Driver\Src\stm32f7xx_hal_i2c.o
HAL_I2C_Slave_Transmit_DMA                        Drivers\STM32F7xx_HAL_Driver\Src\stm32f7xx_hal_i2c.o
HAL_I2C_Slave_Transmit_IT                         Drivers\STM32F7xx_HAL_Driver\Src\stm32f7xx_hal_i2c.o
HAL_IncTick                                       Drivers\STM32F7xx_HAL_Driver\Src\stm32f7xx_hal.o
                                                  Src\stm32f7xx_it.o
HAL_Init                                          Drivers\STM32F7xx_HAL_Driver\Src\stm32f7xx_hal.o
                                                  Src\main.o
HAL_InitTick                                      Drivers\STM32F7xx_HAL_Driver\Src\stm32f7xx_hal.o
                                                  Drivers\STM32F7xx_HAL_Driver\Src\stm32f7xx_hal_rcc.o
HAL_LIN_Init                                      Drivers\STM32F7xx_HAL_Driver\Src\stm32f7xx_hal_uart.o
HAL_LIN_SendBreak                                 Drivers\STM32F7xx_HAL_Driver\Src\stm32f7xx_hal_uart.o
HAL_MPU_ConfigRegion                              Drivers\STM32F7xx_HAL_Driver\Src\stm32f7xx_hal_cortex.o
HAL_MPU_Disable                                   Drivers\STM32F7xx_HAL_Driver\Src\stm32f7xx_hal_cortex.o
HAL_MPU_Enable                                    Drivers\STM32F7xx_HAL_Driver\Src\stm32f7xx_hal_cortex.o
HAL_MspDeInit                                     Drivers\STM32F7xx_HAL_Driver\Src\stm32f7xx_hal.o
HAL_MspInit                                       Src\stm32f7xx_hal_msp.o
                                                  Drivers\STM32F7xx_HAL_Driver\Src\stm32f7xx_hal.o
HAL_MultiProcessorEx_AddressLength_Set            Drivers\STM32F7xx_HAL_Driver\Src\stm32f7xx_hal_uart.o
HAL_MultiProcessor_DisableMuteMode                Drivers\STM32F7xx_HAL_Driver\Src\stm32f7xx_hal_uart.o
HAL_MultiProcessor_EnableMuteMode                 Drivers\STM32F7xx_HAL_Driver\Src\stm32f7xx_hal_uart.o
HAL_MultiProcessor_EnterMuteMode                  Drivers\STM32F7xx_HAL_Driver\Src\stm32f7xx_hal_uart.o
HAL_MultiProcessor_Init                           Drivers\STM32F7xx_HAL_Driver\Src\stm32f7xx_hal_uart.o
HAL_NVIC_ClearPendingIRQ                          Drivers\STM32F7xx_HAL_Driver\Src\stm32f7xx_hal_cortex.o
HAL_NVIC_DisableIRQ                               Drivers\STM32F7xx_HAL_Driver\Src\stm32f7xx_hal_cortex.o
HAL_NVIC_EnableIRQ                                Drivers\STM32F7xx_HAL_Driver\Src\stm32f7xx_hal_cortex.o
HAL_NVIC_GetActive                                Drivers\STM32F7xx_HAL_Driver\Src\stm32f7xx_hal_cortex.o
HAL_NVIC_GetPendingIRQ                            Drivers\STM32F7xx_HAL_Driver\Src\stm32f7xx_hal_cortex.o
HAL_NVIC_GetPriority                              Drivers\STM32F7xx_HAL_Driver\Src\stm32f7xx_hal_cortex.o
HAL_NVIC_GetPriorityGrouping                      Drivers\STM32F7xx_HAL_Driver\Src\stm32f7xx_hal_cortex.o
HAL_NVIC_SetPendingIRQ                            Drivers\STM32F7xx_HAL_Driver\Src\stm32f7xx_hal_cortex.o
HAL_NVIC_SetPriority                              Drivers\STM32F7xx_HAL_Driver\Src\stm32f7xx_hal_cortex.o
                                                  Src\stm32f7xx_hal_msp.o
                                                  Src\main.o
                                                  Drivers\STM32F7xx_HAL_Driver\Src\stm32f7xx_hal.o
HAL_NVIC_SetPriorityGrouping                      Drivers\STM32F7xx_HAL_Driver\Src\stm32f7xx_hal_cortex.o
                                                  Src\stm32f7xx_hal_msp.o
                                                  Drivers\STM32F7xx_HAL_Driver\Src\stm32f7xx_hal.o
HAL_NVIC_SystemReset                              Drivers\STM32F7xx_HAL_Driver\Src\stm32f7xx_hal_cortex.o
HAL_PWREx_ControlVoltageScaling                   Drivers\STM32F7xx_HAL_Driver\Src\stm32f7xx_hal_pwr_ex.o
HAL_PWREx_DisableBkUpReg                          Drivers\STM32F7xx_HAL_Driver\Src\stm32f7xx_hal_pwr_ex.o
HAL_PWREx_DisableFlashPowerDown                   Drivers\STM32F7xx_HAL_Driver\Src\stm32f7xx_hal_pwr_ex.o
HAL_PWREx_DisableLowRegulatorLowVoltage           Drivers\STM32F7xx_HAL_Driver\Src\stm32f7xx_hal_pwr_ex.o
HAL_PWREx_DisableMainRegulatorLowVoltage          Drivers\STM32F7xx_HAL_Driver\Src\stm32f7xx_hal_pwr_ex.o
HAL_PWREx_DisableOverDrive                        Drivers\STM32F7xx_HAL_Driver\Src\stm32f7xx_hal_pwr_ex.o
HAL_PWREx_EnableBkUpReg                           Drivers\STM32F7xx_HAL_Driver\Src\stm32f7xx_hal_pwr_ex.o
HAL_PWREx_EnableFlashPowerDown                    Drivers\STM32F7xx_HAL_Driver\Src\stm32f7xx_hal_pwr_ex.o
HAL_PWREx_EnableLowRegulatorLowVoltage            Drivers\STM32F7xx_HAL_Driver\Src\stm32f7xx_hal_pwr_ex.o
HAL_PWREx_EnableMainRegulatorLowVoltage           Drivers\STM32F7xx_HAL_Driver\Src\stm32f7xx_hal_pwr_ex.o
HAL_PWREx_EnableOverDrive                         Drivers\STM32F7xx_HAL_Driver\Src\stm32f7xx_hal_pwr_ex.o
HAL_PWREx_EnterUnderDriveSTOPMode                 Drivers\STM32F7xx_HAL_Driver\Src\stm32f7xx_hal_pwr_ex.o
HAL_PWREx_GetVoltageRange                         Drivers\STM32F7xx_HAL_Driver\Src\stm32f7xx_hal_pwr_ex.o
HAL_PWR_ConfigPVD                                 Drivers\STM32F7xx_HAL_Driver\Src\stm32f7xx_hal_pwr.o
HAL_PWR_DeInit                                    Drivers\STM32F7xx_HAL_Driver\Src\stm32f7xx_hal_pwr.o
HAL_PWR_DisableBkUpAccess                         Drivers\STM32F7xx_HAL_Driver\Src\stm32f7xx_hal_pwr.o
HAL_PWR_DisablePVD                                Drivers\STM32F7xx_HAL_Driver\Src\stm32f7xx_hal_pwr.o
HAL_PWR_DisableSEVOnPend                          Drivers\STM32F7xx_HAL_Driver\Src\stm32f7xx_hal_pwr.o
HAL_PWR_DisableSleepOnExit                        Drivers\STM32F7xx_HAL_Driver\Src\stm32f7xx_hal_pwr.o
HAL_PWR_DisableWakeUpPin                          Drivers\STM32F7xx_HAL_Driver\Src\stm32f7xx_hal_pwr.o
HAL_PWR_EnableBkUpAccess                          Drivers\STM32F7xx_HAL_Driver\Src\stm32f7xx_hal_pwr.o
HAL_PWR_EnablePVD                                 Drivers\STM32F7xx_HAL_Driver\Src\stm32f7xx_hal_pwr.o
HAL_PWR_EnableSEVOnPend                           Drivers\STM32F7xx_HAL_Driver\Src\stm32f7xx_hal_pwr.o
HAL_PWR_EnableSleepOnExit                         Drivers\STM32F7xx_HAL_Driver\Src\stm32f7xx_hal_pwr.o
HAL_PWR_EnableWakeUpPin                           Drivers\STM32F7xx_HAL_Driver\Src\stm32f7xx_hal_pwr.o
HAL_PWR_EnterSLEEPMode                            Drivers\STM32F7xx_HAL_Driver\Src\stm32f7xx_hal_pwr.o
HAL_PWR_EnterSTANDBYMode                          Drivers\STM32F7xx_HAL_Driver\Src\stm32f7xx_hal_pwr.o
HAL_PWR_EnterSTOPMode                             Drivers\STM32F7xx_HAL_Driver\Src\stm32f7xx_hal_pwr.o
HAL_PWR_PVDCallback                               Drivers\STM32F7xx_HAL_Driver\Src\stm32f7xx_hal_pwr.o
HAL_PWR_PVD_IRQHandler                            Drivers\STM32F7xx_HAL_Driver\Src\stm32f7xx_hal_pwr.o
HAL_RCCEx_GetPeriphCLKConfig                      Drivers\STM32F7xx_HAL_Driver\Src\stm32f7xx_hal_rcc_ex.o
HAL_RCCEx_GetPeriphCLKFreq                        Drivers\STM32F7xx_HAL_Driver\Src\stm32f7xx_hal_rcc_ex.o
HAL_RCCEx_PeriphCLKConfig                         Drivers\STM32F7xx_HAL_Driver\Src\stm32f7xx_hal_rcc_ex.o
                                                  Src\main.o
HAL_RCC_CSSCallback                               Drivers\STM32F7xx_HAL_Driver\Src\stm32f7xx_hal_rcc.o
HAL_RCC_ClockConfig                               Drivers\STM32F7xx_HAL_Driver\Src\stm32f7xx_hal_rcc.o
                                                  Src\main.o
HAL_RCC_DeInit                                    Drivers\STM32F7xx_HAL_Driver\Src\stm32f7xx_hal_rcc.o
HAL_RCC_DisableCSS                                Drivers\STM32F7xx_HAL_Driver\Src\stm32f7xx_hal_rcc.o
HAL_RCC_EnableCSS                                 Drivers\STM32F7xx_HAL_Driver\Src\stm32f7xx_hal_rcc.o
HAL_RCC_GetClockConfig                            Drivers\STM32F7xx_HAL_Driver\Src\stm32f7xx_hal_rcc.o
HAL_RCC_GetHCLKFreq                               Drivers\STM32F7xx_HAL_Driver\Src\stm32f7xx_hal_rcc.o
                                                  Src\main.o
HAL_RCC_GetOscConfig                              Drivers\STM32F7xx_HAL_Driver\Src\stm32f7xx_hal_rcc.o
HAL_RCC_GetPCLK1Freq                              Drivers\STM32F7xx_HAL_Driver\Src\stm32f7xx_hal_rcc.o
                                                  Drivers\STM32F7xx_HAL_Driver\Src\stm32f7xx_hal_uart.o
HAL_RCC_GetPCLK2Freq                              Drivers\STM32F7xx_HAL_Driver\Src\stm32f7xx_hal_rcc.o
                                                  Drivers\STM32F7xx_HAL_Driver\Src\stm32f7xx_hal_uart.o
HAL_RCC_GetSysClockFreq                           Drivers\STM32F7xx_HAL_Driver\Src\stm32f7xx_hal_rcc.o
                                                  Drivers\STM32F7xx_HAL_Driver\Src\stm32f7xx_hal_uart.o
HAL_RCC_MCOConfig                                 Drivers\STM32F7xx_HAL_Driver\Src\stm32f7xx_hal_rcc.o
HAL_RCC_NMI_IRQHandler                            Drivers\STM32F7xx_HAL_Driver\Src\stm32f7xx_hal_rcc.o
HAL_RCC_OscConfig                                 Drivers\STM32F7xx_HAL_Driver\Src\stm32f7xx_hal_rcc.o
                                                  Src\main.o
HAL_RS485Ex_Init                                  Drivers\STM32F7xx_HAL_Driver\Src\stm32f7xx_hal_uart.o
HAL_ResumeTick                                    Drivers\STM32F7xx_HAL_Driver\Src\stm32f7xx_hal.o
HAL_SPI_Abort                                     Drivers\STM32F7xx_HAL_Driver\Src\stm32f7xx_hal_spi.o
HAL_SPI_AbortCpltCallback                         Drivers\STM32F7xx_HAL_Driver\Src\stm32f7xx_hal_spi.o
HAL_SPI_Abort_IT                                  Drivers\STM32F7xx_HAL_Driver\Src\stm32f7xx_hal_spi.o
HAL_SPI_DMAPause                                  Drivers\STM32F7xx_HAL_Driver\Src\stm32f7xx_hal_spi.o
HAL_SPI_DMAResume                                 Drivers\STM32F7xx_HAL_Driver\Src\stm32f7xx_hal_spi.o
HAL_SPI_DMAStop                                   Drivers\STM32F7xx_HAL_Driver\Src\stm32f7xx_hal_spi.o
HAL_SPI_DeInit                                    Drivers\STM32F7xx_HAL_Driver\Src\stm32f7xx_hal_spi.o
HAL_SPI_ErrorCallback                             Drivers\STM32F7xx_HAL_Driver\Src\stm32f7xx_hal_spi.o
HAL_SPI_GetError                                  Drivers\STM32F7xx_HAL_Driver\Src\stm32f7xx_hal_spi.o
HAL_SPI_GetState                                  Drivers\STM32F7xx_HAL_Driver\Src\stm32f7xx_hal_spi.o
HAL_SPI_IRQHandler                                Drivers\STM32F7xx_HAL_Driver\Src\stm32f7xx_hal_spi.o
HAL_SPI_Init                                      Drivers\STM32F7xx_HAL_Driver\Src\stm32f7xx_hal_spi.o
                                                  Src\main.o
HAL_SPI_MspDeInit                                 Src\stm32f7xx_hal_msp.o
                                                  Drivers\STM32F7xx_HAL_Driver\Src\stm32f7xx_hal_spi.o
HAL_SPI_MspInit                                   Src\stm32f7xx_hal_msp.o
                                                  Drivers\STM32F7xx_HAL_Driver\Src\stm32f7xx_hal_spi.o
HAL_SPI_Receive                                   Drivers\STM32F7xx_HAL_Driver\Src\stm32f7xx_hal_spi.o
HAL_SPI_Receive_DMA                               Drivers\STM32F7xx_HAL_Driver\Src\stm32f7xx_hal_spi.o
HAL_SPI_Receive_IT                                Drivers\STM32F7xx_HAL_Driver\Src\stm32f7xx_hal_spi.o
HAL_SPI_RxCpltCallback                            Drivers\STM32F7xx_HAL_Driver\Src\stm32f7xx_hal_spi.o
HAL_SPI_RxHalfCpltCallback                        Drivers\STM32F7xx_HAL_Driver\Src\stm32f7xx_hal_spi.o
HAL_SPI_Transmit                                  Drivers\STM32F7xx_HAL_Driver\Src\stm32f7xx_hal_spi.o
HAL_SPI_TransmitReceive                           Drivers\STM32F7xx_HAL_Driver\Src\stm32f7xx_hal_spi.o
HAL_SPI_TransmitReceive_DMA                       Drivers\STM32F7xx_HAL_Driver\Src\stm32f7xx_hal_spi.o
HAL_SPI_TransmitReceive_IT                        Drivers\STM32F7xx_HAL_Driver\Src\stm32f7xx_hal_spi.o
HAL_SPI_Transmit_DMA                              Drivers\STM32F7xx_HAL_Driver\Src\stm32f7xx_hal_spi.o
HAL_SPI_Transmit_IT                               Drivers\STM32F7xx_HAL_Driver\Src\stm32f7xx_hal_spi.o
HAL_SPI_TxCpltCallback                            Drivers\STM32F7xx_HAL_Driver\Src\stm32f7xx_hal_spi.o
HAL_SPI_TxHalfCpltCallback                        Drivers\STM32F7xx_HAL_Driver\Src\stm32f7xx_hal_spi.o
HAL_SPI_TxRxCpltCallback                          Drivers\STM32F7xx_HAL_Driver\Src\stm32f7xx_hal_spi.o
HAL_SPI_TxRxHalfCpltCallback                      Drivers\STM32F7xx_HAL_Driver\Src\stm32f7xx_hal_spi.o
HAL_SYSTICK_CLKSourceConfig                       Drivers\STM32F7xx_HAL_Driver\Src\stm32f7xx_hal_cortex.o
                                                  Src\main.o
HAL_SYSTICK_Callback                              Drivers\STM32F7xx_HAL_Driver\Src\stm32f7xx_hal_cortex.o
HAL_SYSTICK_Config                                Drivers\STM32F7xx_HAL_Driver\Src\stm32f7xx_hal_cortex.o
                                                  Src\main.o
                                                  Drivers\STM32F7xx_HAL_Driver\Src\stm32f7xx_hal.o
HAL_SYSTICK_IRQHandler                            Drivers\STM32F7xx_HAL_Driver\Src\stm32f7xx_hal_cortex.o
                                                  Src\stm32f7xx_it.o
HAL_SuspendTick                                   Drivers\STM32F7xx_HAL_Driver\Src\stm32f7xx_hal.o
HAL_TIMEx_BreakCallback                           Drivers\STM32F7xx_HAL_Driver\Src\stm32f7xx_hal_tim_ex.o
                                                  Drivers\STM32F7xx_HAL_Driver\Src\stm32f7xx_hal_tim.o
HAL_TIMEx_CommutationCallback                     Drivers\STM32F7xx_HAL_Driver\Src\stm32f7xx_hal_tim_ex.o
                                                  Drivers\STM32F7xx_HAL_Driver\Src\stm32f7xx_hal_tim.o
HAL_TIMEx_ConfigBreakDeadTime                     Drivers\STM32F7xx_HAL_Driver\Src\stm32f7xx_hal_tim_ex.o
HAL_TIMEx_ConfigCommutationEvent                  Drivers\STM32F7xx_HAL_Driver\Src\stm32f7xx_hal_tim_ex.o
HAL_TIMEx_ConfigCommutationEvent_DMA              Drivers\STM32F7xx_HAL_Driver\Src\stm32f7xx_hal_tim_ex.o
HAL_TIMEx_ConfigCommutationEvent_IT               Drivers\STM32F7xx_HAL_Driver\Src\stm32f7xx_hal_tim_ex.o
HAL_TIMEx_GroupChannel5                           Drivers\STM32F7xx_HAL_Driver\Src\stm32f7xx_hal_tim_ex.o
HAL_TIMEx_HallSensor_DeInit                       Drivers\STM32F7xx_HAL_Driver\Src\stm32f7xx_hal_tim_ex.o
HAL_TIMEx_HallSensor_GetState                     Drivers\STM32F7xx_HAL_Driver\Src\stm32f7xx_hal_tim_ex.o
HAL_TIMEx_HallSensor_Init                         Drivers\STM32F7xx_HAL_Driver\Src\stm32f7xx_hal_tim_ex.o
HAL_TIMEx_HallSensor_MspDeInit                    Drivers\STM32F7xx_HAL_Driver\Src\stm32f7xx_hal_tim_ex.o
HAL_TIMEx_HallSensor_MspInit                      Drivers\STM32F7xx_HAL_Driver\Src\stm32f7xx_hal_tim_ex.o
HAL_TIMEx_HallSensor_Start                        Drivers\STM32F7xx_HAL_Driver\Src\stm32f7xx_hal_tim_ex.o
HAL_TIMEx_HallSensor_Start_DMA                    Drivers\STM32F7xx_HAL_Driver\Src\stm32f7xx_hal_tim_ex.o
HAL_TIMEx_HallSensor_Start_IT                     Drivers\STM32F7xx_HAL_Driver\Src\stm32f7xx_hal_tim_ex.o
HAL_TIMEx_HallSensor_Stop                         Drivers\STM32F7xx_HAL_Driver\Src\stm32f7xx_hal_tim_ex.o
HAL_TIMEx_HallSensor_Stop_DMA                     Drivers\STM32F7xx_HAL_Driver\Src\stm32f7xx_hal_tim_ex.o
HAL_TIMEx_HallSensor_Stop_IT                      Drivers\STM32F7xx_HAL_Driver\Src\stm32f7xx_hal_tim_ex.o
HAL_TIMEx_MasterConfigSynchronization             Drivers\STM32F7xx_HAL_Driver\Src\stm32f7xx_hal_tim_ex.o
                                                  Src\main.o
HAL_TIMEx_OCN_Start                               Drivers\STM32F7xx_HAL_Driver\Src\stm32f7xx_hal_tim_ex.o
HAL_TIMEx_OCN_Start_DMA                           Drivers\STM32F7xx_HAL_Driver\Src\stm32f7xx_hal_tim_ex.o
HAL_TIMEx_OCN_Start_IT                            Drivers\STM32F7xx_HAL_Driver\Src\stm32f7xx_hal_tim_ex.o
HAL_TIMEx_OCN_Stop                                Drivers\STM32F7xx_HAL_Driver\Src\stm32f7xx_hal_tim_ex.o
HAL_TIMEx_OCN_Stop_DMA                            Drivers\STM32F7xx_HAL_Driver\Src\stm32f7xx_hal_tim_ex.o
HAL_TIMEx_OCN_Stop_IT                             Drivers\STM32F7xx_HAL_Driver\Src\stm32f7xx_hal_tim_ex.o
HAL_TIMEx_OnePulseN_Start                         Drivers\STM32F7xx_HAL_Driver\Src\stm32f7xx_hal_tim_ex.o
HAL_TIMEx_OnePulseN_Start_IT                      Drivers\STM32F7xx_HAL_Driver\Src\stm32f7xx_hal_tim_ex.o
HAL_TIMEx_OnePulseN_Stop                          Drivers\STM32F7xx_HAL_Driver\Src\stm32f7xx_hal_tim_ex.o
HAL_TIMEx_OnePulseN_Stop_IT                       Drivers\STM32F7xx_HAL_Driver\Src\stm32f7xx_hal_tim_ex.o
HAL_TIMEx_PWMN_Start                              Drivers\STM32F7xx_HAL_Driver\Src\stm32f7xx_hal_tim_ex.o
HAL_TIMEx_PWMN_Start_DMA                          Drivers\STM32F7xx_HAL_Driver\Src\stm32f7xx_hal_tim_ex.o
HAL_TIMEx_PWMN_Start_IT                           Drivers\STM32F7xx_HAL_Driver\Src\stm32f7xx_hal_tim_ex.o
HAL_TIMEx_PWMN_Stop                               Drivers\STM32F7xx_HAL_Driver\Src\stm32f7xx_hal_tim_ex.o
HAL_TIMEx_PWMN_Stop_DMA                           Drivers\STM32F7xx_HAL_Driver\Src\stm32f7xx_hal_tim_ex.o
HAL_TIMEx_PWMN_Stop_IT                            Drivers\STM32F7xx_HAL_Driver\Src\stm32f7xx_hal_tim_ex.o
HAL_TIMEx_RemapConfig                             Drivers\STM32F7xx_HAL_Driver\Src\stm32f7xx_hal_tim_ex.o
HAL_TIM_Base_DeInit                               Drivers\STM32F7xx_HAL_Driver\Src\stm32f7xx_hal_tim.o
HAL_TIM_Base_GetState                             Drivers\STM32F7xx_HAL_Driver\Src\stm32f7xx_hal_tim.o
HAL_TIM_Base_Init                                 Drivers\STM32F7xx_HAL_Driver\Src\stm32f7xx_hal_tim.o
HAL_TIM_Base_MspDeInit                            Drivers\STM32F7xx_HAL_Driver\Src\stm32f7xx_hal_tim.o
HAL_TIM_Base_MspInit                              Drivers\STM32F7xx_HAL_Driver\Src\stm32f7xx_hal_tim.o
HAL_TIM_Base_Start                                Drivers\STM32F7xx_HAL_Driver\Src\stm32f7xx_hal_tim.o
HAL_TIM_Base_Start_DMA                            Drivers\STM32F7xx_HAL_Driver\Src\stm32f7xx_hal_tim.o
HAL_TIM_Base_Start_IT                             Drivers\STM32F7xx_HAL_Driver\Src\stm32f7xx_hal_tim.o
HAL_TIM_Base_Stop                                 Drivers\STM32F7xx_HAL_Driver\Src\stm32f7xx_hal_tim.o
HAL_TIM_Base_Stop_DMA                             Drivers\STM32F7xx_HAL_Driver\Src\stm32f7xx_hal_tim.o
HAL_TIM_Base_Stop_IT                              Drivers\STM32F7xx_HAL_Driver\Src\stm32f7xx_hal_tim.o
HAL_TIM_ConfigClockSource                         Drivers\STM32F7xx_HAL_Driver\Src\stm32f7xx_hal_tim.o
HAL_TIM_ConfigOCrefClear                          Drivers\STM32F7xx_HAL_Driver\Src\stm32f7xx_hal_tim_ex.o
                                                  Drivers\STM32F7xx_HAL_Driver\Src\stm32f7xx_hal_tim.o
HAL_TIM_ConfigTI1Input                            Drivers\STM32F7xx_HAL_Driver\Src\stm32f7xx_hal_tim.o
HAL_TIM_DMABurst_ReadStart                        Drivers\STM32F7xx_HAL_Driver\Src\stm32f7xx_hal_tim.o
HAL_TIM_DMABurst_ReadStop                         Drivers\STM32F7xx_HAL_Driver\Src\stm32f7xx_hal_tim.o
HAL_TIM_DMABurst_WriteStart                       Drivers\STM32F7xx_HAL_Driver\Src\stm32f7xx_hal_tim.o
HAL_TIM_DMABurst_WriteStop                        Drivers\STM32F7xx_HAL_Driver\Src\stm32f7xx_hal_tim.o
HAL_TIM_Encoder_DeInit                            Drivers\STM32F7xx_HAL_Driver\Src\stm32f7xx_hal_tim.o
HAL_TIM_Encoder_GetState                          Drivers\STM32F7xx_HAL_Driver\Src\stm32f7xx_hal_tim.o
HAL_TIM_Encoder_Init                              Drivers\STM32F7xx_HAL_Driver\Src\stm32f7xx_hal_tim.o
HAL_TIM_Encoder_MspDeInit                         Drivers\STM32F7xx_HAL_Driver\Src\stm32f7xx_hal_tim.o
HAL_TIM_Encoder_MspInit                           Drivers\STM32F7xx_HAL_Driver\Src\stm32f7xx_hal_tim.o
HAL_TIM_Encoder_Start                             Drivers\STM32F7xx_HAL_Driver\Src\stm32f7xx_hal_tim.o
HAL_TIM_Encoder_Start_DMA                         Drivers\STM32F7xx_HAL_Driver\Src\stm32f7xx_hal_tim.o
HAL_TIM_Encoder_Start_IT                          Drivers\STM32F7xx_HAL_Driver\Src\stm32f7xx_hal_tim.o
HAL_TIM_Encoder_Stop                              Drivers\STM32F7xx_HAL_Driver\Src\stm32f7xx_hal_tim.o
HAL_TIM_Encoder_Stop_DMA                          Drivers\STM32F7xx_HAL_Driver\Src\stm32f7xx_hal_tim.o
HAL_TIM_Encoder_Stop_IT                           Drivers\STM32F7xx_HAL_Driver\Src\stm32f7xx_hal_tim.o
HAL_TIM_ErrorCallback                             Drivers\STM32F7xx_HAL_Driver\Src\stm32f7xx_hal_tim.o
HAL_TIM_GenerateEvent                             Drivers\STM32F7xx_HAL_Driver\Src\stm32f7xx_hal_tim.o
HAL_TIM_IC_CaptureCallback                        Drivers\STM32F7xx_HAL_Driver\Src\stm32f7xx_hal_tim.o
HAL_TIM_IC_ConfigChannel                          Drivers\STM32F7xx_HAL_Driver\Src\stm32f7xx_hal_tim.o
                                                  Src\main.o
HAL_TIM_IC_DeInit                                 Drivers\STM32F7xx_HAL_Driver\Src\stm32f7xx_hal_tim.o
HAL_TIM_IC_GetState                               Drivers\STM32F7xx_HAL_Driver\Src\stm32f7xx_hal_tim.o
HAL_TIM_IC_Init                                   Drivers\STM32F7xx_HAL_Driver\Src\stm32f7xx_hal_tim.o
                                                  Src\main.o
HAL_TIM_IC_MspDeInit                              Src\stm32f7xx_hal_msp.o
                                                  Drivers\STM32F7xx_HAL_Driver\Src\stm32f7xx_hal_tim.o
HAL_TIM_IC_MspInit                                Src\stm32f7xx_hal_msp.o
                                                  Drivers\STM32F7xx_HAL_Driver\Src\stm32f7xx_hal_tim.o
HAL_TIM_IC_Start                                  Drivers\STM32F7xx_HAL_Driver\Src\stm32f7xx_hal_tim.o
HAL_TIM_IC_Start_DMA                              Drivers\STM32F7xx_HAL_Driver\Src\stm32f7xx_hal_tim.o
HAL_TIM_IC_Start_IT                               Drivers\STM32F7xx_HAL_Driver\Src\stm32f7xx_hal_tim.o
HAL_TIM_IC_Stop                                   Drivers\STM32F7xx_HAL_Driver\Src\stm32f7xx_hal_tim.o
HAL_TIM_IC_Stop_DMA                               Drivers\STM32F7xx_HAL_Driver\Src\stm32f7xx_hal_tim.o
HAL_TIM_IC_Stop_IT                                Drivers\STM32F7xx_HAL_Driver\Src\stm32f7xx_hal_tim.o
HAL_TIM_IRQHandler                                Drivers\STM32F7xx_HAL_Driver\Src\stm32f7xx_hal_tim.o
HAL_TIM_MspPostInit                               Src\stm32f7xx_hal_msp.o
                                                  Src\main.o
HAL_TIM_OC_ConfigChannel                          Drivers\STM32F7xx_HAL_Driver\Src\stm32f7xx_hal_tim_ex.o
                                                  Drivers\STM32F7xx_HAL_Driver\Src\stm32f7xx_hal_tim.o
HAL_TIM_OC_DeInit                                 Drivers\STM32F7xx_HAL_Driver\Src\stm32f7xx_hal_tim.o
HAL_TIM_OC_DelayElapsedCallback                   Drivers\STM32F7xx_HAL_Driver\Src\stm32f7xx_hal_tim.o
HAL_TIM_OC_GetState                               Drivers\STM32F7xx_HAL_Driver\Src\stm32f7xx_hal_tim.o
HAL_TIM_OC_Init                                   Drivers\STM32F7xx_HAL_Driver\Src\stm32f7xx_hal_tim.o
HAL_TIM_OC_MspDeInit                              Drivers\STM32F7xx_HAL_Driver\Src\stm32f7xx_hal_tim.o
HAL_TIM_OC_MspInit                                Drivers\STM32F7xx_HAL_Driver\Src\stm32f7xx_hal_tim.o
HAL_TIM_OC_Start                                  Drivers\STM32F7xx_HAL_Driver\Src\stm32f7xx_hal_tim.o
HAL_TIM_OC_Start_DMA                              Drivers\STM32F7xx_HAL_Driver\Src\stm32f7xx_hal_tim.o
HAL_TIM_OC_Start_IT                               Drivers\STM32F7xx_HAL_Driver\Src\stm32f7xx_hal_tim.o
HAL_TIM_OC_Stop                                   Drivers\STM32F7xx_HAL_Driver\Src\stm32f7xx_hal_tim.o
HAL_TIM_OC_Stop_DMA                               Drivers\STM32F7xx_HAL_Driver\Src\stm32f7xx_hal_tim.o
HAL_TIM_OC_Stop_IT                                Drivers\STM32F7xx_HAL_Driver\Src\stm32f7xx_hal_tim.o
HAL_TIM_OnePulse_ConfigChannel                    Drivers\STM32F7xx_HAL_Driver\Src\stm32f7xx_hal_tim.o
HAL_TIM_OnePulse_DeInit                           Drivers\STM32F7xx_HAL_Driver\Src\stm32f7xx_hal_tim.o
HAL_TIM_OnePulse_GetState                         Drivers\STM32F7xx_HAL_Driver\Src\stm32f7xx_hal_tim.o
HAL_TIM_OnePulse_Init                             Drivers\STM32F7xx_HAL_Driver\Src\stm32f7xx_hal_tim.o
HAL_TIM_OnePulse_MspDeInit                        Drivers\STM32F7xx_HAL_Driver\Src\stm32f7xx_hal_tim.o
HAL_TIM_OnePulse_MspInit                          Drivers\STM32F7xx_HAL_Driver\Src\stm32f7xx_hal_tim.o
HAL_TIM_OnePulse_Start                            Drivers\STM32F7xx_HAL_Driver\Src\stm32f7xx_hal_tim.o
HAL_TIM_OnePulse_Start_IT                         Drivers\STM32F7xx_HAL_Driver\Src\stm32f7xx_hal_tim.o
HAL_TIM_OnePulse_Stop                             Drivers\STM32F7xx_HAL_Driver\Src\stm32f7xx_hal_tim.o
HAL_TIM_OnePulse_Stop_IT                          Drivers\STM32F7xx_HAL_Driver\Src\stm32f7xx_hal_tim.o
HAL_TIM_PWM_ConfigChannel                         Drivers\STM32F7xx_HAL_Driver\Src\stm32f7xx_hal_tim_ex.o
                                                  Drivers\STM32F7xx_HAL_Driver\Src\stm32f7xx_hal_tim.o
                                                  Src\main.o
HAL_TIM_PWM_DeInit                                Drivers\STM32F7xx_HAL_Driver\Src\stm32f7xx_hal_tim.o
HAL_TIM_PWM_GetState                              Drivers\STM32F7xx_HAL_Driver\Src\stm32f7xx_hal_tim.o
HAL_TIM_PWM_Init                                  Drivers\STM32F7xx_HAL_Driver\Src\stm32f7xx_hal_tim.o
                                                  Src\main.o
HAL_TIM_PWM_MspDeInit                             Src\stm32f7xx_hal_msp.o
                                                  Drivers\STM32F7xx_HAL_Driver\Src\stm32f7xx_hal_tim.o
HAL_TIM_PWM_MspInit                               Src\stm32f7xx_hal_msp.o
                                                  Drivers\STM32F7xx_HAL_Driver\Src\stm32f7xx_hal_tim.o
HAL_TIM_PWM_PulseFinishedCallback                 Drivers\STM32F7xx_HAL_Driver\Src\stm32f7xx_hal_tim.o
HAL_TIM_PWM_Start                                 Drivers\STM32F7xx_HAL_Driver\Src\stm32f7xx_hal_tim.o
                                                  Src\main.o
HAL_TIM_PWM_Start_DMA                             Drivers\STM32F7xx_HAL_Driver\Src\stm32f7xx_hal_tim.o
HAL_TIM_PWM_Start_IT                              Drivers\STM32F7xx_HAL_Driver\Src\stm32f7xx_hal_tim.o
HAL_TIM_PWM_Stop                                  Drivers\STM32F7xx_HAL_Driver\Src\stm32f7xx_hal_tim.o
HAL_TIM_PWM_Stop_DMA                              Drivers\STM32F7xx_HAL_Driver\Src\stm32f7xx_hal_tim.o
HAL_TIM_PWM_Stop_IT                               Drivers\STM32F7xx_HAL_Driver\Src\stm32f7xx_hal_tim.o
HAL_TIM_PeriodElapsedCallback                     Drivers\STM32F7xx_HAL_Driver\Src\stm32f7xx_hal_tim.o
HAL_TIM_ReadCapturedValue                         Drivers\STM32F7xx_HAL_Driver\Src\stm32f7xx_hal_tim.o
HAL_TIM_SlaveConfigSynchronization                Drivers\STM32F7xx_HAL_Driver\Src\stm32f7xx_hal_tim.o
HAL_TIM_SlaveConfigSynchronization_IT             Drivers\STM32F7xx_HAL_Driver\Src\stm32f7xx_hal_tim.o
HAL_TIM_TriggerCallback                           Drivers\STM32F7xx_HAL_Driver\Src\stm32f7xx_hal_tim.o
HAL_UART_DMAPause                                 Drivers\STM32F7xx_HAL_Driver\Src\stm32f7xx_hal_uart.o
HAL_UART_DMAResume                                Drivers\STM32F7xx_HAL_Driver\Src\stm32f7xx_hal_uart.o
HAL_UART_DMAStop                                  Drivers\STM32F7xx_HAL_Driver\Src\stm32f7xx_hal_uart.o