stm32f7xx_hal_i2c.c:4205:13:I2C_Flush_TXDR	0	static
stm32f7xx_hal_i2c.c:4322:13:I2C_DMASlaveReceiveCplt	0	static
stm32f7xx_hal_i2c.c:4598:13:I2C_TransferConfig	12	static
stm32f7xx_hal_i2c.c:4628:26:I2C_Enable_IRQ	12	static
stm32f7xx_hal_i2c.c:4701:26:I2C_Disable_IRQ	0	static
stm32f7xx_hal_i2c.c:4387:26:I2C_WaitOnFlagUntilTimeout	24	static
stm32f7xx_hal_i2c.c:4226:13:I2C_DMAMasterTransmitCplt	8	static
stm32f7xx_hal_i2c.c:4280:13:I2C_DMAMasterReceiveCplt	8	static
stm32f7xx_hal_i2c.c:4539:26:I2C_IsAcknowledgeFailed	16	static
stm32f7xx_hal_i2c.c:4416:26:I2C_WaitOnTXISFlagUntilTimeout	16	static
stm32f7xx_hal_i2c.c:3574:26:I2C_RequestMemoryWrite	32	static
stm32f7xx_hal_i2c.c:3640:26:I2C_RequestMemoryRead	32	static
stm32f7xx_hal_i2c.c:4487:26:I2C_WaitOnRXNEFlagUntilTimeout	16	static
stm32f7xx_hal_i2c.c:4268:13:I2C_DMASlaveTransmitCplt	0	static
stm32f7xx_hal_i2c.c:4453:26:I2C_WaitOnSTOPFlagUntilTimeout	16	static
stm32f7xx_hal_i2c.c:530:13:HAL_I2C_MspInit	0	static
stm32f7xx_hal_i2c.c:407:19:HAL_I2C_Init	8	static
stm32f7xx_hal_i2c.c:546:13:HAL_I2C_MspDeInit	0	static
stm32f7xx_hal_i2c.c:494:19:HAL_I2C_DeInit	8	static
stm32f7xx_hal_i2c.c:630:19:HAL_I2C_Master_Transmit	40	static
stm32f7xx_hal_i2c.c:754:19:HAL_I2C_Master_Receive	40	static
stm32f7xx_hal_i2c.c:877:19:HAL_I2C_Slave_Transmit	40	static
stm32f7xx_hal_i2c.c:1017:19:HAL_I2C_Slave_Receive	40	static
stm32f7xx_hal_i2c.c:1149:19:HAL_I2C_Master_Transmit_IT	24	static
stm32f7xx_hal_i2c.c:1218:19:HAL_I2C_Master_Receive_IT	24	static
stm32f7xx_hal_i2c.c:1285:19:HAL_I2C_Slave_Transmit_IT	16	static
stm32f7xx_hal_i2c.c:1334:19:HAL_I2C_Slave_Receive_IT	16	static
stm32f7xx_hal_i2c.c:1385:19:HAL_I2C_Master_Transmit_DMA	32	static
stm32f7xx_hal_i2c.c:1470:19:HAL_I2C_Master_Receive_DMA	32	static
stm32f7xx_hal_i2c.c:1563:19:HAL_I2C_Slave_Transmit_DMA	16	static
stm32f7xx_hal_i2c.c:1629:19:HAL_I2C_Slave_Receive_DMA	16	static
stm32f7xx_hal_i2c.c:1698:19:HAL_I2C_Mem_Write	56	static
stm32f7xx_hal_i2c.c:1849:19:HAL_I2C_Mem_Read	56	static
stm32f7xx_hal_i2c.c:1991:19:HAL_I2C_Mem_Write_IT	40	static
stm32f7xx_hal_i2c.c:2089:19:HAL_I2C_Mem_Read_IT	40	static
stm32f7xx_hal_i2c.c:2186:19:HAL_I2C_Mem_Write_DMA	40	static
stm32f7xx_hal_i2c.c:2301:19:HAL_I2C_Mem_Read_DMA	40	static
stm32f7xx_hal_i2c.c:2414:19:HAL_I2C_IsDeviceReady	48	static
stm32f7xx_hal_i2c.c:2533:19:HAL_I2C_Master_Sequential_Transmit_IT	24	static
stm32f7xx_hal_i2c.c:2606:19:HAL_I2C_Master_Sequential_Receive_IT	24	static
stm32f7xx_hal_i2c.c:2677:19:HAL_I2C_Slave_Sequential_Transmit_IT	24	static
stm32f7xx_hal_i2c.c:2743:19:HAL_I2C_Slave_Sequential_Receive_IT	24	static
stm32f7xx_hal_i2c.c:2805:19:HAL_I2C_EnableListen_IT	8	static
stm32f7xx_hal_i2c.c:2829:19:HAL_I2C_DisableListen_IT	8	static
stm32f7xx_hal_i2c.c:2862:19:HAL_I2C_Master_Abort_IT	16	static
stm32f7xx_hal_i2c.c:2912:6:HAL_I2C_EV_IRQHandler	0	static
stm32f7xx_hal_i2c.c:2976:13:HAL_I2C_MasterTxCpltCallback	0	static
stm32f7xx_hal_i2c.c:2992:13:HAL_I2C_MasterRxCpltCallback	0	static
stm32f7xx_hal_i2c.c:3781:13:I2C_ITMasterSequentialCplt	16	static
stm32f7xx_hal_i2c.c:3007:13:HAL_I2C_SlaveTxCpltCallback	0	static
stm32f7xx_hal_i2c.c:3023:13:HAL_I2C_SlaveRxCpltCallback	0	static
stm32f7xx_hal_i2c.c:3826:13:I2C_ITSlaveSequentialCplt	16	static
stm32f7xx_hal_i2c.c:3041:13:HAL_I2C_AddrCallback	0	static
stm32f7xx_hal_i2c.c:3059:13:HAL_I2C_ListenCpltCallback	0	static
stm32f7xx_hal_i2c.c:3075:13:HAL_I2C_MemTxCpltCallback	0	static
stm32f7xx_hal_i2c.c:3091:13:HAL_I2C_MemRxCpltCallback	0	static
stm32f7xx_hal_i2c.c:3107:13:HAL_I2C_ErrorCallback	0	static
stm32f7xx_hal_i2c.c:3123:13:HAL_I2C_AbortCpltCallback	0	static
stm32f7xx_hal_i2c.c:4108:13:I2C_ITError	16	static
stm32f7xx_hal_i2c.c:3962:13:I2C_ITSlaveCplt	16	static
stm32f7xx_hal_i2c.c:3318:26:I2C_Slave_ISR_IT	32	static
stm32f7xx_hal_i2c.c:3520:26:I2C_Slave_ISR_DMA	8	static
stm32f7xx_hal_i2c.c:3870:13:I2C_ITMasterCplt	8	static
stm32f7xx_hal_i2c.c:3206:26:I2C_Master_ISR_IT	24	static
stm32f7xx_hal_i2c.c:3431:26:I2C_Master_ISR_DMA	16	static
stm32f7xx_hal_i2c.c:4334:13:I2C_DMAError	0	static
stm32f7xx_hal_i2c.c:2931:6:HAL_I2C_ER_IRQHandler	4	static
stm32f7xx_hal_i2c.c:4351:13:I2C_DMAAbort	8	static
stm32f7xx_hal_i2c.c:3158:22:HAL_I2C_GetState	0	static
stm32f7xx_hal_i2c.c:3170:21:HAL_I2C_GetMode	0	static
stm32f7xx_hal_i2c.c:3181:10:HAL_I2C_GetError	0	static
