stm32f7xx_hal_spi.c:3364:26:SPI_WaitFifoStateUntilTimeout.part.1	0	static
stm32f7xx_hal_spi.c:3312:26:SPI_WaitFlagStateUntilTimeout.constprop	16	static
stm32f7xx_hal_spi.c:3364:26:SPI_WaitFifoStateUntilTimeout.constprop	32	static
stm32f7xx_hal_spi.c:3625:13:SPI_AbortRx_ISR	8	static
stm32f7xx_hal_spi.c:3458:26:SPI_EndRxTxTransaction	16	static
stm32f7xx_hal_spi.c:3656:13:SPI_AbortTx_ISR	8	static
stm32f7xx_hal_spi.c:3423:26:SPI_EndRxTransaction	24	static
stm32f7xx_hal_spi.c:421:13:HAL_SPI_MspInit	0	static
stm32f7xx_hal_spi.c:262:19:HAL_SPI_Init	16	static
stm32f7xx_hal_spi.c:437:13:HAL_SPI_MspDeInit	0	static
stm32f7xx_hal_spi.c:387:19:HAL_SPI_DeInit	8	static
stm32f7xx_hal_spi.c:493:19:HAL_SPI_Transmit	32	static
stm32f7xx_hal_spi.c:882:19:HAL_SPI_TransmitReceive	32	static
stm32f7xx_hal_spi.c:651:19:HAL_SPI_Receive	32	static
stm32f7xx_hal_spi.c:1164:19:HAL_SPI_Transmit_IT	0	static
stm32f7xx_hal_spi.c:1352:19:HAL_SPI_TransmitReceive_IT	12	static
stm32f7xx_hal_spi.c:1247:19:HAL_SPI_Receive_IT	12	static
stm32f7xx_hal_spi.c:1459:19:HAL_SPI_Transmit_DMA	8	static
stm32f7xx_hal_spi.c:1686:19:HAL_SPI_TransmitReceive_DMA	16	static
stm32f7xx_hal_spi.c:1569:19:HAL_SPI_Receive_DMA	16	static
stm32f7xx_hal_spi.c:1853:19:HAL_SPI_Abort	16	static
stm32f7xx_hal_spi.c:2147:19:HAL_SPI_DMAPause	0	static
stm32f7xx_hal_spi.c:2167:19:HAL_SPI_DMAResume	0	static
stm32f7xx_hal_spi.c:2187:19:HAL_SPI_DMAStop	8	static
stm32f7xx_hal_spi.c:2314:13:HAL_SPI_TxCpltCallback	0	static
stm32f7xx_hal_spi.c:2330:13:HAL_SPI_RxCpltCallback	0	static
stm32f7xx_hal_spi.c:2346:13:HAL_SPI_TxRxCpltCallback	0	static
stm32f7xx_hal_spi.c:2362:13:HAL_SPI_TxHalfCpltCallback	0	static
stm32f7xx_hal_spi.c:2723:13:SPI_DMAHalfTransmitCplt	8	static
stm32f7xx_hal_spi.c:2378:13:HAL_SPI_RxHalfCpltCallback	0	static
stm32f7xx_hal_spi.c:2736:13:SPI_DMAHalfReceiveCplt	8	static
stm32f7xx_hal_spi.c:2394:13:HAL_SPI_TxRxHalfCpltCallback	0	static
stm32f7xx_hal_spi.c:2749:13:SPI_DMAHalfTransmitReceiveCplt	8	static
stm32f7xx_hal_spi.c:2410:13:HAL_SPI_ErrorCallback	0	static
stm32f7xx_hal_spi.c:3586:13:SPI_CloseTx_ISR	16	static
stm32f7xx_hal_spi.c:3258:13:SPI_TxISR_8BIT	4	static
stm32f7xx_hal_spi.c:3282:13:SPI_TxISR_16BIT	4	static
stm32f7xx_hal_spi.c:3544:13:SPI_CloseRx_ISR	8	static
stm32f7xx_hal_spi.c:3169:13:SPI_RxISR_8BIT	0	static
stm32f7xx_hal_spi.c:3225:13:SPI_RxISR_16BIT	0	static
stm32f7xx_hal_spi.c:3487:13:SPI_CloseRxTx_ISR	8	static
stm32f7xx_hal_spi.c:3002:13:SPI_2linesTxISR_8BIT	0	static
stm32f7xx_hal_spi.c:2920:13:SPI_2linesRxISR_8BIT	0	static
stm32f7xx_hal_spi.c:3106:13:SPI_2linesTxISR_16BIT	4	static
stm32f7xx_hal_spi.c:3048:13:SPI_2linesRxISR_16BIT	4	static
stm32f7xx_hal_spi.c:2762:13:SPI_DMAError	8	static
stm32f7xx_hal_spi.c:2500:13:SPI_DMATransmitCplt	24	static
stm32f7xx_hal_spi.c:2547:13:SPI_DMAReceiveCplt	16	static
stm32f7xx_hal_spi.c:2638:13:SPI_DMATransmitReceiveCplt	16	static
stm32f7xx_hal_spi.c:2218:6:HAL_SPI_IRQHandler	32	static
stm32f7xx_hal_spi.c:2780:13:SPI_DMAAbortOnError	8	static
stm32f7xx_hal_spi.c:2428:13:HAL_SPI_AbortCpltCallback	0	static
stm32f7xx_hal_spi.c:1982:19:HAL_SPI_Abort_IT	24	static
stm32f7xx_hal_spi.c:2859:13:SPI_DMARxAbortCallback	16	static
stm32f7xx_hal_spi.c:2797:13:SPI_DMATxAbortCallback	16	static
stm32f7xx_hal_spi.c:2463:22:HAL_SPI_GetState	0	static
stm32f7xx_hal_spi.c:2475:10:HAL_SPI_GetError	0	static
