stm32f7xx_hal_rcc.c:216:6:HAL_RCC_DeInit	0	static
stm32f7xx_hal_rcc.c:259:19:HAL_RCC_OscConfig	32	static
stm32f7xx_hal_rcc.c:780:6:HAL_RCC_MCOConfig	48	static
stm32f7xx_hal_rcc.c:834:6:HAL_RCC_EnableCSS	0	static
stm32f7xx_hal_rcc.c:843:6:HAL_RCC_DisableCSS	0	static
stm32f7xx_hal_rcc.c:878:10:HAL_RCC_GetSysClockFreq	0	static
stm32f7xx_hal_rcc.c:596:19:HAL_RCC_ClockConfig	24	static
stm32f7xx_hal_rcc.c:932:10:HAL_RCC_GetHCLKFreq	0	static
stm32f7xx_hal_rcc.c:943:10:HAL_RCC_GetPCLK1Freq	0	static
stm32f7xx_hal_rcc.c:955:10:HAL_RCC_GetPCLK2Freq	0	static
stm32f7xx_hal_rcc.c:968:6:HAL_RCC_GetOscConfig	8	static
stm32f7xx_hal_rcc.c:1047:6:HAL_RCC_GetClockConfig	0	static
stm32f7xx_hal_rcc.c:1090:13:HAL_RCC_CSSCallback	0	static
stm32f7xx_hal_rcc.c:1073:6:HAL_RCC_NMI_IRQHandler	8	static
